
>>> Random number generator seed is 123456
Setting robust fit options to Tolerance=0.0001 / Strategy=1 / Type,Algo=Minuit2,Migrad (note that defaults of CascadeMinimizer if these options were not specified)
>>> Method used is MultiDimFit
Redefining the POIs to be: RooArgSet:: = (r)
Doing initial fit: 

  RooFitResult: minimized FCN value: 0, estimated distance to minimum: 6.45218e-19
                covariance matrix quality: Full, accurate covariance matrix
                Status : MINIMIZE=0 

    Constant Parameter    Value     
  --------------------  ------------
  CMS_NPS26009_LightJetStat_DY_BJetOS_2022EE_In    0.0000e+00
  CMS_NPS26009_LightJetStat_DY_BJetOS_2022_In    0.0000e+00
  CMS_NPS26009_LightJetStat_DY_BJetOS_2023BPix_In    0.0000e+00
  CMS_NPS26009_LightJetStat_DY_BJetOS_2023_In    0.0000e+00
  CMS_NPS26009_MCstat_other_BJetOS_2022EE_In    0.0000e+00
  CMS_NPS26009_MCstat_other_BJetOS_2022_In    0.0000e+00
  CMS_NPS26009_MCstat_other_BJetOS_2023BPix_In    0.0000e+00
  CMS_NPS26009_MCstat_signal_BJetOS_2022EE_In    0.0000e+00
  CMS_NPS26009_MCstat_signal_BJetOS_2022_In    0.0000e+00
  CMS_NPS26009_MCstat_signal_BJetOS_2023BPix_In    0.0000e+00
  CMS_NPS26009_MCstat_signal_BJetOS_2023_In    0.0000e+00
  CMS_NPS26009_MCstat_singleTop_BJetOS_2022EE_In    0.0000e+00
  CMS_NPS26009_MCstat_singleTop_BJetOS_2022_In    0.0000e+00
  CMS_NPS26009_MCstat_singleTop_BJetOS_2023BPix_In    0.0000e+00
  CMS_NPS26009_MCstat_singleTop_BJetOS_2023_In    0.0000e+00
  CMS_NPS26009_MCstat_ttbar_BJetOS_2022EE_In    0.0000e+00
  CMS_NPS26009_MCstat_ttbar_BJetOS_2022_In    0.0000e+00
  CMS_NPS26009_MCstat_ttbar_BJetOS_2023BPix_In    0.0000e+00
  CMS_NPS26009_MCstat_ttbar_BJetOS_2023_In    0.0000e+00
  CMS_NPS26009_NFModel_DY_BJetOS_13p6TeV_In    0.0000e+00
  CMS_NPS26009_NFStat_DY_BJetOS_2022EE_In    7.3804e-02
  CMS_NPS26009_NFStat_DY_BJetOS_2022_In    6.9651e-02
  CMS_NPS26009_NFStat_DY_BJetOS_2023_In    7.4080e-02
  CMS_NPS26009_QCDscale_fac_singleTop_In    0.0000e+00
  CMS_NPS26009_QCDscale_ren_singleTop_In    0.0000e+00
  CMS_NPS26009_bckgNorm_QCD_BJetOS_2022EE_In    0.0000e+00
  CMS_NPS26009_bckgNorm_QCD_BJetOS_2022_In    0.0000e+00
  CMS_NPS26009_bckgNorm_QCD_BJetOS_2023BPix_In    0.0000e+00
  CMS_NPS26009_bckgNorm_QCD_BJetOS_2023_In    0.0000e+00
  CMS_NPS26009_bckgShape_QCD_BJetOS_2022EE_In    1.1410e-09
  CMS_NPS26009_bckgShape_QCD_BJetOS_2022_In    5.0328e-06
  CMS_NPS26009_bckgShape_QCD_BJetOS_2023BPix_In    3.6423e-05
  CMS_NPS26009_bckgShape_QCD_BJetOS_2023_In    6.6008e-08
  CMS_NPS26009_btag_fixedWP_comb_bc_correlated_13p6TeV_In    0.0000e+00
  CMS_NPS26009_btag_fixedWP_incl_light_correlated_13p6TeV_In    0.0000e+00
  CMS_NPS26009_eff_m_id_Run3_In    0.0000e+00
  CMS_NPS26009_eff_m_trigger_2022EE_In    0.0000e+00
  CMS_NPS26009_eff_m_trigger_2022_In    0.0000e+00
  CMS_NPS26009_eff_m_trigger_2023BPix_In    0.0000e+00
  CMS_NPS26009_eff_m_trigger_2023_In    0.0000e+00
  CMS_NPS26009_lumi_2022_In    0.0000e+00
  CMS_NPS26009_lumi_2023_In    0.0000e+00
  CMS_NPS26009_pdf_NNPDF31_In    0.0000e+00
  CMS_NPS26009_topmass_ttbar_BJetOS_In    0.0000e+00
  CMS_btag_fixedWP_comb_bc_uncorrelated_2022EE_In    0.0000e+00
  CMS_btag_fixedWP_comb_bc_uncorrelated_2022_In    0.0000e+00
  CMS_btag_fixedWP_comb_bc_uncorrelated_2023BPix_In    0.0000e+00
  CMS_btag_fixedWP_comb_bc_uncorrelated_2023_In    0.0000e+00
  CMS_btag_fixedWP_incl_light_uncorrelated_2022EE_In    0.0000e+00
  CMS_btag_fixedWP_incl_light_uncorrelated_2022_In    0.0000e+00
  CMS_btag_fixedWP_incl_light_uncorrelated_2023BPix_In    0.0000e+00
  CMS_btag_fixedWP_incl_light_uncorrelated_2023_In    0.0000e+00
  CMS_pileup_13p6TeV_In    0.0000e+00
   CMS_res_j_2022EE_In    0.0000e+00
     CMS_res_j_2022_In    0.0000e+00
  CMS_res_j_2023BPix_In    0.0000e+00
     CMS_res_j_2023_In    0.0000e+00
  CMS_scale_j_2022EE_In    0.0000e+00
   CMS_scale_j_2022_In    0.0000e+00
  CMS_scale_j_2023BPix_In    0.0000e+00
   CMS_scale_j_2023_In    0.0000e+00
  CMS_scale_m_13p6TeV_In    0.0000e+00
  QCDscale_fac_ttbar_In    0.0000e+00
  QCDscale_ren_ttbar_In    0.0000e+00
  n_exp_binbin_2023_proc_Others    0.0000e+00
         pdf_alphas_In    0.0000e+00

    Floating Parameter  InitialValue    FinalValue +/-  Error     GblCorr.
  --------------------  ------------  --------------------------  --------
  CMS_NPS26009_LightJetStat_DY_BJetOS_2022    0.0000e+00    0.0000e+00 +/-  9.93e-01  <none>
  CMS_NPS26009_LightJetStat_DY_BJetOS_2022EE    0.0000e+00    0.0000e+00 +/-  9.94e-01  <none>
  CMS_NPS26009_LightJetStat_DY_BJetOS_2023    0.0000e+00    0.0000e+00 +/-  9.94e-01  <none>
  CMS_NPS26009_LightJetStat_DY_BJetOS_2023BPix    0.0000e+00    0.0000e+00 +/-  4.23e-05  <none>
  CMS_NPS26009_MCstat_other_BJetOS_2022    0.0000e+00    0.0000e+00 +/-  9.93e-01  <none>
  CMS_NPS26009_MCstat_other_BJetOS_2022EE    0.0000e+00    0.0000e+00 +/-  9.93e-01  <none>
  CMS_NPS26009_MCstat_other_BJetOS_2023BPix    0.0000e+00    0.0000e+00 +/-  9.92e-01  <none>
  CMS_NPS26009_MCstat_signal_BJetOS_2022    0.0000e+00    0.0000e+00 +/-  9.94e-01  <none>
  CMS_NPS26009_MCstat_signal_BJetOS_2022EE    0.0000e+00    0.0000e+00 +/-  9.94e-01  <none>
  CMS_NPS26009_MCstat_signal_BJetOS_2023    0.0000e+00    0.0000e+00 +/-  9.94e-01  <none>
  CMS_NPS26009_MCstat_signal_BJetOS_2023BPix    0.0000e+00    0.0000e+00 +/-  9.94e-01  <none>
  CMS_NPS26009_MCstat_singleTop_BJetOS_2022    0.0000e+00    0.0000e+00 +/-  9.94e-01  <none>
  CMS_NPS26009_MCstat_singleTop_BJetOS_2022EE    0.0000e+00    0.0000e+00 +/-  9.94e-01  <none>
  CMS_NPS26009_MCstat_singleTop_BJetOS_2023    0.0000e+00    0.0000e+00 +/-  9.94e-01  <none>
  CMS_NPS26009_MCstat_singleTop_BJetOS_2023BPix    0.0000e+00    0.0000e+00 +/-  9.94e-01  <none>
  CMS_NPS26009_MCstat_ttbar_BJetOS_2022    0.0000e+00    0.0000e+00 +/-  9.80e-01  <none>
  CMS_NPS26009_MCstat_ttbar_BJetOS_2022EE    0.0000e+00    0.0000e+00 +/-  9.85e-01  <none>
  CMS_NPS26009_MCstat_ttbar_BJetOS_2023    0.0000e+00    0.0000e+00 +/-  9.82e-01  <none>
  CMS_NPS26009_MCstat_ttbar_BJetOS_2023BPix    0.0000e+00    0.0000e+00 +/-  9.77e-01  <none>
  CMS_NPS26009_NFModel_DY_BJetOS_13p6TeV    0.0000e+00    0.0000e+00 +/-  9.94e-01  <none>
  CMS_NPS26009_NFStat_DY_BJetOS_2022    6.9651e-02    6.9651e-02 +/-  1.24e-02  <none>
  CMS_NPS26009_NFStat_DY_BJetOS_2022EE    7.3804e-02    7.3804e-02 +/-  7.98e-03  <none>
  CMS_NPS26009_NFStat_DY_BJetOS_2023    7.4080e-02    7.4080e-02 +/-  9.71e-03  <none>
  CMS_NPS26009_QCDscale_fac_singleTop    0.0000e+00    0.0000e+00 +/-  9.94e-01  <none>
  CMS_NPS26009_QCDscale_ren_singleTop    0.0000e+00    0.0000e+00 +/-  9.94e-01  <none>
  CMS_NPS26009_bckgNorm_QCD_BJetOS_2022    0.0000e+00    0.0000e+00 +/-  9.94e-01  <none>
  CMS_NPS26009_bckgNorm_QCD_BJetOS_2022EE    0.0000e+00    0.0000e+00 +/-  9.94e-01  <none>
  CMS_NPS26009_bckgNorm_QCD_BJetOS_2023    0.0000e+00    0.0000e+00 +/-  9.94e-01  <none>
  CMS_NPS26009_bckgNorm_QCD_BJetOS_2023BPix    0.0000e+00    0.0000e+00 +/-  9.94e-01  <none>
  CMS_NPS26009_bckgShape_QCD_BJetOS_2022    5.0328e-06    5.0328e-06 +/-  8.49e-03  <none>
  CMS_NPS26009_bckgShape_QCD_BJetOS_2022EE    1.1410e-09    1.1410e-09 +/-  5.20e-02  <none>
  CMS_NPS26009_bckgShape_QCD_BJetOS_2023    6.6008e-08    6.6008e-08 +/-  3.02e-01  <none>
  CMS_NPS26009_bckgShape_QCD_BJetOS_2023BPix    3.6423e-05    3.6423e-05 +/-  3.02e-02  <none>
  CMS_NPS26009_btag_fixedWP_comb_bc_correlated_13p6TeV    0.0000e+00    0.0000e+00 +/-  9.60e-01  <none>
  CMS_NPS26009_btag_fixedWP_incl_light_correlated_13p6TeV    0.0000e+00    0.0000e+00 +/-  9.94e-01  <none>
  CMS_NPS26009_eff_m_id_Run3    0.0000e+00    0.0000e+00 +/-  9.94e-01  <none>
  CMS_NPS26009_eff_m_trigger_2022    0.0000e+00    0.0000e+00 +/-  9.94e-01  <none>
  CMS_NPS26009_eff_m_trigger_2022EE    0.0000e+00    0.0000e+00 +/-  9.94e-01  <none>
  CMS_NPS26009_eff_m_trigger_2023    0.0000e+00    0.0000e+00 +/-  9.94e-01  <none>
  CMS_NPS26009_eff_m_trigger_2023BPix    0.0000e+00    0.0000e+00 +/-  9.94e-01  <none>
  CMS_NPS26009_lumi_2022    0.0000e+00    0.0000e+00 +/-  9.93e-01  <none>
  CMS_NPS26009_lumi_2023    0.0000e+00    0.0000e+00 +/-  9.94e-01  <none>
  CMS_NPS26009_pdf_NNPDF31    0.0000e+00    0.0000e+00 +/-  9.92e-01  <none>
  CMS_NPS26009_topmass_ttbar_BJetOS    0.0000e+00    0.0000e+00 +/-  9.94e-01  <none>
  CMS_btag_fixedWP_comb_bc_uncorrelated_2022    0.0000e+00    0.0000e+00 +/-  9.89e-01  <none>
  CMS_btag_fixedWP_comb_bc_uncorrelated_2022EE    0.0000e+00    0.0000e+00 +/-  9.91e-01  <none>
  CMS_btag_fixedWP_comb_bc_uncorrelated_2023    0.0000e+00    0.0000e+00 +/-  9.90e-01  <none>
  CMS_btag_fixedWP_comb_bc_uncorrelated_2023BPix    0.0000e+00    0.0000e+00 +/-  9.90e-01  <none>
  CMS_btag_fixedWP_incl_light_uncorrelated_2022    0.0000e+00    0.0000e+00 +/-  9.94e-01  <none>
  CMS_btag_fixedWP_incl_light_uncorrelated_2022EE    0.0000e+00    0.0000e+00 +/-  9.94e-01  <none>
  CMS_btag_fixedWP_incl_light_uncorrelated_2023    0.0000e+00    0.0000e+00 +/-  9.94e-01  <none>
  CMS_btag_fixedWP_incl_light_uncorrelated_2023BPix    0.0000e+00    0.0000e+00 +/-  9.94e-01  <none>
    CMS_pileup_13p6TeV    0.0000e+00    0.0000e+00 +/-  9.93e-01  <none>
        CMS_res_j_2022    0.0000e+00    0.0000e+00 +/-  9.94e-01  <none>
      CMS_res_j_2022EE    0.0000e+00    0.0000e+00 +/-  9.94e-01  <none>
        CMS_res_j_2023    0.0000e+00    0.0000e+00 +/-  9.94e-01  <none>
    CMS_res_j_2023BPix    0.0000e+00    0.0000e+00 +/-  9.94e-01  <none>
      CMS_scale_j_2022    0.0000e+00    0.0000e+00 +/-  9.94e-01  <none>
    CMS_scale_j_2022EE    0.0000e+00    0.0000e+00 +/-  9.94e-01  <none>
      CMS_scale_j_2023    0.0000e+00    0.0000e+00 +/-  9.94e-01  <none>
  CMS_scale_j_2023BPix    0.0000e+00    0.0000e+00 +/-  9.94e-01  <none>
   CMS_scale_m_13p6TeV    0.0000e+00    0.0000e+00 +/-  9.94e-01  <none>
    QCDscale_fac_ttbar    0.0000e+00    0.0000e+00 +/-  9.93e-01  <none>
    QCDscale_ren_ttbar    0.0000e+00    0.0000e+00 +/-  9.90e-01  <none>
            pdf_alphas    0.0000e+00    0.0000e+00 +/-  9.94e-01  <none>
                     r    6.5820e-01    6.5820e-01 +/-  3.66e-01  <none>

Running RobustFit for POI CMS_NPS26009_LightJetStat_DY_BJetOS_2023BPix. Configured with strategy 1  
Set default minimizer to Minuit2, algorithm Migrad, tolerance 0.0001
Searching for crossing at nll = 9.31092, in the interval 0 < CMS_NPS26009_LightJetStat_DY_BJetOS_2023BPix < 0.000171823
 CMS_NPS26009_LightJetStat_DY_BJetOS_2023BPix lvl-here lvl-there 	stepping 
 0.000017    +0.41447  +0.49447    0.000017
 0.000034    +0.17447  +0.41447    0.000017
 0.000052    -0.22553  +0.17447    0.000017
 0.000040    +0.07127  -0.22553    0.000005
 0.000045    -0.04633  +0.07127    0.000005
 0.000041    +0.03750  -0.04633    0.000002
 0.000043    +0.00244  +0.03750    0.000002
 0.000044    -0.03392  +0.00244    0.000002
 0.000043    -0.00833  -0.03392    0.000000
 0.000043    -0.00078  -0.00833    0.000000
 0.000043    +0.00148  -0.00078    0.000000
 0.000043    +0.00051  +0.00148    0.000000
 0.000043    -0.00046  +0.00051    0.000000
 0.000043    +0.00022  -0.00046    0.000000
 0.000043    -0.00007  +0.00022    0.000000
 0.000043    +0.00013  -0.00007    0.000000
 0.000043    +0.00005  +0.00013    0.000000
 0.000043    -0.00004  +0.00005    0.000000
 0.000043    +0.00002  -0.00004    0.000000
 0.000043    -0.00001  +0.00002    0.000000
Set default minimizer to Minuit2, algorithm Migrad, tolerance 0.0001
Searching for crossing at nll = 9.31092, in the interval 0 < CMS_NPS26009_LightJetStat_DY_BJetOS_2023BPix < -0.000171823
 CMS_NPS26009_LightJetStat_DY_BJetOS_2023BPix lvl-here lvl-there 	stepping 
 -0.000017    +0.41447  +0.49447    -0.000017
 -0.000034    +0.17447  +0.41447    -0.000017
 -0.000052    -0.22553  +0.17447    -0.000017
 -0.000040    +0.07127  -0.22553    -0.000005
 -0.000045    -0.04633  +0.07127    -0.000005
 -0.000041    +0.03750  -0.04633    -0.000002
 -0.000043    +0.00244  +0.03750    -0.000002
 -0.000044    -0.03392  +0.00244    -0.000002
 -0.000043    -0.00833  -0.03392    -0.000000
 -0.000043    -0.00078  -0.00833    -0.000000
 -0.000043    +0.00148  -0.00078    -0.000000
 -0.000043    +0.00051  +0.00148    -0.000000
 -0.000043    -0.00046  +0.00051    -0.000000
 -0.000043    +0.00022  -0.00046    -0.000000
 -0.000043    -0.00007  +0.00022    -0.000000
 -0.000043    +0.00013  -0.00007    -0.000000
 -0.000043    +0.00005  +0.00013    -0.000000
 -0.000043    -0.00004  +0.00005    -0.000000
 -0.000043    +0.00002  -0.00004    -0.000000
 -0.000043    -0.00001  +0.00002    -0.000000

 --- MultiDimFit ---
Parameter impacts: 
  Parameter                                    :   Best-fit               r            
  CMS_NPS26009_LightJetStat_DY_BJetOS_2023BPix :   +0.000  -0.000/+0.000Minimization configured with Type=Minuit2, Algo=Migrad, strategy=1, tolerance=0.0001
Minuit2Minimizer: Minimize with max-calls 32500 convergence for edm < 0.0001 strategy 1
Minuit2Minimizer::Minuit  - Changing default options
             StorageLevel :               0
Minuit2Minimizer : Valid minimum - status = 0
FVAL  = 0.494479898471703094
Edm   = 5.35378807338947899e-12
Nfcn  = 2748
CMS_NPS26009_LightJetStat_DY_BJetOS_2022	  = 1.43095e-09	 +/-  0.999009
CMS_NPS26009_LightJetStat_DY_BJetOS_2022EE	  = 5.58291e-10	 +/-  0.999564
CMS_NPS26009_LightJetStat_DY_BJetOS_2023	  = 8.93968e-10	 +/-  0.999479
CMS_NPS26009_MCstat_other_BJetOS_2022	  = 2.18344e-09	 +/-  0.998604
CMS_NPS26009_MCstat_other_BJetOS_2022EE	  = 2.33772e-09	 +/-  0.998773
CMS_NPS26009_MCstat_other_BJetOS_2023BPix	  = 8.69702e-07	 +/-  0.997447
CMS_NPS26009_MCstat_signal_BJetOS_2022	  = 1.3952e-11	 +/-  0.999801
CMS_NPS26009_MCstat_signal_BJetOS_2022EE	  = 5.06915e-11	 +/-  0.999527
CMS_NPS26009_MCstat_signal_BJetOS_2023	  = 5.82887e-11	 +/-  0.999481
CMS_NPS26009_MCstat_signal_BJetOS_2023BPix	  = 3.24469e-07	 +/-  0.999646
CMS_NPS26009_MCstat_singleTop_BJetOS_2022	  = 5.85e-10	 +/-  0.999397
CMS_NPS26009_MCstat_singleTop_BJetOS_2022EE	  = 3.95659e-10	 +/-  0.999805
CMS_NPS26009_MCstat_singleTop_BJetOS_2023	  = 2.73251e-10	 +/-  0.999755
CMS_NPS26009_MCstat_singleTop_BJetOS_2023BPix	  = 5.20896e-07	 +/-  0.999088
CMS_NPS26009_MCstat_ttbar_BJetOS_2022	  = 3.71468e-09	 +/-  0.985835
CMS_NPS26009_MCstat_ttbar_BJetOS_2022EE	  = 1.59444e-09	 +/-  0.990664
CMS_NPS26009_MCstat_ttbar_BJetOS_2023	  = 3.72951e-09	 +/-  0.987423
CMS_NPS26009_MCstat_ttbar_BJetOS_2023BPix	  = 2.19578e-06	 +/-  0.98222
CMS_NPS26009_NFModel_DY_BJetOS_13p6TeV	  = 9.89131e-11	 +/-  0.999951
CMS_NPS26009_NFStat_DY_BJetOS_2022	  = 0.0696512	 +/-  0.0124636	(limited)
CMS_NPS26009_NFStat_DY_BJetOS_2022EE	  = 0.0738037	 +/-  0.00802561	(limited)
CMS_NPS26009_NFStat_DY_BJetOS_2023	  = 0.0740795	 +/-  0.00976498	(limited)
CMS_NPS26009_QCDscale_fac_singleTop	  = -6.7209e-08	 +/-  0.999992
CMS_NPS26009_QCDscale_ren_singleTop	  = -1.20916e-07	 +/-  0.999961
CMS_NPS26009_bckgNorm_QCD_BJetOS_2022	  = 0	 +/-  1
CMS_NPS26009_bckgNorm_QCD_BJetOS_2022EE	  = 0	 +/-  1
CMS_NPS26009_bckgNorm_QCD_BJetOS_2023	  = 0	 +/-  1
CMS_NPS26009_bckgNorm_QCD_BJetOS_2023BPix	  = 2.34716e-11	 +/-  1
CMS_NPS26009_bckgShape_QCD_BJetOS_2022	  = 5.03277e-06	 +/-  0.00853826	(limited)
CMS_NPS26009_bckgShape_QCD_BJetOS_2022EE	  = 1.14134e-09	 +/-  0.0522436	(limited)
CMS_NPS26009_bckgShape_QCD_BJetOS_2023	  = 6.60177e-08	 +/-  0.303335	(limited)
CMS_NPS26009_bckgShape_QCD_BJetOS_2023BPix	  = 3.6427e-05	 +/-  0.030406	(limited)
CMS_NPS26009_btag_fixedWP_comb_bc_correlated_13p6TeV	  = 9.51313e-07	 +/-  0.965539
CMS_NPS26009_btag_fixedWP_incl_light_correlated_13p6TeV	  = 1.23799e-07	 +/-  0.999919
CMS_NPS26009_eff_m_id_Run3	  = 2.03401e-07	 +/-  0.999949
CMS_NPS26009_eff_m_trigger_2022	  = 1.26807e-11	 +/-  0.999645
CMS_NPS26009_eff_m_trigger_2022EE	  = 4.43876e-12	 +/-  0.999831
CMS_NPS26009_eff_m_trigger_2023	  = 5.07312e-12	 +/-  0.999851
CMS_NPS26009_eff_m_trigger_2023BPix	  = 2.15536e-07	 +/-  0.999844
CMS_NPS26009_lumi_2022	  = -1.38845e-11	 +/-  0.998421
CMS_NPS26009_lumi_2023	  = 3.90409e-07	 +/-  0.999223
CMS_NPS26009_pdf_NNPDF31	  = 7.25273e-07	 +/-  0.997176
CMS_NPS26009_topmass_ttbar_BJetOS	  = 4.75835e-07	 +/-  0.999628
CMS_btag_fixedWP_comb_bc_uncorrelated_2022	  = 6.5026e-10	 +/-  0.994685
CMS_btag_fixedWP_comb_bc_uncorrelated_2022EE	  = 3.20666e-10	 +/-  0.996278
CMS_btag_fixedWP_comb_bc_uncorrelated_2023	  = 5.91189e-10	 +/-  0.995489
CMS_btag_fixedWP_comb_bc_uncorrelated_2023BPix	  = 1.14371e-06	 +/-  0.995501
CMS_btag_fixedWP_incl_light_uncorrelated_2022	  = 1.26873e-12	 +/-  0.999996
CMS_btag_fixedWP_incl_light_uncorrelated_2022EE	  = -5.07404e-12	 +/-  0.999927
CMS_btag_fixedWP_incl_light_uncorrelated_2023	  = 0	 +/-  0.999973
CMS_btag_fixedWP_incl_light_uncorrelated_2023BPix	  = 4.31264e-08	 +/-  0.999994
CMS_pileup_13p6TeV	  = 1.28882e-08	 +/-  0.998974
CMS_res_j_2022	  = 6.34367e-13	 +/-  1
CMS_res_j_2022EE	  = -2.39141e-10	 +/-  0.999974
CMS_res_j_2023	  = 0	 +/-  1
CMS_res_j_2023BPix	  = -1.51149e-07	 +/-  0.999923
CMS_scale_j_2022	  = -3.62417e-09	 +/-  0.999415
CMS_scale_j_2022EE	  = -3.45053e-10	 +/-  0.999949
CMS_scale_j_2023	  = 2.46748e-10	 +/-  0.999965
CMS_scale_j_2023BPix	  = 2.64247e-07	 +/-  0.999766
CMS_scale_m_13p6TeV	  = -3.24963e-09	 +/-  0.999713
QCDscale_fac_ttbar	  = -3.26226e-07	 +/-  0.998799
QCDscale_ren_ttbar	  = -8.44681e-07	 +/-  0.995334
pdf_alphas	  = 4.89315e-07	 +/-  0.999475
r	  = 0.658204	 +/-  0.36757	(limited)
Minimization finished with status=0
Minimization success! status=0
Minimization configured with Type=Minuit2, Algo=Migrad, strategy=1, tolerance=0.0001
Minuit2Minimizer: Minimize with max-calls 32500 convergence for edm < 0.0001 strategy 1
Minuit2Minimizer::Minuit  - Changing default options
             StorageLevel :               0
Minuit2Minimizer : Valid minimum - status = 0
FVAL  = 0.494479898471868851
Edm   = 5.51732632675598103e-12
Nfcn  = 2748
CMS_NPS26009_LightJetStat_DY_BJetOS_2022	  = 1.36416e-09	 +/-  0.999009
CMS_NPS26009_LightJetStat_DY_BJetOS_2022EE	  = 5.31867e-10	 +/-  0.999564
CMS_NPS26009_LightJetStat_DY_BJetOS_2023	  = 8.53229e-10	 +/-  0.999479
CMS_NPS26009_MCstat_other_BJetOS_2022	  = 2.08247e-09	 +/-  0.998604
CMS_NPS26009_MCstat_other_BJetOS_2022EE	  = 2.229e-09	 +/-  0.998772
CMS_NPS26009_MCstat_other_BJetOS_2023BPix	  = -8.2182e-07	 +/-  0.997449
CMS_NPS26009_MCstat_signal_BJetOS_2022	  = 1.39116e-11	 +/-  0.999801
CMS_NPS26009_MCstat_signal_BJetOS_2022EE	  = 4.83471e-11	 +/-  0.999527
CMS_NPS26009_MCstat_signal_BJetOS_2023	  = 5.49888e-11	 +/-  0.999481
CMS_NPS26009_MCstat_signal_BJetOS_2023BPix	  = -3.09398e-07	 +/-  0.999646
CMS_NPS26009_MCstat_singleTop_BJetOS_2022	  = 5.5855e-10	 +/-  0.999397
CMS_NPS26009_MCstat_singleTop_BJetOS_2022EE	  = 3.77966e-10	 +/-  0.999805
CMS_NPS26009_MCstat_singleTop_BJetOS_2023	  = 2.61218e-10	 +/-  0.999755
CMS_NPS26009_MCstat_singleTop_BJetOS_2023BPix	  = -4.9513e-07	 +/-  0.999088
CMS_NPS26009_MCstat_ttbar_BJetOS_2022	  = 3.5423e-09	 +/-  0.985835
CMS_NPS26009_MCstat_ttbar_BJetOS_2022EE	  = 1.52011e-09	 +/-  0.990664
CMS_NPS26009_MCstat_ttbar_BJetOS_2023	  = 3.55644e-09	 +/-  0.987422
CMS_NPS26009_MCstat_ttbar_BJetOS_2023BPix	  = -2.08268e-06	 +/-  0.982221
CMS_NPS26009_NFModel_DY_BJetOS_13p6TeV	  = 9.49434e-11	 +/-  0.999951
CMS_NPS26009_NFStat_DY_BJetOS_2022	  = 0.0696512	 +/-  0.0124636	(limited)
CMS_NPS26009_NFStat_DY_BJetOS_2022EE	  = 0.0738037	 +/-  0.00802561	(limited)
CMS_NPS26009_NFStat_DY_BJetOS_2023	  = 0.0740795	 +/-  0.00976498	(limited)
CMS_NPS26009_QCDscale_fac_singleTop	  = 6.45599e-08	 +/-  0.999992
CMS_NPS26009_QCDscale_ren_singleTop	  = 1.16144e-07	 +/-  0.999961
CMS_NPS26009_bckgNorm_QCD_BJetOS_2022	  = 0	 +/-  1
CMS_NPS26009_bckgNorm_QCD_BJetOS_2022EE	  = 0	 +/-  1
CMS_NPS26009_bckgNorm_QCD_BJetOS_2023	  = 0	 +/-  1
CMS_NPS26009_bckgNorm_QCD_BJetOS_2023BPix	  = -2.48062e-11	 +/-  1
CMS_NPS26009_bckgShape_QCD_BJetOS_2022	  = 5.03277e-06	 +/-  0.00853826	(limited)
CMS_NPS26009_bckgShape_QCD_BJetOS_2022EE	  = 1.14133e-09	 +/-  0.0522436	(limited)
CMS_NPS26009_bckgShape_QCD_BJetOS_2023	  = 6.60172e-08	 +/-  0.303335	(limited)
CMS_NPS26009_bckgShape_QCD_BJetOS_2023BPix	  = 3.64201e-05	 +/-  0.030406	(limited)
CMS_NPS26009_btag_fixedWP_comb_bc_correlated_13p6TeV	  = -8.63357e-07	 +/-  0.965538
CMS_NPS26009_btag_fixedWP_incl_light_correlated_13p6TeV	  = -1.18025e-07	 +/-  0.999919
CMS_NPS26009_eff_m_id_Run3	  = -1.93989e-07	 +/-  0.999949
CMS_NPS26009_eff_m_trigger_2022	  = 1.33037e-11	 +/-  0.999645
CMS_NPS26009_eff_m_trigger_2022EE	  = 4.83826e-12	 +/-  0.999831
CMS_NPS26009_eff_m_trigger_2023	  = 4.23369e-12	 +/-  0.999851
CMS_NPS26009_eff_m_trigger_2023BPix	  = -2.0556e-07	 +/-  0.999844
CMS_NPS26009_lumi_2022	  = -1.38443e-11	 +/-  0.998421
CMS_NPS26009_lumi_2023	  = -3.72358e-07	 +/-  0.999223
CMS_NPS26009_pdf_NNPDF31	  = -6.89335e-07	 +/-  0.997176
CMS_NPS26009_topmass_ttbar_BJetOS	  = -4.54256e-07	 +/-  0.999628
CMS_btag_fixedWP_comb_bc_uncorrelated_2022	  = 6.19587e-10	 +/-  0.994685
CMS_btag_fixedWP_comb_bc_uncorrelated_2022EE	  = 3.07036e-10	 +/-  0.996278
CMS_btag_fixedWP_comb_bc_uncorrelated_2023	  = 5.63849e-10	 +/-  0.995489
CMS_btag_fixedWP_comb_bc_uncorrelated_2023BPix	  = -1.08977e-06	 +/-  0.995501
CMS_btag_fixedWP_incl_light_uncorrelated_2022	  = 1.21005e-12	 +/-  0.999996
CMS_btag_fixedWP_incl_light_uncorrelated_2022EE	  = -4.83938e-12	 +/-  0.999926
CMS_btag_fixedWP_incl_light_uncorrelated_2023	  = 0	 +/-  0.999973
CMS_btag_fixedWP_incl_light_uncorrelated_2023BPix	  = -4.11325e-08	 +/-  0.999994
CMS_pileup_13p6TeV	  = -1.03245e-08	 +/-  0.998974
CMS_res_j_2022	  = 1.21006e-12	 +/-  1
CMS_res_j_2022EE	  = -2.28082e-10	 +/-  0.999974
CMS_res_j_2023	  = 0	 +/-  1
CMS_res_j_2023BPix	  = 1.4313e-07	 +/-  0.999925
CMS_scale_j_2022	  = -3.45536e-09	 +/-  0.999415
CMS_scale_j_2022EE	  = -3.297e-10	 +/-  0.999949
CMS_scale_j_2023	  = 2.34731e-10	 +/-  0.999964
CMS_scale_j_2023BPix	  = -2.50802e-07	 +/-  0.999767
CMS_scale_m_13p6TeV	  = 3.05762e-09	 +/-  0.999713
QCDscale_fac_ttbar	  = 3.92582e-07	 +/-  0.9988
QCDscale_ren_ttbar	  = 1.03481e-06	 +/-  0.995335
pdf_alphas	  = -4.63266e-07	 +/-  0.999476
r	  = 0.658202	 +/-  0.36757	(limited)
Minimization finished with status=0
Minimization success! status=0
  +0.000/-0.000
183 log messages saved to combine_logger.out
