
>>> Random number generator seed is 123456
Setting robust fit options to Tolerance=0.1 / Strategy=0 / Type,Algo=Minuit2,Migrad (note that defaults of CascadeMinimizer if these options were not specified)
>>> Method used is MultiDimFit
Redefining the POIs to be: RooArgSet:: = (r)
Doing initial fit: 

  RooFitResult: minimized FCN value: 0, estimated distance to minimum: 6.45218e-19
                covariance matrix quality: Full, accurate covariance matrix
                Status : MINIMIZE=0 

    Constant Parameter    Value     
  --------------------  ------------
  CMS_NPS26009_LightJetStat_DY_BJetOS_2022EE_In    0.0000e+00
  CMS_NPS26009_LightJetStat_DY_BJetOS_2022_In    0.0000e+00
  CMS_NPS26009_LightJetStat_DY_BJetOS_2023BPix_In    0.0000e+00
  CMS_NPS26009_LightJetStat_DY_BJetOS_2023_In    0.0000e+00
  CMS_NPS26009_MCstat_other_BJetOS_2022EE_In    0.0000e+00
  CMS_NPS26009_MCstat_other_BJetOS_2022_In    0.0000e+00
  CMS_NPS26009_MCstat_other_BJetOS_2023BPix_In    0.0000e+00
  CMS_NPS26009_MCstat_signal_BJetOS_2022EE_In    0.0000e+00
  CMS_NPS26009_MCstat_signal_BJetOS_2022_In    0.0000e+00
  CMS_NPS26009_MCstat_signal_BJetOS_2023BPix_In    0.0000e+00
  CMS_NPS26009_MCstat_signal_BJetOS_2023_In    0.0000e+00
  CMS_NPS26009_MCstat_singleTop_BJetOS_2022EE_In    0.0000e+00
  CMS_NPS26009_MCstat_singleTop_BJetOS_2022_In    0.0000e+00
  CMS_NPS26009_MCstat_singleTop_BJetOS_2023BPix_In    0.0000e+00
  CMS_NPS26009_MCstat_singleTop_BJetOS_2023_In    0.0000e+00
  CMS_NPS26009_MCstat_ttbar_BJetOS_2022EE_In    0.0000e+00
  CMS_NPS26009_MCstat_ttbar_BJetOS_2022_In    0.0000e+00
  CMS_NPS26009_MCstat_ttbar_BJetOS_2023BPix_In    0.0000e+00
  CMS_NPS26009_MCstat_ttbar_BJetOS_2023_In    0.0000e+00
  CMS_NPS26009_NFModel_DY_BJetOS_13p6TeV_In    0.0000e+00
  CMS_NPS26009_NFStat_DY_BJetOS_2022EE_In    7.3804e-02
  CMS_NPS26009_NFStat_DY_BJetOS_2022_In    6.9651e-02
  CMS_NPS26009_NFStat_DY_BJetOS_2023_In    7.4080e-02
  CMS_NPS26009_QCDscale_fac_singleTop_In    0.0000e+00
  CMS_NPS26009_QCDscale_ren_singleTop_In    0.0000e+00
  CMS_NPS26009_bckgNorm_QCD_BJetOS_2022EE_In    0.0000e+00
  CMS_NPS26009_bckgNorm_QCD_BJetOS_2022_In    0.0000e+00
  CMS_NPS26009_bckgNorm_QCD_BJetOS_2023BPix_In    0.0000e+00
  CMS_NPS26009_bckgNorm_QCD_BJetOS_2023_In    0.0000e+00
  CMS_NPS26009_bckgShape_QCD_BJetOS_2022EE_In    1.1410e-09
  CMS_NPS26009_bckgShape_QCD_BJetOS_2022_In    5.0328e-06
  CMS_NPS26009_bckgShape_QCD_BJetOS_2023BPix_In    3.6423e-05
  CMS_NPS26009_bckgShape_QCD_BJetOS_2023_In    6.6008e-08
  CMS_NPS26009_btag_fixedWP_comb_bc_correlated_13p6TeV_In    0.0000e+00
  CMS_NPS26009_btag_fixedWP_incl_light_correlated_13p6TeV_In    0.0000e+00
  CMS_NPS26009_eff_m_id_Run3_In    0.0000e+00
  CMS_NPS26009_eff_m_trigger_2022EE_In    0.0000e+00
  CMS_NPS26009_eff_m_trigger_2022_In    0.0000e+00
  CMS_NPS26009_eff_m_trigger_2023BPix_In    0.0000e+00
  CMS_NPS26009_eff_m_trigger_2023_In    0.0000e+00
  CMS_NPS26009_lumi_2022_In    0.0000e+00
  CMS_NPS26009_lumi_2023_In    0.0000e+00
  CMS_NPS26009_pdf_NNPDF31_In    0.0000e+00
  CMS_NPS26009_topmass_ttbar_BJetOS_In    0.0000e+00
  CMS_btag_fixedWP_comb_bc_uncorrelated_2022EE_In    0.0000e+00
  CMS_btag_fixedWP_comb_bc_uncorrelated_2022_In    0.0000e+00
  CMS_btag_fixedWP_comb_bc_uncorrelated_2023BPix_In    0.0000e+00
  CMS_btag_fixedWP_comb_bc_uncorrelated_2023_In    0.0000e+00
  CMS_btag_fixedWP_incl_light_uncorrelated_2022EE_In    0.0000e+00
  CMS_btag_fixedWP_incl_light_uncorrelated_2022_In    0.0000e+00
  CMS_btag_fixedWP_incl_light_uncorrelated_2023BPix_In    0.0000e+00
  CMS_btag_fixedWP_incl_light_uncorrelated_2023_In    0.0000e+00
  CMS_pileup_13p6TeV_In    0.0000e+00
   CMS_res_j_2022EE_In    0.0000e+00
     CMS_res_j_2022_In    0.0000e+00
  CMS_res_j_2023BPix_In    0.0000e+00
     CMS_res_j_2023_In    0.0000e+00
  CMS_scale_j_2022EE_In    0.0000e+00
   CMS_scale_j_2022_In    0.0000e+00
  CMS_scale_j_2023BPix_In    0.0000e+00
   CMS_scale_j_2023_In    0.0000e+00
  CMS_scale_m_13p6TeV_In    0.0000e+00
  QCDscale_fac_ttbar_In    0.0000e+00
  QCDscale_ren_ttbar_In    0.0000e+00
  n_exp_binbin_2023_proc_Others    0.0000e+00
         pdf_alphas_In    0.0000e+00

    Floating Parameter  InitialValue    FinalValue +/-  Error     GblCorr.
  --------------------  ------------  --------------------------  --------
  CMS_NPS26009_LightJetStat_DY_BJetOS_2022    0.0000e+00    0.0000e+00 +/-  9.93e-01  <none>
  CMS_NPS26009_LightJetStat_DY_BJetOS_2022EE    0.0000e+00    0.0000e+00 +/-  9.94e-01  <none>
  CMS_NPS26009_LightJetStat_DY_BJetOS_2023    0.0000e+00    0.0000e+00 +/-  9.94e-01  <none>
  CMS_NPS26009_LightJetStat_DY_BJetOS_2023BPix    0.0000e+00    0.0000e+00 +/-  4.23e-05  <none>
  CMS_NPS26009_MCstat_other_BJetOS_2022    0.0000e+00    0.0000e+00 +/-  9.93e-01  <none>
  CMS_NPS26009_MCstat_other_BJetOS_2022EE    0.0000e+00    0.0000e+00 +/-  9.93e-01  <none>
  CMS_NPS26009_MCstat_other_BJetOS_2023BPix    0.0000e+00    0.0000e+00 +/-  9.92e-01  <none>
  CMS_NPS26009_MCstat_signal_BJetOS_2022    0.0000e+00    0.0000e+00 +/-  9.94e-01  <none>
  CMS_NPS26009_MCstat_signal_BJetOS_2022EE    0.0000e+00    0.0000e+00 +/-  9.94e-01  <none>
  CMS_NPS26009_MCstat_signal_BJetOS_2023    0.0000e+00    0.0000e+00 +/-  9.94e-01  <none>
  CMS_NPS26009_MCstat_signal_BJetOS_2023BPix    0.0000e+00    0.0000e+00 +/-  9.94e-01  <none>
  CMS_NPS26009_MCstat_singleTop_BJetOS_2022    0.0000e+00    0.0000e+00 +/-  9.94e-01  <none>
  CMS_NPS26009_MCstat_singleTop_BJetOS_2022EE    0.0000e+00    0.0000e+00 +/-  9.94e-01  <none>
  CMS_NPS26009_MCstat_singleTop_BJetOS_2023    0.0000e+00    0.0000e+00 +/-  9.94e-01  <none>
  CMS_NPS26009_MCstat_singleTop_BJetOS_2023BPix    0.0000e+00    0.0000e+00 +/-  9.94e-01  <none>
  CMS_NPS26009_MCstat_ttbar_BJetOS_2022    0.0000e+00    0.0000e+00 +/-  9.80e-01  <none>
  CMS_NPS26009_MCstat_ttbar_BJetOS_2022EE    0.0000e+00    0.0000e+00 +/-  9.85e-01  <none>
  CMS_NPS26009_MCstat_ttbar_BJetOS_2023    0.0000e+00    0.0000e+00 +/-  9.82e-01  <none>
  CMS_NPS26009_MCstat_ttbar_BJetOS_2023BPix    0.0000e+00    0.0000e+00 +/-  9.77e-01  <none>
  CMS_NPS26009_NFModel_DY_BJetOS_13p6TeV    0.0000e+00    0.0000e+00 +/-  9.94e-01  <none>
  CMS_NPS26009_NFStat_DY_BJetOS_2022    6.9651e-02    6.9651e-02 +/-  1.24e-02  <none>
  CMS_NPS26009_NFStat_DY_BJetOS_2022EE    7.3804e-02    7.3804e-02 +/-  7.98e-03  <none>
  CMS_NPS26009_NFStat_DY_BJetOS_2023    7.4080e-02    7.4080e-02 +/-  9.71e-03  <none>
  CMS_NPS26009_QCDscale_fac_singleTop    0.0000e+00    0.0000e+00 +/-  9.94e-01  <none>
  CMS_NPS26009_QCDscale_ren_singleTop    0.0000e+00    0.0000e+00 +/-  9.94e-01  <none>
  CMS_NPS26009_bckgNorm_QCD_BJetOS_2022    0.0000e+00    0.0000e+00 +/-  9.94e-01  <none>
  CMS_NPS26009_bckgNorm_QCD_BJetOS_2022EE    0.0000e+00    0.0000e+00 +/-  9.94e-01  <none>
  CMS_NPS26009_bckgNorm_QCD_BJetOS_2023    0.0000e+00    0.0000e+00 +/-  9.94e-01  <none>
  CMS_NPS26009_bckgNorm_QCD_BJetOS_2023BPix    0.0000e+00    0.0000e+00 +/-  9.94e-01  <none>
  CMS_NPS26009_bckgShape_QCD_BJetOS_2022    5.0328e-06    5.0328e-06 +/-  8.49e-03  <none>
  CMS_NPS26009_bckgShape_QCD_BJetOS_2022EE    1.1410e-09    1.1410e-09 +/-  5.20e-02  <none>
  CMS_NPS26009_bckgShape_QCD_BJetOS_2023    6.6008e-08    6.6008e-08 +/-  3.02e-01  <none>
  CMS_NPS26009_bckgShape_QCD_BJetOS_2023BPix    3.6423e-05    3.6423e-05 +/-  3.02e-02  <none>
  CMS_NPS26009_btag_fixedWP_comb_bc_correlated_13p6TeV    0.0000e+00    0.0000e+00 +/-  9.60e-01  <none>
  CMS_NPS26009_btag_fixedWP_incl_light_correlated_13p6TeV    0.0000e+00    0.0000e+00 +/-  9.94e-01  <none>
  CMS_NPS26009_eff_m_id_Run3    0.0000e+00    0.0000e+00 +/-  9.94e-01  <none>
  CMS_NPS26009_eff_m_trigger_2022    0.0000e+00    0.0000e+00 +/-  9.94e-01  <none>
  CMS_NPS26009_eff_m_trigger_2022EE    0.0000e+00    0.0000e+00 +/-  9.94e-01  <none>
  CMS_NPS26009_eff_m_trigger_2023    0.0000e+00    0.0000e+00 +/-  9.94e-01  <none>
  CMS_NPS26009_eff_m_trigger_2023BPix    0.0000e+00    0.0000e+00 +/-  9.94e-01  <none>
  CMS_NPS26009_lumi_2022    0.0000e+00    0.0000e+00 +/-  9.93e-01  <none>
  CMS_NPS26009_lumi_2023    0.0000e+00    0.0000e+00 +/-  9.94e-01  <none>
  CMS_NPS26009_pdf_NNPDF31    0.0000e+00    0.0000e+00 +/-  9.92e-01  <none>
  CMS_NPS26009_topmass_ttbar_BJetOS    0.0000e+00    0.0000e+00 +/-  9.94e-01  <none>
  CMS_btag_fixedWP_comb_bc_uncorrelated_2022    0.0000e+00    0.0000e+00 +/-  9.89e-01  <none>
  CMS_btag_fixedWP_comb_bc_uncorrelated_2022EE    0.0000e+00    0.0000e+00 +/-  9.91e-01  <none>
  CMS_btag_fixedWP_comb_bc_uncorrelated_2023    0.0000e+00    0.0000e+00 +/-  9.90e-01  <none>
  CMS_btag_fixedWP_comb_bc_uncorrelated_2023BPix    0.0000e+00    0.0000e+00 +/-  9.90e-01  <none>
  CMS_btag_fixedWP_incl_light_uncorrelated_2022    0.0000e+00    0.0000e+00 +/-  9.94e-01  <none>
  CMS_btag_fixedWP_incl_light_uncorrelated_2022EE    0.0000e+00    0.0000e+00 +/-  9.94e-01  <none>
  CMS_btag_fixedWP_incl_light_uncorrelated_2023    0.0000e+00    0.0000e+00 +/-  9.94e-01  <none>
  CMS_btag_fixedWP_incl_light_uncorrelated_2023BPix    0.0000e+00    0.0000e+00 +/-  9.94e-01  <none>
    CMS_pileup_13p6TeV    0.0000e+00    0.0000e+00 +/-  9.93e-01  <none>
        CMS_res_j_2022    0.0000e+00    0.0000e+00 +/-  9.94e-01  <none>
      CMS_res_j_2022EE    0.0000e+00    0.0000e+00 +/-  9.94e-01  <none>
        CMS_res_j_2023    0.0000e+00    0.0000e+00 +/-  9.94e-01  <none>
    CMS_res_j_2023BPix    0.0000e+00    0.0000e+00 +/-  9.94e-01  <none>
      CMS_scale_j_2022    0.0000e+00    0.0000e+00 +/-  9.94e-01  <none>
    CMS_scale_j_2022EE    0.0000e+00    0.0000e+00 +/-  9.94e-01  <none>
      CMS_scale_j_2023    0.0000e+00    0.0000e+00 +/-  9.94e-01  <none>
  CMS_scale_j_2023BPix    0.0000e+00    0.0000e+00 +/-  9.94e-01  <none>
   CMS_scale_m_13p6TeV    0.0000e+00    0.0000e+00 +/-  9.94e-01  <none>
    QCDscale_fac_ttbar    0.0000e+00    0.0000e+00 +/-  9.93e-01  <none>
    QCDscale_ren_ttbar    0.0000e+00    0.0000e+00 +/-  9.90e-01  <none>
            pdf_alphas    0.0000e+00    0.0000e+00 +/-  9.94e-01  <none>
                     r    6.5820e-01    6.5820e-01 +/-  3.66e-01  <none>

Running RobustFit for POI CMS_NPS26009_LightJetStat_DY_BJetOS_2023BPix. Configured with strategy 0  
Set default minimizer to Minuit2, algorithm Migrad, tolerance 0.1
Searching for crossing at nll = 9.31092, in the interval 0 < CMS_NPS26009_LightJetStat_DY_BJetOS_2023BPix < 0.000171823
 CMS_NPS26009_LightJetStat_DY_BJetOS_2023BPix lvl-here lvl-there 	stepping 
 0.000017    +0.41447  +0.49447    0.000017
 0.000034    +0.17447  +0.41447    0.000017
 0.000052    -0.22553  +0.17447    0.000017
[ERROR] Closed range without finding crossing! 
Set default minimizer to Minuit2, algorithm Migrad, tolerance 0.1
Searching for crossing at nll = 9.31092, in the interval 0 < CMS_NPS26009_LightJetStat_DY_BJetOS_2023BPix < -0.000171823
 CMS_NPS26009_LightJetStat_DY_BJetOS_2023BPix lvl-here lvl-there 	stepping 
 -0.000017    +0.41447  +0.49447    -0.000017
 -0.000034    +0.17447  +0.41447    -0.000017
 -0.000052    -0.22553  +0.17447    -0.000017
[ERROR] Closed range without finding crossing! 

 --- MultiDimFit ---
Parameter impacts: 
  Parameter                                    :   Best-fit               r            
  CMS_NPS26009_LightJetStat_DY_BJetOS_2023BPix :   +0.000  +0.000/+0.000Minimization configured with Type=Minuit2, Algo=Migrad, strategy=1, tolerance=0.1
Minuit2Minimizer: Minimize with max-calls 32500 convergence for edm < 0.1 strategy 1
Minuit2Minimizer::Minuit  - Changing default options
             StorageLevel :               0
Warning in <Minuit2>: VariableMetricBuilder No improvement in line search
Minuit2Minimizer : Valid minimum - status = 0
FVAL  = 0
Edm   = 6.31973906837914735e-19
Nfcn  = 2717
CMS_NPS26009_LightJetStat_DY_BJetOS_2022	  = 0	 +/-  0.999009
CMS_NPS26009_LightJetStat_DY_BJetOS_2022EE	  = 0	 +/-  0.999564
CMS_NPS26009_LightJetStat_DY_BJetOS_2023	  = 0	 +/-  0.999479
CMS_NPS26009_MCstat_other_BJetOS_2022	  = 0	 +/-  0.998604
CMS_NPS26009_MCstat_other_BJetOS_2022EE	  = 0	 +/-  0.998772
CMS_NPS26009_MCstat_other_BJetOS_2023BPix	  = 0	 +/-  0.997447
CMS_NPS26009_MCstat_signal_BJetOS_2022	  = 0	 +/-  0.999801
CMS_NPS26009_MCstat_signal_BJetOS_2022EE	  = 0	 +/-  0.999527
CMS_NPS26009_MCstat_signal_BJetOS_2023	  = 0	 +/-  0.999481
CMS_NPS26009_MCstat_signal_BJetOS_2023BPix	  = 0	 +/-  0.999646
CMS_NPS26009_MCstat_singleTop_BJetOS_2022	  = 0	 +/-  0.999397
CMS_NPS26009_MCstat_singleTop_BJetOS_2022EE	  = 0	 +/-  0.999805
CMS_NPS26009_MCstat_singleTop_BJetOS_2023	  = 0	 +/-  0.999755
CMS_NPS26009_MCstat_singleTop_BJetOS_2023BPix	  = 0	 +/-  0.999088
CMS_NPS26009_MCstat_ttbar_BJetOS_2022	  = 0	 +/-  0.985834
CMS_NPS26009_MCstat_ttbar_BJetOS_2022EE	  = 0	 +/-  0.990663
CMS_NPS26009_MCstat_ttbar_BJetOS_2023	  = 0	 +/-  0.987422
CMS_NPS26009_MCstat_ttbar_BJetOS_2023BPix	  = 0	 +/-  0.982219
CMS_NPS26009_NFModel_DY_BJetOS_13p6TeV	  = 0	 +/-  0.999951
CMS_NPS26009_NFStat_DY_BJetOS_2022	  = 0.0696512	 +/-  0.0124636	(limited)
CMS_NPS26009_NFStat_DY_BJetOS_2022EE	  = 0.0738037	 +/-  0.00802561	(limited)
CMS_NPS26009_NFStat_DY_BJetOS_2023	  = 0.0740795	 +/-  0.00976498	(limited)
CMS_NPS26009_QCDscale_fac_singleTop	  = 0	 +/-  0.999992
CMS_NPS26009_QCDscale_ren_singleTop	  = 0	 +/-  0.999961
CMS_NPS26009_bckgNorm_QCD_BJetOS_2022	  = 0	 +/-  1
CMS_NPS26009_bckgNorm_QCD_BJetOS_2022EE	  = 0	 +/-  1
CMS_NPS26009_bckgNorm_QCD_BJetOS_2023	  = 0	 +/-  1
CMS_NPS26009_bckgNorm_QCD_BJetOS_2023BPix	  = 0	 +/-  1
CMS_NPS26009_bckgShape_QCD_BJetOS_2022	  = 5.03277e-06	 +/-  0.00853826	(limited)
CMS_NPS26009_bckgShape_QCD_BJetOS_2022EE	  = 1.14104e-09	 +/-  0.0522436	(limited)
CMS_NPS26009_bckgShape_QCD_BJetOS_2023	  = 6.6008e-08	 +/-  0.303335	(limited)
CMS_NPS26009_bckgShape_QCD_BJetOS_2023BPix	  = 3.64235e-05	 +/-  0.030406	(limited)
CMS_NPS26009_btag_fixedWP_comb_bc_correlated_13p6TeV	  = 0	 +/-  0.965526
CMS_NPS26009_btag_fixedWP_incl_light_correlated_13p6TeV	  = 0	 +/-  0.999919
CMS_NPS26009_eff_m_id_Run3	  = 0	 +/-  0.999949
CMS_NPS26009_eff_m_trigger_2022	  = 0	 +/-  0.999645
CMS_NPS26009_eff_m_trigger_2022EE	  = 0	 +/-  0.999831
CMS_NPS26009_eff_m_trigger_2023	  = 0	 +/-  0.999851
CMS_NPS26009_eff_m_trigger_2023BPix	  = 0	 +/-  0.999844
CMS_NPS26009_lumi_2022	  = 0	 +/-  0.998421
CMS_NPS26009_lumi_2023	  = 0	 +/-  0.999223
CMS_NPS26009_pdf_NNPDF31	  = 0	 +/-  0.997176
CMS_NPS26009_topmass_ttbar_BJetOS	  = 0	 +/-  0.999628
CMS_btag_fixedWP_comb_bc_uncorrelated_2022	  = 0	 +/-  0.994685
CMS_btag_fixedWP_comb_bc_uncorrelated_2022EE	  = 0	 +/-  0.996278
CMS_btag_fixedWP_comb_bc_uncorrelated_2023	  = 0	 +/-  0.995489
CMS_btag_fixedWP_comb_bc_uncorrelated_2023BPix	  = 0	 +/-  0.995501
CMS_btag_fixedWP_incl_light_uncorrelated_2022	  = 0	 +/-  0.999996
CMS_btag_fixedWP_incl_light_uncorrelated_2022EE	  = 0	 +/-  0.999926
CMS_btag_fixedWP_incl_light_uncorrelated_2023	  = 0	 +/-  0.999973
CMS_btag_fixedWP_incl_light_uncorrelated_2023BPix	  = 0	 +/-  0.999994
CMS_pileup_13p6TeV	  = 0	 +/-  0.998974
CMS_res_j_2022	  = 0	 +/-  1
CMS_res_j_2022EE	  = 0	 +/-  0.999974
CMS_res_j_2023	  = 0	 +/-  1
CMS_res_j_2023BPix	  = 0	 +/-  0.999924
CMS_scale_j_2022	  = 0	 +/-  0.999415
CMS_scale_j_2022EE	  = 0	 +/-  0.999949
CMS_scale_j_2023	  = 0	 +/-  0.999965
CMS_scale_j_2023BPix	  = 0	 +/-  0.999766
CMS_scale_m_13p6TeV	  = 0	 +/-  0.999713
QCDscale_fac_ttbar	  = 0	 +/-  0.998783
QCDscale_ren_ttbar	  = 0	 +/-  0.995367
pdf_alphas	  = 0	 +/-  0.999475
r	  = 0.658203	 +/-  0.36757	(limited)
Minimization finished with status=0
Minimization success! status=0
Minimization configured with Type=Minuit2, Algo=Migrad, strategy=1, tolerance=0.1
Minuit2Minimizer: Minimize with max-calls 32500 convergence for edm < 0.1 strategy 1
Minuit2Minimizer::Minuit  - Changing default options
             StorageLevel :               0
Warning in <Minuit2>: VariableMetricBuilder No improvement in line search
Minuit2Minimizer : Valid minimum - status = 0
FVAL  = 0
Edm   = 6.31973906837914735e-19
Nfcn  = 2717
CMS_NPS26009_LightJetStat_DY_BJetOS_2022	  = 0	 +/-  0.999009
CMS_NPS26009_LightJetStat_DY_BJetOS_2022EE	  = 0	 +/-  0.999564
CMS_NPS26009_LightJetStat_DY_BJetOS_2023	  = 0	 +/-  0.999479
CMS_NPS26009_MCstat_other_BJetOS_2022	  = 0	 +/-  0.998604
CMS_NPS26009_MCstat_other_BJetOS_2022EE	  = 0	 +/-  0.998772
CMS_NPS26009_MCstat_other_BJetOS_2023BPix	  = 0	 +/-  0.997447
CMS_NPS26009_MCstat_signal_BJetOS_2022	  = 0	 +/-  0.999801
CMS_NPS26009_MCstat_signal_BJetOS_2022EE	  = 0	 +/-  0.999527
CMS_NPS26009_MCstat_signal_BJetOS_2023	  = 0	 +/-  0.999481
CMS_NPS26009_MCstat_signal_BJetOS_2023BPix	  = 0	 +/-  0.999646
CMS_NPS26009_MCstat_singleTop_BJetOS_2022	  = 0	 +/-  0.999397
CMS_NPS26009_MCstat_singleTop_BJetOS_2022EE	  = 0	 +/-  0.999805
CMS_NPS26009_MCstat_singleTop_BJetOS_2023	  = 0	 +/-  0.999755
CMS_NPS26009_MCstat_singleTop_BJetOS_2023BPix	  = 0	 +/-  0.999088
CMS_NPS26009_MCstat_ttbar_BJetOS_2022	  = 0	 +/-  0.985834
CMS_NPS26009_MCstat_ttbar_BJetOS_2022EE	  = 0	 +/-  0.990663
CMS_NPS26009_MCstat_ttbar_BJetOS_2023	  = 0	 +/-  0.987422
CMS_NPS26009_MCstat_ttbar_BJetOS_2023BPix	  = 0	 +/-  0.982219
CMS_NPS26009_NFModel_DY_BJetOS_13p6TeV	  = 0	 +/-  0.999951
CMS_NPS26009_NFStat_DY_BJetOS_2022	  = 0.0696512	 +/-  0.0124636	(limited)
CMS_NPS26009_NFStat_DY_BJetOS_2022EE	  = 0.0738037	 +/-  0.00802561	(limited)
CMS_NPS26009_NFStat_DY_BJetOS_2023	  = 0.0740795	 +/-  0.00976498	(limited)
CMS_NPS26009_QCDscale_fac_singleTop	  = 0	 +/-  0.999992
CMS_NPS26009_QCDscale_ren_singleTop	  = 0	 +/-  0.999961
CMS_NPS26009_bckgNorm_QCD_BJetOS_2022	  = 0	 +/-  1
CMS_NPS26009_bckgNorm_QCD_BJetOS_2022EE	  = 0	 +/-  1
CMS_NPS26009_bckgNorm_QCD_BJetOS_2023	  = 0	 +/-  1
CMS_NPS26009_bckgNorm_QCD_BJetOS_2023BPix	  = 0	 +/-  1
CMS_NPS26009_bckgShape_QCD_BJetOS_2022	  = 5.03277e-06	 +/-  0.00853826	(limited)
CMS_NPS26009_bckgShape_QCD_BJetOS_2022EE	  = 1.14104e-09	 +/-  0.0522436	(limited)
CMS_NPS26009_bckgShape_QCD_BJetOS_2023	  = 6.6008e-08	 +/-  0.303335	(limited)
CMS_NPS26009_bckgShape_QCD_BJetOS_2023BPix	  = 3.64235e-05	 +/-  0.030406	(limited)
CMS_NPS26009_btag_fixedWP_comb_bc_correlated_13p6TeV	  = 0	 +/-  0.965526
CMS_NPS26009_btag_fixedWP_incl_light_correlated_13p6TeV	  = 0	 +/-  0.999919
CMS_NPS26009_eff_m_id_Run3	  = 0	 +/-  0.999949
CMS_NPS26009_eff_m_trigger_2022	  = 0	 +/-  0.999645
CMS_NPS26009_eff_m_trigger_2022EE	  = 0	 +/-  0.999831
CMS_NPS26009_eff_m_trigger_2023	  = 0	 +/-  0.999851
CMS_NPS26009_eff_m_trigger_2023BPix	  = 0	 +/-  0.999844
CMS_NPS26009_lumi_2022	  = 0	 +/-  0.998421
CMS_NPS26009_lumi_2023	  = 0	 +/-  0.999223
CMS_NPS26009_pdf_NNPDF31	  = 0	 +/-  0.997176
CMS_NPS26009_topmass_ttbar_BJetOS	  = 0	 +/-  0.999628
CMS_btag_fixedWP_comb_bc_uncorrelated_2022	  = 0	 +/-  0.994685
CMS_btag_fixedWP_comb_bc_uncorrelated_2022EE	  = 0	 +/-  0.996278
CMS_btag_fixedWP_comb_bc_uncorrelated_2023	  = 0	 +/-  0.995489
CMS_btag_fixedWP_comb_bc_uncorrelated_2023BPix	  = 0	 +/-  0.995501
CMS_btag_fixedWP_incl_light_uncorrelated_2022	  = 0	 +/-  0.999996
CMS_btag_fixedWP_incl_light_uncorrelated_2022EE	  = 0	 +/-  0.999926
CMS_btag_fixedWP_incl_light_uncorrelated_2023	  = 0	 +/-  0.999973
CMS_btag_fixedWP_incl_light_uncorrelated_2023BPix	  = 0	 +/-  0.999994
CMS_pileup_13p6TeV	  = 0	 +/-  0.998974
CMS_res_j_2022	  = 0	 +/-  1
CMS_res_j_2022EE	  = 0	 +/-  0.999974
CMS_res_j_2023	  = 0	 +/-  1
CMS_res_j_2023BPix	  = 0	 +/-  0.999924
CMS_scale_j_2022	  = 0	 +/-  0.999415
CMS_scale_j_2022EE	  = 0	 +/-  0.999949
CMS_scale_j_2023	  = 0	 +/-  0.999965
CMS_scale_j_2023BPix	  = 0	 +/-  0.999766
CMS_scale_m_13p6TeV	  = 0	 +/-  0.999713
QCDscale_fac_ttbar	  = 0	 +/-  0.998783
QCDscale_ren_ttbar	  = 0	 +/-  0.995367
pdf_alphas	  = 0	 +/-  0.999475
r	  = 0.658203	 +/-  0.36757	(limited)
Minimization finished with status=0
Minimization success! status=0
  +0.000/+0.000
49 log messages saved to combine_logger.out
