Info in <hadd>: target file: /data6/Users/joonblee/higgs_combine/CMSSW_14_1_0_pre4/src/NIsoMuon/review_outputs/Run2Run3/M70/hybrid_grid_Run2Run3_M70.root
Info in <hadd>: compression setting for all output: 101
hadd Source file 1: /data6/Users/joonblee/higgs_combine/CMSSW_14_1_0_pre4/src/NIsoMuon/review_outputs/Run2Run3/M70/hybrid_grid/higgsCombine.ReviewHybridGrid_Run2Run3_M70_p000.HybridNew.mH70.12346.root
hadd Source file 2: /data6/Users/joonblee/higgs_combine/CMSSW_14_1_0_pre4/src/NIsoMuon/review_outputs/Run2Run3/M70/hybrid_grid/higgsCombine.ReviewHybridGrid_Run2Run3_M70_p001.HybridNew.mH70.12347.root
hadd Source file 3: /data6/Users/joonblee/higgs_combine/CMSSW_14_1_0_pre4/src/NIsoMuon/review_outputs/Run2Run3/M70/hybrid_grid/higgsCombine.ReviewHybridGrid_Run2Run3_M70_p002.HybridNew.mH70.12348.root
hadd Source file 4: /data6/Users/joonblee/higgs_combine/CMSSW_14_1_0_pre4/src/NIsoMuon/review_outputs/Run2Run3/M70/hybrid_grid/higgsCombine.ReviewHybridGrid_Run2Run3_M70_p003.HybridNew.mH70.12349.root
hadd Source file 5: /data6/Users/joonblee/higgs_combine/CMSSW_14_1_0_pre4/src/NIsoMuon/review_outputs/Run2Run3/M70/hybrid_grid/higgsCombine.ReviewHybridGrid_Run2Run3_M70_p004.HybridNew.mH70.12350.root
hadd Source file 6: /data6/Users/joonblee/higgs_combine/CMSSW_14_1_0_pre4/src/NIsoMuon/review_outputs/Run2Run3/M70/hybrid_grid/higgsCombine.ReviewHybridGrid_Run2Run3_M70_p005.HybridNew.mH70.12351.root
hadd Source file 7: /data6/Users/joonblee/higgs_combine/CMSSW_14_1_0_pre4/src/NIsoMuon/review_outputs/Run2Run3/M70/hybrid_grid/higgsCombine.ReviewHybridGrid_Run2Run3_M70_p006.HybridNew.mH70.12352.root
hadd Source file 8: /data6/Users/joonblee/higgs_combine/CMSSW_14_1_0_pre4/src/NIsoMuon/review_outputs/Run2Run3/M70/hybrid_grid/higgsCombine.ReviewHybridGrid_Run2Run3_M70_p007.HybridNew.mH70.12353.root
hadd Source file 9: /data6/Users/joonblee/higgs_combine/CMSSW_14_1_0_pre4/src/NIsoMuon/review_outputs/Run2Run3/M70/hybrid_grid/higgsCombine.ReviewHybridGrid_Run2Run3_M70_p008.HybridNew.mH70.12354.root
hadd Source file 10: /data6/Users/joonblee/higgs_combine/CMSSW_14_1_0_pre4/src/NIsoMuon/review_outputs/Run2Run3/M70/hybrid_grid/higgsCombine.ReviewHybridGrid_Run2Run3_M70_p009.HybridNew.mH70.12355.root
hadd Source file 11: /data6/Users/joonblee/higgs_combine/CMSSW_14_1_0_pre4/src/NIsoMuon/review_outputs/Run2Run3/M70/hybrid_grid/higgsCombine.ReviewHybridGrid_Run2Run3_M70_p010.HybridNew.mH70.12356.root
hadd Source file 12: /data6/Users/joonblee/higgs_combine/CMSSW_14_1_0_pre4/src/NIsoMuon/review_outputs/Run2Run3/M70/hybrid_grid/higgsCombine.ReviewHybridGrid_Run2Run3_M70_p011.HybridNew.mH70.12357.root
hadd Source file 13: /data6/Users/joonblee/higgs_combine/CMSSW_14_1_0_pre4/src/NIsoMuon/review_outputs/Run2Run3/M70/hybrid_grid/higgsCombine.ReviewHybridGrid_Run2Run3_M70_p012.HybridNew.mH70.12358.root
hadd Source file 14: /data6/Users/joonblee/higgs_combine/CMSSW_14_1_0_pre4/src/NIsoMuon/review_outputs/Run2Run3/M70/hybrid_grid/higgsCombine.ReviewHybridGrid_Run2Run3_M70_p013.HybridNew.mH70.12359.root
hadd Source file 15: /data6/Users/joonblee/higgs_combine/CMSSW_14_1_0_pre4/src/NIsoMuon/review_outputs/Run2Run3/M70/hybrid_grid/higgsCombine.ReviewHybridGrid_Run2Run3_M70_p014.HybridNew.mH70.12360.root
hadd Source file 16: /data6/Users/joonblee/higgs_combine/CMSSW_14_1_0_pre4/src/NIsoMuon/review_outputs/Run2Run3/M70/hybrid_grid/higgsCombine.ReviewHybridGrid_Run2Run3_M70_p015.HybridNew.mH70.12361.root
hadd Source file 17: /data6/Users/joonblee/higgs_combine/CMSSW_14_1_0_pre4/src/NIsoMuon/review_outputs/Run2Run3/M70/hybrid_grid/higgsCombine.ReviewHybridGrid_Run2Run3_M70_p016.HybridNew.mH70.12362.root
hadd Source file 18: /data6/Users/joonblee/higgs_combine/CMSSW_14_1_0_pre4/src/NIsoMuon/review_outputs/Run2Run3/M70/hybrid_grid/higgsCombine.ReviewHybridGrid_Run2Run3_M70_p017.HybridNew.mH70.12363.root
hadd Source file 19: /data6/Users/joonblee/higgs_combine/CMSSW_14_1_0_pre4/src/NIsoMuon/review_outputs/Run2Run3/M70/hybrid_grid/higgsCombine.ReviewHybridGrid_Run2Run3_M70_p018.HybridNew.mH70.12364.root
hadd Source file 20: /data6/Users/joonblee/higgs_combine/CMSSW_14_1_0_pre4/src/NIsoMuon/review_outputs/Run2Run3/M70/hybrid_grid/higgsCombine.ReviewHybridGrid_Run2Run3_M70_p019.HybridNew.mH70.12365.root
hadd Source file 21: /data6/Users/joonblee/higgs_combine/CMSSW_14_1_0_pre4/src/NIsoMuon/review_outputs/Run2Run3/M70/hybrid_grid/higgsCombine.ReviewHybridGrid_Run2Run3_M70_p020.HybridNew.mH70.12366.root
hadd Source file 22: /data6/Users/joonblee/higgs_combine/CMSSW_14_1_0_pre4/src/NIsoMuon/review_outputs/Run2Run3/M70/hybrid_grid/higgsCombine.ReviewHybridGrid_Run2Run3_M70_p021.HybridNew.mH70.12367.root
hadd Source file 23: /data6/Users/joonblee/higgs_combine/CMSSW_14_1_0_pre4/src/NIsoMuon/review_outputs/Run2Run3/M70/hybrid_grid/higgsCombine.ReviewHybridGrid_Run2Run3_M70_p022.HybridNew.mH70.12368.root
hadd Source file 24: /data6/Users/joonblee/higgs_combine/CMSSW_14_1_0_pre4/src/NIsoMuon/review_outputs/Run2Run3/M70/hybrid_grid/higgsCombine.ReviewHybridGrid_Run2Run3_M70_p023.HybridNew.mH70.12369.root
hadd Source file 25: /data6/Users/joonblee/higgs_combine/CMSSW_14_1_0_pre4/src/NIsoMuon/review_outputs/Run2Run3/M70/hybrid_grid/higgsCombine.ReviewHybridGrid_Run2Run3_M70_p024.HybridNew.mH70.12370.root
hadd Source file 26: /data6/Users/joonblee/higgs_combine/CMSSW_14_1_0_pre4/src/NIsoMuon/review_outputs/Run2Run3/M70/hybrid_grid/higgsCombine.ReviewHybridGrid_Run2Run3_M70_p025.HybridNew.mH70.12371.root
hadd Source file 27: /data6/Users/joonblee/higgs_combine/CMSSW_14_1_0_pre4/src/NIsoMuon/review_outputs/Run2Run3/M70/hybrid_grid/higgsCombine.ReviewHybridGrid_Run2Run3_M70_p026.HybridNew.mH70.12372.root
hadd Source file 28: /data6/Users/joonblee/higgs_combine/CMSSW_14_1_0_pre4/src/NIsoMuon/review_outputs/Run2Run3/M70/hybrid_grid/higgsCombine.ReviewHybridGrid_Run2Run3_M70_p027.HybridNew.mH70.12373.root
hadd Source file 29: /data6/Users/joonblee/higgs_combine/CMSSW_14_1_0_pre4/src/NIsoMuon/review_outputs/Run2Run3/M70/hybrid_grid/higgsCombine.ReviewHybridGrid_Run2Run3_M70_p028.HybridNew.mH70.12374.root
hadd Target path: /data6/Users/joonblee/higgs_combine/CMSSW_14_1_0_pre4/src/NIsoMuon/review_outputs/Run2Run3/M70/hybrid_grid_Run2Run3_M70.root:/
hadd Target path: /data6/Users/joonblee/higgs_combine/CMSSW_14_1_0_pre4/src/NIsoMuon/review_outputs/Run2Run3/M70/hybrid_grid_Run2Run3_M70.root:/toys
