
>>> Random number generator seed is 123456
Setting robust fit options to Tolerance=0.1 / Strategy=0 / Type,Algo=Minuit2,Migrad (note that defaults of CascadeMinimizer if these options were not specified)
>>> Method used is MultiDimFit
Redefining the POIs to be: RooArgSet:: = (r)
Doing initial fit: 

  RooFitResult: minimized FCN value: 0, estimated distance to minimum: 6.45218e-19
                covariance matrix quality: Full, accurate covariance matrix
                Status : MINIMIZE=0 

    Constant Parameter    Value     
  --------------------  ------------
  CMS_NPS26009_LightJetStat_DY_BJetOS_2022EE_In    0.0000e+00
  CMS_NPS26009_LightJetStat_DY_BJetOS_2022_In    0.0000e+00
  CMS_NPS26009_LightJetStat_DY_BJetOS_2023BPix_In    0.0000e+00
  CMS_NPS26009_LightJetStat_DY_BJetOS_2023_In    0.0000e+00
  CMS_NPS26009_MCstat_other_BJetOS_2022EE_In    0.0000e+00
  CMS_NPS26009_MCstat_other_BJetOS_2022_In    0.0000e+00
  CMS_NPS26009_MCstat_other_BJetOS_2023BPix_In    0.0000e+00
  CMS_NPS26009_MCstat_signal_BJetOS_2022EE_In    0.0000e+00
  CMS_NPS26009_MCstat_signal_BJetOS_2022_In    0.0000e+00
  CMS_NPS26009_MCstat_signal_BJetOS_2023BPix_In    0.0000e+00
  CMS_NPS26009_MCstat_signal_BJetOS_2023_In    0.0000e+00
  CMS_NPS26009_MCstat_singleTop_BJetOS_2022EE_In    0.0000e+00
  CMS_NPS26009_MCstat_singleTop_BJetOS_2022_In    0.0000e+00
  CMS_NPS26009_MCstat_singleTop_BJetOS_2023BPix_In    0.0000e+00
  CMS_NPS26009_MCstat_singleTop_BJetOS_2023_In    0.0000e+00
  CMS_NPS26009_MCstat_ttbar_BJetOS_2022EE_In    0.0000e+00
  CMS_NPS26009_MCstat_ttbar_BJetOS_2022_In    0.0000e+00
  CMS_NPS26009_MCstat_ttbar_BJetOS_2023BPix_In    0.0000e+00
  CMS_NPS26009_MCstat_ttbar_BJetOS_2023_In    0.0000e+00
  CMS_NPS26009_NFModel_DY_BJetOS_13p6TeV_In    0.0000e+00
  CMS_NPS26009_NFStat_DY_BJetOS_2022EE_In    7.3804e-02
  CMS_NPS26009_NFStat_DY_BJetOS_2022_In    6.9651e-02
  CMS_NPS26009_NFStat_DY_BJetOS_2023_In    7.4080e-02
  CMS_NPS26009_QCDscale_fac_singleTop_In    0.0000e+00
  CMS_NPS26009_QCDscale_ren_singleTop_In    0.0000e+00
  CMS_NPS26009_bckgNorm_QCD_BJetOS_2022EE_In    0.0000e+00
  CMS_NPS26009_bckgNorm_QCD_BJetOS_2022_In    0.0000e+00
  CMS_NPS26009_bckgNorm_QCD_BJetOS_2023BPix_In    0.0000e+00
  CMS_NPS26009_bckgNorm_QCD_BJetOS_2023_In    0.0000e+00
  CMS_NPS26009_bckgShape_QCD_BJetOS_2022EE_In    1.1410e-09
  CMS_NPS26009_bckgShape_QCD_BJetOS_2022_In    5.0328e-06
  CMS_NPS26009_bckgShape_QCD_BJetOS_2023BPix_In    3.6423e-05
  CMS_NPS26009_bckgShape_QCD_BJetOS_2023_In    6.6008e-08
  CMS_NPS26009_btag_fixedWP_comb_bc_correlated_13p6TeV_In    0.0000e+00
  CMS_NPS26009_btag_fixedWP_incl_light_correlated_13p6TeV_In    0.0000e+00
  CMS_NPS26009_eff_m_id_Run3_In    0.0000e+00
  CMS_NPS26009_eff_m_trigger_2022EE_In    0.0000e+00
  CMS_NPS26009_eff_m_trigger_2022_In    0.0000e+00
  CMS_NPS26009_eff_m_trigger_2023BPix_In    0.0000e+00
  CMS_NPS26009_eff_m_trigger_2023_In    0.0000e+00
  CMS_NPS26009_lumi_2022_In    0.0000e+00
  CMS_NPS26009_lumi_2023_In    0.0000e+00
  CMS_NPS26009_pdf_NNPDF31_In    0.0000e+00
  CMS_NPS26009_topmass_ttbar_BJetOS_In    0.0000e+00
  CMS_btag_fixedWP_comb_bc_uncorrelated_2022EE_In    0.0000e+00
  CMS_btag_fixedWP_comb_bc_uncorrelated_2022_In    0.0000e+00
  CMS_btag_fixedWP_comb_bc_uncorrelated_2023BPix_In    0.0000e+00
  CMS_btag_fixedWP_comb_bc_uncorrelated_2023_In    0.0000e+00
  CMS_btag_fixedWP_incl_light_uncorrelated_2022EE_In    0.0000e+00
  CMS_btag_fixedWP_incl_light_uncorrelated_2022_In    0.0000e+00
  CMS_btag_fixedWP_incl_light_uncorrelated_2023BPix_In    0.0000e+00
  CMS_btag_fixedWP_incl_light_uncorrelated_2023_In    0.0000e+00
  CMS_pileup_13p6TeV_In    0.0000e+00
   CMS_res_j_2022EE_In    0.0000e+00
     CMS_res_j_2022_In    0.0000e+00
  CMS_res_j_2023BPix_In    0.0000e+00
     CMS_res_j_2023_In    0.0000e+00
  CMS_scale_j_2022EE_In    0.0000e+00
   CMS_scale_j_2022_In    0.0000e+00
  CMS_scale_j_2023BPix_In    0.0000e+00
   CMS_scale_j_2023_In    0.0000e+00
  CMS_scale_m_13p6TeV_In    0.0000e+00
  QCDscale_fac_ttbar_In    0.0000e+00
  QCDscale_ren_ttbar_In    0.0000e+00
  n_exp_binbin_2023_proc_Others    0.0000e+00
         pdf_alphas_In    0.0000e+00

    Floating Parameter  InitialValue    FinalValue +/-  Error     GblCorr.
  --------------------  ------------  --------------------------  --------
  CMS_NPS26009_LightJetStat_DY_BJetOS_2022    0.0000e+00    0.0000e+00 +/-  9.93e-01  <none>
  CMS_NPS26009_LightJetStat_DY_BJetOS_2022EE    0.0000e+00    0.0000e+00 +/-  9.94e-01  <none>
  CMS_NPS26009_LightJetStat_DY_BJetOS_2023    0.0000e+00    0.0000e+00 +/-  9.94e-01  <none>
  CMS_NPS26009_LightJetStat_DY_BJetOS_2023BPix    0.0000e+00    0.0000e+00 +/-  9.84e-01  <none>
  CMS_NPS26009_MCstat_other_BJetOS_2022    0.0000e+00    0.0000e+00 +/-  9.93e-01  <none>
  CMS_NPS26009_MCstat_other_BJetOS_2022EE    0.0000e+00    0.0000e+00 +/-  9.93e-01  <none>
  CMS_NPS26009_MCstat_other_BJetOS_2023BPix    0.0000e+00    0.0000e+00 +/-  9.92e-01  <none>
  CMS_NPS26009_MCstat_signal_BJetOS_2022    0.0000e+00    0.0000e+00 +/-  9.94e-01  <none>
  CMS_NPS26009_MCstat_signal_BJetOS_2022EE    0.0000e+00    0.0000e+00 +/-  9.94e-01  <none>
  CMS_NPS26009_MCstat_signal_BJetOS_2023    0.0000e+00    0.0000e+00 +/-  9.94e-01  <none>
  CMS_NPS26009_MCstat_signal_BJetOS_2023BPix    0.0000e+00    0.0000e+00 +/-  9.94e-01  <none>
  CMS_NPS26009_MCstat_singleTop_BJetOS_2022    0.0000e+00    0.0000e+00 +/-  9.94e-01  <none>
  CMS_NPS26009_MCstat_singleTop_BJetOS_2022EE    0.0000e+00    0.0000e+00 +/-  9.94e-01  <none>
  CMS_NPS26009_MCstat_singleTop_BJetOS_2023    0.0000e+00    0.0000e+00 +/-  9.94e-01  <none>
  CMS_NPS26009_MCstat_singleTop_BJetOS_2023BPix    0.0000e+00    0.0000e+00 +/-  9.94e-01  <none>
  CMS_NPS26009_MCstat_ttbar_BJetOS_2022    0.0000e+00    0.0000e+00 +/-  9.80e-01  <none>
  CMS_NPS26009_MCstat_ttbar_BJetOS_2022EE    0.0000e+00    0.0000e+00 +/-  9.85e-01  <none>
  CMS_NPS26009_MCstat_ttbar_BJetOS_2023    0.0000e+00    0.0000e+00 +/-  9.82e-01  <none>
  CMS_NPS26009_MCstat_ttbar_BJetOS_2023BPix    0.0000e+00    0.0000e+00 +/-  9.77e-01  <none>
  CMS_NPS26009_NFModel_DY_BJetOS_13p6TeV    0.0000e+00    0.0000e+00 +/-  9.94e-01  <none>
  CMS_NPS26009_NFStat_DY_BJetOS_2022    6.9651e-02    6.9651e-02 +/-  1.24e-02  <none>
  CMS_NPS26009_NFStat_DY_BJetOS_2022EE    7.3804e-02    7.3804e-02 +/-  7.98e-03  <none>
  CMS_NPS26009_NFStat_DY_BJetOS_2023    7.4080e-02    7.4080e-02 +/-  9.71e-03  <none>
  CMS_NPS26009_QCDscale_fac_singleTop    0.0000e+00    0.0000e+00 +/-  9.94e-01  <none>
  CMS_NPS26009_QCDscale_ren_singleTop    0.0000e+00    0.0000e+00 +/-  9.94e-01  <none>
  CMS_NPS26009_bckgNorm_QCD_BJetOS_2022    0.0000e+00    0.0000e+00 +/-  9.94e-01  <none>
  CMS_NPS26009_bckgNorm_QCD_BJetOS_2022EE    0.0000e+00    0.0000e+00 +/-  9.94e-01  <none>
  CMS_NPS26009_bckgNorm_QCD_BJetOS_2023    0.0000e+00    0.0000e+00 +/-  9.94e-01  <none>
  CMS_NPS26009_bckgNorm_QCD_BJetOS_2023BPix    0.0000e+00    0.0000e+00 +/-  9.94e-01  <none>
  CMS_NPS26009_bckgShape_QCD_BJetOS_2022    5.0328e-06    5.0328e-06 +/-  8.49e-03  <none>
  CMS_NPS26009_bckgShape_QCD_BJetOS_2022EE    1.1410e-09    1.1410e-09 +/-  5.20e-02  <none>
  CMS_NPS26009_bckgShape_QCD_BJetOS_2023    6.6008e-08    6.6008e-08 +/-  3.02e-01  <none>
  CMS_NPS26009_bckgShape_QCD_BJetOS_2023BPix    3.6423e-05    3.6423e-05 +/-  3.02e-02  <none>
  CMS_NPS26009_btag_fixedWP_comb_bc_correlated_13p6TeV    0.0000e+00    0.0000e+00 +/-  9.60e-01  <none>
  CMS_NPS26009_btag_fixedWP_incl_light_correlated_13p6TeV    0.0000e+00    0.0000e+00 +/-  9.94e-01  <none>
  CMS_NPS26009_eff_m_id_Run3    0.0000e+00    0.0000e+00 +/-  9.94e-01  <none>
  CMS_NPS26009_eff_m_trigger_2022    0.0000e+00    0.0000e+00 +/-  9.94e-01  <none>
  CMS_NPS26009_eff_m_trigger_2022EE    0.0000e+00    0.0000e+00 +/-  9.94e-01  <none>
  CMS_NPS26009_eff_m_trigger_2023    0.0000e+00    0.0000e+00 +/-  9.94e-01  <none>
  CMS_NPS26009_eff_m_trigger_2023BPix    0.0000e+00    0.0000e+00 +/-  9.94e-01  <none>
  CMS_NPS26009_lumi_2022    0.0000e+00    0.0000e+00 +/-  9.93e-01  <none>
  CMS_NPS26009_lumi_2023    0.0000e+00    0.0000e+00 +/-  9.94e-01  <none>
  CMS_NPS26009_pdf_NNPDF31    0.0000e+00    0.0000e+00 +/-  9.92e-01  <none>
  CMS_NPS26009_topmass_ttbar_BJetOS    0.0000e+00    0.0000e+00 +/-  9.94e-01  <none>
  CMS_btag_fixedWP_comb_bc_uncorrelated_2022    0.0000e+00    0.0000e+00 +/-  9.89e-01  <none>
  CMS_btag_fixedWP_comb_bc_uncorrelated_2022EE    0.0000e+00    0.0000e+00 +/-  9.91e-01  <none>
  CMS_btag_fixedWP_comb_bc_uncorrelated_2023    0.0000e+00    0.0000e+00 +/-  9.90e-01  <none>
  CMS_btag_fixedWP_comb_bc_uncorrelated_2023BPix    0.0000e+00    0.0000e+00 +/-  9.90e-01  <none>
  CMS_btag_fixedWP_incl_light_uncorrelated_2022    0.0000e+00    0.0000e+00 +/-  9.94e-01  <none>
  CMS_btag_fixedWP_incl_light_uncorrelated_2022EE    0.0000e+00    0.0000e+00 +/-  9.94e-01  <none>
  CMS_btag_fixedWP_incl_light_uncorrelated_2023    0.0000e+00    0.0000e+00 +/-  9.94e-01  <none>
  CMS_btag_fixedWP_incl_light_uncorrelated_2023BPix    0.0000e+00    0.0000e+00 +/-  9.94e-01  <none>
    CMS_pileup_13p6TeV    0.0000e+00    0.0000e+00 +/-  9.93e-01  <none>
        CMS_res_j_2022    0.0000e+00    0.0000e+00 +/-  9.94e-01  <none>
      CMS_res_j_2022EE    0.0000e+00    0.0000e+00 +/-  9.94e-01  <none>
        CMS_res_j_2023    0.0000e+00    0.0000e+00 +/-  9.94e-01  <none>
    CMS_res_j_2023BPix    0.0000e+00    0.0000e+00 +/-  9.94e-01  <none>
      CMS_scale_j_2022    0.0000e+00    0.0000e+00 +/-  9.94e-01  <none>
    CMS_scale_j_2022EE    0.0000e+00    0.0000e+00 +/-  9.94e-01  <none>
      CMS_scale_j_2023    0.0000e+00    0.0000e+00 +/-  9.94e-01  <none>
  CMS_scale_j_2023BPix    0.0000e+00    0.0000e+00 +/-  9.94e-01  <none>
   CMS_scale_m_13p6TeV    0.0000e+00    0.0000e+00 +/-  9.94e-01  <none>
    QCDscale_fac_ttbar    0.0000e+00    0.0000e+00 +/-  9.93e-01  <none>
    QCDscale_ren_ttbar    0.0000e+00    0.0000e+00 +/-  9.90e-01  <none>
            pdf_alphas    0.0000e+00    0.0000e+00 +/-  9.94e-01  <none>
                     r    6.5820e-01    6.5820e-01 +/-  3.66e-01  <none>

Running RobustFit for POI CMS_NPS26009_LightJetStat_DY_BJetOS_2023BPix. Configured with strategy 0  
Set default minimizer to Minuit2, algorithm Migrad, tolerance 0.1
Searching for crossing at nll = 9.31092, in the interval 0 < CMS_NPS26009_LightJetStat_DY_BJetOS_2023BPix < 4
 CMS_NPS26009_LightJetStat_DY_BJetOS_2023BPix lvl-here lvl-there 	stepping 
 0.400000    +0.41447  +0.49447    0.400000
 0.800000    +0.17447  +0.41447    0.400000
 1.200000    -0.22553  +0.17447    0.400000
 0.920000    +0.07127  -0.22553    0.120000
 1.040000    -0.04633  +0.07127    0.120000
 0.956000    +0.03751  -0.04633    0.036000
 0.992000    +0.00244  +0.03751    0.036000
 1.028000    -0.03392  +0.00244    0.036000
 1.002800    -0.00833  -0.03392    0.010800
 0.995240    -0.00078  -0.00833    0.003240
 0.992972    +0.00148  -0.00078    0.000972
 0.993944    +0.00051  +0.00148    0.000972
 0.994916    -0.00046  +0.00051    0.000972
 0.994236    +0.00022  -0.00046    0.000292
Set default minimizer to Minuit2, algorithm Migrad, tolerance 0.1
Searching for crossing at nll = 9.31092, in the interval 0 < CMS_NPS26009_LightJetStat_DY_BJetOS_2023BPix < -4
 CMS_NPS26009_LightJetStat_DY_BJetOS_2023BPix lvl-here lvl-there 	stepping 
 -0.400000    +0.41447  +0.49447    -0.400000
 -0.800000    +0.17447  +0.41447    -0.400000
 -1.200000    -0.22553  +0.17447    -0.400000
 -0.920000    +0.07127  -0.22553    -0.120000
 -1.040000    -0.04633  +0.07127    -0.120000
 -0.956000    +0.03751  -0.04633    -0.036000
 -0.992000    +0.00244  +0.03751    -0.036000
 -1.028000    -0.03392  +0.00244    -0.036000
 -1.002800    -0.00833  -0.03392    -0.010800
 -0.995240    -0.00078  -0.00833    -0.003240
 -0.992972    +0.00148  -0.00078    -0.000972
 -0.993944    +0.00051  +0.00148    -0.000972
 -0.994916    -0.00046  +0.00051    -0.000972
 -0.994236    +0.00022  -0.00046    -0.000292

 --- MultiDimFit ---
Parameter impacts: 
  Parameter                                    :   Best-fit               r            
  CMS_NPS26009_LightJetStat_DY_BJetOS_2023BPix :   +0.000  -0.994/+0.994Minimization configured with Type=Minuit2, Algo=Migrad, strategy=1, tolerance=0.1
Minuit2Minimizer: Minimize with max-calls 32500 convergence for edm < 0.1 strategy 1
Minuit2Minimizer::Minuit  - Changing default options
             StorageLevel :               0
Minuit2Minimizer : Valid minimum - status = 0
FVAL  = 0.49410426802702373
Edm   = 5.34880150908659846e-12
Nfcn  = 2748
CMS_NPS26009_LightJetStat_DY_BJetOS_2022	  = 1.43021e-09	 +/-  0.999009
CMS_NPS26009_LightJetStat_DY_BJetOS_2022EE	  = 5.57617e-10	 +/-  0.999564
CMS_NPS26009_LightJetStat_DY_BJetOS_2023	  = 8.94538e-10	 +/-  0.999479
CMS_NPS26009_MCstat_other_BJetOS_2022	  = 2.18329e-09	 +/-  0.998604
CMS_NPS26009_MCstat_other_BJetOS_2022EE	  = 2.33692e-09	 +/-  0.998773
CMS_NPS26009_MCstat_other_BJetOS_2023BPix	  = 8.69307e-07	 +/-  0.997447
CMS_NPS26009_MCstat_signal_BJetOS_2022	  = 1.45851e-11	 +/-  0.999801
CMS_NPS26009_MCstat_signal_BJetOS_2022EE	  = 5.00543e-11	 +/-  0.999527
CMS_NPS26009_MCstat_signal_BJetOS_2023	  = 5.82846e-11	 +/-  0.999481
CMS_NPS26009_MCstat_signal_BJetOS_2023BPix	  = 3.24324e-07	 +/-  0.999646
CMS_NPS26009_MCstat_singleTop_BJetOS_2022	  = 5.86226e-10	 +/-  0.999397
CMS_NPS26009_MCstat_singleTop_BJetOS_2022EE	  = 3.96265e-10	 +/-  0.999805
CMS_NPS26009_MCstat_singleTop_BJetOS_2023	  = 2.73865e-10	 +/-  0.999755
CMS_NPS26009_MCstat_singleTop_BJetOS_2023BPix	  = 5.20661e-07	 +/-  0.999088
CMS_NPS26009_MCstat_ttbar_BJetOS_2022	  = 3.71442e-09	 +/-  0.985835
CMS_NPS26009_MCstat_ttbar_BJetOS_2022EE	  = 1.59371e-09	 +/-  0.990664
CMS_NPS26009_MCstat_ttbar_BJetOS_2023	  = 3.72862e-09	 +/-  0.987423
CMS_NPS26009_MCstat_ttbar_BJetOS_2023BPix	  = 2.19479e-06	 +/-  0.98222
CMS_NPS26009_NFModel_DY_BJetOS_13p6TeV	  = 9.95401e-11	 +/-  0.999951
CMS_NPS26009_NFStat_DY_BJetOS_2022	  = 0.0696512	 +/-  0.0124636	(limited)
CMS_NPS26009_NFStat_DY_BJetOS_2022EE	  = 0.0738037	 +/-  0.00802561	(limited)
CMS_NPS26009_NFStat_DY_BJetOS_2023	  = 0.0740795	 +/-  0.00976498	(limited)
CMS_NPS26009_QCDscale_fac_singleTop	  = -6.71757e-08	 +/-  0.999992
CMS_NPS26009_QCDscale_ren_singleTop	  = -1.20862e-07	 +/-  0.999961
CMS_NPS26009_bckgNorm_QCD_BJetOS_2022	  = 0	 +/-  1
CMS_NPS26009_bckgNorm_QCD_BJetOS_2022EE	  = 0	 +/-  1
CMS_NPS26009_bckgNorm_QCD_BJetOS_2023	  = 0	 +/-  1
CMS_NPS26009_bckgNorm_QCD_BJetOS_2023BPix	  = 2.60072e-11	 +/-  1
CMS_NPS26009_bckgShape_QCD_BJetOS_2022	  = 5.03277e-06	 +/-  0.00853826	(limited)
CMS_NPS26009_bckgShape_QCD_BJetOS_2022EE	  = 1.14131e-09	 +/-  0.0522436	(limited)
CMS_NPS26009_bckgShape_QCD_BJetOS_2023	  = 6.60177e-08	 +/-  0.303335	(limited)
CMS_NPS26009_bckgShape_QCD_BJetOS_2023BPix	  = 3.6427e-05	 +/-  0.030406	(limited)
CMS_NPS26009_btag_fixedWP_comb_bc_correlated_13p6TeV	  = 9.50895e-07	 +/-  0.965538
CMS_NPS26009_btag_fixedWP_incl_light_correlated_13p6TeV	  = 1.23743e-07	 +/-  0.999919
CMS_NPS26009_eff_m_id_Run3	  = 2.0331e-07	 +/-  0.999949
CMS_NPS26009_eff_m_trigger_2022	  = 1.33138e-11	 +/-  0.999645
CMS_NPS26009_eff_m_trigger_2022EE	  = 5.0725e-12	 +/-  0.999831
CMS_NPS26009_eff_m_trigger_2023	  = 5.07275e-12	 +/-  0.999851
CMS_NPS26009_eff_m_trigger_2023BPix	  = 2.1544e-07	 +/-  0.999844
CMS_NPS26009_lumi_2022	  = -1.45146e-11	 +/-  0.998421
CMS_NPS26009_lumi_2023	  = 3.90236e-07	 +/-  0.999223
CMS_NPS26009_pdf_NNPDF31	  = 7.24948e-07	 +/-  0.997176
CMS_NPS26009_topmass_ttbar_BJetOS	  = 4.75619e-07	 +/-  0.999628
CMS_btag_fixedWP_comb_bc_uncorrelated_2022	  = 6.49584e-10	 +/-  0.994685
CMS_btag_fixedWP_comb_bc_uncorrelated_2022EE	  = 3.21901e-10	 +/-  0.996278
CMS_btag_fixedWP_comb_bc_uncorrelated_2023	  = 5.91147e-10	 +/-  0.995489
CMS_btag_fixedWP_comb_bc_uncorrelated_2023BPix	  = 1.14319e-06	 +/-  0.995501
CMS_btag_fixedWP_incl_light_uncorrelated_2022	  = 1.26864e-12	 +/-  0.999996
CMS_btag_fixedWP_incl_light_uncorrelated_2022EE	  = -5.70788e-12	 +/-  0.999926
CMS_btag_fixedWP_incl_light_uncorrelated_2023	  = 0	 +/-  0.999973
CMS_btag_fixedWP_incl_light_uncorrelated_2023BPix	  = 4.31093e-08	 +/-  0.999994
CMS_pileup_13p6TeV	  = 1.28828e-08	 +/-  0.998974
CMS_res_j_2022	  = 1.26864e-12	 +/-  1
CMS_res_j_2022EE	  = -2.39124e-10	 +/-  0.999974
CMS_res_j_2023	  = 0	 +/-  1
CMS_res_j_2023BPix	  = -1.51079e-07	 +/-  0.999923
CMS_scale_j_2022	  = -3.62328e-09	 +/-  0.999415
CMS_scale_j_2022EE	  = -3.45663e-10	 +/-  0.999949
CMS_scale_j_2023	  = 2.46096e-10	 +/-  0.999965
CMS_scale_j_2023BPix	  = 2.6413e-07	 +/-  0.999766
CMS_scale_m_13p6TeV	  = -3.2475e-09	 +/-  0.999713
QCDscale_fac_ttbar	  = -3.26066e-07	 +/-  0.998799
QCDscale_ren_ttbar	  = -8.44256e-07	 +/-  0.995334
pdf_alphas	  = 4.89092e-07	 +/-  0.999475
r	  = 0.658204	 +/-  0.36757	(limited)
Minimization finished with status=0
Minimization success! status=0
Minimization configured with Type=Minuit2, Algo=Migrad, strategy=1, tolerance=0.1
Minuit2Minimizer: Minimize with max-calls 32500 convergence for edm < 0.1 strategy 1
Minuit2Minimizer::Minuit  - Changing default options
             StorageLevel :               0
Minuit2Minimizer : Valid minimum - status = 0
FVAL  = 0.494400211846701909
Edm   = 5.51620269796453086e-12
Nfcn  = 2744
CMS_NPS26009_LightJetStat_DY_BJetOS_2022	  = 1.3654e-09	 +/-  0.999009
CMS_NPS26009_LightJetStat_DY_BJetOS_2022EE	  = 5.31877e-10	 +/-  0.999564
CMS_NPS26009_LightJetStat_DY_BJetOS_2023	  = 8.53245e-10	 +/-  0.999479
CMS_NPS26009_MCstat_other_BJetOS_2022	  = 2.0819e-09	 +/-  0.998604
CMS_NPS26009_MCstat_other_BJetOS_2022EE	  = 2.23025e-09	 +/-  0.998772
CMS_NPS26009_MCstat_other_BJetOS_2023BPix	  = -8.21769e-07	 +/-  0.997449
CMS_NPS26009_MCstat_signal_BJetOS_2022	  = 1.27021e-11	 +/-  0.999801
CMS_NPS26009_MCstat_signal_BJetOS_2022EE	  = 4.8348e-11	 +/-  0.999527
CMS_NPS26009_MCstat_signal_BJetOS_2023	  = 5.55941e-11	 +/-  0.999481
CMS_NPS26009_MCstat_signal_BJetOS_2023BPix	  = -3.0938e-07	 +/-  0.999646
CMS_NPS26009_MCstat_singleTop_BJetOS_2022	  = 5.59165e-10	 +/-  0.999397
CMS_NPS26009_MCstat_singleTop_BJetOS_2022EE	  = 3.76158e-10	 +/-  0.999805
CMS_NPS26009_MCstat_singleTop_BJetOS_2023	  = 2.60618e-10	 +/-  0.999755
CMS_NPS26009_MCstat_singleTop_BJetOS_2023BPix	  = -4.95097e-07	 +/-  0.999088
CMS_NPS26009_MCstat_ttbar_BJetOS_2022	  = 3.54236e-09	 +/-  0.985835
CMS_NPS26009_MCstat_ttbar_BJetOS_2022EE	  = 1.51955e-09	 +/-  0.990664
CMS_NPS26009_MCstat_ttbar_BJetOS_2023	  = 3.5565e-09	 +/-  0.987422
CMS_NPS26009_MCstat_ttbar_BJetOS_2023BPix	  = -2.08255e-06	 +/-  0.982221
CMS_NPS26009_NFModel_DY_BJetOS_13p6TeV	  = 9.49451e-11	 +/-  0.999951
CMS_NPS26009_NFStat_DY_BJetOS_2022	  = 0.0696512	 +/-  0.0124636	(limited)
CMS_NPS26009_NFStat_DY_BJetOS_2022EE	  = 0.0738037	 +/-  0.00802561	(limited)
CMS_NPS26009_NFStat_DY_BJetOS_2023	  = 0.0740795	 +/-  0.00976498	(limited)
CMS_NPS26009_QCDscale_fac_singleTop	  = 6.45556e-08	 +/-  0.999992
CMS_NPS26009_QCDscale_ren_singleTop	  = 1.16135e-07	 +/-  0.999961
CMS_NPS26009_bckgNorm_QCD_BJetOS_2022	  = 0	 +/-  1
CMS_NPS26009_bckgNorm_QCD_BJetOS_2022EE	  = 0	 +/-  1
CMS_NPS26009_bckgNorm_QCD_BJetOS_2023	  = 0	 +/-  1
CMS_NPS26009_bckgNorm_QCD_BJetOS_2023BPix	  = -2.78319e-11	 +/-  1
CMS_NPS26009_bckgShape_QCD_BJetOS_2022	  = 5.03277e-06	 +/-  0.00853826	(limited)
CMS_NPS26009_bckgShape_QCD_BJetOS_2022EE	  = 1.14127e-09	 +/-  0.0522436	(limited)
CMS_NPS26009_bckgShape_QCD_BJetOS_2023	  = 6.60169e-08	 +/-  0.303335	(limited)
CMS_NPS26009_bckgShape_QCD_BJetOS_2023BPix	  = 3.64201e-05	 +/-  0.030406	(limited)
CMS_NPS26009_btag_fixedWP_comb_bc_correlated_13p6TeV	  = -8.63301e-07	 +/-  0.965538
CMS_NPS26009_btag_fixedWP_incl_light_correlated_13p6TeV	  = -1.18018e-07	 +/-  0.999919
CMS_NPS26009_eff_m_id_Run3	  = -1.93979e-07	 +/-  0.999949
CMS_NPS26009_eff_m_trigger_2022	  = 1.26992e-11	 +/-  0.999645
CMS_NPS26009_eff_m_trigger_2022EE	  = 5.44314e-12	 +/-  0.999831
CMS_NPS26009_eff_m_trigger_2023	  = 4.83859e-12	 +/-  0.999851
CMS_NPS26009_eff_m_trigger_2023BPix	  = -2.05545e-07	 +/-  0.999844
CMS_NPS26009_lumi_2022	  = -1.26407e-11	 +/-  0.998421
CMS_NPS26009_lumi_2023	  = -3.72338e-07	 +/-  0.999223
CMS_NPS26009_pdf_NNPDF31	  = -6.89295e-07	 +/-  0.997176
CMS_NPS26009_topmass_ttbar_BJetOS	  = -4.54226e-07	 +/-  0.999628
CMS_btag_fixedWP_comb_bc_uncorrelated_2022	  = 6.18998e-10	 +/-  0.994685
CMS_btag_fixedWP_comb_bc_uncorrelated_2022EE	  = 3.07041e-10	 +/-  0.996278
CMS_btag_fixedWP_comb_bc_uncorrelated_2023	  = 5.63859e-10	 +/-  0.995489
CMS_btag_fixedWP_comb_bc_uncorrelated_2023BPix	  = -1.0897e-06	 +/-  0.995501
CMS_btag_fixedWP_incl_light_uncorrelated_2022	  = 1.21007e-12	 +/-  0.999996
CMS_btag_fixedWP_incl_light_uncorrelated_2022EE	  = -4.23453e-12	 +/-  0.999927
CMS_btag_fixedWP_incl_light_uncorrelated_2023	  = 0	 +/-  0.999973
CMS_btag_fixedWP_incl_light_uncorrelated_2023BPix	  = -4.11308e-08	 +/-  0.999994
CMS_pileup_13p6TeV	  = -1.03223e-08	 +/-  0.998974
CMS_res_j_2022	  = 6.0504e-13	 +/-  1
CMS_res_j_2022EE	  = -2.26876e-10	 +/-  0.999974
CMS_res_j_2023	  = 0	 +/-  1
CMS_res_j_2023BPix	  = 1.43118e-07	 +/-  0.999925
CMS_scale_j_2022	  = -3.45663e-09	 +/-  0.999415
CMS_scale_j_2022EE	  = -3.28496e-10	 +/-  0.999949
CMS_scale_j_2023	  = 2.34736e-10	 +/-  0.999964
CMS_scale_j_2023BPix	  = -2.50787e-07	 +/-  0.999767
CMS_scale_m_13p6TeV	  = 3.05647e-09	 +/-  0.999714
QCDscale_fac_ttbar	  = 3.92562e-07	 +/-  0.9988
QCDscale_ren_ttbar	  = 1.03475e-06	 +/-  0.995335
pdf_alphas	  = -4.63234e-07	 +/-  0.999476
r	  = 0.658202	 +/-  0.36757	(limited)
Minimization finished with status=0
Minimization success! status=0
  +0.000/-0.000
135 log messages saved to combine_logger.out
