 <<< Combine >>> 
 <<< v11.0.0 >>>
>>> Random number generator seed is 123456
>>> Method used is MultiDimFit
 <<< Combine >>> 
 <<< v11.0.0 >>>
>>> Random number generator seed is 123456
>>> Method used is MultiDimFit
 <<< Combine >>> 
 <<< v11.0.0 >>>
>>> Random number generator seed is 123456
>>> Method used is MultiDimFit
 <<< Combine >>> 
 <<< v11.0.0 >>>
>>> Random number generator seed is 123456
>>> Method used is MultiDimFit
 <<< Combine >>> 
 <<< v11.0.0 >>>
>>> Random number generator seed is 123456
>>> Method used is MultiDimFit
 <<< Combine >>> 
 <<< v11.0.0 >>>
>>> Random number generator seed is 123456
>>> Method used is MultiDimFit
 <<< Combine >>> 
 <<< v11.0.0 >>>
 <<< Combine >>> 
 <<< v11.0.0 >>>
>>> Random number generator seed is 123456
>>> Random number generator seed is 123456
>>> Method used is MultiDimFit
>>> Method used is MultiDimFit
 <<< Combine >>> 
 <<< v11.0.0 >>>
>>> Random number generator seed is 123456
>>> Method used is MultiDimFit
 <<< Combine >>> 
 <<< v11.0.0 >>>
>>> Random number generator seed is 123456
>>> Method used is MultiDimFit
 <<< Combine >>> 
 <<< v11.0.0 >>>
>>> Random number generator seed is 123456
>>> Method used is MultiDimFit
 <<< Combine >>> 
 <<< v11.0.0 >>>
>>> Random number generator seed is 123456
>>> Method used is MultiDimFit
 <<< Combine >>> 
 <<< v11.0.0 >>>
>>> Random number generator seed is 123456
>>> Method used is MultiDimFit
 <<< Combine >>> 
 <<< v11.0.0 >>>
>>> Random number generator seed is 123456
>>> Method used is MultiDimFit
 <<< Combine >>> 
 <<< v11.0.0 >>>
>>> Random number generator seed is 123456
>>> Method used is MultiDimFit
 <<< Combine >>> 
 <<< v11.0.0 >>>
>>> Random number generator seed is 123456
>>> Method used is MultiDimFit
 <<< Combine >>> 
 <<< v11.0.0 >>>
>>> Random number generator seed is 123456
>>> Method used is MultiDimFit
 <<< Combine >>> 
 <<< v11.0.0 >>>
>>> Random number generator seed is 123456
>>> Method used is MultiDimFit
 <<< Combine >>> 
 <<< v11.0.0 >>>
>>> Random number generator seed is 123456
>>> Method used is MultiDimFit
 <<< Combine >>> 
 <<< v11.0.0 >>>
>>> Random number generator seed is 123456
>>> Method used is MultiDimFit
Set Default Value of Parameter r To : 0
Warning: A value of r is specified in both the --setParameters and --expectSignal options. The argument of --expectSignal will take precedence
Doing initial fit: 
Set Default Value of Parameter r To : 0
Warning: A value of r is specified in both the --setParameters and --expectSignal options. The argument of --expectSignal will take precedence
Doing initial fit: 
Set Default Value of Parameter r To : 0
Warning: A value of r is specified in both the --setParameters and --expectSignal options. The argument of --expectSignal will take precedence
Doing initial fit: 
Set Default Value of Parameter r To : 0
Warning: A value of r is specified in both the --setParameters and --expectSignal options. The argument of --expectSignal will take precedence
Doing initial fit: 
Set Default Value of Parameter r To : 0
Warning: A value of r is specified in both the --setParameters and --expectSignal options. The argument of --expectSignal will take precedence
Doing initial fit: 
Set Default Value of Parameter r To : 0
Warning: A value of r is specified in both the --setParameters and --expectSignal options. The argument of --expectSignal will take precedence
Doing initial fit: 
Set Default Value of Parameter r To : 0
Warning: A value of r is specified in both the --setParameters and --expectSignal options. The argument of --expectSignal will take precedence
Doing initial fit: 
Set Default Value of Parameter r To : 0
Warning: A value of r is specified in both the --setParameters and --expectSignal options. The argument of --expectSignal will take precedence
Doing initial fit: 
Set Default Value of Parameter r To : 0
Warning: A value of r is specified in both the --setParameters and --expectSignal options. The argument of --expectSignal will take precedence
Doing initial fit: 
Set Default Value of Parameter r To : 0
Warning: A value of r is specified in both the --setParameters and --expectSignal options. The argument of --expectSignal will take precedence
 POI: r= -8.33991e-09 -> [-20,100]
Doing initial fit: 
Point 144/240 r = 52.25
Set Default Value of Parameter r To : 0
Warning: A value of r is specified in both the --setParameters and --expectSignal options. The argument of --expectSignal will take precedence
Doing initial fit: 
 POI: r= -8.33991e-09 -> [-20,100]
 POI: r= -8.33991e-09 -> [-20,100]
Point 132/240 r = 46.25
Point 72/240 r = 16.25
 POI: r= -8.33991e-09 -> [-20,100]
Point 216/240 r = 88.25
 POI: r= -8.33991e-09 -> [-20,100]
Point 156/240 r = 58.25
Set Default Value of Parameter r To : 0
Warning: A value of r is specified in both the --setParameters and --expectSignal options. The argument of --expectSignal will take precedence
Doing initial fit: 
Point 73/240 r = 16.75
 POI: r= -8.33991e-09 -> [-20,100]
Point 204/240 r = 82.25
 POI: r= -8.33991e-09 -> [-20,100]
Point 96/240 r = 28.25
Set Default Value of Parameter r To : 0
Warning: A value of r is specified in both the --setParameters and --expectSignal options. The argument of --expectSignal will take precedence
Point 74/240 r = 17.25
Doing initial fit: 
Set Default Value of Parameter r To : 0
Warning: A value of r is specified in both the --setParameters and --expectSignal options. The argument of --expectSignal will take precedence
Doing initial fit: 
 POI: r= -8.33991e-09 -> [-20,100]
Point 145/240 r = 52.75
Point 120/240 r = 40.25
Set Default Value of Parameter r To : 0
Warning: A value of r is specified in both the --setParameters and --expectSignal options. The argument of --expectSignal will take precedence
Doing initial fit: 
Point 75/240 r = 17.75
RooAbsMinimizerFcn: Minimized function has error status.
Returning maximum FCN so far (606.143) to force MIGRAD to back out of this region. Error log follows.
Parameter values: 	CMS_NPS26009_LightJetStat_DY_BJetOS_2016postVFP=-1.02235	CMS_NPS26009_LightJetStat_DY_BJetOS_2016preVFP=-1.43443	CMS_NPS26009_LightJetStat_DY_BJetOS_2017=-1.26501	CMS_NPS26009_LightJetStat_DY_BJetOS_2018=-2.25001	CMS_NPS26009_LightJetStat_DY_BJetOS_2022=-0.251964	CMS_NPS26009_LightJetStat_DY_BJetOS_2022EE=-0.382523	CMS_NPS26009_LightJetStat_DY_BJetOS_2023=-0.333996	CMS_NPS26009_LightJetStat_DY_BJetOS_2023BPix=-0.209762	CMS_NPS26009_MCstat_other_BJetOS_2016postVFP=-0.752475	CMS_NPS26009_MCstat_other_BJetOS_2016preVFP=-0.348365	CMS_NPS26009_MCstat_other_BJetOS_2017=-0.318425	CMS_NPS26009_MCstat_other_BJetOS_2018=-0.518611	CMS_NPS26009_MCstat_other_BJetOS_2022=-0.110769	CMS_NPS26009_MCstat_other_BJetOS_2022EE=-0.154912	CMS_NPS26009_MCstat_other_BJetOS_2023=-0.111597	CMS_NPS26009_MCstat_other_BJetOS_2023BPix=-0.289087	CMS_NPS26009_MCstat_signal_BJetOS_2016postVFP=-0.385395	CMS_NPS26009_MCstat_signal_BJetOS_2016preVFP=-0.456444	CMS_NPS26009_MCstat_signal_BJetOS_2017=-0.839979	CMS_NPS26009_MCstat_signal_BJetOS_2018=-1.34958	CMS_NPS26009_MCstat_signal_BJetOS_2022=-0.115206	CMS_NPS26009_MCstat_signal_BJetOS_2022EE=-0.379559	CMS_NPS26009_MCstat_signal_BJetOS_2023=-0.313887	CMS_NPS26009_MCstat_signal_BJetOS_2023BPix=-0.190596	CMS_NPS26009_MCstat_singleTop_BJetOS_2016postVFP=-0.253442	CMS_NPS26009_MCstat_singleTop_BJetOS_2016preVFP=-0.342765	CMS_NPS26009_MCstat_singleTop_BJetOS_2017=-0.347797	CMS_NPS26009_MCstat_singleTop_BJetOS_2018=-0.491568	CMS_NPS26009_MCstat_singleTop_BJetOS_2022=-0.164395	CMS_NPS26009_MCstat_singleTop_BJetOS_2022EE=-0.27145	CMS_NPS26009_MCstat_singleTop_BJetOS_2023=-0.194119	CMS_NPS26009_MCstat_singleTop_BJetOS_2023BPix=-0.0817566	CMS_NPS26009_MCstat_ttbar_BJetOS_2016postVFP=-0.743951	CMS_NPS26009_MCstat_ttbar_BJetOS_2016preVFP=-0.938163	CMS_NPS26009_MCstat_ttbar_BJetOS_2017=-1.03735	CMS_NPS26009_MCstat_ttbar_BJetOS_2018=-1.40385	CMS_NPS26009_MCstat_ttbar_BJetOS_2022=-0.43475	CMS_NPS26009_MCstat_ttbar_BJetOS_2022EE=-0.714475	CMS_NPS26009_MCstat_ttbar_BJetOS_2023=-0.689331	CMS_NPS26009_MCstat_ttbar_BJetOS_2023BPix=-0.591676	CMS_NPS26009_NFModel_DY_BJetOS_13TeV=-3.51888	CMS_NPS26009_NFModel_DY_BJetOS_13p6TeV=-3.20335	CMS_NPS26009_NFStat_DY_BJetOS_2016postVFP=0.0720936	CMS_NPS26009_NFStat_DY_BJetOS_2016preVFP=0.0864079	CMS_NPS26009_NFStat_DY_BJetOS_2017=0.0679287	CMS_NPS26009_NFStat_DY_BJetOS_2018=0.0765955	CMS_NPS26009_NFStat_DY_BJetOS_2022=0.0614603	CMS_NPS26009_NFStat_DY_BJetOS_2022EE=0.0647125	CMS_NPS26009_NFStat_DY_BJetOS_2023=0.064233	CMS_NPS26009_NFStat_DY_BJetOS_2023BPix=0.0585107	CMS_NPS26009_QCDscale_fac_singleTop=-0.407749	CMS_NPS26009_QCDscale_ren_singleTop=1.81044	CMS_NPS26009_bckgNorm_QCD_BJetOS_2016postVFP=-0.00313343	CMS_NPS26009_bckgNorm_QCD_BJetOS_2016preVFP=-0.613495	CMS_NPS26009_bckgNorm_QCD_BJetOS_2017=-1.20749	CMS_NPS26009_bckgNorm_QCD_BJetOS_2018=-1.48159	CMS_NPS26009_bckgNorm_QCD_BJetOS_2022=-0.111315	CMS_NPS26009_bckgNorm_QCD_BJetOS_2022EE=-0.0223647	CMS_NPS26009_bckgNorm_QCD_BJetOS_2023=-0.914575	CMS_NPS26009_bckgNorm_QCD_BJetOS_2023BPix=-0.249733	CMS_NPS26009_bckgShape_QCD_BJetOS_2016postVFP=10.1638	CMS_NPS26009_bckgShape_QCD_BJetOS_2016preVFP=-8.39051	CMS_NPS26009_bckgShape_QCD_BJetOS_2017=-4.43644	CMS_NPS26009_bckgShape_QCD_BJetOS_2018=5.98617	CMS_NPS26009_bckgShape_QCD_BJetOS_2022=1.45937	CMS_NPS26009_bckgShape_QCD_BJetOS_2022EE=-9.6968	CMS_NPS26009_bckgShape_QCD_BJetOS_2023=-18.5842	CMS_NPS26009_bckgShape_QCD_BJetOS_2023BPix=2.64096	CMS_NPS26009_btag_fixedWP_comb_bc_correlated_13TeV=-9.45912	CMS_NPS26009_btag_fixedWP_comb_bc_correlated_13p6TeV=-3.7558	CMS_NPS26009_btag_fixedWP_incl_light_correlated_13TeV=-1.63592	CMS_NPS26009_btag_fixedWP_incl_light_correlated_13p6TeV=-0.520438	CMS_NPS26009_eff_m_id_Run2=-0.676326	CMS_NPS26009_eff_m_id_Run3=-0.32589	CMS_NPS26009_eff_m_trigger_2016postVFP=-0.174154	CMS_NPS26009_eff_m_trigger_2016preVFP=-0.318963	CMS_NPS26009_eff_m_trigger_2017=-0.35367	CMS_NPS26009_eff_m_trigger_2018=-0.470661	CMS_NPS26009_eff_m_trigger_2022=-0.0663432	CMS_NPS26009_eff_m_trigger_2022EE=-0.115236	CMS_NPS26009_eff_m_trigger_2023=-0.101756	CMS_NPS26009_eff_m_trigger_2023BPix=-0.0794855	CMS_NPS26009_lumi_2016=-2.0724	CMS_NPS26009_lumi_2017=-3.44745	CMS_NPS26009_lumi_2018=-5.1115	CMS_NPS26009_lumi_2022=-1.40944	CMS_NPS26009_lumi_2023=-1.02862	CMS_NPS26009_pdf_NNPDF31=-6.34633	CMS_NPS26009_topmass_ttbar_BJetOS=-6.8208	CMS_btag_fixedWP_comb_bc_uncorrelated_2016postVFP=-0.974632	CMS_btag_fixedWP_comb_bc_uncorrelated_2016preVFP=-1.19948	CMS_btag_fixedWP_comb_bc_uncorrelated_2017=-3.43459	CMS_btag_fixedWP_comb_bc_uncorrelated_2018=-2.81342	CMS_btag_fixedWP_comb_bc_uncorrelated_2022=-0.453889	CMS_btag_fixedWP_comb_bc_uncorrelated_2022EE=-0.989212	CMS_btag_fixedWP_comb_bc_uncorrelated_2023=-1.19968	CMS_btag_fixedWP_comb_bc_uncorrelated_2023BPix=-0.778944	CMS_btag_fixedWP_incl_light_uncorrelated_2016postVFP=-0.149917	CMS_btag_fixedWP_incl_light_uncorrelated_2016preVFP=-0.12206	CMS_btag_fixedWP_incl_light_uncorrelated_2017=-0.228993	CMS_btag_fixedWP_incl_light_uncorrelated_2018=-0.381157	CMS_btag_fixedWP_incl_light_uncorrelated_2022=-0.0255858	CMS_btag_fixedWP_incl_light_uncorrelated_2022EE=-0.0945739	CMS_btag_fixedWP_incl_light_uncorrelated_2023=-0.0565541	CMS_btag_fixedWP_incl_light_uncorrelated_2023BPix=-0.0349646	CMS_l1_prefiring_2016postVFP=0.883588	CMS_l1_prefiring_2016preVFP=1.01848	CMS_l1_prefiring_2017=1.41735	CMS_l1_prefiring_2018=0.540751	CMS_pileup_13TeV=535.748	CMS_pileup_13p6TeV=0.416837	CMS_res_j_2016postVFP=-0.0222324	CMS_res_j_2016preVFP=0.00352839	CMS_res_j_2017=0.0799114	CMS_res_j_2018=-0.0273323	CMS_res_j_2022=0.0134366	CMS_res_j_2022EE=0.0663032	CMS_res_j_2023=0.0490089	CMS_res_j_2023BPix=0.0506108	CMS_scale_j_2016postVFP=-0.32389	CMS_scale_j_2016preVFP=-0.226349	CMS_scale_j_2017=-1.77818	CMS_scale_j_2018=-15.8463	CMS_scale_j_2022=-0.146315	CMS_scale_j_2022EE=-0.578423	CMS_scale_j_2023=-0.252599	CMS_scale_j_2023BPix=-0.190074	CMS_scale_m_13TeV=-0.425453	CMS_scale_m_13p6TeV=-0.127582	QCDscale_fac_ttbar=0.548667	QCDscale_ren_ttbar=1.85328	pdf_alphas=-2.53421
RooFit::Detail::RooFixedProdPdf::model_s[ ]
     getLogVal() top-level p.d.f not greater than zero @ !servers=(modelObs_s = 0)

RooAbsMinimizerFcn: Minimized function has error status.
Returning maximum FCN so far (606.143) to force MIGRAD to back out of this region. Error log follows.
Parameter values: 	CMS_NPS26009_LightJetStat_DY_BJetOS_2016postVFP=-0.352364	CMS_NPS26009_LightJetStat_DY_BJetOS_2016preVFP=-0.494389	CMS_NPS26009_LightJetStat_DY_BJetOS_2017=-0.435997	CMS_NPS26009_LightJetStat_DY_BJetOS_2018=-0.775488	CMS_NPS26009_LightJetStat_DY_BJetOS_2022=-0.0868416	CMS_NPS26009_LightJetStat_DY_BJetOS_2022EE=-0.13184	CMS_NPS26009_LightJetStat_DY_BJetOS_2023=-0.115115	CMS_NPS26009_LightJetStat_DY_BJetOS_2023BPix=-0.0722965	CMS_NPS26009_MCstat_other_BJetOS_2016postVFP=-0.259348	CMS_NPS26009_MCstat_other_BJetOS_2016preVFP=-0.120067	CMS_NPS26009_MCstat_other_BJetOS_2017=-0.109748	CMS_NPS26009_MCstat_other_BJetOS_2018=-0.178744	CMS_NPS26009_MCstat_other_BJetOS_2022=-0.0381777	CMS_NPS26009_MCstat_other_BJetOS_2022EE=-0.0533918	CMS_NPS26009_MCstat_other_BJetOS_2023=-0.0384628	CMS_NPS26009_MCstat_other_BJetOS_2023BPix=-0.0996367	CMS_NPS26009_MCstat_signal_BJetOS_2016postVFP=-0.13283	CMS_NPS26009_MCstat_signal_BJetOS_2016preVFP=-0.157318	CMS_NPS26009_MCstat_signal_BJetOS_2017=-0.289507	CMS_NPS26009_MCstat_signal_BJetOS_2018=-0.465144	CMS_NPS26009_MCstat_signal_BJetOS_2022=-0.0397067	CMS_NPS26009_MCstat_signal_BJetOS_2022EE=-0.130819	CMS_NPS26009_MCstat_signal_BJetOS_2023=-0.108184	CMS_NPS26009_MCstat_signal_BJetOS_2023BPix=-0.0656908	CMS_NPS26009_MCstat_singleTop_BJetOS_2016postVFP=-0.0873513	CMS_NPS26009_MCstat_singleTop_BJetOS_2016preVFP=-0.118137	CMS_NPS26009_MCstat_singleTop_BJetOS_2017=-0.119872	CMS_NPS26009_MCstat_singleTop_BJetOS_2018=-0.169424	CMS_NPS26009_MCstat_singleTop_BJetOS_2022=-0.0566603	CMS_NPS26009_MCstat_singleTop_BJetOS_2022EE=-0.093558	CMS_NPS26009_MCstat_singleTop_BJetOS_2023=-0.066905	CMS_NPS26009_MCstat_singleTop_BJetOS_2023BPix=-0.0281782	CMS_NPS26009_MCstat_ttbar_BJetOS_2016postVFP=-0.25641	CMS_NPS26009_MCstat_ttbar_BJetOS_2016preVFP=-0.323347	CMS_NPS26009_MCstat_ttbar_BJetOS_2017=-0.357533	CMS_NPS26009_MCstat_ttbar_BJetOS_2018=-0.483851	CMS_NPS26009_MCstat_ttbar_BJetOS_2022=-0.149841	CMS_NPS26009_MCstat_ttbar_BJetOS_2022EE=-0.246251	CMS_NPS26009_MCstat_ttbar_BJetOS_2023=-0.237585	CMS_NPS26009_MCstat_ttbar_BJetOS_2023BPix=-0.203927	CMS_NPS26009_NFModel_DY_BJetOS_13TeV=-1.65791	CMS_NPS26009_NFModel_DY_BJetOS_13p6TeV=-2.34255	CMS_NPS26009_NFStat_DY_BJetOS_2016postVFP=0.0928109	CMS_NPS26009_NFStat_DY_BJetOS_2016preVFP=0.119599	CMS_NPS26009_NFStat_DY_BJetOS_2017=0.0898453	CMS_NPS26009_NFStat_DY_BJetOS_2018=0.0974357	CMS_NPS26009_NFStat_DY_BJetOS_2022=0.066817	CMS_NPS26009_NFStat_DY_BJetOS_2022EE=0.0706328	CMS_NPS26009_NFStat_DY_BJetOS_2023=0.0706539	CMS_NPS26009_NFStat_DY_BJetOS_2023BPix=0.0629811	CMS_NPS26009_QCDscale_fac_singleTop=-0.443707	CMS_NPS26009_QCDscale_ren_singleTop=1.77639	CMS_NPS26009_bckgNorm_QCD_BJetOS_2016postVFP=-0.00107997	CMS_NPS26009_bckgNorm_QCD_BJetOS_2016preVFP=-0.211447	CMS_NPS26009_bckgNorm_QCD_BJetOS_2017=-0.416173	CMS_NPS26009_bckgNorm_QCD_BJetOS_2018=-0.510645	CMS_NPS26009_bckgNorm_QCD_BJetOS_2022=-0.0383658	CMS_NPS26009_bckgNorm_QCD_BJetOS_2022EE=-0.00770821	CMS_NPS26009_bckgNorm_QCD_BJetOS_2023=-0.315217	CMS_NPS26009_bckgNorm_QCD_BJetOS_2023BPix=-0.0860729	CMS_NPS26009_bckgShape_QCD_BJetOS_2016postVFP=13.198	CMS_NPS26009_bckgShape_QCD_BJetOS_2016preVFP=5.89997	CMS_NPS26009_bckgShape_QCD_BJetOS_2017=25.0731	CMS_NPS26009_bckgShape_QCD_BJetOS_2018=43.7982	CMS_NPS26009_bckgShape_QCD_BJetOS_2022=1.86365	CMS_NPS26009_bckgShape_QCD_BJetOS_2022EE=-1.60121	CMS_NPS26009_bckgShape_QCD_BJetOS_2023=3.94186	CMS_NPS26009_bckgShape_QCD_BJetOS_2023BPix=4.07678	CMS_NPS26009_btag_fixedWP_comb_bc_correlated_13TeV=-3.26018	CMS_NPS26009_btag_fixedWP_comb_bc_correlated_13p6TeV=-1.29447	CMS_NPS26009_btag_fixedWP_incl_light_correlated_13TeV=-0.563836	CMS_NPS26009_btag_fixedWP_incl_light_correlated_13p6TeV=-0.179374	CMS_NPS26009_eff_m_id_Run2=-0.233102	CMS_NPS26009_eff_m_id_Run3=-0.112321	CMS_NPS26009_eff_m_trigger_2016postVFP=-0.0600238	CMS_NPS26009_eff_m_trigger_2016preVFP=-0.109934	CMS_NPS26009_eff_m_trigger_2017=-0.121896	CMS_NPS26009_eff_m_trigger_2018=-0.162218	CMS_NPS26009_eff_m_trigger_2022=-0.0228658	CMS_NPS26009_eff_m_trigger_2022EE=-0.0397172	CMS_NPS26009_eff_m_trigger_2023=-0.0350711	CMS_NPS26009_eff_m_trigger_2023BPix=-0.0273954	CMS_NPS26009_lumi_2016=-0.714272	CMS_NPS26009_lumi_2017=-1.1882	CMS_NPS26009_lumi_2018=-1.76173	CMS_NPS26009_lumi_2022=-0.485777	CMS_NPS26009_lumi_2023=-0.354522	CMS_NPS26009_pdf_NNPDF31=-2.18732	CMS_NPS26009_topmass_ttbar_BJetOS=-2.35085	CMS_btag_fixedWP_comb_bc_uncorrelated_2016postVFP=-0.335916	CMS_btag_fixedWP_comb_bc_uncorrelated_2016preVFP=-0.413412	CMS_btag_fixedWP_comb_bc_uncorrelated_2017=-1.18376	CMS_btag_fixedWP_comb_bc_uncorrelated_2018=-0.969673	CMS_btag_fixedWP_comb_bc_uncorrelated_2022=-0.156437	CMS_btag_fixedWP_comb_bc_uncorrelated_2022EE=-0.340941	CMS_btag_fixedWP_comb_bc_uncorrelated_2023=-0.41348	CMS_btag_fixedWP_comb_bc_uncorrelated_2023BPix=-0.26847	CMS_btag_fixedWP_incl_light_uncorrelated_2016postVFP=-0.0516702	CMS_btag_fixedWP_incl_light_uncorrelated_2016preVFP=-0.042069	CMS_btag_fixedWP_incl_light_uncorrelated_2017=-0.0789245	CMS_btag_fixedWP_incl_light_uncorrelated_2018=-0.13137	CMS_btag_fixedWP_incl_light_uncorrelated_2022=-0.00881838	CMS_btag_fixedWP_incl_light_uncorrelated_2022EE=-0.0325958	CMS_btag_fixedWP_incl_light_uncorrelated_2023=-0.0194919	CMS_btag_fixedWP_incl_light_uncorrelated_2023BPix=-0.0120509	CMS_l1_prefiring_2016postVFP=0.304537	CMS_l1_prefiring_2016preVFP=0.351027	CMS_l1_prefiring_2017=0.488502	CMS_l1_prefiring_2018=0.186375	CMS_pileup_13TeV=184.65	CMS_pileup_13p6TeV=0.143667	CMS_res_j_2016postVFP=-0.00766262	CMS_res_j_2016preVFP=0.00121609	CMS_res_j_2017=0.0275422	CMS_res_j_2018=-0.00942032	CMS_res_j_2022=0.00463105	CMS_res_j_2022EE=0.022852	CMS_res_j_2023=0.0168914	CMS_res_j_2023BPix=0.0174435	CMS_scale_j_2016postVFP=-0.111632	CMS_scale_j_2016preVFP=-0.0780132	CMS_scale_j_2017=-0.612867	CMS_scale_j_2018=-5.46158	CMS_scale_j_2022=-0.050429	CMS_scale_j_2022EE=-0.199359	CMS_scale_j_2023=-0.0870606	CMS_scale_j_2023BPix=-0.0655107	CMS_scale_m_13TeV=-0.146636	CMS_scale_m_13p6TeV=-0.0439724	QCDscale_fac_ttbar=0.189103	QCDscale_ren_ttbar=0.638749	pdf_alphas=-0.87344
RooFit::Detail::RooFixedProdPdf::model_s[ ]
     getLogVal() top-level p.d.f not greater than zero @ !servers=(modelObs_s = 0)

Set Default Value of Parameter r To : 0
Warning: A value of r is specified in both the --setParameters and --expectSignal options. The argument of --expectSignal will take precedence
Doing initial fit: 
 POI: r= -8.33991e-09 -> [-20,100]
Point 84/240 r = 22.25
Point 133/240 r = 46.75
Point 76/240 r = 18.25
 POI: r= -8.33991e-09 -> [-20,100]
Point 192/240 r = 76.25
Point 97/240 r = 28.75
Point 157/240 r = 58.75
Point 217/240 r = 88.75
Set Default Value of Parameter r To : 0
Warning: A value of r is specified in both the --setParameters and --expectSignal options. The argument of --expectSignal will take precedence
Doing initial fit: 
Set Default Value of Parameter r To : 0
Warning: A value of r is specified in both the --setParameters and --expectSignal options. The argument of --expectSignal will take precedence
Doing initial fit: 
Point 134/240 r = 47.25
Point 77/240 r = 18.75
Set Default Value of Parameter r To : 0
Warning: A value of r is specified in both the --setParameters and --expectSignal options. The argument of --expectSignal will take precedence
Doing initial fit: 
Point 98/240 r = 29.25
Set Default Value of Parameter r To : 0
Warning: A value of r is specified in both the --setParameters and --expectSignal options. The argument of --expectSignal will take precedence
Doing initial fit: 
Point 205/240 r = 82.75
Point 146/240 r = 53.25
 POI: r= -8.33991e-09 -> [-20,100]
Point 12/240 r = -8.25
Point 85/240 r = 22.75
 POI: r= -8.33991e-09 -> [-20,100]
Point 36/240 r = -1.75
Point 121/240 r = 40.75
Point 13/240 r = -8.75
 POI: r= -8.33991e-09 -> [-20,100]
Point 0/240 r = -14.25
Point 14/240 r = -9.25
Point 193/240 r = 76.75
 POI: r= -8.33991e-09 -> [-20,100]
Point 60/240 r = 10.25
 POI: r= -8.33991e-09 -> [-20,100]
Point 168/240 r = 64.25
Point 122/240 r = 41.25
Point 218/240 r = 89.25
Point 135/240 r = 47.75
Point 158/240 r = 59.25
Point 78/240 r = 19.25
 POI: r= -8.33991e-09 -> [-20,100]
Point 180/240 r = 70.25
Point 99/240 r = 29.75
Point 61/240 r = 10.75
 POI: r= -8.33991e-09 -> [-20,100]
 POI: r= -8.33991e-09 -> [-20,100]
Point 24/240 r = -2.25
Point 228/240 r = 94.25
Point 79/240 r = 19.75
Point 37/240 r = -1.25
Point 62/240 r = 11.25
 POI: r= -8.33991e-09 -> [-20,100]
Point 147/240 r = 53.75
Point 108/240 r = 34.25
Point 206/240 r = 83.25
 POI: r= -8.33991e-09 -> [-20,100]
Point 48/240 r = 4.25
Point 86/240 r = 23.25
Point 63/240 r = 11.75
Point 1/240 r = -14.75
Point 64/240 r = 12.25
Point 194/240 r = 77.25
Point 136/240 r = 48.25
Point 15/240 r = -9.75
Point 169/240 r = 64.75
Point 25/240 r = -2.75
Point 123/240 r = 41.75
Point 65/240 r = 12.75
Point 181/240 r = 70.75
Point 219/240 r = 89.75
Point 159/240 r = 59.75
Point 38/240 r = -0.75
Point 80/240 r = 20.25
Point 100/240 r = 30.25
Point 229/240 r = 94.75
Point 148/240 r = 54.25
Point 109/240 r = 34.75
Point 49/240 r = 4.75
Point 87/240 r = 23.75
Point 207/240 r = 83.75
Point 160/240 r = 60.25
Point 2/240 r = -15.25
RooAbsMinimizerFcn: Minimized function has error status.
Returning maximum FCN so far (750.792) to force MIGRAD to back out of this region. Error log follows.
Parameter values: 	CMS_NPS26009_LightJetStat_DY_BJetOS_2016postVFP=0.373248	CMS_NPS26009_LightJetStat_DY_BJetOS_2016preVFP=0.491532	CMS_NPS26009_LightJetStat_DY_BJetOS_2017=0.610412	CMS_NPS26009_LightJetStat_DY_BJetOS_2018=0.807659	CMS_NPS26009_LightJetStat_DY_BJetOS_2022=0.100812	CMS_NPS26009_LightJetStat_DY_BJetOS_2022EE=0.202558	CMS_NPS26009_LightJetStat_DY_BJetOS_2023=0.203882	CMS_NPS26009_LightJetStat_DY_BJetOS_2023BPix=0.15678	CMS_NPS26009_MCstat_other_BJetOS_2016postVFP=0.692935	CMS_NPS26009_MCstat_other_BJetOS_2016preVFP=0.0858604	CMS_NPS26009_MCstat_other_BJetOS_2017=0.112859	CMS_NPS26009_MCstat_other_BJetOS_2018=0.141955	CMS_NPS26009_MCstat_other_BJetOS_2022=0.0354861	CMS_NPS26009_MCstat_other_BJetOS_2022EE=0.0491514	CMS_NPS26009_MCstat_other_BJetOS_2023=0.0424488	CMS_NPS26009_MCstat_other_BJetOS_2023BPix=0.0783965	CMS_NPS26009_MCstat_signal_BJetOS_2016postVFP=-0.0456418	CMS_NPS26009_MCstat_signal_BJetOS_2016preVFP=-0.05517	CMS_NPS26009_MCstat_signal_BJetOS_2017=-0.110338	CMS_NPS26009_MCstat_signal_BJetOS_2018=-0.15778	CMS_NPS26009_MCstat_signal_BJetOS_2022=-0.0122174	CMS_NPS26009_MCstat_signal_BJetOS_2022EE=-0.0429991	CMS_NPS26009_MCstat_signal_BJetOS_2023=-0.0399947	CMS_NPS26009_MCstat_signal_BJetOS_2023BPix=-0.0261903	CMS_NPS26009_MCstat_singleTop_BJetOS_2016postVFP=0.111207	CMS_NPS26009_MCstat_singleTop_BJetOS_2016preVFP=0.143662	CMS_NPS26009_MCstat_singleTop_BJetOS_2017=0.170292	CMS_NPS26009_MCstat_singleTop_BJetOS_2018=0.209752	CMS_NPS26009_MCstat_singleTop_BJetOS_2022=0.0564361	CMS_NPS26009_MCstat_singleTop_BJetOS_2022EE=0.106189	CMS_NPS26009_MCstat_singleTop_BJetOS_2023=0.0896296	CMS_NPS26009_MCstat_singleTop_BJetOS_2023BPix=0.0466312	CMS_NPS26009_MCstat_ttbar_BJetOS_2016postVFP=0.297156	CMS_NPS26009_MCstat_ttbar_BJetOS_2016preVFP=0.376228	CMS_NPS26009_MCstat_ttbar_BJetOS_2017=0.465306	CMS_NPS26009_MCstat_ttbar_BJetOS_2018=0.565771	CMS_NPS26009_MCstat_ttbar_BJetOS_2022=0.154186	CMS_NPS26009_MCstat_ttbar_BJetOS_2022EE=0.27534	CMS_NPS26009_MCstat_ttbar_BJetOS_2023=0.290145	CMS_NPS26009_MCstat_ttbar_BJetOS_2023BPix=0.261129	CMS_NPS26009_NFModel_DY_BJetOS_13TeV=0.81111	CMS_NPS26009_NFModel_DY_BJetOS_13p6TeV=0.72742	CMS_NPS26009_NFStat_DY_BJetOS_2016postVFP=0.116279	CMS_NPS26009_NFStat_DY_BJetOS_2016preVFP=0.158607	CMS_NPS26009_NFStat_DY_BJetOS_2017=0.120582	CMS_NPS26009_NFStat_DY_BJetOS_2018=0.140972	CMS_NPS26009_NFStat_DY_BJetOS_2022=0.072911	CMS_NPS26009_NFStat_DY_BJetOS_2022EE=0.0783341	CMS_NPS26009_NFStat_DY_BJetOS_2023=0.0795778	CMS_NPS26009_NFStat_DY_BJetOS_2023BPix=0.0700734	CMS_NPS26009_QCDscale_fac_singleTop=0.0539566	CMS_NPS26009_QCDscale_ren_singleTop=-0.51406	CMS_NPS26009_bckgNorm_QCD_BJetOS_2016postVFP=0.00129335	CMS_NPS26009_bckgNorm_QCD_BJetOS_2016preVFP=0.29498	CMS_NPS26009_bckgNorm_QCD_BJetOS_2017=0.676206	CMS_NPS26009_bckgNorm_QCD_BJetOS_2018=0.721337	CMS_NPS26009_bckgNorm_QCD_BJetOS_2022=0.0423495	CMS_NPS26009_bckgNorm_QCD_BJetOS_2022EE=0.00885437	CMS_NPS26009_bckgNorm_QCD_BJetOS_2023=0.662997	CMS_NPS26009_bckgNorm_QCD_BJetOS_2023BPix=0.127495	CMS_NPS26009_bckgShape_QCD_BJetOS_2016postVFP=16.6887	CMS_NPS26009_bckgShape_QCD_BJetOS_2016preVFP=22.6321	CMS_NPS26009_bckgShape_QCD_BJetOS_2017=64.6732	CMS_NPS26009_bckgShape_QCD_BJetOS_2018=99.4278	CMS_NPS26009_bckgShape_QCD_BJetOS_2022=2.30039	CMS_NPS26009_bckgShape_QCD_BJetOS_2022EE=7.41778	CMS_NPS26009_bckgShape_QCD_BJetOS_2023=27.5677	CMS_NPS26009_bckgShape_QCD_BJetOS_2023BPix=5.82766	CMS_NPS26009_btag_fixedWP_comb_bc_correlated_13TeV=1.45415	CMS_NPS26009_btag_fixedWP_comb_bc_correlated_13p6TeV=0.809904	CMS_NPS26009_btag_fixedWP_incl_light_correlated_13TeV=0.601584	CMS_NPS26009_btag_fixedWP_incl_light_correlated_13p6TeV=0.204931	CMS_NPS26009_eff_m_id_Run2=0.113513	CMS_NPS26009_eff_m_id_Run3=0.0696198	CMS_NPS26009_eff_m_trigger_2016postVFP=0.0304412	CMS_NPS26009_eff_m_trigger_2016preVFP=0.0494175	CMS_NPS26009_eff_m_trigger_2017=0.0625653	CMS_NPS26009_eff_m_trigger_2018=0.0771243	CMS_NPS26009_eff_m_trigger_2022=0.0145741	CMS_NPS26009_eff_m_trigger_2022EE=0.0262011	CMS_NPS26009_eff_m_trigger_2023=0.0215272	CMS_NPS26009_eff_m_trigger_2023BPix=0.0167055	CMS_NPS26009_lumi_2016=0.412263	CMS_NPS26009_lumi_2017=0.855814	CMS_NPS26009_lumi_2018=1.27733	CMS_NPS26009_lumi_2022=0.352967	CMS_NPS26009_lumi_2023=0.247212	CMS_NPS26009_pdf_NNPDF31=1.90949	CMS_NPS26009_topmass_ttbar_BJetOS=3.28546	CMS_btag_fixedWP_comb_bc_uncorrelated_2016postVFP=0.195305	CMS_btag_fixedWP_comb_bc_uncorrelated_2016preVFP=0.228687	CMS_btag_fixedWP_comb_bc_uncorrelated_2017=0.627333	CMS_btag_fixedWP_comb_bc_uncorrelated_2018=0.518869	CMS_btag_fixedWP_comb_bc_uncorrelated_2022=0.112349	CMS_btag_fixedWP_comb_bc_uncorrelated_2022EE=0.266822	CMS_btag_fixedWP_comb_bc_uncorrelated_2023=0.263221	CMS_btag_fixedWP_comb_bc_uncorrelated_2023BPix=0.176363	CMS_btag_fixedWP_incl_light_uncorrelated_2016postVFP=0.0552891	CMS_btag_fixedWP_incl_light_uncorrelated_2016preVFP=0.0464668	CMS_btag_fixedWP_incl_light_uncorrelated_2017=0.0921346	CMS_btag_fixedWP_incl_light_uncorrelated_2018=0.139231	CMS_btag_fixedWP_incl_light_uncorrelated_2022=0.0087142	CMS_btag_fixedWP_incl_light_uncorrelated_2022EE=0.034412	CMS_btag_fixedWP_incl_light_uncorrelated_2023=0.0244997	CMS_btag_fixedWP_incl_light_uncorrelated_2023BPix=0.0147133	CMS_l1_prefiring_2016postVFP=-0.174614	CMS_l1_prefiring_2016preVFP=-0.175614	CMS_l1_prefiring_2017=-0.297935	CMS_l1_prefiring_2018=-0.0941741	CMS_pileup_13TeV=-0.181225	CMS_pileup_13p6TeV=-0.379431	CMS_res_j_2016postVFP=0.00341534	CMS_res_j_2016preVFP=-0.000166945	CMS_res_j_2017=-0.0389595	CMS_res_j_2018=-0.0189735	CMS_res_j_2022=-0.00495187	CMS_res_j_2022EE=-0.0126637	CMS_res_j_2023=-0.0133293	CMS_res_j_2023BPix=-0.0188684	CMS_scale_j_2016postVFP=0.0497666	CMS_scale_j_2016preVFP=0.0495986	CMS_scale_j_2017=0.156087	CMS_scale_j_2018=0.23801	CMS_scale_j_2022=0.0428554	CMS_scale_j_2022EE=0.162392	CMS_scale_j_2023=0.172091	CMS_scale_j_2023BPix=0.0563635	CMS_scale_m_13TeV=0.243164	CMS_scale_m_13p6TeV=0.0894994	QCDscale_fac_ttbar=-3.72941	QCDscale_ren_ttbar=-3.79929	pdf_alphas=13.6195
RooFit::Detail::RooFixedProdPdf::model_s[ ]
     getLogVal() top-level p.d.f not greater than zero @ !servers=(modelObs_s = 0)

Point 16/240 r = -10.25
Point 26/240 r = -3.25
Point 137/240 r = 48.75
Point 66/240 r = 13.25
Point 170/240 r = 65.25
Point 195/240 r = 77.75
Point 124/240 r = 42.25
Point 101/240 r = 30.75
Point 182/240 r = 71.25
Point 39/240 r = -0.25
Point 81/240 r = 20.75
Point 220/240 r = 90.25
Point 67/240 r = 13.75
Point 50/240 r = 5.25
Point 110/240 r = 35.25
Point 149/240 r = 54.75
Point 68/240 r = 14.25
Point 230/240 r = 95.25
Point 88/240 r = 24.25
Point 17/240 r = -10.75
Point 3/240 r = -15.75
RooAbsMinimizerFcn: Minimized function has error status.
Returning maximum FCN so far (750.792) to force MIGRAD to back out of this region. Error log follows.
Parameter values: 	CMS_NPS26009_LightJetStat_DY_BJetOS_2016postVFP=0.388583	CMS_NPS26009_LightJetStat_DY_BJetOS_2016preVFP=0.511378	CMS_NPS26009_LightJetStat_DY_BJetOS_2017=0.635407	CMS_NPS26009_LightJetStat_DY_BJetOS_2018=0.840517	CMS_NPS26009_LightJetStat_DY_BJetOS_2022=0.105197	CMS_NPS26009_LightJetStat_DY_BJetOS_2022EE=0.211502	CMS_NPS26009_LightJetStat_DY_BJetOS_2023=0.212665	CMS_NPS26009_LightJetStat_DY_BJetOS_2023BPix=0.163625	CMS_NPS26009_MCstat_other_BJetOS_2016postVFP=0.733989	CMS_NPS26009_MCstat_other_BJetOS_2016preVFP=0.0890966	CMS_NPS26009_MCstat_other_BJetOS_2017=0.117349	CMS_NPS26009_MCstat_other_BJetOS_2018=0.147436	CMS_NPS26009_MCstat_other_BJetOS_2022=0.0370062	CMS_NPS26009_MCstat_other_BJetOS_2022EE=0.0512431	CMS_NPS26009_MCstat_other_BJetOS_2023=0.0442441	CMS_NPS26009_MCstat_other_BJetOS_2023BPix=0.081413	CMS_NPS26009_MCstat_signal_BJetOS_2016postVFP=-0.0491711	CMS_NPS26009_MCstat_signal_BJetOS_2016preVFP=-0.0594459	CMS_NPS26009_MCstat_signal_BJetOS_2017=-0.118873	CMS_NPS26009_MCstat_signal_BJetOS_2018=-0.170006	CMS_NPS26009_MCstat_signal_BJetOS_2022=-0.0131791	CMS_NPS26009_MCstat_signal_BJetOS_2022EE=-0.0464195	CMS_NPS26009_MCstat_signal_BJetOS_2023=-0.0431407	CMS_NPS26009_MCstat_signal_BJetOS_2023BPix=-0.0282678	CMS_NPS26009_MCstat_singleTop_BJetOS_2016postVFP=0.115852	CMS_NPS26009_MCstat_singleTop_BJetOS_2016preVFP=0.14962	CMS_NPS26009_MCstat_singleTop_BJetOS_2017=0.177399	CMS_NPS26009_MCstat_singleTop_BJetOS_2018=0.218499	CMS_NPS26009_MCstat_singleTop_BJetOS_2022=0.0588169	CMS_NPS26009_MCstat_singleTop_BJetOS_2022EE=0.110746	CMS_NPS26009_MCstat_singleTop_BJetOS_2023=0.0934748	CMS_NPS26009_MCstat_singleTop_BJetOS_2023BPix=0.0486912	CMS_NPS26009_MCstat_ttbar_BJetOS_2016postVFP=0.30969	CMS_NPS26009_MCstat_ttbar_BJetOS_2016preVFP=0.392055	CMS_NPS26009_MCstat_ttbar_BJetOS_2017=0.48493	CMS_NPS26009_MCstat_ttbar_BJetOS_2018=0.589658	CMS_NPS26009_MCstat_ttbar_BJetOS_2022=0.160916	CMS_NPS26009_MCstat_ttbar_BJetOS_2022EE=0.287583	CMS_NPS26009_MCstat_ttbar_BJetOS_2023=0.302644	CMS_NPS26009_MCstat_ttbar_BJetOS_2023BPix=0.272425	CMS_NPS26009_NFModel_DY_BJetOS_13TeV=0.82731	CMS_NPS26009_NFModel_DY_BJetOS_13p6TeV=0.744773	CMS_NPS26009_NFStat_DY_BJetOS_2016postVFP=0.116711	CMS_NPS26009_NFStat_DY_BJetOS_2016preVFP=0.159285	CMS_NPS26009_NFStat_DY_BJetOS_2017=0.121133	CMS_NPS26009_NFStat_DY_BJetOS_2018=0.141631	CMS_NPS26009_NFStat_DY_BJetOS_2022=0.0730527	CMS_NPS26009_NFStat_DY_BJetOS_2022EE=0.0785315	CMS_NPS26009_NFStat_DY_BJetOS_2023=0.0798096	CMS_NPS26009_NFStat_DY_BJetOS_2023BPix=0.0702767	CMS_NPS26009_QCDscale_fac_singleTop=0.055285	CMS_NPS26009_QCDscale_ren_singleTop=-0.528133	CMS_NPS26009_bckgNorm_QCD_BJetOS_2016postVFP=0.00134905	CMS_NPS26009_bckgNorm_QCD_BJetOS_2016preVFP=0.308273	CMS_NPS26009_bckgNorm_QCD_BJetOS_2017=0.707317	CMS_NPS26009_bckgNorm_QCD_BJetOS_2018=0.754008	CMS_NPS26009_bckgNorm_QCD_BJetOS_2022=0.0442498	CMS_NPS26009_bckgNorm_QCD_BJetOS_2022EE=0.00925469	CMS_NPS26009_bckgNorm_QCD_BJetOS_2023=0.698176	CMS_NPS26009_bckgNorm_QCD_BJetOS_2023BPix=0.133365	CMS_NPS26009_bckgShape_QCD_BJetOS_2016postVFP=16.7674	CMS_NPS26009_bckgShape_QCD_BJetOS_2016preVFP=22.9676	CMS_NPS26009_bckgShape_QCD_BJetOS_2017=65.4604	CMS_NPS26009_bckgShape_QCD_BJetOS_2018=100.487	CMS_NPS26009_bckgShape_QCD_BJetOS_2022=2.31027	CMS_NPS26009_bckgShape_QCD_BJetOS_2022EE=7.61783	CMS_NPS26009_bckgShape_QCD_BJetOS_2023=27.9804	CMS_NPS26009_bckgShape_QCD_BJetOS_2023BPix=5.87095	CMS_NPS26009_btag_fixedWP_comb_bc_correlated_13TeV=1.50167	CMS_NPS26009_btag_fixedWP_comb_bc_correlated_13p6TeV=0.840942	CMS_NPS26009_btag_fixedWP_incl_light_correlated_13TeV=0.626512	CMS_NPS26009_btag_fixedWP_incl_light_correlated_13p6TeV=0.213927	CMS_NPS26009_eff_m_id_Run2=0.117011	CMS_NPS26009_eff_m_id_Run3=0.0721808	CMS_NPS26009_eff_m_trigger_2016postVFP=0.0314222	CMS_NPS26009_eff_m_trigger_2016preVFP=0.0508788	CMS_NPS26009_eff_m_trigger_2017=0.064462	CMS_NPS26009_eff_m_trigger_2018=0.0795082	CMS_NPS26009_eff_m_trigger_2022=0.0151426	CMS_NPS26009_eff_m_trigger_2022EE=0.0272291	CMS_NPS26009_eff_m_trigger_2023=0.022292	CMS_NPS26009_eff_m_trigger_2023BPix=0.0172876	CMS_NPS26009_lumi_2016=0.426244	CMS_NPS26009_lumi_2017=0.885523	CMS_NPS26009_lumi_2018=1.32313	CMS_NPS26009_lumi_2022=0.367211	CMS_NPS26009_lumi_2023=0.256388	CMS_NPS26009_pdf_NNPDF31=1.98344	CMS_NPS26009_topmass_ttbar_BJetOS=3.4306	CMS_btag_fixedWP_comb_bc_uncorrelated_2016postVFP=0.202118	CMS_btag_fixedWP_comb_bc_uncorrelated_2016preVFP=0.236457	CMS_btag_fixedWP_comb_bc_uncorrelated_2017=0.647885	CMS_btag_fixedWP_comb_bc_uncorrelated_2018=0.53641	CMS_btag_fixedWP_comb_bc_uncorrelated_2022=0.116903	CMS_btag_fixedWP_comb_bc_uncorrelated_2022EE=0.277852	CMS_btag_fixedWP_comb_bc_uncorrelated_2023=0.272866	CMS_btag_fixedWP_comb_bc_uncorrelated_2023BPix=0.182806	CMS_btag_fixedWP_incl_light_uncorrelated_2016postVFP=0.0576033	CMS_btag_fixedWP_incl_light_uncorrelated_2016preVFP=0.0484236	CMS_btag_fixedWP_incl_light_uncorrelated_2017=0.0959684	CMS_btag_fixedWP_incl_light_uncorrelated_2018=0.145042	CMS_btag_fixedWP_incl_light_uncorrelated_2022=0.00909393	CMS_btag_fixedWP_incl_light_uncorrelated_2022EE=0.0359365	CMS_btag_fixedWP_incl_light_uncorrelated_2023=0.0255735	CMS_btag_fixedWP_incl_light_uncorrelated_2023BPix=0.0153563	CMS_l1_prefiring_2016postVFP=-0.180721	CMS_l1_prefiring_2016preVFP=-0.181394	CMS_l1_prefiring_2017=-0.308119	CMS_l1_prefiring_2018=-0.0972776	CMS_pileup_13TeV=-0.186688	CMS_pileup_13p6TeV=-0.402131	CMS_res_j_2016postVFP=0.00350513	CMS_res_j_2016preVFP=-0.000166708	CMS_res_j_2017=-0.0403933	CMS_res_j_2018=-0.0197563	CMS_res_j_2022=-0.00517159	CMS_res_j_2022EE=-0.0131662	CMS_res_j_2023=-0.0138236	CMS_res_j_2023BPix=-0.0196618	CMS_scale_j_2016postVFP=0.0513838	CMS_scale_j_2016preVFP=0.0514379	CMS_scale_j_2017=0.160477	CMS_scale_j_2018=0.243234	CMS_scale_j_2022=0.0446574	CMS_scale_j_2022EE=0.169265	CMS_scale_j_2023=0.181444	CMS_scale_j_2023BPix=0.058654	CMS_scale_m_13TeV=0.256124	CMS_scale_m_13p6TeV=0.0942722	QCDscale_fac_ttbar=-3.86395	QCDscale_ren_ttbar=-4.15904	pdf_alphas=16.7128
RooFit::Detail::RooFixedProdPdf::model_s[ ]
     getLogVal() top-level p.d.f not greater than zero @ !servers=(modelObs_s = 0)

Point 27/240 r = -3.75
Point 208/240 r = 84.25
Point 69/240 r = 14.75
Point 161/240 r = 60.75
Point 40/240 r = 0.25
Point 171/240 r = 65.75
Point 138/240 r = 49.25
Point 196/240 r = 78.25
Point 125/240 r = 42.75
Point 102/240 r = 31.25
Point 82/240 r = 21.25
Point 221/240 r = 90.75
Point 183/240 r = 71.75
Point 18/240 r = -11.25
Point 51/240 r = 5.75
Point 111/240 r = 35.75
Point 150/240 r = 55.25
Point 4/240 r = -16.25
RooAbsMinimizerFcn: Minimized function has error status.
Returning maximum FCN so far (750.792) to force MIGRAD to back out of this region. Error log follows.
Parameter values: 	CMS_NPS26009_LightJetStat_DY_BJetOS_2016postVFP=0.404004	CMS_NPS26009_LightJetStat_DY_BJetOS_2016preVFP=0.531314	CMS_NPS26009_LightJetStat_DY_BJetOS_2017=0.660549	CMS_NPS26009_LightJetStat_DY_BJetOS_2018=0.873533	CMS_NPS26009_LightJetStat_DY_BJetOS_2022=0.109607	CMS_NPS26009_LightJetStat_DY_BJetOS_2022EE=0.220494	CMS_NPS26009_LightJetStat_DY_BJetOS_2023=0.221506	CMS_NPS26009_LightJetStat_DY_BJetOS_2023BPix=0.170526	CMS_NPS26009_MCstat_other_BJetOS_2016postVFP=0.776739	CMS_NPS26009_MCstat_other_BJetOS_2016preVFP=0.092331	CMS_NPS26009_MCstat_other_BJetOS_2017=0.121856	CMS_NPS26009_MCstat_other_BJetOS_2018=0.152922	CMS_NPS26009_MCstat_other_BJetOS_2022=0.0385327	CMS_NPS26009_MCstat_other_BJetOS_2022EE=0.0533394	CMS_NPS26009_MCstat_other_BJetOS_2023=0.0460484	CMS_NPS26009_MCstat_other_BJetOS_2023BPix=0.0844235	CMS_NPS26009_MCstat_signal_BJetOS_2016postVFP=-0.0528497	CMS_NPS26009_MCstat_signal_BJetOS_2016preVFP=-0.0639048	CMS_NPS26009_MCstat_signal_BJetOS_2017=-0.127771	CMS_NPS26009_MCstat_signal_BJetOS_2018=-0.182752	CMS_NPS26009_MCstat_signal_BJetOS_2022=-0.0141807	CMS_NPS26009_MCstat_signal_BJetOS_2022EE=-0.0499833	CMS_NPS26009_MCstat_signal_BJetOS_2023=-0.0464207	CMS_NPS26009_MCstat_signal_BJetOS_2023BPix=-0.0304363	CMS_NPS26009_MCstat_singleTop_BJetOS_2016postVFP=0.120529	CMS_NPS26009_MCstat_singleTop_BJetOS_2016preVFP=0.155619	CMS_NPS26009_MCstat_singleTop_BJetOS_2017=0.18456	CMS_NPS26009_MCstat_singleTop_BJetOS_2018=0.227306	CMS_NPS26009_MCstat_singleTop_BJetOS_2022=0.0612049	CMS_NPS26009_MCstat_singleTop_BJetOS_2022EE=0.115316	CMS_NPS26009_MCstat_singleTop_BJetOS_2023=0.0973438	CMS_NPS26009_MCstat_singleTop_BJetOS_2023BPix=0.0507699	CMS_NPS26009_MCstat_ttbar_BJetOS_2016postVFP=0.322321	CMS_NPS26009_MCstat_ttbar_BJetOS_2016preVFP=0.408006	CMS_NPS26009_MCstat_ttbar_BJetOS_2017=0.504717	CMS_NPS26009_MCstat_ttbar_BJetOS_2018=0.613731	CMS_NPS26009_MCstat_ttbar_BJetOS_2022=0.167684	CMS_NPS26009_MCstat_ttbar_BJetOS_2022EE=0.299898	CMS_NPS26009_MCstat_ttbar_BJetOS_2023=0.315224	CMS_NPS26009_MCstat_ttbar_BJetOS_2023BPix=0.283803	CMS_NPS26009_NFModel_DY_BJetOS_13TeV=0.842935	CMS_NPS26009_NFModel_DY_BJetOS_13p6TeV=0.761571	CMS_NPS26009_NFStat_DY_BJetOS_2016postVFP=0.117143	CMS_NPS26009_NFStat_DY_BJetOS_2016preVFP=0.159962	CMS_NPS26009_NFStat_DY_BJetOS_2017=0.12168	CMS_NPS26009_NFStat_DY_BJetOS_2018=0.142282	CMS_NPS26009_NFStat_DY_BJetOS_2022=0.0731951	CMS_NPS26009_NFStat_DY_BJetOS_2022EE=0.0787296	CMS_NPS26009_NFStat_DY_BJetOS_2023=0.0800424	CMS_NPS26009_NFStat_DY_BJetOS_2023BPix=0.0704814	CMS_NPS26009_QCDscale_fac_singleTop=0.0565788	CMS_NPS26009_QCDscale_ren_singleTop=-0.541906	CMS_NPS26009_bckgNorm_QCD_BJetOS_2016postVFP=0.00140528	CMS_NPS26009_bckgNorm_QCD_BJetOS_2016preVFP=0.321747	CMS_NPS26009_bckgNorm_QCD_BJetOS_2017=0.738917	CMS_NPS26009_bckgNorm_QCD_BJetOS_2018=0.787129	CMS_NPS26009_bckgNorm_QCD_BJetOS_2022=0.0461656	CMS_NPS26009_bckgNorm_QCD_BJetOS_2022EE=0.00965797	CMS_NPS26009_bckgNorm_QCD_BJetOS_2023=0.734265	CMS_NPS26009_bckgNorm_QCD_BJetOS_2023BPix=0.13931	CMS_NPS26009_bckgShape_QCD_BJetOS_2016postVFP=16.8466	CMS_NPS26009_bckgShape_QCD_BJetOS_2016preVFP=23.3037	CMS_NPS26009_bckgShape_QCD_BJetOS_2017=66.2463	CMS_NPS26009_bckgShape_QCD_BJetOS_2018=101.542	CMS_NPS26009_bckgShape_QCD_BJetOS_2022=2.32022	CMS_NPS26009_bckgShape_QCD_BJetOS_2022EE=7.81859	CMS_NPS26009_bckgShape_QCD_BJetOS_2023=28.3913	CMS_NPS26009_bckgShape_QCD_BJetOS_2023BPix=5.91459	CMS_NPS26009_btag_fixedWP_comb_bc_correlated_13TeV=1.54862	CMS_NPS26009_btag_fixedWP_comb_bc_correlated_13p6TeV=0.871839	CMS_NPS26009_btag_fixedWP_incl_light_correlated_13TeV=0.651606	CMS_NPS26009_btag_fixedWP_incl_light_correlated_13p6TeV=0.222985	CMS_NPS26009_eff_m_id_Run2=0.120439	CMS_NPS26009_eff_m_id_Run3=0.0747209	CMS_NPS26009_eff_m_trigger_2016postVFP=0.0323881	CMS_NPS26009_eff_m_trigger_2016preVFP=0.0523053	CMS_NPS26009_eff_m_trigger_2017=0.0663192	CMS_NPS26009_eff_m_trigger_2018=0.0818453	CMS_NPS26009_eff_m_trigger_2022=0.015709	CMS_NPS26009_eff_m_trigger_2022EE=0.0282521	CMS_NPS26009_eff_m_trigger_2023=0.0230491	CMS_NPS26009_eff_m_trigger_2023BPix=0.0178629	CMS_NPS26009_lumi_2016=0.440078	CMS_NPS26009_lumi_2017=0.914981	CMS_NPS26009_lumi_2018=1.36862	CMS_NPS26009_lumi_2022=0.381427	CMS_NPS26009_lumi_2023=0.265509	CMS_NPS26009_pdf_NNPDF31=2.0574	CMS_NPS26009_topmass_ttbar_BJetOS=3.57721	CMS_btag_fixedWP_comb_bc_uncorrelated_2016postVFP=0.208878	CMS_btag_fixedWP_comb_bc_uncorrelated_2016preVFP=0.244151	CMS_btag_fixedWP_comb_bc_uncorrelated_2017=0.668184	CMS_btag_fixedWP_comb_bc_uncorrelated_2018=0.553767	CMS_btag_fixedWP_comb_bc_uncorrelated_2022=0.121455	CMS_btag_fixedWP_comb_bc_uncorrelated_2022EE=0.288882	CMS_btag_fixedWP_comb_bc_uncorrelated_2023=0.282447	CMS_btag_fixedWP_comb_bc_uncorrelated_2023BPix=0.189205	CMS_btag_fixedWP_incl_light_uncorrelated_2016postVFP=0.0599344	CMS_btag_fixedWP_incl_light_uncorrelated_2016preVFP=0.0503965	CMS_btag_fixedWP_incl_light_uncorrelated_2017=0.0998306	CMS_btag_fixedWP_incl_light_uncorrelated_2018=0.150894	CMS_btag_fixedWP_incl_light_uncorrelated_2022=0.00947586	CMS_btag_fixedWP_incl_light_uncorrelated_2022EE=0.0374696	CMS_btag_fixedWP_incl_light_uncorrelated_2023=0.026656	CMS_btag_fixedWP_incl_light_uncorrelated_2023BPix=0.0160048	CMS_l1_prefiring_2016postVFP=-0.186784	CMS_l1_prefiring_2016preVFP=-0.187102	CMS_l1_prefiring_2017=-0.318215	CMS_l1_prefiring_2018=-0.100341	CMS_pileup_13TeV=-0.192069	CMS_pileup_13p6TeV=-0.425687	CMS_res_j_2016postVFP=0.00359134	CMS_res_j_2016preVFP=-0.000165906	CMS_res_j_2017=-0.0418211	CMS_res_j_2018=-0.0205424	CMS_res_j_2022=-0.0053929	CMS_res_j_2022EE=-0.0136675	CMS_res_j_2023=-0.0143146	CMS_res_j_2023BPix=-0.0204595	CMS_scale_j_2016postVFP=0.0529802	CMS_scale_j_2016preVFP=0.0532743	CMS_scale_j_2017=0.164765	CMS_scale_j_2018=0.24824	CMS_scale_j_2022=0.0464645	CMS_scale_j_2022EE=0.176152	CMS_scale_j_2023=0.191073	CMS_scale_j_2023BPix=0.0609511	CMS_scale_m_13TeV=0.269497	CMS_scale_m_13p6TeV=0.0991702	QCDscale_fac_ttbar=-3.99928	QCDscale_ren_ttbar=-4.55913	pdf_alphas=21.1738
RooFit::Detail::RooFixedProdPdf::model_s[ ]
     getLogVal() top-level p.d.f not greater than zero @ !servers=(modelObs_s = 0)

Point 28/240 r = -4.25
Point 89/240 r = 24.75
Point 70/240 r = 15.25
Point 209/240 r = 84.75
Point 41/240 r = 0.75
Point 231/240 r = 95.75
Point 162/240 r = 61.25
Point 71/240 r = 15.75
Point 172/240 r = 66.25
Point 139/240 r = 49.75
Point 83/240 r = 21.75
Point 126/240 r = 43.25
Point 103/240 r = 31.75
RooAbsMinimizerFcn: Minimized function has error status.
Returning maximum FCN so far (851.454) to force MIGRAD to back out of this region. Error log follows.
Parameter values: 	CMS_NPS26009_LightJetStat_DY_BJetOS_2016postVFP=-1.20351	CMS_NPS26009_LightJetStat_DY_BJetOS_2016preVFP=-1.70648	CMS_NPS26009_LightJetStat_DY_BJetOS_2017=-1.52689	CMS_NPS26009_LightJetStat_DY_BJetOS_2018=-2.70009	CMS_NPS26009_LightJetStat_DY_BJetOS_2022=-0.307953	CMS_NPS26009_LightJetStat_DY_BJetOS_2022EE=-0.48589	CMS_NPS26009_LightJetStat_DY_BJetOS_2023=-0.422219	CMS_NPS26009_LightJetStat_DY_BJetOS_2023BPix=-0.264657	CMS_NPS26009_MCstat_other_BJetOS_2016postVFP=-0.782526	CMS_NPS26009_MCstat_other_BJetOS_2016preVFP=-0.507632	CMS_NPS26009_MCstat_other_BJetOS_2017=-0.497945	CMS_NPS26009_MCstat_other_BJetOS_2018=-0.642637	CMS_NPS26009_MCstat_other_BJetOS_2022=-0.135884	CMS_NPS26009_MCstat_other_BJetOS_2022EE=-0.199469	CMS_NPS26009_MCstat_other_BJetOS_2023=-0.14051	CMS_NPS26009_MCstat_other_BJetOS_2023BPix=-0.396174	CMS_NPS26009_MCstat_signal_BJetOS_2016postVFP=-0.557261	CMS_NPS26009_MCstat_signal_BJetOS_2016preVFP=-0.670575	CMS_NPS26009_MCstat_signal_BJetOS_2017=-1.24822	CMS_NPS26009_MCstat_signal_BJetOS_2018=-2.01503	CMS_NPS26009_MCstat_signal_BJetOS_2022=-0.173958	CMS_NPS26009_MCstat_signal_BJetOS_2022EE=-0.592269	CMS_NPS26009_MCstat_signal_BJetOS_2023=-0.486113	CMS_NPS26009_MCstat_signal_BJetOS_2023BPix=-0.292353	CMS_NPS26009_MCstat_singleTop_BJetOS_2016postVFP=-0.281006	CMS_NPS26009_MCstat_singleTop_BJetOS_2016preVFP=-0.400164	CMS_NPS26009_MCstat_singleTop_BJetOS_2017=-0.402088	CMS_NPS26009_MCstat_singleTop_BJetOS_2018=-0.570962	CMS_NPS26009_MCstat_singleTop_BJetOS_2022=-0.197012	CMS_NPS26009_MCstat_singleTop_BJetOS_2022EE=-0.331319	CMS_NPS26009_MCstat_singleTop_BJetOS_2023=-0.23382	CMS_NPS26009_MCstat_singleTop_BJetOS_2023BPix=-0.095117	CMS_NPS26009_MCstat_ttbar_BJetOS_2016postVFP=-0.858951	CMS_NPS26009_MCstat_ttbar_BJetOS_2016preVFP=-1.07692	CMS_NPS26009_MCstat_ttbar_BJetOS_2017=-1.24065	CMS_NPS26009_MCstat_ttbar_BJetOS_2018=-1.65545	CMS_NPS26009_MCstat_ttbar_BJetOS_2022=-0.526221	CMS_NPS26009_MCstat_ttbar_BJetOS_2022EE=-0.889291	CMS_NPS26009_MCstat_ttbar_BJetOS_2023=-0.856052	CMS_NPS26009_MCstat_ttbar_BJetOS_2023BPix=-0.731733	CMS_NPS26009_NFModel_DY_BJetOS_13TeV=-3.84806	CMS_NPS26009_NFModel_DY_BJetOS_13p6TeV=-3.51111	CMS_NPS26009_NFStat_DY_BJetOS_2016postVFP=0.0672616	CMS_NPS26009_NFStat_DY_BJetOS_2016preVFP=0.0793312	CMS_NPS26009_NFStat_DY_BJetOS_2017=0.0641582	CMS_NPS26009_NFStat_DY_BJetOS_2018=0.0813452	CMS_NPS26009_NFStat_DY_BJetOS_2022=0.0597107	CMS_NPS26009_NFStat_DY_BJetOS_2022EE=0.0624056	CMS_NPS26009_NFStat_DY_BJetOS_2023=0.0617649	CMS_NPS26009_NFStat_DY_BJetOS_2023BPix=0.0567871	CMS_NPS26009_QCDscale_fac_singleTop=-0.439364	CMS_NPS26009_QCDscale_ren_singleTop=2.09861	CMS_NPS26009_bckgNorm_QCD_BJetOS_2016postVFP=-0.00362525	CMS_NPS26009_bckgNorm_QCD_BJetOS_2016preVFP=-0.700807	CMS_NPS26009_bckgNorm_QCD_BJetOS_2017=-1.40091	CMS_NPS26009_bckgNorm_QCD_BJetOS_2018=-1.7051	CMS_NPS26009_bckgNorm_QCD_BJetOS_2022=-0.132946	CMS_NPS26009_bckgNorm_QCD_BJetOS_2022EE=-0.0276013	CMS_NPS26009_bckgNorm_QCD_BJetOS_2023=-1.05457	CMS_NPS26009_bckgNorm_QCD_BJetOS_2023BPix=-0.301075	CMS_NPS26009_bckgShape_QCD_BJetOS_2016postVFP=9.43927	CMS_NPS26009_bckgShape_QCD_BJetOS_2016preVFP=-11.6603	CMS_NPS26009_bckgShape_QCD_BJetOS_2017=-10.7617	CMS_NPS26009_bckgShape_QCD_BJetOS_2018=1.18326	CMS_NPS26009_bckgShape_QCD_BJetOS_2022=1.33489	CMS_NPS26009_bckgShape_QCD_BJetOS_2022EE=-12.6032	CMS_NPS26009_bckgShape_QCD_BJetOS_2023=-27.6461	CMS_NPS26009_bckgShape_QCD_BJetOS_2023BPix=2.15237	CMS_NPS26009_btag_fixedWP_comb_bc_correlated_13TeV=-13.5038	CMS_NPS26009_btag_fixedWP_comb_bc_correlated_13p6TeV=-5.24487	CMS_NPS26009_btag_fixedWP_incl_light_correlated_13TeV=-1.96926	CMS_NPS26009_btag_fixedWP_incl_light_correlated_13p6TeV=-0.649343	CMS_NPS26009_eff_m_id_Run2=-0.887198	CMS_NPS26009_eff_m_id_Run3=-0.439151	CMS_NPS26009_eff_m_trigger_2016postVFP=-0.22312	CMS_NPS26009_eff_m_trigger_2016preVFP=-0.415469	CMS_NPS26009_eff_m_trigger_2017=-0.470059	CMS_NPS26009_eff_m_trigger_2018=-0.619266	CMS_NPS26009_eff_m_trigger_2022=-0.0862425	CMS_NPS26009_eff_m_trigger_2022EE=-0.154743	CMS_NPS26009_eff_m_trigger_2023=-0.13817	CMS_NPS26009_eff_m_trigger_2023BPix=-0.107906	CMS_NPS26009_lumi_2016=-2.62648	CMS_NPS26009_lumi_2017=-4.3922	CMS_NPS26009_lumi_2018=-6.33549	CMS_NPS26009_lumi_2022=-1.85211	CMS_NPS26009_lumi_2023=-1.37715	CMS_NPS26009_pdf_NNPDF31=-7.85992	CMS_NPS26009_topmass_ttbar_BJetOS=-7.88842	CMS_btag_fixedWP_comb_bc_uncorrelated_2016postVFP=-1.24081	CMS_btag_fixedWP_comb_bc_uncorrelated_2016preVFP=-1.54771	CMS_btag_fixedWP_comb_bc_uncorrelated_2017=-4.72459	CMS_btag_fixedWP_comb_bc_uncorrelated_2018=-3.71443	CMS_btag_fixedWP_comb_bc_uncorrelated_2022=-0.58358	CMS_btag_fixedWP_comb_bc_uncorrelated_2022EE=-1.30933	CMS_btag_fixedWP_comb_bc_uncorrelated_2023=-1.65385	CMS_btag_fixedWP_comb_bc_uncorrelated_2023BPix=-1.06513	CMS_btag_fixedWP_incl_light_uncorrelated_2016postVFP=-0.177265	CMS_btag_fixedWP_incl_light_uncorrelated_2016preVFP=-0.143029	CMS_btag_fixedWP_incl_light_uncorrelated_2017=-0.281749	CMS_btag_fixedWP_incl_light_uncorrelated_2018=-0.459585	CMS_btag_fixedWP_incl_light_uncorrelated_2022=-0.0312912	CMS_btag_fixedWP_incl_light_uncorrelated_2022EE=-0.119161	CMS_btag_fixedWP_incl_light_uncorrelated_2023=-0.0700817	CMS_btag_fixedWP_incl_light_uncorrelated_2023BPix=-0.0438356	CMS_l1_prefiring_2016postVFP=1.13187	CMS_l1_prefiring_2016preVFP=1.33722	CMS_l1_prefiring_2017=1.88546	CMS_l1_prefiring_2018=0.717951	CMS_pileup_13TeV=1.75942	CMS_pileup_13p6TeV=0.466374	CMS_res_j_2016postVFP=-0.0279084	CMS_res_j_2016preVFP=0.00553353	CMS_res_j_2017=0.0915463	CMS_res_j_2018=-0.0851486	CMS_res_j_2022=0.0161734	CMS_res_j_2022EE=0.104966	CMS_res_j_2023=0.0624975	CMS_res_j_2023BPix=0.0656769	CMS_scale_j_2016postVFP=-0.428333	CMS_scale_j_2016preVFP=-0.292563	CMS_scale_j_2017=-3.26217	CMS_scale_j_2018=-2975.88	CMS_scale_j_2022=-0.183431	CMS_scale_j_2022EE=-0.773967	CMS_scale_j_2023=-0.299298	CMS_scale_j_2023BPix=-0.259904	CMS_scale_m_13TeV=-0.496169	CMS_scale_m_13p6TeV=-0.149564	QCDscale_fac_ttbar=0.542591	QCDscale_ren_ttbar=1.92561	pdf_alphas=-2.69295
RooFit::Detail::RooFixedProdPdf::model_s[ ]
     getLogVal() top-level p.d.f not greater than zero @ !servers=(modelObs_s = 0)

Point 19/240 r = -11.75
Point 197/240 r = 78.75
Point 52/240 r = 6.25
Point 5/240 r = -16.75
Point 184/240 r = 72.25
Point 29/240 r = -4.75
RooAbsMinimizerFcn: Minimized function has error status.
Returning maximum FCN so far (750.792) to force MIGRAD to back out of this region. Error log follows.
Parameter values: 	CMS_NPS26009_LightJetStat_DY_BJetOS_2016postVFP=0.419511	CMS_NPS26009_LightJetStat_DY_BJetOS_2016preVFP=0.55134	CMS_NPS26009_LightJetStat_DY_BJetOS_2017=0.685839	CMS_NPS26009_LightJetStat_DY_BJetOS_2018=0.906705	CMS_NPS26009_LightJetStat_DY_BJetOS_2022=0.11404	CMS_NPS26009_LightJetStat_DY_BJetOS_2022EE=0.229534	CMS_NPS26009_LightJetStat_DY_BJetOS_2023=0.230405	CMS_NPS26009_LightJetStat_DY_BJetOS_2023BPix=0.177482	CMS_NPS26009_MCstat_other_BJetOS_2016postVFP=0.821292	CMS_NPS26009_MCstat_other_BJetOS_2016preVFP=0.0955635	CMS_NPS26009_MCstat_other_BJetOS_2017=0.126379	CMS_NPS26009_MCstat_other_BJetOS_2018=0.158412	CMS_NPS26009_MCstat_other_BJetOS_2022=0.0400656	CMS_NPS26009_MCstat_other_BJetOS_2022EE=0.0554405	CMS_NPS26009_MCstat_other_BJetOS_2023=0.0478619	CMS_NPS26009_MCstat_other_BJetOS_2023BPix=0.0874282	CMS_NPS26009_MCstat_signal_BJetOS_2016postVFP=-0.0566797	CMS_NPS26009_MCstat_signal_BJetOS_2016preVFP=-0.0685496	CMS_NPS26009_MCstat_signal_BJetOS_2017=-0.13704	CMS_NPS26009_MCstat_signal_BJetOS_2018=-0.196026	CMS_NPS26009_MCstat_signal_BJetOS_2022=-0.0152226	CMS_NPS26009_MCstat_signal_BJetOS_2022EE=-0.0536921	CMS_NPS26009_MCstat_signal_BJetOS_2023=-0.0498364	CMS_NPS26009_MCstat_signal_BJetOS_2023BPix=-0.0326973	CMS_NPS26009_MCstat_singleTop_BJetOS_2016postVFP=0.125239	CMS_NPS26009_MCstat_singleTop_BJetOS_2016preVFP=0.161657	CMS_NPS26009_MCstat_singleTop_BJetOS_2017=0.191774	CMS_NPS26009_MCstat_singleTop_BJetOS_2018=0.236173	CMS_NPS26009_MCstat_singleTop_BJetOS_2022=0.0635999	CMS_NPS26009_MCstat_singleTop_BJetOS_2022EE=0.119899	CMS_NPS26009_MCstat_singleTop_BJetOS_2023=0.101237	CMS_NPS26009_MCstat_singleTop_BJetOS_2023BPix=0.0528674	CMS_NPS26009_MCstat_ttbar_BJetOS_2016postVFP=0.33505	CMS_NPS26009_MCstat_ttbar_BJetOS_2016preVFP=0.424083	CMS_NPS26009_MCstat_ttbar_BJetOS_2017=0.524667	CMS_NPS26009_MCstat_ttbar_BJetOS_2018=0.637991	CMS_NPS26009_MCstat_ttbar_BJetOS_2022=0.174492	CMS_NPS26009_MCstat_ttbar_BJetOS_2022EE=0.312285	CMS_NPS26009_MCstat_ttbar_BJetOS_2023=0.327886	CMS_NPS26009_MCstat_ttbar_BJetOS_2023BPix=0.295263	CMS_NPS26009_NFModel_DY_BJetOS_13TeV=0.858012	CMS_NPS26009_NFModel_DY_BJetOS_13p6TeV=0.77784	CMS_NPS26009_NFStat_DY_BJetOS_2016postVFP=0.117575	CMS_NPS26009_NFStat_DY_BJetOS_2016preVFP=0.160636	CMS_NPS26009_NFStat_DY_BJetOS_2017=0.122224	CMS_NPS26009_NFStat_DY_BJetOS_2018=0.142927	CMS_NPS26009_NFStat_DY_BJetOS_2022=0.0733382	CMS_NPS26009_NFStat_DY_BJetOS_2022EE=0.0789284	CMS_NPS26009_NFStat_DY_BJetOS_2023=0.0802762	CMS_NPS26009_NFStat_DY_BJetOS_2023BPix=0.0706874	CMS_NPS26009_QCDscale_fac_singleTop=0.0578393	CMS_NPS26009_QCDscale_ren_singleTop=-0.555388	CMS_NPS26009_bckgNorm_QCD_BJetOS_2016postVFP=0.00146205	CMS_NPS26009_bckgNorm_QCD_BJetOS_2016preVFP=0.335407	CMS_NPS26009_bckgNorm_QCD_BJetOS_2017=0.771018	CMS_NPS26009_bckgNorm_QCD_BJetOS_2018=0.820707	CMS_NPS26009_bckgNorm_QCD_BJetOS_2022=0.048097	CMS_NPS26009_bckgNorm_QCD_BJetOS_2022EE=0.0100642	CMS_NPS26009_bckgNorm_QCD_BJetOS_2023=0.7713	CMS_NPS26009_bckgNorm_QCD_BJetOS_2023BPix=0.145331	CMS_NPS26009_bckgShape_QCD_BJetOS_2016postVFP=16.9264	CMS_NPS26009_bckgShape_QCD_BJetOS_2016preVFP=23.6406	CMS_NPS26009_bckgShape_QCD_BJetOS_2017=67.0305	CMS_NPS26009_bckgShape_QCD_BJetOS_2018=102.594	CMS_NPS26009_bckgShape_QCD_BJetOS_2022=2.33024	CMS_NPS26009_bckgShape_QCD_BJetOS_2022EE=8.02004	CMS_NPS26009_bckgShape_QCD_BJetOS_2023=28.8005	CMS_NPS26009_bckgShape_QCD_BJetOS_2023BPix=5.95857	CMS_NPS26009_btag_fixedWP_comb_bc_correlated_13TeV=1.59498	CMS_NPS26009_btag_fixedWP_comb_bc_correlated_13p6TeV=0.902596	CMS_NPS26009_btag_fixedWP_incl_light_correlated_13TeV=0.67687	CMS_NPS26009_btag_fixedWP_incl_light_correlated_13p6TeV=0.232106	CMS_NPS26009_eff_m_id_Run2=0.123798	CMS_NPS26009_eff_m_id_Run3=0.0772396	CMS_NPS26009_eff_m_trigger_2016postVFP=0.0333387	CMS_NPS26009_eff_m_trigger_2016preVFP=0.0536964	CMS_NPS26009_eff_m_trigger_2017=0.0681364	CMS_NPS26009_eff_m_trigger_2018=0.084135	CMS_NPS26009_eff_m_trigger_2022=0.0162733	CMS_NPS26009_eff_m_trigger_2022EE=0.0292702	CMS_NPS26009_eff_m_trigger_2023=0.0237985	CMS_NPS26009_eff_m_trigger_2023BPix=0.0184314	CMS_NPS26009_lumi_2016=0.453763	CMS_NPS26009_lumi_2017=0.944182	CMS_NPS26009_lumi_2018=1.41381	CMS_NPS26009_lumi_2022=0.395615	CMS_NPS26009_lumi_2023=0.274575	CMS_NPS26009_pdf_NNPDF31=2.13136	CMS_NPS26009_topmass_ttbar_BJetOS=3.72529	CMS_btag_fixedWP_comb_bc_uncorrelated_2016postVFP=0.215584	CMS_btag_fixedWP_comb_bc_uncorrelated_2016preVFP=0.251769	CMS_btag_fixedWP_comb_bc_uncorrelated_2017=0.688229	CMS_btag_fixedWP_comb_bc_uncorrelated_2018=0.570938	CMS_btag_fixedWP_comb_bc_uncorrelated_2022=0.126006	CMS_btag_fixedWP_comb_bc_uncorrelated_2022EE=0.299911	CMS_btag_fixedWP_comb_bc_uncorrelated_2023=0.291961	CMS_btag_fixedWP_comb_bc_uncorrelated_2023BPix=0.19556	CMS_btag_fixedWP_incl_light_uncorrelated_2016postVFP=0.0622827	CMS_btag_fixedWP_incl_light_uncorrelated_2016preVFP=0.0523856	CMS_btag_fixedWP_incl_light_uncorrelated_2017=0.103722	CMS_btag_fixedWP_incl_light_uncorrelated_2018=0.156789	CMS_btag_fixedWP_incl_light_uncorrelated_2022=0.00986	CMS_btag_fixedWP_incl_light_uncorrelated_2022EE=0.0390116	CMS_btag_fixedWP_incl_light_uncorrelated_2023=0.0277473	CMS_btag_fixedWP_incl_light_uncorrelated_2023BPix=0.0166587	CMS_l1_prefiring_2016postVFP=-0.1928	CMS_l1_prefiring_2016preVFP=-0.192738	CMS_l1_prefiring_2017=-0.328221	CMS_l1_prefiring_2018=-0.103364	CMS_pileup_13TeV=-0.197371	CMS_pileup_13p6TeV=-0.450148	CMS_res_j_2016postVFP=0.00367388	CMS_res_j_2016preVFP=-0.000164524	CMS_res_j_2017=-0.0432428	CMS_res_j_2018=-0.0213316	CMS_res_j_2022=-0.00561581	CMS_res_j_2022EE=-0.0141674	CMS_res_j_2023=-0.0148021	CMS_res_j_2023BPix=-0.0212614	CMS_scale_j_2016postVFP=0.0545559	CMS_scale_j_2016preVFP=0.0551078	CMS_scale_j_2017=0.168954	CMS_scale_j_2018=0.253035	CMS_scale_j_2022=0.0482767	CMS_scale_j_2022EE=0.183055	CMS_scale_j_2023=0.200991	CMS_scale_j_2023BPix=0.063255	CMS_scale_m_13TeV=0.283307	CMS_scale_m_13p6TeV=0.104198	QCDscale_fac_ttbar=-4.1354	QCDscale_ren_ttbar=-5.00661	pdf_alphas=28.166
RooFit::Detail::RooFixedProdPdf::model_s[ ]
     getLogVal() top-level p.d.f not greater than zero @ !servers=(modelObs_s = 0)

Point 222/240 r = 91.25
Point 53/240 r = 6.75
Point 112/240 r = 36.25
Point 42/240 r = 1.25
Point 90/240 r = 25.25
Point 151/240 r = 55.75
Point 54/240 r = 7.25
Point 55/240 r = 7.75
Point 232/240 r = 96.25
Point 210/240 r = 85.25
Point 163/240 r = 61.75
Point 173/240 r = 66.75
Point 56/240 r = 8.25
Point 30/240 r = -5.25
Point 104/240 r = 32.25
Point 140/240 r = 50.25
Point 20/240 r = -12.25
Point 6/240 r = -17.25
RooAbsMinimizerFcn: Minimized function has error status.
Returning maximum FCN so far (750.792) to force MIGRAD to back out of this region. Error log follows.
Parameter values: 	CMS_NPS26009_LightJetStat_DY_BJetOS_2016postVFP=0.435105	CMS_NPS26009_LightJetStat_DY_BJetOS_2016preVFP=0.571458	CMS_NPS26009_LightJetStat_DY_BJetOS_2017=0.711277	CMS_NPS26009_LightJetStat_DY_BJetOS_2018=0.940036	CMS_NPS26009_LightJetStat_DY_BJetOS_2022=0.118498	CMS_NPS26009_LightJetStat_DY_BJetOS_2022EE=0.238622	CMS_NPS26009_LightJetStat_DY_BJetOS_2023=0.239362	CMS_NPS26009_LightJetStat_DY_BJetOS_2023BPix=0.184495	CMS_NPS26009_MCstat_other_BJetOS_2016postVFP=0.867763	CMS_NPS26009_MCstat_other_BJetOS_2016preVFP=0.0987942	CMS_NPS26009_MCstat_other_BJetOS_2017=0.130918	CMS_NPS26009_MCstat_other_BJetOS_2018=0.163906	CMS_NPS26009_MCstat_other_BJetOS_2022=0.0416051	CMS_NPS26009_MCstat_other_BJetOS_2022EE=0.0575463	CMS_NPS26009_MCstat_other_BJetOS_2023=0.0496844	CMS_NPS26009_MCstat_other_BJetOS_2023BPix=0.0904271	CMS_NPS26009_MCstat_signal_BJetOS_2016postVFP=-0.0606634	CMS_NPS26009_MCstat_signal_BJetOS_2016preVFP=-0.0733831	CMS_NPS26009_MCstat_signal_BJetOS_2017=-0.146684	CMS_NPS26009_MCstat_signal_BJetOS_2018=-0.209837	CMS_NPS26009_MCstat_signal_BJetOS_2022=-0.0163054	CMS_NPS26009_MCstat_signal_BJetOS_2022EE=-0.0575475	CMS_NPS26009_MCstat_signal_BJetOS_2023=-0.0533897	CMS_NPS26009_MCstat_signal_BJetOS_2023BPix=-0.0350522	CMS_NPS26009_MCstat_singleTop_BJetOS_2016postVFP=0.129982	CMS_NPS26009_MCstat_singleTop_BJetOS_2016preVFP=0.167737	CMS_NPS26009_MCstat_singleTop_BJetOS_2017=0.199042	CMS_NPS26009_MCstat_singleTop_BJetOS_2018=0.245101	CMS_NPS26009_MCstat_singleTop_BJetOS_2022=0.0660021	CMS_NPS26009_MCstat_singleTop_BJetOS_2022EE=0.124495	CMS_NPS26009_MCstat_singleTop_BJetOS_2023=0.105154	CMS_NPS26009_MCstat_singleTop_BJetOS_2023BPix=0.0549842	CMS_NPS26009_MCstat_ttbar_BJetOS_2016postVFP=0.347878	CMS_NPS26009_MCstat_ttbar_BJetOS_2016preVFP=0.440287	CMS_NPS26009_MCstat_ttbar_BJetOS_2017=0.544783	CMS_NPS26009_MCstat_ttbar_BJetOS_2018=0.662442	CMS_NPS26009_MCstat_ttbar_BJetOS_2022=0.181339	CMS_NPS26009_MCstat_ttbar_BJetOS_2022EE=0.324746	CMS_NPS26009_MCstat_ttbar_BJetOS_2023=0.34063	CMS_NPS26009_MCstat_ttbar_BJetOS_2023BPix=0.306805	CMS_NPS26009_NFModel_DY_BJetOS_13TeV=0.872566	CMS_NPS26009_NFModel_DY_BJetOS_13p6TeV=0.793601	CMS_NPS26009_NFStat_DY_BJetOS_2016postVFP=0.118007	CMS_NPS26009_NFStat_DY_BJetOS_2016preVFP=0.161308	CMS_NPS26009_NFStat_DY_BJetOS_2017=0.122763	CMS_NPS26009_NFStat_DY_BJetOS_2018=0.143563	CMS_NPS26009_NFStat_DY_BJetOS_2022=0.0734822	CMS_NPS26009_NFStat_DY_BJetOS_2022EE=0.0791279	CMS_NPS26009_NFStat_DY_BJetOS_2023=0.080511	CMS_NPS26009_NFStat_DY_BJetOS_2023BPix=0.0708947	CMS_NPS26009_QCDscale_fac_singleTop=0.0590677	CMS_NPS26009_QCDscale_ren_singleTop=-0.568587	CMS_NPS26009_bckgNorm_QCD_BJetOS_2016postVFP=0.00151936	CMS_NPS26009_bckgNorm_QCD_BJetOS_2016preVFP=0.349257	CMS_NPS26009_bckgNorm_QCD_BJetOS_2017=0.803629	CMS_NPS26009_bckgNorm_QCD_BJetOS_2018=0.854754	CMS_NPS26009_bckgNorm_QCD_BJetOS_2022=0.0500444	CMS_NPS26009_bckgNorm_QCD_BJetOS_2022EE=0.0104735	CMS_NPS26009_bckgNorm_QCD_BJetOS_2023=0.809315	CMS_NPS26009_bckgNorm_QCD_BJetOS_2023BPix=0.151428	CMS_NPS26009_bckgShape_QCD_BJetOS_2016postVFP=17.0067	CMS_NPS26009_bckgShape_QCD_BJetOS_2016preVFP=23.9781	CMS_NPS26009_bckgShape_QCD_BJetOS_2017=67.8129	CMS_NPS26009_bckgShape_QCD_BJetOS_2018=103.642	CMS_NPS26009_bckgShape_QCD_BJetOS_2022=2.34033	CMS_NPS26009_bckgShape_QCD_BJetOS_2022EE=8.22217	CMS_NPS26009_bckgShape_QCD_BJetOS_2023=29.2079	CMS_NPS26009_bckgShape_QCD_BJetOS_2023BPix=6.00291	CMS_NPS26009_btag_fixedWP_comb_bc_correlated_13TeV=1.64076	CMS_NPS26009_btag_fixedWP_comb_bc_correlated_13p6TeV=0.933212	CMS_NPS26009_btag_fixedWP_incl_light_correlated_13TeV=0.702306	CMS_NPS26009_btag_fixedWP_incl_light_correlated_13p6TeV=0.241291	CMS_NPS26009_eff_m_id_Run2=0.127086	CMS_NPS26009_eff_m_id_Run3=0.0797368	CMS_NPS26009_eff_m_trigger_2016postVFP=0.0342737	CMS_NPS26009_eff_m_trigger_2016preVFP=0.0550516	CMS_NPS26009_eff_m_trigger_2017=0.0699127	CMS_NPS26009_eff_m_trigger_2018=0.0863765	CMS_NPS26009_eff_m_trigger_2022=0.0168356	CMS_NPS26009_eff_m_trigger_2022EE=0.0302833	CMS_NPS26009_eff_m_trigger_2023=0.02454	CMS_NPS26009_eff_m_trigger_2023BPix=0.0189928	CMS_NPS26009_lumi_2016=0.467296	CMS_NPS26009_lumi_2017=0.973118	CMS_NPS26009_lumi_2018=1.45866	CMS_NPS26009_lumi_2022=0.409774	CMS_NPS26009_lumi_2023=0.283586	CMS_NPS26009_pdf_NNPDF31=2.20532	CMS_NPS26009_topmass_ttbar_BJetOS=3.87485	CMS_btag_fixedWP_comb_bc_uncorrelated_2016postVFP=0.222237	CMS_btag_fixedWP_comb_bc_uncorrelated_2016preVFP=0.25931	CMS_btag_fixedWP_comb_bc_uncorrelated_2017=0.708017	CMS_btag_fixedWP_comb_bc_uncorrelated_2018=0.58792	CMS_btag_fixedWP_comb_bc_uncorrelated_2022=0.130557	CMS_btag_fixedWP_comb_bc_uncorrelated_2022EE=0.310939	CMS_btag_fixedWP_comb_bc_uncorrelated_2023=0.301409	CMS_btag_fixedWP_comb_bc_uncorrelated_2023BPix=0.201871	CMS_btag_fixedWP_incl_light_uncorrelated_2016postVFP=0.0646485	CMS_btag_fixedWP_incl_light_uncorrelated_2016preVFP=0.0543914	CMS_btag_fixedWP_incl_light_uncorrelated_2017=0.107643	CMS_btag_fixedWP_incl_light_uncorrelated_2018=0.162725	CMS_btag_fixedWP_incl_light_uncorrelated_2022=0.0102464	CMS_btag_fixedWP_incl_light_uncorrelated_2022EE=0.0405624	CMS_btag_fixedWP_incl_light_uncorrelated_2023=0.0288476	CMS_btag_fixedWP_incl_light_uncorrelated_2023BPix=0.0173182	CMS_l1_prefiring_2016postVFP=-0.198771	CMS_l1_prefiring_2016preVFP=-0.1983	CMS_l1_prefiring_2017=-0.338135	CMS_l1_prefiring_2018=-0.106347	CMS_pileup_13TeV=-0.202595	CMS_pileup_13p6TeV=-0.475563	CMS_res_j_2016postVFP=0.00375268	CMS_res_j_2016preVFP=-0.000162551	CMS_res_j_2017=-0.0446579	CMS_res_j_2018=-0.0221237	CMS_res_j_2022=-0.00584034	CMS_res_j_2022EE=-0.0146661	CMS_res_j_2023=-0.0152861	CMS_res_j_2023BPix=-0.0220676	CMS_scale_j_2016postVFP=0.0561109	CMS_scale_j_2016preVFP=0.0569384	CMS_scale_j_2017=0.173044	CMS_scale_j_2018=0.257625	CMS_scale_j_2022=0.050094	CMS_scale_j_2022EE=0.189973	CMS_scale_j_2023=0.211212	CMS_scale_j_2023BPix=0.0655658	CMS_scale_m_13TeV=0.297578	CMS_scale_m_13p6TeV=0.109362	QCDscale_fac_ttbar=-4.27229	QCDscale_ren_ttbar=-5.51033	pdf_alphas=40.6872
RooFit::Detail::RooFixedProdPdf::model_s[ ]
     getLogVal() top-level p.d.f not greater than zero @ !servers=(modelObs_s = 0)

Point 127/240 r = 43.75
Point 43/240 r = 1.75
Point 57/240 r = 8.75
Point 185/240 r = 72.75
Point 198/240 r = 79.25
Point 113/240 r = 36.75
Point 91/240 r = 25.75
Point 58/240 r = 9.25
Point 223/240 r = 91.75
Point 152/240 r = 56.25
Point 59/240 r = 9.75
Point 31/240 r = -5.75
Point 233/240 r = 96.75
Point 7/240 r = -17.75
Point 174/240 r = 67.25
Point 211/240 r = 85.75
Point 44/240 r = 2.25
Point 105/240 r = 32.75
Point 164/240 r = 62.25
RooAbsMinimizerFcn: Minimized function has error status.
Returning maximum FCN so far (750.792) to force MIGRAD to back out of this region. Error log follows.
Parameter values: 	CMS_NPS26009_LightJetStat_DY_BJetOS_2016postVFP=0.450786	CMS_NPS26009_LightJetStat_DY_BJetOS_2016preVFP=0.591666	CMS_NPS26009_LightJetStat_DY_BJetOS_2017=0.736864	CMS_NPS26009_LightJetStat_DY_BJetOS_2018=0.973526	CMS_NPS26009_LightJetStat_DY_BJetOS_2022=0.122981	CMS_NPS26009_LightJetStat_DY_BJetOS_2022EE=0.247758	CMS_NPS26009_LightJetStat_DY_BJetOS_2023=0.248378	CMS_NPS26009_LightJetStat_DY_BJetOS_2023BPix=0.191564	CMS_NPS26009_MCstat_other_BJetOS_2016postVFP=0.916278	CMS_NPS26009_MCstat_other_BJetOS_2016preVFP=0.102023	CMS_NPS26009_MCstat_other_BJetOS_2017=0.135474	CMS_NPS26009_MCstat_other_BJetOS_2018=0.169405	CMS_NPS26009_MCstat_other_BJetOS_2022=0.0431511	CMS_NPS26009_MCstat_other_BJetOS_2022EE=0.0596568	CMS_NPS26009_MCstat_other_BJetOS_2023=0.0515162	CMS_NPS26009_MCstat_other_BJetOS_2023BPix=0.09342	CMS_NPS26009_MCstat_signal_BJetOS_2016postVFP=-0.064803	CMS_NPS26009_MCstat_signal_BJetOS_2016preVFP=-0.0784083	CMS_NPS26009_MCstat_signal_BJetOS_2017=-0.15671	CMS_NPS26009_MCstat_signal_BJetOS_2018=-0.224194	CMS_NPS26009_MCstat_signal_BJetOS_2022=-0.0174294	CMS_NPS26009_MCstat_signal_BJetOS_2022EE=-0.0615512	CMS_NPS26009_MCstat_signal_BJetOS_2023=-0.0570827	CMS_NPS26009_MCstat_signal_BJetOS_2023BPix=-0.0375027	CMS_NPS26009_MCstat_singleTop_BJetOS_2016postVFP=0.134758	CMS_NPS26009_MCstat_singleTop_BJetOS_2016preVFP=0.173858	CMS_NPS26009_MCstat_singleTop_BJetOS_2017=0.206365	CMS_NPS26009_MCstat_singleTop_BJetOS_2018=0.25409	CMS_NPS26009_MCstat_singleTop_BJetOS_2022=0.0684115	CMS_NPS26009_MCstat_singleTop_BJetOS_2022EE=0.129105	CMS_NPS26009_MCstat_singleTop_BJetOS_2023=0.109096	CMS_NPS26009_MCstat_singleTop_BJetOS_2023BPix=0.0571203	CMS_NPS26009_MCstat_ttbar_BJetOS_2016postVFP=0.360806	CMS_NPS26009_MCstat_ttbar_BJetOS_2016preVFP=0.45662	CMS_NPS26009_MCstat_ttbar_BJetOS_2017=0.565067	CMS_NPS26009_MCstat_ttbar_BJetOS_2018=0.687085	CMS_NPS26009_MCstat_ttbar_BJetOS_2022=0.188226	CMS_NPS26009_MCstat_ttbar_BJetOS_2022EE=0.337281	CMS_NPS26009_MCstat_ttbar_BJetOS_2023=0.353458	CMS_NPS26009_MCstat_ttbar_BJetOS_2023BPix=0.318432	CMS_NPS26009_NFModel_DY_BJetOS_13TeV=0.886623	CMS_NPS26009_NFModel_DY_BJetOS_13p6TeV=0.808877	CMS_NPS26009_NFStat_DY_BJetOS_2016postVFP=0.118438	CMS_NPS26009_NFStat_DY_BJetOS_2016preVFP=0.161978	CMS_NPS26009_NFStat_DY_BJetOS_2017=0.123298	CMS_NPS26009_NFStat_DY_BJetOS_2018=0.144193	CMS_NPS26009_NFStat_DY_BJetOS_2022=0.0736269	CMS_NPS26009_NFStat_DY_BJetOS_2022EE=0.0793282	CMS_NPS26009_NFStat_DY_BJetOS_2023=0.0807467	CMS_NPS26009_NFStat_DY_BJetOS_2023BPix=0.0711032	CMS_NPS26009_QCDscale_fac_singleTop=0.0602653	CMS_NPS26009_QCDscale_ren_singleTop=-0.581513	CMS_NPS26009_bckgNorm_QCD_BJetOS_2016postVFP=0.00157722	CMS_NPS26009_bckgNorm_QCD_BJetOS_2016preVFP=0.363301	CMS_NPS26009_bckgNorm_QCD_BJetOS_2017=0.836765	CMS_NPS26009_bckgNorm_QCD_BJetOS_2018=0.889279	CMS_NPS26009_bckgNorm_QCD_BJetOS_2022=0.0520079	CMS_NPS26009_bckgNorm_QCD_BJetOS_2022EE=0.0108858	CMS_NPS26009_bckgNorm_QCD_BJetOS_2023=0.848351	CMS_NPS26009_bckgNorm_QCD_BJetOS_2023BPix=0.157605	CMS_NPS26009_bckgShape_QCD_BJetOS_2016postVFP=17.0877	CMS_NPS26009_bckgShape_QCD_BJetOS_2016preVFP=24.3162	CMS_NPS26009_bckgShape_QCD_BJetOS_2017=68.5933	CMS_NPS26009_bckgShape_QCD_BJetOS_2018=104.685	CMS_NPS26009_bckgShape_QCD_BJetOS_2022=2.35048	CMS_NPS26009_bckgShape_QCD_BJetOS_2022EE=8.42499	CMS_NPS26009_bckgShape_QCD_BJetOS_2023=29.6135	CMS_NPS26009_bckgShape_QCD_BJetOS_2023BPix=6.0476	CMS_NPS26009_btag_fixedWP_comb_bc_correlated_13TeV=1.68595	CMS_NPS26009_btag_fixedWP_comb_bc_correlated_13p6TeV=0.963689	CMS_NPS26009_btag_fixedWP_incl_light_correlated_13TeV=0.727915	CMS_NPS26009_btag_fixedWP_incl_light_correlated_13p6TeV=0.25054	CMS_NPS26009_eff_m_id_Run2=0.130302	CMS_NPS26009_eff_m_id_Run3=0.0822122	CMS_NPS26009_eff_m_trigger_2016postVFP=0.035193	CMS_NPS26009_eff_m_trigger_2016preVFP=0.0563704	CMS_NPS26009_eff_m_trigger_2017=0.0716477	CMS_NPS26009_eff_m_trigger_2018=0.0885693	CMS_NPS26009_eff_m_trigger_2022=0.0173957	CMS_NPS26009_eff_m_trigger_2022EE=0.0312913	CMS_NPS26009_eff_m_trigger_2023=0.0252735	CMS_NPS26009_eff_m_trigger_2023BPix=0.0195472	CMS_NPS26009_lumi_2016=0.480675	CMS_NPS26009_lumi_2017=1.00178	CMS_NPS26009_lumi_2018=1.50319	CMS_NPS26009_lumi_2022=0.423905	CMS_NPS26009_lumi_2023=0.292539	CMS_NPS26009_pdf_NNPDF31=2.27929	CMS_NPS26009_topmass_ttbar_BJetOS=4.02591	CMS_btag_fixedWP_comb_bc_uncorrelated_2016postVFP=0.228835	CMS_btag_fixedWP_comb_bc_uncorrelated_2016preVFP=0.266772	CMS_btag_fixedWP_comb_bc_uncorrelated_2017=0.727545	CMS_btag_fixedWP_comb_bc_uncorrelated_2018=0.604712	CMS_btag_fixedWP_comb_bc_uncorrelated_2022=0.135107	CMS_btag_fixedWP_comb_bc_uncorrelated_2022EE=0.321967	CMS_btag_fixedWP_comb_bc_uncorrelated_2023=0.310789	CMS_btag_fixedWP_comb_bc_uncorrelated_2023BPix=0.208136	CMS_btag_fixedWP_incl_light_uncorrelated_2016postVFP=0.0670319	CMS_btag_fixedWP_incl_light_uncorrelated_2016preVFP=0.0564139	CMS_btag_fixedWP_incl_light_uncorrelated_2017=0.111593	CMS_btag_fixedWP_incl_light_uncorrelated_2018=0.168706	CMS_btag_fixedWP_incl_light_uncorrelated_2022=0.010635	CMS_btag_fixedWP_incl_light_uncorrelated_2022EE=0.0421223	CMS_btag_fixedWP_incl_light_uncorrelated_2023=0.0299569	CMS_btag_fixedWP_incl_light_uncorrelated_2023BPix=0.0179834	CMS_l1_prefiring_2016postVFP=-0.204695	CMS_l1_prefiring_2016preVFP=-0.203788	CMS_l1_prefiring_2017=-0.347958	CMS_l1_prefiring_2018=-0.109288	CMS_pileup_13TeV=-0.207744	CMS_pileup_13p6TeV=-0.501989	CMS_res_j_2016postVFP=0.00382767	CMS_res_j_2016preVFP=-0.000159972	CMS_res_j_2017=-0.0460664	CMS_res_j_2018=-0.0229188	CMS_res_j_2022=-0.00606651	CMS_res_j_2022EE=-0.0151635	CMS_res_j_2023=-0.0157664	CMS_res_j_2023BPix=-0.0228782	CMS_scale_j_2016postVFP=0.0576452	CMS_scale_j_2016preVFP=0.0587663	CMS_scale_j_2017=0.177036	CMS_scale_j_2018=0.262015	CMS_scale_j_2022=0.0519166	CMS_scale_j_2022EE=0.196907	CMS_scale_j_2023=0.221751	CMS_scale_j_2023BPix=0.0678837	CMS_scale_m_13TeV=0.312337	CMS_scale_m_13p6TeV=0.114666	QCDscale_fac_ttbar=-4.40995	QCDscale_ren_ttbar=-6.08145	pdf_alphas=69.605
RooFit::Detail::RooFixedProdPdf::model_s[ ]
     getLogVal() top-level p.d.f not greater than zero @ !servers=(modelObs_s = 0)

Point 21/240 r = -12.75
Point 141/240 r = 50.75
Point 186/240 r = 73.25
Point 128/240 r = 44.25
Point 92/240 r = 26.25
Point 114/240 r = 37.25
Point 199/240 r = 79.75
Point 153/240 r = 56.75
Point 129/240 r = 44.75
Point 224/240 r = 92.25
Point 32/240 r = -6.25
Point 45/240 r = 2.75
Point 8/240 r = -18.25
RooAbsMinimizerFcn: Minimized function has error status.
Returning maximum FCN so far (750.792) to force MIGRAD to back out of this region. Error log follows.
Parameter values: 	CMS_NPS26009_LightJetStat_DY_BJetOS_2016postVFP=0.466555	CMS_NPS26009_LightJetStat_DY_BJetOS_2016preVFP=0.611966	CMS_NPS26009_LightJetStat_DY_BJetOS_2017=0.762601	CMS_NPS26009_LightJetStat_DY_BJetOS_2018=1.00718	CMS_NPS26009_LightJetStat_DY_BJetOS_2022=0.127489	CMS_NPS26009_LightJetStat_DY_BJetOS_2022EE=0.256944	CMS_NPS26009_LightJetStat_DY_BJetOS_2023=0.257453	CMS_NPS26009_LightJetStat_DY_BJetOS_2023BPix=0.198692	CMS_NPS26009_MCstat_other_BJetOS_2016postVFP=0.966974	CMS_NPS26009_MCstat_other_BJetOS_2016preVFP=0.10525	CMS_NPS26009_MCstat_other_BJetOS_2017=0.140047	CMS_NPS26009_MCstat_other_BJetOS_2018=0.174909	CMS_NPS26009_MCstat_other_BJetOS_2022=0.0447036	CMS_NPS26009_MCstat_other_BJetOS_2022EE=0.061772	CMS_NPS26009_MCstat_other_BJetOS_2023=0.0533573	CMS_NPS26009_MCstat_other_BJetOS_2023BPix=0.0964072	CMS_NPS26009_MCstat_signal_BJetOS_2016postVFP=-0.0691008	CMS_NPS26009_MCstat_signal_BJetOS_2016preVFP=-0.0836284	CMS_NPS26009_MCstat_signal_BJetOS_2017=-0.167124	CMS_NPS26009_MCstat_signal_BJetOS_2018=-0.239103	CMS_NPS26009_MCstat_signal_BJetOS_2022=-0.0185952	CMS_NPS26009_MCstat_signal_BJetOS_2022EE=-0.0657049	CMS_NPS26009_MCstat_signal_BJetOS_2023=-0.0609172	CMS_NPS26009_MCstat_signal_BJetOS_2023BPix=-0.0400502	CMS_NPS26009_MCstat_singleTop_BJetOS_2016postVFP=0.139567	CMS_NPS26009_MCstat_singleTop_BJetOS_2016preVFP=0.180021	CMS_NPS26009_MCstat_singleTop_BJetOS_2017=0.213743	CMS_NPS26009_MCstat_singleTop_BJetOS_2018=0.263142	CMS_NPS26009_MCstat_singleTop_BJetOS_2022=0.070828	CMS_NPS26009_MCstat_singleTop_BJetOS_2022EE=0.133729	CMS_NPS26009_MCstat_singleTop_BJetOS_2023=0.113062	CMS_NPS26009_MCstat_singleTop_BJetOS_2023BPix=0.0592762	CMS_NPS26009_MCstat_ttbar_BJetOS_2016postVFP=0.373835	CMS_NPS26009_MCstat_ttbar_BJetOS_2016preVFP=0.473082	CMS_NPS26009_MCstat_ttbar_BJetOS_2017=0.585521	CMS_NPS26009_MCstat_ttbar_BJetOS_2018=0.711922	CMS_NPS26009_MCstat_ttbar_BJetOS_2022=0.195153	CMS_NPS26009_MCstat_ttbar_BJetOS_2022EE=0.34989	CMS_NPS26009_MCstat_ttbar_BJetOS_2023=0.36637	CMS_NPS26009_MCstat_ttbar_BJetOS_2023BPix=0.330143	CMS_NPS26009_NFModel_DY_BJetOS_13TeV=0.900204	CMS_NPS26009_NFModel_DY_BJetOS_13p6TeV=0.823687	CMS_NPS26009_NFStat_DY_BJetOS_2016postVFP=0.118868	CMS_NPS26009_NFStat_DY_BJetOS_2016preVFP=0.162645	CMS_NPS26009_NFStat_DY_BJetOS_2017=0.123828	CMS_NPS26009_NFStat_DY_BJetOS_2018=0.144814	CMS_NPS26009_NFStat_DY_BJetOS_2022=0.0737723	CMS_NPS26009_NFStat_DY_BJetOS_2022EE=0.0795292	CMS_NPS26009_NFStat_DY_BJetOS_2023=0.0809834	CMS_NPS26009_NFStat_DY_BJetOS_2023BPix=0.0713131	CMS_NPS26009_QCDscale_fac_singleTop=0.0614332	CMS_NPS26009_QCDscale_ren_singleTop=-0.594172	CMS_NPS26009_bckgNorm_QCD_BJetOS_2016postVFP=0.00163564	CMS_NPS26009_bckgNorm_QCD_BJetOS_2016preVFP=0.377542	CMS_NPS26009_bckgNorm_QCD_BJetOS_2017=0.870436	CMS_NPS26009_bckgNorm_QCD_BJetOS_2018=0.924291	CMS_NPS26009_bckgNorm_QCD_BJetOS_2022=0.0539876	CMS_NPS26009_bckgNorm_QCD_BJetOS_2022EE=0.0113012	CMS_NPS26009_bckgNorm_QCD_BJetOS_2023=0.888448	CMS_NPS26009_bckgNorm_QCD_BJetOS_2023BPix=0.163862	CMS_NPS26009_bckgShape_QCD_BJetOS_2016postVFP=17.1693	CMS_NPS26009_bckgShape_QCD_BJetOS_2016preVFP=24.6549	CMS_NPS26009_bckgShape_QCD_BJetOS_2017=69.3713	CMS_NPS26009_bckgShape_QCD_BJetOS_2018=105.723	CMS_NPS26009_bckgShape_QCD_BJetOS_2022=2.36071	CMS_NPS26009_bckgShape_QCD_BJetOS_2022EE=8.62847	CMS_NPS26009_bckgShape_QCD_BJetOS_2023=30.0171	CMS_NPS26009_bckgShape_QCD_BJetOS_2023BPix=6.09264	CMS_NPS26009_btag_fixedWP_comb_bc_correlated_13TeV=1.73056	CMS_NPS26009_btag_fixedWP_comb_bc_correlated_13p6TeV=0.994027	CMS_NPS26009_btag_fixedWP_incl_light_correlated_13TeV=0.753701	CMS_NPS26009_btag_fixedWP_incl_light_correlated_13p6TeV=0.259855	CMS_NPS26009_eff_m_id_Run2=0.133445	CMS_NPS26009_eff_m_id_Run3=0.0846655	CMS_NPS26009_eff_m_trigger_2016postVFP=0.0360963	CMS_NPS26009_eff_m_trigger_2016preVFP=0.0576521	CMS_NPS26009_eff_m_trigger_2017=0.0733408	CMS_NPS26009_eff_m_trigger_2018=0.0907125	CMS_NPS26009_eff_m_trigger_2022=0.0179537	CMS_NPS26009_eff_m_trigger_2022EE=0.0322941	CMS_NPS26009_eff_m_trigger_2023=0.0259989	CMS_NPS26009_eff_m_trigger_2023BPix=0.0200944	CMS_NPS26009_lumi_2016=0.493897	CMS_NPS26009_lumi_2017=1.03017	CMS_NPS26009_lumi_2018=1.54737	CMS_NPS26009_lumi_2022=0.438006	CMS_NPS26009_lumi_2023=0.301435	CMS_NPS26009_pdf_NNPDF31=2.35325	CMS_NPS26009_topmass_ttbar_BJetOS=4.17848	CMS_btag_fixedWP_comb_bc_uncorrelated_2016postVFP=0.235377	CMS_btag_fixedWP_comb_bc_uncorrelated_2016preVFP=0.274155	CMS_btag_fixedWP_comb_bc_uncorrelated_2017=0.746812	CMS_btag_fixedWP_comb_bc_uncorrelated_2018=0.621311	CMS_btag_fixedWP_comb_bc_uncorrelated_2022=0.139655	CMS_btag_fixedWP_comb_bc_uncorrelated_2022EE=0.332994	CMS_btag_fixedWP_comb_bc_uncorrelated_2023=0.320102	CMS_btag_fixedWP_comb_bc_uncorrelated_2023BPix=0.214355	CMS_btag_fixedWP_incl_light_uncorrelated_2016postVFP=0.0694332	CMS_btag_fixedWP_incl_light_uncorrelated_2016preVFP=0.0584535	CMS_btag_fixedWP_incl_light_uncorrelated_2017=0.115574	CMS_btag_fixedWP_incl_light_uncorrelated_2018=0.174729	CMS_btag_fixedWP_incl_light_uncorrelated_2022=0.011026	CMS_btag_fixedWP_incl_light_uncorrelated_2022EE=0.0436913	CMS_btag_fixedWP_incl_light_uncorrelated_2023=0.0310753	CMS_btag_fixedWP_incl_light_uncorrelated_2023BPix=0.0186544	CMS_l1_prefiring_2016postVFP=-0.210572	CMS_l1_prefiring_2016preVFP=-0.209201	CMS_l1_prefiring_2017=-0.357687	CMS_l1_prefiring_2018=-0.112188	CMS_pileup_13TeV=-0.21282	CMS_pileup_13p6TeV=-0.529484	CMS_res_j_2016postVFP=0.00389878	CMS_res_j_2016preVFP=-0.000156774	CMS_res_j_2017=-0.0474679	CMS_res_j_2018=-0.0237166	CMS_res_j_2022=-0.00629434	CMS_res_j_2022EE=-0.0156598	CMS_res_j_2023=-0.0162431	CMS_res_j_2023BPix=-0.0236934	CMS_scale_j_2016postVFP=0.0591587	CMS_scale_j_2016preVFP=0.0605914	CMS_scale_j_2017=0.18093	CMS_scale_j_2018=0.26621	CMS_scale_j_2022=0.0537444	CMS_scale_j_2022EE=0.203857	CMS_scale_j_2023=0.232625	CMS_scale_j_2023BPix=0.0702091	CMS_scale_m_13TeV=0.327613	CMS_scale_m_13p6TeV=0.120116	QCDscale_fac_ttbar=-4.54838	QCDscale_ren_ttbar=-6.73429	pdf_alphas=205.696
RooFit::Detail::RooFixedProdPdf::model_s[ ]
     getLogVal() top-level p.d.f not greater than zero @ !servers=(modelObs_s = 0)

RooAbsMinimizerFcn: Minimized function has error status.
Returning maximum FCN so far (750.792) to force MIGRAD to back out of this region. Error log follows.
Parameter values: 	CMS_NPS26009_LightJetStat_DY_BJetOS_2016postVFP=0.159304	CMS_NPS26009_LightJetStat_DY_BJetOS_2016preVFP=0.208954	CMS_NPS26009_LightJetStat_DY_BJetOS_2017=0.260388	CMS_NPS26009_LightJetStat_DY_BJetOS_2018=0.343897	CMS_NPS26009_LightJetStat_DY_BJetOS_2022=0.0435306	CMS_NPS26009_LightJetStat_DY_BJetOS_2022EE=0.0877327	CMS_NPS26009_LightJetStat_DY_BJetOS_2023=0.0879066	CMS_NPS26009_LightJetStat_DY_BJetOS_2023BPix=0.0678426	CMS_NPS26009_MCstat_other_BJetOS_2016postVFP=0.33017	CMS_NPS26009_MCstat_other_BJetOS_2016preVFP=0.0359373	CMS_NPS26009_MCstat_other_BJetOS_2017=0.0478187	CMS_NPS26009_MCstat_other_BJetOS_2018=0.059722	CMS_NPS26009_MCstat_other_BJetOS_2022=0.0152639	CMS_NPS26009_MCstat_other_BJetOS_2022EE=0.0210919	CMS_NPS26009_MCstat_other_BJetOS_2023=0.0182187	CMS_NPS26009_MCstat_other_BJetOS_2023BPix=0.0329179	CMS_NPS26009_MCstat_signal_BJetOS_2016postVFP=-0.0235942	CMS_NPS26009_MCstat_signal_BJetOS_2016preVFP=-0.0285546	CMS_NPS26009_MCstat_signal_BJetOS_2017=-0.0570638	CMS_NPS26009_MCstat_signal_BJetOS_2018=-0.0816409	CMS_NPS26009_MCstat_signal_BJetOS_2022=-0.00634926	CMS_NPS26009_MCstat_signal_BJetOS_2022EE=-0.0224347	CMS_NPS26009_MCstat_signal_BJetOS_2023=-0.0208	CMS_NPS26009_MCstat_signal_BJetOS_2023BPix=-0.013675	CMS_NPS26009_MCstat_singleTop_BJetOS_2016postVFP=0.0476548	CMS_NPS26009_MCstat_singleTop_BJetOS_2016preVFP=0.0614676	CMS_NPS26009_MCstat_singleTop_BJetOS_2017=0.0729817	CMS_NPS26009_MCstat_singleTop_BJetOS_2018=0.0898489	CMS_NPS26009_MCstat_singleTop_BJetOS_2022=0.024184	CMS_NPS26009_MCstat_singleTop_BJetOS_2022EE=0.0456612	CMS_NPS26009_MCstat_singleTop_BJetOS_2023=0.0386048	CMS_NPS26009_MCstat_singleTop_BJetOS_2023BPix=0.0202397	CMS_NPS26009_MCstat_ttbar_BJetOS_2016postVFP=0.127645	CMS_NPS26009_MCstat_ttbar_BJetOS_2016preVFP=0.161532	CMS_NPS26009_MCstat_ttbar_BJetOS_2017=0.199924	CMS_NPS26009_MCstat_ttbar_BJetOS_2018=0.243083	CMS_NPS26009_MCstat_ttbar_BJetOS_2022=0.0666342	CMS_NPS26009_MCstat_ttbar_BJetOS_2022EE=0.119469	CMS_NPS26009_MCstat_ttbar_BJetOS_2023=0.125096	CMS_NPS26009_MCstat_ttbar_BJetOS_2023BPix=0.112726	CMS_NPS26009_NFModel_DY_BJetOS_13TeV=0.307372	CMS_NPS26009_NFModel_DY_BJetOS_13p6TeV=0.281245	CMS_NPS26009_NFStat_DY_BJetOS_2016postVFP=0.109802	CMS_NPS26009_NFStat_DY_BJetOS_2016preVFP=0.148145	CMS_NPS26009_NFStat_DY_BJetOS_2017=0.111752	CMS_NPS26009_NFStat_DY_BJetOS_2018=0.130067	CMS_NPS26009_NFStat_DY_BJetOS_2022=0.0710597	CMS_NPS26009_NFStat_DY_BJetOS_2022EE=0.0757677	CMS_NPS26009_NFStat_DY_BJetOS_2023=0.0764476	CMS_NPS26009_NFStat_DY_BJetOS_2023BPix=0.0673878	CMS_NPS26009_QCDscale_fac_singleTop=0.0209762	CMS_NPS26009_QCDscale_ren_singleTop=-0.202878	CMS_NPS26009_bckgNorm_QCD_BJetOS_2016postVFP=0.000558482	CMS_NPS26009_bckgNorm_QCD_BJetOS_2016preVFP=0.12891	CMS_NPS26009_bckgNorm_QCD_BJetOS_2017=0.297207	CMS_NPS26009_bckgNorm_QCD_BJetOS_2018=0.315596	CMS_NPS26009_bckgNorm_QCD_BJetOS_2022=0.0184339	CMS_NPS26009_bckgNorm_QCD_BJetOS_2022EE=0.00385876	CMS_NPS26009_bckgNorm_QCD_BJetOS_2023=0.303358	CMS_NPS26009_bckgNorm_QCD_BJetOS_2023BPix=0.0559501	CMS_NPS26009_bckgShape_QCD_BJetOS_2016postVFP=15.6278	CMS_NPS26009_bckgShape_QCD_BJetOS_2016preVFP=17.8021	CMS_NPS26009_bckgShape_QCD_BJetOS_2017=52.9331	CMS_NPS26009_bckgShape_QCD_BJetOS_2018=83.6856	CMS_NPS26009_bckgShape_QCD_BJetOS_2022=2.17371	CMS_NPS26009_bckgShape_QCD_BJetOS_2022EE=4.80901	CMS_NPS26009_bckgShape_QCD_BJetOS_2023=21.3003	CMS_NPS26009_bckgShape_QCD_BJetOS_2023BPix=5.2673	CMS_NPS26009_btag_fixedWP_comb_bc_correlated_13TeV=0.590893	CMS_NPS26009_btag_fixedWP_comb_bc_correlated_13p6TeV=0.339407	CMS_NPS26009_btag_fixedWP_incl_light_correlated_13TeV=0.257349	CMS_NPS26009_btag_fixedWP_incl_light_correlated_13p6TeV=0.0887266	CMS_NPS26009_eff_m_id_Run2=0.0455645	CMS_NPS26009_eff_m_id_Run3=0.0289087	CMS_NPS26009_eff_m_trigger_2016postVFP=0.012325	CMS_NPS26009_eff_m_trigger_2016preVFP=0.0196851	CMS_NPS26009_eff_m_trigger_2017=0.025042	CMS_NPS26009_eff_m_trigger_2018=0.0309735	CMS_NPS26009_eff_m_trigger_2022=0.00613024	CMS_NPS26009_eff_m_trigger_2022EE=0.0110267	CMS_NPS26009_eff_m_trigger_2023=0.00887724	CMS_NPS26009_eff_m_trigger_2023BPix=0.00686117	CMS_NPS26009_lumi_2016=0.16864	CMS_NPS26009_lumi_2017=0.351748	CMS_NPS26009_lumi_2018=0.528343	CMS_NPS26009_lumi_2022=0.149555	CMS_NPS26009_lumi_2023=0.102924	CMS_NPS26009_pdf_NNPDF31=0.803509	CMS_NPS26009_topmass_ttbar_BJetOS=1.42673	CMS_btag_fixedWP_comb_bc_uncorrelated_2016postVFP=0.0803687	CMS_btag_fixedWP_comb_bc_uncorrelated_2016preVFP=0.0936094	CMS_btag_fixedWP_comb_bc_uncorrelated_2017=0.254996	CMS_btag_fixedWP_comb_bc_uncorrelated_2018=0.212144	CMS_btag_fixedWP_comb_bc_uncorrelated_2022=0.0476848	CMS_btag_fixedWP_comb_bc_uncorrelated_2022EE=0.1137	CMS_btag_fixedWP_comb_bc_uncorrelated_2023=0.109298	CMS_btag_fixedWP_comb_bc_uncorrelated_2023BPix=0.0731907	CMS_btag_fixedWP_incl_light_uncorrelated_2016postVFP=0.0237077	CMS_btag_fixedWP_incl_light_uncorrelated_2016preVFP=0.0199587	CMS_btag_fixedWP_incl_light_uncorrelated_2017=0.0394623	CMS_btag_fixedWP_incl_light_uncorrelated_2018=0.0596607	CMS_btag_fixedWP_incl_light_uncorrelated_2022=0.00376478	CMS_btag_fixedWP_incl_light_uncorrelated_2022EE=0.0149182	CMS_btag_fixedWP_incl_light_uncorrelated_2023=0.0106106	CMS_btag_fixedWP_incl_light_uncorrelated_2023BPix=0.00636947	CMS_l1_prefiring_2016postVFP=-0.0718991	CMS_l1_prefiring_2016preVFP=-0.071431	CMS_l1_prefiring_2017=-0.122131	CMS_l1_prefiring_2018=-0.0383061	CMS_pileup_13TeV=-0.0726666	CMS_pileup_13p6TeV=-0.180791	CMS_res_j_2016postVFP=0.00133122	CMS_res_j_2016preVFP=-5.353e-05	CMS_res_j_2017=-0.0162077	CMS_res_j_2018=-0.00809796	CMS_res_j_2022=-0.00214918	CMS_res_j_2022EE=-0.00534699	CMS_res_j_2023=-0.00554614	CMS_res_j_2023BPix=-0.00809002	CMS_scale_j_2016postVFP=0.0201995	CMS_scale_j_2016preVFP=0.0206887	CMS_scale_j_2017=0.061778	CMS_scale_j_2018=0.0908963	CMS_scale_j_2022=0.0183508	CMS_scale_j_2022EE=0.0696062	CMS_scale_j_2023=0.0794291	CMS_scale_j_2023BPix=0.0239727	CMS_scale_m_13TeV=0.111862	CMS_scale_m_13p6TeV=0.0410133	QCDscale_fac_ttbar=-2.20691	QCDscale_ren_ttbar=-2.2994	pdf_alphas=70.2342
RooFit::Detail::RooFixedProdPdf::model_s[ ]
     getLogVal() top-level p.d.f not greater than zero @ !servers=(modelObs_s = 0)

Point 22/240 r = -13.25
Point 33/240 r = -6.75
Point 130/240 r = 45.25
Point 175/240 r = 67.75
Point 106/240 r = 33.25
Point 234/240 r = 97.25
Point 165/240 r = 62.75
Point 142/240 r = 51.25
Point 34/240 r = -7.25
Point 212/240 r = 86.25
Point 35/240 r = -7.75
Point 131/240 r = 45.75
Point 115/240 r = 37.75
Point 187/240 r = 73.75
Point 93/240 r = 26.75
Point 46/240 r = 3.25
Point 200/240 r = 80.25
Point 154/240 r = 57.25
Point 9/240 r = -18.75
Point 23/240 r = -13.75
Point 225/240 r = 92.75
Point 107/240 r = 33.75
Point 176/240 r = 68.25
Point 143/240 r = 51.75
Point 235/240 r = 97.75
Point 166/240 r = 63.25
Point 213/240 r = 86.75
Point 116/240 r = 38.25
Point 188/240 r = 74.25
Point 47/240 r = 3.75
Point 94/240 r = 27.25
Point 10/240 r = -19.25
Point 155/240 r = 57.75
Point 201/240 r = 80.75
Point 226/240 r = 93.25
Point 177/240 r = 68.75
Point 167/240 r = 63.75
Point 236/240 r = 98.25
Point 117/240 r = 38.75
Point 214/240 r = 87.25
Point 11/240 r = -19.75
Point 95/240 r = 27.75
Point 189/240 r = 74.75
Point 178/240 r = 69.25
Point 202/240 r = 81.25
Point 227/240 r = 93.75
Point 118/240 r = 39.25
Point 237/240 r = 98.75
Point 215/240 r = 87.75
Point 190/240 r = 75.25
Point 179/240 r = 69.75
Point 203/240 r = 81.75
Point 119/240 r = 39.75
Point 238/240 r = 99.25
Point 191/240 r = 75.75
Point 239/240 r = 99.75
Info in <hadd>: target file: higgsCombine.ReviewScan_Run2Run3_M20.MultiDimFit.mH20.root
Info in <hadd>: compression setting for all output: 101
hadd Source file 1: higgsCombine.ReviewScan_Run2Run3_M20.0.MultiDimFit.mH20.root
hadd Source file 2: higgsCombine.ReviewScan_Run2Run3_M20.1.MultiDimFit.mH20.root
hadd Source file 3: higgsCombine.ReviewScan_Run2Run3_M20.2.MultiDimFit.mH20.root
hadd Source file 4: higgsCombine.ReviewScan_Run2Run3_M20.3.MultiDimFit.mH20.root
hadd Source file 5: higgsCombine.ReviewScan_Run2Run3_M20.4.MultiDimFit.mH20.root
hadd Source file 6: higgsCombine.ReviewScan_Run2Run3_M20.5.MultiDimFit.mH20.root
hadd Source file 7: higgsCombine.ReviewScan_Run2Run3_M20.6.MultiDimFit.mH20.root
hadd Source file 8: higgsCombine.ReviewScan_Run2Run3_M20.7.MultiDimFit.mH20.root
hadd Source file 9: higgsCombine.ReviewScan_Run2Run3_M20.8.MultiDimFit.mH20.root
hadd Source file 10: higgsCombine.ReviewScan_Run2Run3_M20.9.MultiDimFit.mH20.root
hadd Source file 11: higgsCombine.ReviewScan_Run2Run3_M20.10.MultiDimFit.mH20.root
hadd Source file 12: higgsCombine.ReviewScan_Run2Run3_M20.11.MultiDimFit.mH20.root
hadd Source file 13: higgsCombine.ReviewScan_Run2Run3_M20.12.MultiDimFit.mH20.root
hadd Source file 14: higgsCombine.ReviewScan_Run2Run3_M20.13.MultiDimFit.mH20.root
hadd Source file 15: higgsCombine.ReviewScan_Run2Run3_M20.14.MultiDimFit.mH20.root
hadd Source file 16: higgsCombine.ReviewScan_Run2Run3_M20.15.MultiDimFit.mH20.root
hadd Source file 17: higgsCombine.ReviewScan_Run2Run3_M20.16.MultiDimFit.mH20.root
hadd Source file 18: higgsCombine.ReviewScan_Run2Run3_M20.17.MultiDimFit.mH20.root
hadd Source file 19: higgsCombine.ReviewScan_Run2Run3_M20.18.MultiDimFit.mH20.root
hadd Source file 20: higgsCombine.ReviewScan_Run2Run3_M20.19.MultiDimFit.mH20.root
hadd Target path: higgsCombine.ReviewScan_Run2Run3_M20.MultiDimFit.mH20.root:/
hadd Target path: higgsCombine.ReviewScan_Run2Run3_M20.MultiDimFit.mH20.root:/toys
spawning combine -M MultiDimFit /data6/Users/joonblee/higgs_combine/CMSSW_14_1_0_pre4/src/NIsoMuon/review_outputs/Run2Run3/M20/workspace_Run2Run3_M20.root -m 20 -t -1 --expectSignal 0 --setParameters r=0 --algo grid --points 240 --rMin -20 --rMax 100 --saveNLL -n .ReviewScan_Run2Run3_M20.0 --firstPoint 0 --lastPoint 11
spawning combine -M MultiDimFit /data6/Users/joonblee/higgs_combine/CMSSW_14_1_0_pre4/src/NIsoMuon/review_outputs/Run2Run3/M20/workspace_Run2Run3_M20.root -m 20 -t -1 --expectSignal 0 --setParameters r=0 --algo grid --points 240 --rMin -20 --rMax 100 --saveNLL -n .ReviewScan_Run2Run3_M20.1 --firstPoint 12 --lastPoint 23
spawning combine -M MultiDimFit /data6/Users/joonblee/higgs_combine/CMSSW_14_1_0_pre4/src/NIsoMuon/review_outputs/Run2Run3/M20/workspace_Run2Run3_M20.root -m 20 -t -1 --expectSignal 0 --setParameters r=0 --algo grid --points 240 --rMin -20 --rMax 100 --saveNLL -n .ReviewScan_Run2Run3_M20.2 --firstPoint 24 --lastPoint 35
spawning combine -M MultiDimFit /data6/Users/joonblee/higgs_combine/CMSSW_14_1_0_pre4/src/NIsoMuon/review_outputs/Run2Run3/M20/workspace_Run2Run3_M20.root -m 20 -t -1 --expectSignal 0 --setParameters r=0 --algo grid --points 240 --rMin -20 --rMax 100 --saveNLL -n .ReviewScan_Run2Run3_M20.3 --firstPoint 36 --lastPoint 47
spawning combine -M MultiDimFit /data6/Users/joonblee/higgs_combine/CMSSW_14_1_0_pre4/src/NIsoMuon/review_outputs/Run2Run3/M20/workspace_Run2Run3_M20.root -m 20 -t -1 --expectSignal 0 --setParameters r=0 --algo grid --points 240 --rMin -20 --rMax 100 --saveNLL -n .ReviewScan_Run2Run3_M20.4 --firstPoint 48 --lastPoint 59
spawning combine -M MultiDimFit /data6/Users/joonblee/higgs_combine/CMSSW_14_1_0_pre4/src/NIsoMuon/review_outputs/Run2Run3/M20/workspace_Run2Run3_M20.root -m 20 -t -1 --expectSignal 0 --setParameters r=0 --algo grid --points 240 --rMin -20 --rMax 100 --saveNLL -n .ReviewScan_Run2Run3_M20.5 --firstPoint 60 --lastPoint 71
spawning combine -M MultiDimFit /data6/Users/joonblee/higgs_combine/CMSSW_14_1_0_pre4/src/NIsoMuon/review_outputs/Run2Run3/M20/workspace_Run2Run3_M20.root -m 20 -t -1 --expectSignal 0 --setParameters r=0 --algo grid --points 240 --rMin -20 --rMax 100 --saveNLL -n .ReviewScan_Run2Run3_M20.6 --firstPoint 72 --lastPoint 83
spawning combine -M MultiDimFit /data6/Users/joonblee/higgs_combine/CMSSW_14_1_0_pre4/src/NIsoMuon/review_outputs/Run2Run3/M20/workspace_Run2Run3_M20.root -m 20 -t -1 --expectSignal 0 --setParameters r=0 --algo grid --points 240 --rMin -20 --rMax 100 --saveNLL -n .ReviewScan_Run2Run3_M20.7 --firstPoint 84 --lastPoint 95
spawning combine -M MultiDimFit /data6/Users/joonblee/higgs_combine/CMSSW_14_1_0_pre4/src/NIsoMuon/review_outputs/Run2Run3/M20/workspace_Run2Run3_M20.root -m 20 -t -1 --expectSignal 0 --setParameters r=0 --algo grid --points 240 --rMin -20 --rMax 100 --saveNLL -n .ReviewScan_Run2Run3_M20.8 --firstPoint 96 --lastPoint 107
spawning combine -M MultiDimFit /data6/Users/joonblee/higgs_combine/CMSSW_14_1_0_pre4/src/NIsoMuon/review_outputs/Run2Run3/M20/workspace_Run2Run3_M20.root -m 20 -t -1 --expectSignal 0 --setParameters r=0 --algo grid --points 240 --rMin -20 --rMax 100 --saveNLL -n .ReviewScan_Run2Run3_M20.9 --firstPoint 108 --lastPoint 119
spawning combine -M MultiDimFit /data6/Users/joonblee/higgs_combine/CMSSW_14_1_0_pre4/src/NIsoMuon/review_outputs/Run2Run3/M20/workspace_Run2Run3_M20.root -m 20 -t -1 --expectSignal 0 --setParameters r=0 --algo grid --points 240 --rMin -20 --rMax 100 --saveNLL -n .ReviewScan_Run2Run3_M20.10 --firstPoint 120 --lastPoint 131
spawning combine -M MultiDimFit /data6/Users/joonblee/higgs_combine/CMSSW_14_1_0_pre4/src/NIsoMuon/review_outputs/Run2Run3/M20/workspace_Run2Run3_M20.root -m 20 -t -1 --expectSignal 0 --setParameters r=0 --algo grid --points 240 --rMin -20 --rMax 100 --saveNLL -n .ReviewScan_Run2Run3_M20.11 --firstPoint 132 --lastPoint 143
spawning combine -M MultiDimFit /data6/Users/joonblee/higgs_combine/CMSSW_14_1_0_pre4/src/NIsoMuon/review_outputs/Run2Run3/M20/workspace_Run2Run3_M20.root -m 20 -t -1 --expectSignal 0 --setParameters r=0 --algo grid --points 240 --rMin -20 --rMax 100 --saveNLL -n .ReviewScan_Run2Run3_M20.12 --firstPoint 144 --lastPoint 155
spawning combine -M MultiDimFit /data6/Users/joonblee/higgs_combine/CMSSW_14_1_0_pre4/src/NIsoMuon/review_outputs/Run2Run3/M20/workspace_Run2Run3_M20.root -m 20 -t -1 --expectSignal 0 --setParameters r=0 --algo grid --points 240 --rMin -20 --rMax 100 --saveNLL -n .ReviewScan_Run2Run3_M20.13 --firstPoint 156 --lastPoint 167
spawning combine -M MultiDimFit /data6/Users/joonblee/higgs_combine/CMSSW_14_1_0_pre4/src/NIsoMuon/review_outputs/Run2Run3/M20/workspace_Run2Run3_M20.root -m 20 -t -1 --expectSignal 0 --setParameters r=0 --algo grid --points 240 --rMin -20 --rMax 100 --saveNLL -n .ReviewScan_Run2Run3_M20.14 --firstPoint 168 --lastPoint 179
spawning combine -M MultiDimFit /data6/Users/joonblee/higgs_combine/CMSSW_14_1_0_pre4/src/NIsoMuon/review_outputs/Run2Run3/M20/workspace_Run2Run3_M20.root -m 20 -t -1 --expectSignal 0 --setParameters r=0 --algo grid --points 240 --rMin -20 --rMax 100 --saveNLL -n .ReviewScan_Run2Run3_M20.15 --firstPoint 180 --lastPoint 191
spawning combine -M MultiDimFit /data6/Users/joonblee/higgs_combine/CMSSW_14_1_0_pre4/src/NIsoMuon/review_outputs/Run2Run3/M20/workspace_Run2Run3_M20.root -m 20 -t -1 --expectSignal 0 --setParameters r=0 --algo grid --points 240 --rMin -20 --rMax 100 --saveNLL -n .ReviewScan_Run2Run3_M20.16 --firstPoint 192 --lastPoint 203
spawning combine -M MultiDimFit /data6/Users/joonblee/higgs_combine/CMSSW_14_1_0_pre4/src/NIsoMuon/review_outputs/Run2Run3/M20/workspace_Run2Run3_M20.root -m 20 -t -1 --expectSignal 0 --setParameters r=0 --algo grid --points 240 --rMin -20 --rMax 100 --saveNLL -n .ReviewScan_Run2Run3_M20.17 --firstPoint 204 --lastPoint 215
spawning combine -M MultiDimFit /data6/Users/joonblee/higgs_combine/CMSSW_14_1_0_pre4/src/NIsoMuon/review_outputs/Run2Run3/M20/workspace_Run2Run3_M20.root -m 20 -t -1 --expectSignal 0 --setParameters r=0 --algo grid --points 240 --rMin -20 --rMax 100 --saveNLL -n .ReviewScan_Run2Run3_M20.18 --firstPoint 216 --lastPoint 227
spawning combine -M MultiDimFit /data6/Users/joonblee/higgs_combine/CMSSW_14_1_0_pre4/src/NIsoMuon/review_outputs/Run2Run3/M20/workspace_Run2Run3_M20.root -m 20 -t -1 --expectSignal 0 --setParameters r=0 --algo grid --points 240 --rMin -20 --rMax 100 --saveNLL -n .ReviewScan_Run2Run3_M20.19 --firstPoint 228 --lastPoint 239
All workers done, doing the hadd to make higgsCombine.ReviewScan_Run2Run3_M20.MultiDimFit.mH20.root out of higgsCombine.ReviewScan_Run2Run3_M20.{0..19}.MultiDimFit.mH20.root
