[REVIEW CONFIG]
{
  "alpha_internal_unit": 8.005935406497654e-07,
  "card": "/data6/Users/joonblee/higgs_combine/CMSSW_14_1_0_pre4/src/NIsoMuon/datacards_NIsoMuon/alpha/blind/combined/Run2Run3/datacard_M-20_Run2Run3.txt",
  "cmssw_base": "/data6/Users/joonblee/higgs_combine/CMSSW_16_0_0",
  "existing_expected_median_alpha95": 1.2409199880071364e-05,
  "existing_expected_median_r95": 15.5,
  "mass": 20.0,
  "scram_arch": "el9_amd64_gcc13",
  "target": "Run2Run3",
  "tasks": [
    "scan",
    "correlation"
  ]
}

========================================================================================
[TASK] scan | target=Run2Run3 | M=20
========================================================================================
[WORKSPACE] reuse /data6/Users/joonblee/higgs_combine/CMSSW_14_1_0_pre4/src/NIsoMuon/review_outputs/Run2Run3/M20/workspace_Run2Run3_M20.root
[RUN] (cd /data6/Users/joonblee/higgs_combine/CMSSW_14_1_0_pre4/src/NIsoMuon/review_outputs/Run2Run3/M20 && /cvmfs/cms.cern.ch/el9_amd64_gcc13/cms/cmssw/CMSSW_16_0_0/external/el9_amd64_gcc13/bin/python3 /data6/Users/joonblee/higgs_combine/CMSSW_16_0_0/src/HiggsAnalysis/CombinedLimit/test/parallelScan.py combine -M MultiDimFit /data6/Users/joonblee/higgs_combine/CMSSW_14_1_0_pre4/src/NIsoMuon/review_outputs/Run2Run3/M20/workspace_Run2Run3_M20.root -m 20 -t -1 --expectSignal 0 --setParameters r=0 --algo grid --points 120 --rMin -2 --rMax 100 --saveNLL -n .ReviewScan_Run2Run3_M20 -j 20 --hadd)
 <<< Combine >>> 
 <<< v11.0.0 >>>
>>> Random number generator seed is 123456
>>> Method used is MultiDimFit
 <<< Combine >>> 
 <<< v11.0.0 >>>
>>> Random number generator seed is 123456
>>> Method used is MultiDimFit
 <<< Combine >>> 
 <<< v11.0.0 >>>
>>> Random number generator seed is 123456
>>> Method used is MultiDimFit
 <<< Combine >>> 
 <<< v11.0.0 >>>
>>> Random number generator seed is 123456
>>> Method used is MultiDimFit
 <<< Combine >>> 
 <<< v11.0.0 >>>
>>> Random number generator seed is 123456
>>> Method used is MultiDimFit
 <<< Combine >>> 
 <<< v11.0.0 >>>
>>> Random number generator seed is 123456
>>> Method used is MultiDimFit
 <<< Combine >>> 
 <<< v11.0.0 >>>
>>> Random number generator seed is 123456
>>> Method used is MultiDimFit
 <<< Combine >>> 
 <<< v11.0.0 >>>
>>> Random number generator seed is 123456
>>> Method used is MultiDimFit
 <<< Combine >>> 
 <<< v11.0.0 >>>
>>> Random number generator seed is 123456
>>> Method used is MultiDimFit
 <<< Combine >>> 
 <<< v11.0.0 >>>
>>> Random number generator seed is 123456
>>> Method used is MultiDimFit
 <<< Combine >>> 
 <<< v11.0.0 >>>
>>> Random number generator seed is 123456
>>> Method used is MultiDimFit
 <<< Combine >>> 
 <<< v11.0.0 >>>
>>> Random number generator seed is 123456
>>> Method used is MultiDimFit
 <<< Combine >>> 
 <<< v11.0.0 >>>
>>> Random number generator seed is 123456
>>> Method used is MultiDimFit
 <<< Combine >>> 
 <<< v11.0.0 >>>
>>> Random number generator seed is 123456
>>> Method used is MultiDimFit
 <<< Combine >>> 
 <<< v11.0.0 >>>
>>> Random number generator seed is 123456
>>> Method used is MultiDimFit
 <<< Combine >>> 
 <<< v11.0.0 >>>
>>> Random number generator seed is 123456
>>> Method used is MultiDimFit
 <<< Combine >>> 
 <<< v11.0.0 >>>
 <<< Combine >>> 
 <<< v11.0.0 >>>
>>> Random number generator seed is 123456
>>> Method used is MultiDimFit
>>> Random number generator seed is 123456
>>> Method used is MultiDimFit
 <<< Combine >>> 
 <<< v11.0.0 >>>
>>> Random number generator seed is 123456
>>> Method used is MultiDimFit
 <<< Combine >>> 
 <<< v11.0.0 >>>
>>> Random number generator seed is 123456
>>> Method used is MultiDimFit
Set Default Value of Parameter r To : 0
Warning: A value of r is specified in both the --setParameters and --expectSignal options. The argument of --expectSignal will take precedence
Doing initial fit: 
Set Default Value of Parameter r To : 0
Warning: A value of r is specified in both the --setParameters and --expectSignal options. The argument of --expectSignal will take precedence
Doing initial fit: 
Set Default Value of Parameter r To : 0
Warning: A value of r is specified in both the --setParameters and --expectSignal options. The argument of --expectSignal will take precedence
Doing initial fit: 
Set Default Value of Parameter r To : 0
Warning: A value of r is specified in both the --setParameters and --expectSignal options. The argument of --expectSignal will take precedence
Doing initial fit: 
Set Default Value of Parameter r To : 0
Warning: A value of r is specified in both the --setParameters and --expectSignal options. The argument of --expectSignal will take precedence
Doing initial fit: 
Set Default Value of Parameter r To : 0
Warning: A value of r is specified in both the --setParameters and --expectSignal options. The argument of --expectSignal will take precedence
Doing initial fit: 
Set Default Value of Parameter r To : 0
Warning: A value of r is specified in both the --setParameters and --expectSignal options. The argument of --expectSignal will take precedence
Doing initial fit: 
Set Default Value of Parameter r To : 0
Warning: A value of r is specified in both the --setParameters and --expectSignal options. The argument of --expectSignal will take precedence
Doing initial fit: 
Set Default Value of Parameter r To : 0
Warning: A value of r is specified in both the --setParameters and --expectSignal options. The argument of --expectSignal will take precedence
Doing initial fit: 
Set Default Value of Parameter r To : 0
Warning: A value of r is specified in both the --setParameters and --expectSignal options. The argument of --expectSignal will take precedence
Doing initial fit: 
Set Default Value of Parameter r To : 0
Warning: A value of r is specified in both the --setParameters and --expectSignal options. The argument of --expectSignal will take precedence
Doing initial fit: 
Set Default Value of Parameter r To : 0
Warning: A value of r is specified in both the --setParameters and --expectSignal options. The argument of --expectSignal will take precedence
Doing initial fit: 
Set Default Value of Parameter r To : 0
Warning: A value of r is specified in both the --setParameters and --expectSignal options. The argument of --expectSignal will take precedence
Set Default Value of Parameter r To : 0
Warning: A value of r is specified in both the --setParameters and --expectSignal options. The argument of --expectSignal will take precedence
Doing initial fit: 
Doing initial fit: 
 POI: r= -1.3935e-07 -> [-2,100]
Set Default Value of Parameter r To : 0
Warning: A value of r is specified in both the --setParameters and --expectSignal options. The argument of --expectSignal will take precedence
Point 54/120 r = 44.325
Doing initial fit: 
Set Default Value of Parameter r To : 0
Warning: A value of r is specified in both the --setParameters and --expectSignal options. The argument of --expectSignal will take precedence
Doing initial fit: 
Set Default Value of Parameter r To : 0
Warning: A value of r is specified in both the --setParameters and --expectSignal options. The argument of --expectSignal will take precedence
Doing initial fit: 
 POI: r= -1.3935e-07 -> [-2,100]
 POI: r= -1.3935e-07 -> [-2,100]
Point 6/120 r = 3.525
Point 84/120 r = 69.825
 POI: r= -1.3935e-07 -> [-2,100]
Point 90/120 r = 74.925
Set Default Value of Parameter r To : 0
Warning: A value of r is specified in both the --setParameters and --expectSignal options. The argument of --expectSignal will take precedence
Doing initial fit: 
Set Default Value of Parameter r To : 0
Warning: A value of r is specified in both the --setParameters and --expectSignal options. The argument of --expectSignal will take precedence
Doing initial fit: 
 POI: r= -1.3935e-07 -> [-2,100]
Point 24/120 r = 18.825
Point 55/120 r = 45.175
Set Default Value of Parameter r To : 0
Warning: A value of r is specified in both the --setParameters and --expectSignal options. The argument of --expectSignal will take precedence
Doing initial fit: 
 POI: r= -1.3935e-07 -> [-2,100]
Point 30/120 r = 23.925
 POI: r= -1.3935e-07 -> [-2,100]
Point 72/120 r = 59.625
 POI: r= -1.3935e-07 -> [-2,100]
Point 0/120 r = -1.575
 POI: r= -1.3935e-07 -> [-2,100]
Point 18/120 r = 13.725
 POI: r= -1.3935e-07 -> [-2,100]
Point 42/120 r = 34.125
Point 56/120 r = 46.025
 POI: r= -1.3935e-07 -> [-2,100]
Point 66/120 r = 54.525
 POI: r= -1.3935e-07 -> [-2,100]
Point 36/120 r = 29.025
 POI: r= -1.3935e-07 -> [-2,100]
Point 102/120 r = 85.125
Point 19/120 r = 14.575
 POI: r= -1.3935e-07 -> [-2,100]
Point 73/120 r = 60.475
Point 108/120 r = 90.225
Point 7/120 r = 4.375
 POI: r= -1.3935e-07 -> [-2,100]
Point 78/120 r = 64.725
 POI: r= -1.3935e-07 -> [-2,100]
Point 48/120 r = 39.225
Point 20/120 r = 15.425
 POI: r= -1.3935e-07 -> [-2,100]
Point 25/120 r = 19.675
Point 96/120 r = 80.025
 POI: r= -1.3935e-07 -> [-2,100]
Point 12/120 r = 8.625
Point 57/120 r = 46.875
Point 91/120 r = 75.775
Point 37/120 r = 29.875
Point 1/120 r = -0.725
Point 21/120 r = 16.275
 POI: r= -1.3935e-07 -> [-2,100]
Point 114/120 r = 95.325
 POI: r= -1.3935e-07 -> [-2,100]
Point 31/120 r = 24.775
Point 60/120 r = 49.425
Point 85/120 r = 70.675
Point 13/120 r = 9.475
Point 43/120 r = 34.975
Point 22/120 r = 17.125
Point 67/120 r = 55.375
Point 14/120 r = 10.325
Point 109/120 r = 91.075
Point 58/120 r = 47.725
Point 15/120 r = 11.175
Point 8/120 r = 5.225
Point 103/120 r = 85.975
Point 23/120 r = 17.975
Point 74/120 r = 61.325
Point 49/120 r = 40.075
Point 2/120 r = 0.125
Point 79/120 r = 65.575
Point 32/120 r = 25.625
Point 16/120 r = 12.025
Point 26/120 r = 20.525
Point 92/120 r = 76.625
Point 97/120 r = 80.875
Point 38/120 r = 30.725
Point 17/120 r = 12.875
Point 115/120 r = 96.175
Point 61/120 r = 50.275
Point 86/120 r = 71.525
Point 44/120 r = 35.825
Point 68/120 r = 56.225
Point 59/120 r = 48.575
Point 110/120 r = 91.925
Point 75/120 r = 62.175
Point 9/120 r = 6.075
Point 50/120 r = 40.925
Point 3/120 r = 0.975
Point 10/120 r = 6.925
Point 51/120 r = 41.775
Point 104/120 r = 86.825
Point 33/120 r = 26.475
Point 98/120 r = 81.725
Point 27/120 r = 21.375
Point 11/120 r = 7.775
Point 80/120 r = 66.425
Point 39/120 r = 31.575
Point 93/120 r = 77.475
Point 4/120 r = 1.825
Point 62/120 r = 51.125
Point 87/120 r = 72.375
Point 45/120 r = 36.675
Point 52/120 r = 42.625
Point 69/120 r = 57.075
Point 116/120 r = 97.025
Point 28/120 r = 22.225
Point 99/120 r = 82.575
Point 76/120 r = 63.025
Point 111/120 r = 92.775
Point 5/120 r = 2.675
Point 34/120 r = 27.325
Point 105/120 r = 87.675
Point 63/120 r = 51.975
Point 53/120 r = 43.475
Point 88/120 r = 73.225
Point 94/120 r = 78.325
Point 81/120 r = 67.275
Point 46/120 r = 37.525
Point 40/120 r = 32.425
Point 29/120 r = 23.075
Point 117/120 r = 97.875
Point 70/120 r = 57.925
Point 100/120 r = 83.425
Point 95/120 r = 79.175
Point 106/120 r = 88.525
Point 89/120 r = 74.075
Point 64/120 r = 52.825
Point 77/120 r = 63.875
Point 41/120 r = 33.275
Point 35/120 r = 28.175
Point 82/120 r = 68.125
Point 112/120 r = 93.625
Point 47/120 r = 38.375
Point 118/120 r = 98.725
Point 101/120 r = 84.275
Point 71/120 r = 58.775
Point 113/120 r = 94.475
Point 107/120 r = 89.375
Point 65/120 r = 53.675
Point 83/120 r = 68.975
Point 119/120 r = 99.575
Info in <hadd>: target file: higgsCombine.ReviewScan_Run2Run3_M20.MultiDimFit.mH20.root
Info in <hadd>: compression setting for all output: 101
hadd Source file 1: higgsCombine.ReviewScan_Run2Run3_M20.0.MultiDimFit.mH20.root
hadd Source file 2: higgsCombine.ReviewScan_Run2Run3_M20.1.MultiDimFit.mH20.root
hadd Source file 3: higgsCombine.ReviewScan_Run2Run3_M20.2.MultiDimFit.mH20.root
hadd Source file 4: higgsCombine.ReviewScan_Run2Run3_M20.3.MultiDimFit.mH20.root
hadd Source file 5: higgsCombine.ReviewScan_Run2Run3_M20.4.MultiDimFit.mH20.root
hadd Source file 6: higgsCombine.ReviewScan_Run2Run3_M20.5.MultiDimFit.mH20.root
hadd Source file 7: higgsCombine.ReviewScan_Run2Run3_M20.6.MultiDimFit.mH20.root
hadd Source file 8: higgsCombine.ReviewScan_Run2Run3_M20.7.MultiDimFit.mH20.root
hadd Source file 9: higgsCombine.ReviewScan_Run2Run3_M20.8.MultiDimFit.mH20.root
hadd Source file 10: higgsCombine.ReviewScan_Run2Run3_M20.9.MultiDimFit.mH20.root
hadd Source file 11: higgsCombine.ReviewScan_Run2Run3_M20.10.MultiDimFit.mH20.root
hadd Source file 12: higgsCombine.ReviewScan_Run2Run3_M20.11.MultiDimFit.mH20.root
hadd Source file 13: higgsCombine.ReviewScan_Run2Run3_M20.12.MultiDimFit.mH20.root
hadd Source file 14: higgsCombine.ReviewScan_Run2Run3_M20.13.MultiDimFit.mH20.root
hadd Source file 15: higgsCombine.ReviewScan_Run2Run3_M20.14.MultiDimFit.mH20.root
hadd Source file 16: higgsCombine.ReviewScan_Run2Run3_M20.15.MultiDimFit.mH20.root
hadd Source file 17: higgsCombine.ReviewScan_Run2Run3_M20.16.MultiDimFit.mH20.root
hadd Source file 18: higgsCombine.ReviewScan_Run2Run3_M20.17.MultiDimFit.mH20.root
hadd Source file 19: higgsCombine.ReviewScan_Run2Run3_M20.18.MultiDimFit.mH20.root
hadd Source file 20: higgsCombine.ReviewScan_Run2Run3_M20.19.MultiDimFit.mH20.root
hadd Target path: higgsCombine.ReviewScan_Run2Run3_M20.MultiDimFit.mH20.root:/
hadd Target path: higgsCombine.ReviewScan_Run2Run3_M20.MultiDimFit.mH20.root:/toys
spawning combine -M MultiDimFit /data6/Users/joonblee/higgs_combine/CMSSW_14_1_0_pre4/src/NIsoMuon/review_outputs/Run2Run3/M20/workspace_Run2Run3_M20.root -m 20 -t -1 --expectSignal 0 --setParameters r=0 --algo grid --points 120 --rMin -2 --rMax 100 --saveNLL -n .ReviewScan_Run2Run3_M20.0 --firstPoint 0 --lastPoint 5
spawning combine -M MultiDimFit /data6/Users/joonblee/higgs_combine/CMSSW_14_1_0_pre4/src/NIsoMuon/review_outputs/Run2Run3/M20/workspace_Run2Run3_M20.root -m 20 -t -1 --expectSignal 0 --setParameters r=0 --algo grid --points 120 --rMin -2 --rMax 100 --saveNLL -n .ReviewScan_Run2Run3_M20.1 --firstPoint 6 --lastPoint 11
spawning combine -M MultiDimFit /data6/Users/joonblee/higgs_combine/CMSSW_14_1_0_pre4/src/NIsoMuon/review_outputs/Run2Run3/M20/workspace_Run2Run3_M20.root -m 20 -t -1 --expectSignal 0 --setParameters r=0 --algo grid --points 120 --rMin -2 --rMax 100 --saveNLL -n .ReviewScan_Run2Run3_M20.2 --firstPoint 12 --lastPoint 17
spawning combine -M MultiDimFit /data6/Users/joonblee/higgs_combine/CMSSW_14_1_0_pre4/src/NIsoMuon/review_outputs/Run2Run3/M20/workspace_Run2Run3_M20.root -m 20 -t -1 --expectSignal 0 --setParameters r=0 --algo grid --points 120 --rMin -2 --rMax 100 --saveNLL -n .ReviewScan_Run2Run3_M20.3 --firstPoint 18 --lastPoint 23
spawning combine -M MultiDimFit /data6/Users/joonblee/higgs_combine/CMSSW_14_1_0_pre4/src/NIsoMuon/review_outputs/Run2Run3/M20/workspace_Run2Run3_M20.root -m 20 -t -1 --expectSignal 0 --setParameters r=0 --algo grid --points 120 --rMin -2 --rMax 100 --saveNLL -n .ReviewScan_Run2Run3_M20.4 --firstPoint 24 --lastPoint 29
spawning combine -M MultiDimFit /data6/Users/joonblee/higgs_combine/CMSSW_14_1_0_pre4/src/NIsoMuon/review_outputs/Run2Run3/M20/workspace_Run2Run3_M20.root -m 20 -t -1 --expectSignal 0 --setParameters r=0 --algo grid --points 120 --rMin -2 --rMax 100 --saveNLL -n .ReviewScan_Run2Run3_M20.5 --firstPoint 30 --lastPoint 35
spawning combine -M MultiDimFit /data6/Users/joonblee/higgs_combine/CMSSW_14_1_0_pre4/src/NIsoMuon/review_outputs/Run2Run3/M20/workspace_Run2Run3_M20.root -m 20 -t -1 --expectSignal 0 --setParameters r=0 --algo grid --points 120 --rMin -2 --rMax 100 --saveNLL -n .ReviewScan_Run2Run3_M20.6 --firstPoint 36 --lastPoint 41
spawning combine -M MultiDimFit /data6/Users/joonblee/higgs_combine/CMSSW_14_1_0_pre4/src/NIsoMuon/review_outputs/Run2Run3/M20/workspace_Run2Run3_M20.root -m 20 -t -1 --expectSignal 0 --setParameters r=0 --algo grid --points 120 --rMin -2 --rMax 100 --saveNLL -n .ReviewScan_Run2Run3_M20.7 --firstPoint 42 --lastPoint 47
spawning combine -M MultiDimFit /data6/Users/joonblee/higgs_combine/CMSSW_14_1_0_pre4/src/NIsoMuon/review_outputs/Run2Run3/M20/workspace_Run2Run3_M20.root -m 20 -t -1 --expectSignal 0 --setParameters r=0 --algo grid --points 120 --rMin -2 --rMax 100 --saveNLL -n .ReviewScan_Run2Run3_M20.8 --firstPoint 48 --lastPoint 53
spawning combine -M MultiDimFit /data6/Users/joonblee/higgs_combine/CMSSW_14_1_0_pre4/src/NIsoMuon/review_outputs/Run2Run3/M20/workspace_Run2Run3_M20.root -m 20 -t -1 --expectSignal 0 --setParameters r=0 --algo grid --points 120 --rMin -2 --rMax 100 --saveNLL -n .ReviewScan_Run2Run3_M20.9 --firstPoint 54 --lastPoint 59
spawning combine -M MultiDimFit /data6/Users/joonblee/higgs_combine/CMSSW_14_1_0_pre4/src/NIsoMuon/review_outputs/Run2Run3/M20/workspace_Run2Run3_M20.root -m 20 -t -1 --expectSignal 0 --setParameters r=0 --algo grid --points 120 --rMin -2 --rMax 100 --saveNLL -n .ReviewScan_Run2Run3_M20.10 --firstPoint 60 --lastPoint 65
spawning combine -M MultiDimFit /data6/Users/joonblee/higgs_combine/CMSSW_14_1_0_pre4/src/NIsoMuon/review_outputs/Run2Run3/M20/workspace_Run2Run3_M20.root -m 20 -t -1 --expectSignal 0 --setParameters r=0 --algo grid --points 120 --rMin -2 --rMax 100 --saveNLL -n .ReviewScan_Run2Run3_M20.11 --firstPoint 66 --lastPoint 71
spawning combine -M MultiDimFit /data6/Users/joonblee/higgs_combine/CMSSW_14_1_0_pre4/src/NIsoMuon/review_outputs/Run2Run3/M20/workspace_Run2Run3_M20.root -m 20 -t -1 --expectSignal 0 --setParameters r=0 --algo grid --points 120 --rMin -2 --rMax 100 --saveNLL -n .ReviewScan_Run2Run3_M20.12 --firstPoint 72 --lastPoint 77
spawning combine -M MultiDimFit /data6/Users/joonblee/higgs_combine/CMSSW_14_1_0_pre4/src/NIsoMuon/review_outputs/Run2Run3/M20/workspace_Run2Run3_M20.root -m 20 -t -1 --expectSignal 0 --setParameters r=0 --algo grid --points 120 --rMin -2 --rMax 100 --saveNLL -n .ReviewScan_Run2Run3_M20.13 --firstPoint 78 --lastPoint 83
spawning combine -M MultiDimFit /data6/Users/joonblee/higgs_combine/CMSSW_14_1_0_pre4/src/NIsoMuon/review_outputs/Run2Run3/M20/workspace_Run2Run3_M20.root -m 20 -t -1 --expectSignal 0 --setParameters r=0 --algo grid --points 120 --rMin -2 --rMax 100 --saveNLL -n .ReviewScan_Run2Run3_M20.14 --firstPoint 84 --lastPoint 89
spawning combine -M MultiDimFit /data6/Users/joonblee/higgs_combine/CMSSW_14_1_0_pre4/src/NIsoMuon/review_outputs/Run2Run3/M20/workspace_Run2Run3_M20.root -m 20 -t -1 --expectSignal 0 --setParameters r=0 --algo grid --points 120 --rMin -2 --rMax 100 --saveNLL -n .ReviewScan_Run2Run3_M20.15 --firstPoint 90 --lastPoint 95
spawning combine -M MultiDimFit /data6/Users/joonblee/higgs_combine/CMSSW_14_1_0_pre4/src/NIsoMuon/review_outputs/Run2Run3/M20/workspace_Run2Run3_M20.root -m 20 -t -1 --expectSignal 0 --setParameters r=0 --algo grid --points 120 --rMin -2 --rMax 100 --saveNLL -n .ReviewScan_Run2Run3_M20.16 --firstPoint 96 --lastPoint 101
spawning combine -M MultiDimFit /data6/Users/joonblee/higgs_combine/CMSSW_14_1_0_pre4/src/NIsoMuon/review_outputs/Run2Run3/M20/workspace_Run2Run3_M20.root -m 20 -t -1 --expectSignal 0 --setParameters r=0 --algo grid --points 120 --rMin -2 --rMax 100 --saveNLL -n .ReviewScan_Run2Run3_M20.17 --firstPoint 102 --lastPoint 107
spawning combine -M MultiDimFit /data6/Users/joonblee/higgs_combine/CMSSW_14_1_0_pre4/src/NIsoMuon/review_outputs/Run2Run3/M20/workspace_Run2Run3_M20.root -m 20 -t -1 --expectSignal 0 --setParameters r=0 --algo grid --points 120 --rMin -2 --rMax 100 --saveNLL -n .ReviewScan_Run2Run3_M20.18 --firstPoint 108 --lastPoint 113
spawning combine -M MultiDimFit /data6/Users/joonblee/higgs_combine/CMSSW_14_1_0_pre4/src/NIsoMuon/review_outputs/Run2Run3/M20/workspace_Run2Run3_M20.root -m 20 -t -1 --expectSignal 0 --setParameters r=0 --algo grid --points 120 --rMin -2 --rMax 100 --saveNLL -n .ReviewScan_Run2Run3_M20.19 --firstPoint 114 --lastPoint 119
All workers done, doing the hadd to make higgsCombine.ReviewScan_Run2Run3_M20.MultiDimFit.mH20.root out of higgsCombine.ReviewScan_Run2Run3_M20.{0..19}.MultiDimFit.mH20.root
[RUN] (cd /data6/Users/joonblee/higgs_combine/CMSSW_14_1_0_pre4/src/NIsoMuon/review_outputs/Run2Run3/M20 && /data6/Users/joonblee/higgs_combine/CMSSW_16_0_0/bin/el9_amd64_gcc13/plot1DScan.py /data6/Users/joonblee/higgs_combine/CMSSW_14_1_0_pre4/src/NIsoMuon/review_outputs/Run2Run3/M20/higgsCombine.ReviewScan_Run2Run3_M20.MultiDimFit.mH20.root --POI r -o /data6/Users/joonblee/higgs_combine/CMSSW_14_1_0_pre4/src/NIsoMuon/review_outputs/Run2Run3/M20/scan_Run2Run3_M20_Bonly)
ERROR in TPDF::Open: Cannot open file:.//data6/Users/joonblee/higgs_combine/CMSSW_14_1_0_pre4/src/NIsoMuon/review_outputs/Run2Run3/M20/scan_Run2Run3_M20_Bonly.pdf
python ERROR: cannot open image file ".//data6/Users/joonblee/higgs_combine/CMSSW_14_1_0_pre4/src/NIsoMuon/review_outputs/Run2Run3/M20/scan_Run2Run3_M20_Bonly.png" for writing. Please check permissions.
Error in <TASImage::WriteImage>: error writing file .//data6/Users/joonblee/higgs_combine/CMSSW_14_1_0_pre4/src/NIsoMuon/review_outputs/Run2Run3/M20/scan_Run2Run3_M20_Bonly.png
--------------------------------------
/data6/Users/joonblee/higgs_combine/CMSSW_14_1_0_pre4/src/NIsoMuon/review_outputs/Run2Run3/M20/scan_Run2Run3_M20_Bonly
--------------------------------------
[{'lo': -1.5750000476837158, 'hi': 8.139441123355144, 'valid_lo': False, 'valid_hi': True}]
[{'lo': -1.5750000476837158, 'hi': 15.801899491596835, 'valid_lo': False, 'valid_hi': True}]
[SAVED] /data6/Users/joonblee/higgs_combine/CMSSW_14_1_0_pre4/src/NIsoMuon/review_outputs/Run2Run3/M20/scan_Run2Run3_M20_Bonly.pdf

========================================================================================
[TASK] correlation | target=Run2Run3 | M=20
========================================================================================
[WORKSPACE] reuse /data6/Users/joonblee/higgs_combine/CMSSW_14_1_0_pre4/src/NIsoMuon/review_outputs/Run2Run3/M20/workspace_Run2Run3_M20.root
[RUN] (cd /data6/Users/joonblee/higgs_combine/CMSSW_14_1_0_pre4/src/NIsoMuon/review_outputs/Run2Run3/M20 && combine -M FitDiagnostics /data6/Users/joonblee/higgs_combine/CMSSW_14_1_0_pre4/src/NIsoMuon/review_outputs/Run2Run3/M20/workspace_Run2Run3_M20.root -m 20 -t -1 --expectSignal 0 --setParameters r=0 --rMin -2 --rMax 100 --saveWithUncertainties --saveNormalizations -n .ReviewCorrelation_Run2Run3_M20)
Info in <TCanvas::Print>: pdf file /data6/Users/joonblee/higgs_combine/CMSSW_14_1_0_pre4/src/NIsoMuon/review_outputs/Run2Run3/M20/correlation_Run2Run3_M20.pdf has been created
 <<< Combine >>> 
 <<< v11.0.0 >>>
>>> Random number generator seed is 123456
>>> Method used is FitDiagnostics
Set Default Value of Parameter r To : 0
Warning: A value of r is specified in both the --setParameters and --expectSignal options. The argument of --expectSignal will take precedence

 --- FitDiagnostics ---
Best fit r: 0.00344237  -2.00344/+8.09098  (68% CL)
[SAVED] /data6/Users/joonblee/higgs_combine/CMSSW_14_1_0_pre4/src/NIsoMuon/review_outputs/Run2Run3/M20/correlation_Run2Run3_M20.pdf
[SAVED] /data6/Users/joonblee/higgs_combine/CMSSW_14_1_0_pre4/src/NIsoMuon/review_outputs/Run2Run3/M20/correlation_Run2Run3_M20.root

[DONE] review outputs: /data6/Users/joonblee/higgs_combine/CMSSW_14_1_0_pre4/src/NIsoMuon/review_outputs/Run2Run3/M20
