 <<< Combine >>> 
 <<< v11.0.0 >>>
>>> Random number generator seed is 12345
>>> Method used is GenerateOnly
Set Default Value of Parameter r To : 0
Warning: A value of r is specified in both the --setParameters and --expectSignal options. The argument of --expectSignal will take precedence
Generate toy 1/500
Generate toy 2/500
Generate toy 3/500
Generate toy 4/500
Generate toy 5/500
Generate toy 6/500
Generate toy 7/500
Generate toy 8/500
Generate toy 9/500
Generate toy 10/500
Generate toy 11/500
Generate toy 12/500
Generate toy 13/500
Generate toy 14/500
Generate toy 15/500
Generate toy 16/500
Generate toy 17/500
Generate toy 18/500
Generate toy 19/500
Generate toy 20/500
Generate toy 21/500
Generate toy 22/500
Generate toy 23/500
Generate toy 24/500
Generate toy 25/500
Generate toy 26/500
Generate toy 27/500
Generate toy 28/500
Generate toy 29/500
Generate toy 30/500
Generate toy 31/500
Generate toy 32/500
Generate toy 33/500
Generate toy 34/500
Generate toy 35/500
Generate toy 36/500
Generate toy 37/500
Generate toy 38/500
Generate toy 39/500
Generate toy 40/500
Generate toy 41/500
Generate toy 42/500
Generate toy 43/500
Generate toy 44/500
Generate toy 45/500
Generate toy 46/500
Generate toy 47/500
Generate toy 48/500
Generate toy 49/500
Generate toy 50/500
Generate toy 51/500
Generate toy 52/500
Generate toy 53/500
Generate toy 54/500
Generate toy 55/500
Generate toy 56/500
Generate toy 57/500
Generate toy 58/500
Generate toy 59/500
Generate toy 60/500
Generate toy 61/500
Generate toy 62/500
Generate toy 63/500
Generate toy 64/500
Generate toy 65/500
Generate toy 66/500
Generate toy 67/500
Generate toy 68/500
Generate toy 69/500
Generate toy 70/500
Generate toy 71/500
Generate toy 72/500
Generate toy 73/500
Generate toy 74/500
Generate toy 75/500
Generate toy 76/500
Generate toy 77/500
Generate toy 78/500
Generate toy 79/500
Generate toy 80/500
Generate toy 81/500
Generate toy 82/500
Generate toy 83/500
Generate toy 84/500
Generate toy 85/500
Generate toy 86/500
Generate toy 87/500
Generate toy 88/500
Generate toy 89/500
Generate toy 90/500
Generate toy 91/500
Generate toy 92/500
Generate toy 93/500
Generate toy 94/500
Generate toy 95/500
Generate toy 96/500
Generate toy 97/500
Generate toy 98/500
Generate toy 99/500
Generate toy 100/500
Generate toy 101/500
Generate toy 102/500
Generate toy 103/500
Generate toy 104/500
Generate toy 105/500
Generate toy 106/500
Generate toy 107/500
Generate toy 108/500
Generate toy 109/500
Generate toy 110/500
Generate toy 111/500
Generate toy 112/500
Generate toy 113/500
Generate toy 114/500
Generate toy 115/500
Generate toy 116/500
Generate toy 117/500
Generate toy 118/500
Generate toy 119/500
Generate toy 120/500
Generate toy 121/500
Generate toy 122/500
Generate toy 123/500
Generate toy 124/500
Generate toy 125/500
Generate toy 126/500
Generate toy 127/500
Generate toy 128/500
Generate toy 129/500
Generate toy 130/500
Generate toy 131/500
Generate toy 132/500
Generate toy 133/500
Generate toy 134/500
Generate toy 135/500
Generate toy 136/500
Generate toy 137/500
Generate toy 138/500
Generate toy 139/500
Generate toy 140/500
Generate toy 141/500
Generate toy 142/500
Generate toy 143/500
Generate toy 144/500
Generate toy 145/500
Generate toy 146/500
Generate toy 147/500
Generate toy 148/500
Generate toy 149/500
Generate toy 150/500
Generate toy 151/500
Generate toy 152/500
Generate toy 153/500
Generate toy 154/500
Generate toy 155/500
Generate toy 156/500
Generate toy 157/500
Generate toy 158/500
Generate toy 159/500
Generate toy 160/500
Generate toy 161/500
Generate toy 162/500
Generate toy 163/500
Generate toy 164/500
Generate toy 165/500
Generate toy 166/500
Generate toy 167/500
Generate toy 168/500
Generate toy 169/500
Generate toy 170/500
Generate toy 171/500
Generate toy 172/500
Generate toy 173/500
Generate toy 174/500
Generate toy 175/500
Generate toy 176/500
Generate toy 177/500
Generate toy 178/500
Generate toy 179/500
Generate toy 180/500
Generate toy 181/500
Generate toy 182/500
Generate toy 183/500
Generate toy 184/500
Generate toy 185/500
Generate toy 186/500
Generate toy 187/500
Generate toy 188/500
Generate toy 189/500
Generate toy 190/500
Generate toy 191/500
Generate toy 192/500
Generate toy 193/500
Generate toy 194/500
Generate toy 195/500
Generate toy 196/500
Generate toy 197/500
Generate toy 198/500
Generate toy 199/500
Generate toy 200/500
Generate toy 201/500
Generate toy 202/500
Generate toy 203/500
Generate toy 204/500
Generate toy 205/500
Generate toy 206/500
Generate toy 207/500
Generate toy 208/500
Generate toy 209/500
Generate toy 210/500
Generate toy 211/500
Generate toy 212/500
Generate toy 213/500
Generate toy 214/500
Generate toy 215/500
Generate toy 216/500
Generate toy 217/500
Generate toy 218/500
Generate toy 219/500
Generate toy 220/500
Generate toy 221/500
Generate toy 222/500
Generate toy 223/500
Generate toy 224/500
Generate toy 225/500
Generate toy 226/500
Generate toy 227/500
Generate toy 228/500
Generate toy 229/500
Generate toy 230/500
Generate toy 231/500
Generate toy 232/500
Generate toy 233/500
Generate toy 234/500
Generate toy 235/500
Generate toy 236/500
Generate toy 237/500
Generate toy 238/500
Generate toy 239/500
Generate toy 240/500
Generate toy 241/500
Generate toy 242/500
Generate toy 243/500
Generate toy 244/500
Generate toy 245/500
Generate toy 246/500
Generate toy 247/500
Generate toy 248/500
Generate toy 249/500
Generate toy 250/500
Generate toy 251/500
Generate toy 252/500
Generate toy 253/500
Generate toy 254/500
Generate toy 255/500
Generate toy 256/500
Generate toy 257/500
Generate toy 258/500
Generate toy 259/500
Generate toy 260/500
Generate toy 261/500
Generate toy 262/500
Generate toy 263/500
Generate toy 264/500
Generate toy 265/500
Generate toy 266/500
Generate toy 267/500
Generate toy 268/500
Generate toy 269/500
Generate toy 270/500
Generate toy 271/500
Generate toy 272/500
Generate toy 273/500
Generate toy 274/500
Generate toy 275/500
Generate toy 276/500
Generate toy 277/500
Generate toy 278/500
Generate toy 279/500
Generate toy 280/500
Generate toy 281/500
Generate toy 282/500
Generate toy 283/500
Generate toy 284/500
Generate toy 285/500
Generate toy 286/500
Generate toy 287/500
Generate toy 288/500
Generate toy 289/500
Generate toy 290/500
Generate toy 291/500
Generate toy 292/500
Generate toy 293/500
Generate toy 294/500
Generate toy 295/500
Generate toy 296/500
Generate toy 297/500
Generate toy 298/500
Generate toy 299/500
Generate toy 300/500
Generate toy 301/500
Generate toy 302/500
Generate toy 303/500
Generate toy 304/500
Generate toy 305/500
Generate toy 306/500
Generate toy 307/500
Generate toy 308/500
Generate toy 309/500
Generate toy 310/500
Generate toy 311/500
Generate toy 312/500
Generate toy 313/500
Generate toy 314/500
Generate toy 315/500
Generate toy 316/500
Generate toy 317/500
Generate toy 318/500
Generate toy 319/500
Generate toy 320/500
Generate toy 321/500
Generate toy 322/500
Generate toy 323/500
Generate toy 324/500
Generate toy 325/500
Generate toy 326/500
Generate toy 327/500
Generate toy 328/500
Generate toy 329/500
Generate toy 330/500
Generate toy 331/500
Generate toy 332/500
Generate toy 333/500
Generate toy 334/500
Generate toy 335/500
Generate toy 336/500
Generate toy 337/500
Generate toy 338/500
Generate toy 339/500
Generate toy 340/500
Generate toy 341/500
Generate toy 342/500
Generate toy 343/500
Generate toy 344/500
Generate toy 345/500
Generate toy 346/500
Generate toy 347/500
Generate toy 348/500
Generate toy 349/500
Generate toy 350/500
Generate toy 351/500
Generate toy 352/500
Generate toy 353/500
Generate toy 354/500
Generate toy 355/500
Generate toy 356/500
Generate toy 357/500
Generate toy 358/500
Generate toy 359/500
Generate toy 360/500
Generate toy 361/500
Generate toy 362/500
Generate toy 363/500
Generate toy 364/500
Generate toy 365/500
Generate toy 366/500
Generate toy 367/500
Generate toy 368/500
Generate toy 369/500
Generate toy 370/500
Generate toy 371/500
Generate toy 372/500
Generate toy 373/500
Generate toy 374/500
Generate toy 375/500
Generate toy 376/500
Generate toy 377/500
Generate toy 378/500
Generate toy 379/500
Generate toy 380/500
Generate toy 381/500
Generate toy 382/500
Generate toy 383/500
Generate toy 384/500
Generate toy 385/500
Generate toy 386/500
Generate toy 387/500
Generate toy 388/500
Generate toy 389/500
Generate toy 390/500
Generate toy 391/500
Generate toy 392/500
Generate toy 393/500
Generate toy 394/500
Generate toy 395/500
Generate toy 396/500
Generate toy 397/500
Generate toy 398/500
Generate toy 399/500
Generate toy 400/500
Generate toy 401/500
Generate toy 402/500
Generate toy 403/500
Generate toy 404/500
Generate toy 405/500
Generate toy 406/500
Generate toy 407/500
Generate toy 408/500
Generate toy 409/500
Generate toy 410/500
Generate toy 411/500
Generate toy 412/500
Generate toy 413/500
Generate toy 414/500
Generate toy 415/500
Generate toy 416/500
Generate toy 417/500
Generate toy 418/500
Generate toy 419/500
Generate toy 420/500
Generate toy 421/500
Generate toy 422/500
Generate toy 423/500
Generate toy 424/500
Generate toy 425/500
Generate toy 426/500
Generate toy 427/500
Generate toy 428/500
Generate toy 429/500
Generate toy 430/500
Generate toy 431/500
Generate toy 432/500
Generate toy 433/500
Generate toy 434/500
Generate toy 435/500
Generate toy 436/500
Generate toy 437/500
Generate toy 438/500
Generate toy 439/500
Generate toy 440/500
Generate toy 441/500
Generate toy 442/500
Generate toy 443/500
Generate toy 444/500
Generate toy 445/500
Generate toy 446/500
Generate toy 447/500
Generate toy 448/500
Generate toy 449/500
Generate toy 450/500
Generate toy 451/500
Generate toy 452/500
Generate toy 453/500
Generate toy 454/500
Generate toy 455/500
Generate toy 456/500
Generate toy 457/500
Generate toy 458/500
Generate toy 459/500
Generate toy 460/500
Generate toy 461/500
Generate toy 462/500
Generate toy 463/500
Generate toy 464/500
Generate toy 465/500
Generate toy 466/500
Generate toy 467/500
Generate toy 468/500
Generate toy 469/500
Generate toy 470/500
Generate toy 471/500
Generate toy 472/500
Generate toy 473/500
Generate toy 474/500
Generate toy 475/500
Generate toy 476/500
Generate toy 477/500
Generate toy 478/500
Generate toy 479/500
Generate toy 480/500
Generate toy 481/500
Generate toy 482/500
Generate toy 483/500
Generate toy 484/500
Generate toy 485/500
Generate toy 486/500
Generate toy 487/500
Generate toy 488/500
Generate toy 489/500
Generate toy 490/500
Generate toy 491/500
Generate toy 492/500
Generate toy 493/500
Generate toy 494/500
Generate toy 495/500
Generate toy 496/500
Generate toy 497/500
Generate toy 498/500
Generate toy 499/500
Generate toy 500/500
mean   expected limit: r < 3.37823e-316 +/- 0 @ 95%CL (500 toyMC)
median expected limit: r < 3.37823e-316 @ 95%CL (500 toyMC)
   68% expected band : 3.37823e-316 < r < 3.37823e-316
   95% expected band : 3.37823e-316 < r < 3.37823e-316
