 <<< Combine >>> 
 <<< v11.0.0 >>>
>>> Random number generator seed is 123456
>>> Method used is MultiDimFit
Set Range of Parameter r To : (-2,100)
Set Default Value of Parameter r To : 36.25
Set Range of Parameter r To : (-2,100)
Doing initial fit: 

 --- MultiDimFit ---
best fit parameter values and profile-likelihood uncertainties: 
   r :   +29.538   -10.377/+9.138 (68%)
Set Range of Parameter r To : (-2,100)
Doing initial fit: 

 --- MultiDimFit ---
best fit parameter values and profile-likelihood uncertainties: 
   r :   +36.655   -9.510/+8.935 (68%)
Set Range of Parameter r To : (-2,100)
Doing initial fit: 

 --- MultiDimFit ---
best fit parameter values and profile-likelihood uncertainties: 
   r :   +32.605   -10.930/+10.609 (68%)
Set Range of Parameter r To : (-2,100)
Doing initial fit: 

 --- MultiDimFit ---
best fit parameter values and profile-likelihood uncertainties: 
   r :   +23.937   -9.384/+9.154 (68%)
Set Range of Parameter r To : (-2,100)
Doing initial fit: 

 --- MultiDimFit ---
best fit parameter values and profile-likelihood uncertainties: 
   r :   +43.802   -8.853/+8.816 (68%)
Set Range of Parameter r To : (-2,100)
Doing initial fit: 

 --- MultiDimFit ---
best fit parameter values and profile-likelihood uncertainties: 
   r :   +39.568   -9.446/+9.280 (68%)
Set Range of Parameter r To : (-2,100)
Doing initial fit: 

 --- MultiDimFit ---
best fit parameter values and profile-likelihood uncertainties: 
   r :   +26.643   -10.664/+9.315 (68%)
Set Range of Parameter r To : (-2,100)
Doing initial fit: 

 --- MultiDimFit ---
best fit parameter values and profile-likelihood uncertainties: 
   r :   +38.391   -10.488/+9.197 (68%)
Set Range of Parameter r To : (-2,100)
Doing initial fit: 

 --- MultiDimFit ---
best fit parameter values and profile-likelihood uncertainties: 
   r :   +23.622   -9.014/+8.725 (68%)
Set Range of Parameter r To : (-2,100)
Doing initial fit: 

 --- MultiDimFit ---
best fit parameter values and profile-likelihood uncertainties: 
   r :   +51.276   -10.807/+11.638 (68%)
Set Range of Parameter r To : (-2,100)
Doing initial fit: 

 --- MultiDimFit ---
best fit parameter values and profile-likelihood uncertainties: 
   r :   +24.208   -10.750/+9.975 (68%)
Set Range of Parameter r To : (-2,100)
Doing initial fit: 

 --- MultiDimFit ---
best fit parameter values and profile-likelihood uncertainties: 
   r :   +19.256   -8.626/+9.392 (68%)
Set Range of Parameter r To : (-2,100)
Doing initial fit: 

 --- MultiDimFit ---
best fit parameter values and profile-likelihood uncertainties: 
   r :   +40.918   -10.894/+9.529 (68%)
Set Range of Parameter r To : (-2,100)
Doing initial fit: 

 --- MultiDimFit ---
best fit parameter values and profile-likelihood uncertainties: 
   r :   +38.361   -10.887/+11.643 (68%)
Set Range of Parameter r To : (-2,100)
Doing initial fit: 

 --- MultiDimFit ---
best fit parameter values and profile-likelihood uncertainties: 
   r :   +35.029   -10.216/+8.630 (68%)
Set Range of Parameter r To : (-2,100)
Doing initial fit: 

 --- MultiDimFit ---
best fit parameter values and profile-likelihood uncertainties: 
   r :   +40.707   -9.287/+9.400 (68%)
Set Range of Parameter r To : (-2,100)
Doing initial fit: 

 --- MultiDimFit ---
best fit parameter values and profile-likelihood uncertainties: 
   r :   +36.042   -10.832/+9.988 (68%)
Set Range of Parameter r To : (-2,100)
Doing initial fit: 

 --- MultiDimFit ---
best fit parameter values and profile-likelihood uncertainties: 
   r :   +36.043   -10.704/+10.477 (68%)
Set Range of Parameter r To : (-2,100)
Doing initial fit: 

 --- MultiDimFit ---
best fit parameter values and profile-likelihood uncertainties: 
   r :   +13.498   -9.124/+8.221 (68%)
Set Range of Parameter r To : (-2,100)
Doing initial fit: 

 --- MultiDimFit ---
best fit parameter values and profile-likelihood uncertainties: 
   r :   +47.643   -10.781/+9.679 (68%)
Set Range of Parameter r To : (-2,100)
Doing initial fit: 

 --- MultiDimFit ---
best fit parameter values and profile-likelihood uncertainties: 
   r :   +37.619   -10.630/+11.180 (68%)
Set Range of Parameter r To : (-2,100)
Doing initial fit: 

 --- MultiDimFit ---
best fit parameter values and profile-likelihood uncertainties: 
   r :   +23.257   -9.593/+8.312 (68%)
Set Range of Parameter r To : (-2,100)
Doing initial fit: 

 --- MultiDimFit ---
best fit parameter values and profile-likelihood uncertainties: 
   r :   +27.866   -10.061/+9.192 (68%)
Set Range of Parameter r To : (-2,100)
Doing initial fit: 

 --- MultiDimFit ---
best fit parameter values and profile-likelihood uncertainties: 
   r :   +58.762   -9.361/+9.047 (68%)
Set Range of Parameter r To : (-2,100)
Doing initial fit: 

 --- MultiDimFit ---
best fit parameter values and profile-likelihood uncertainties: 
   r :   +40.825   -10.734/+9.573 (68%)
Set Range of Parameter r To : (-2,100)
Doing initial fit: 

 --- MultiDimFit ---
best fit parameter values and profile-likelihood uncertainties: 
   r :   +34.410   -10.585/+9.507 (68%)
Set Range of Parameter r To : (-2,100)
Doing initial fit: 

 --- MultiDimFit ---
best fit parameter values and profile-likelihood uncertainties: 
   r :   +21.348   -9.572/+8.719 (68%)
Set Range of Parameter r To : (-2,100)
Doing initial fit: 

 --- MultiDimFit ---
best fit parameter values and profile-likelihood uncertainties: 
   r :   +47.660   -9.063/+8.972 (68%)
Set Range of Parameter r To : (-2,100)
Doing initial fit: 

 --- MultiDimFit ---
best fit parameter values and profile-likelihood uncertainties: 
   r :   +31.633   -9.663/+9.143 (68%)
Set Range of Parameter r To : (-2,100)
Doing initial fit: 

 --- MultiDimFit ---
best fit parameter values and profile-likelihood uncertainties: 
   r :   +18.316   -8.827/+9.708 (68%)
Set Range of Parameter r To : (-2,100)
Doing initial fit: 

 --- MultiDimFit ---
best fit parameter values and profile-likelihood uncertainties: 
   r :   +26.278   -9.658/+8.926 (68%)
Set Range of Parameter r To : (-2,100)
Doing initial fit: 

 --- MultiDimFit ---
best fit parameter values and profile-likelihood uncertainties: 
   r :   +40.017   -9.301/+9.340 (68%)
Set Range of Parameter r To : (-2,100)
Doing initial fit: 

 --- MultiDimFit ---
best fit parameter values and profile-likelihood uncertainties: 
   r :   +37.657   -10.172/+9.016 (68%)
Set Range of Parameter r To : (-2,100)
Doing initial fit: 

 --- MultiDimFit ---
best fit parameter values and profile-likelihood uncertainties: 
   r :   +50.119   -11.160/+10.241 (68%)
Set Range of Parameter r To : (-2,100)
Doing initial fit: 

 --- MultiDimFit ---
best fit parameter values and profile-likelihood uncertainties: 
   r :   +37.822   -9.086/+9.855 (68%)
Set Range of Parameter r To : (-2,100)
Doing initial fit: 

 --- MultiDimFit ---
best fit parameter values and profile-likelihood uncertainties: 
   r :   +42.696   -9.288/+9.385 (68%)
Set Range of Parameter r To : (-2,100)
Doing initial fit: 

 --- MultiDimFit ---
best fit parameter values and profile-likelihood uncertainties: 
   r :   +25.726   -10.557/+9.320 (68%)
Set Range of Parameter r To : (-2,100)
Doing initial fit: 

 --- MultiDimFit ---
best fit parameter values and profile-likelihood uncertainties: 
   r :   +42.147   -9.066/+8.689 (68%)
Set Range of Parameter r To : (-2,100)
Doing initial fit: 

 --- MultiDimFit ---
best fit parameter values and profile-likelihood uncertainties: 
   r :   +45.267   -10.220/+9.192 (68%)
Set Range of Parameter r To : (-2,100)
Doing initial fit: 

 --- MultiDimFit ---
best fit parameter values and profile-likelihood uncertainties: 
   r :   +34.153   -9.578/+8.803 (68%)
Set Range of Parameter r To : (-2,100)
Doing initial fit: 

 --- MultiDimFit ---
best fit parameter values and profile-likelihood uncertainties: 
   r :   +51.363   -10.688/+9.895 (68%)
Set Range of Parameter r To : (-2,100)
Doing initial fit: 

 --- MultiDimFit ---
best fit parameter values and profile-likelihood uncertainties: 
   r :   +28.323   -10.243/+9.271 (68%)
Set Range of Parameter r To : (-2,100)
Doing initial fit: 

 --- MultiDimFit ---
best fit parameter values and profile-likelihood uncertainties: 
   r :   +22.215   -8.879/+8.562 (68%)
Set Range of Parameter r To : (-2,100)
Doing initial fit: 

 --- MultiDimFit ---
best fit parameter values and profile-likelihood uncertainties: 
   r :   +31.282   -9.566/+9.039 (68%)
Set Range of Parameter r To : (-2,100)
Doing initial fit: 

 --- MultiDimFit ---
best fit parameter values and profile-likelihood uncertainties: 
   r :   +30.147   -9.554/+9.178 (68%)
Set Range of Parameter r To : (-2,100)
Doing initial fit: 

 --- MultiDimFit ---
best fit parameter values and profile-likelihood uncertainties: 
   r :   +55.683   -10.705/+10.254 (68%)
Set Range of Parameter r To : (-2,100)
Doing initial fit: 

 --- MultiDimFit ---
best fit parameter values and profile-likelihood uncertainties: 
   r :   +35.757   -10.747/+9.813 (68%)
Set Range of Parameter r To : (-2,100)
Doing initial fit: 

 --- MultiDimFit ---
best fit parameter values and profile-likelihood uncertainties: 
   r :   +34.598   -11.067/+9.139 (68%)
Set Range of Parameter r To : (-2,100)
Doing initial fit: 

 --- MultiDimFit ---
best fit parameter values and profile-likelihood uncertainties: 
   r :   +35.330   -9.201/+9.123 (68%)
Set Range of Parameter r To : (-2,100)
Doing initial fit: 

 --- MultiDimFit ---
best fit parameter values and profile-likelihood uncertainties: 
   r :   +33.233   -10.852/+10.488 (68%)
Set Range of Parameter r To : (-2,100)
Doing initial fit: 

 --- MultiDimFit ---
best fit parameter values and profile-likelihood uncertainties: 
   r :   +34.599   -9.198/+9.637 (68%)
Set Range of Parameter r To : (-2,100)
Doing initial fit: 

 --- MultiDimFit ---
best fit parameter values and profile-likelihood uncertainties: 
   r :   +29.081   -9.540/+9.035 (68%)
Set Range of Parameter r To : (-2,100)
Doing initial fit: 

 --- MultiDimFit ---
best fit parameter values and profile-likelihood uncertainties: 
   r :   +33.392   -10.340/+9.123 (68%)
Set Range of Parameter r To : (-2,100)
Doing initial fit: 

 --- MultiDimFit ---
best fit parameter values and profile-likelihood uncertainties: 
   r :   +29.788   -11.429/+10.816 (68%)
Set Range of Parameter r To : (-2,100)
Doing initial fit: 

 --- MultiDimFit ---
best fit parameter values and profile-likelihood uncertainties: 
   r :   +22.925   -10.591/+10.618 (68%)
Set Range of Parameter r To : (-2,100)
Doing initial fit: 

 --- MultiDimFit ---
best fit parameter values and profile-likelihood uncertainties: 
   r :   +23.571   -10.490/+9.635 (68%)
Set Range of Parameter r To : (-2,100)
Doing initial fit: 

 --- MultiDimFit ---
best fit parameter values and profile-likelihood uncertainties: 
   r :   +43.334   -9.200/+9.360 (68%)
Set Range of Parameter r To : (-2,100)
Doing initial fit: 

 --- MultiDimFit ---
best fit parameter values and profile-likelihood uncertainties: 
   r :   +28.311   -10.009/+8.988 (68%)
Set Range of Parameter r To : (-2,100)
Doing initial fit: 

 --- MultiDimFit ---
best fit parameter values and profile-likelihood uncertainties: 
   r :   +40.541   -9.700/+8.700 (68%)
Set Range of Parameter r To : (-2,100)
Doing initial fit: 

 --- MultiDimFit ---
best fit parameter values and profile-likelihood uncertainties: 
   r :   +39.625   -9.871/+9.093 (68%)
Set Range of Parameter r To : (-2,100)
Doing initial fit: 

 --- MultiDimFit ---
best fit parameter values and profile-likelihood uncertainties: 
   r :   +19.594   -9.531/+8.844 (68%)
Set Range of Parameter r To : (-2,100)
Doing initial fit: 

 --- MultiDimFit ---
best fit parameter values and profile-likelihood uncertainties: 
   r :   +33.697   -10.603/+11.362 (68%)
Set Range of Parameter r To : (-2,100)
Doing initial fit: 

 --- MultiDimFit ---
best fit parameter values and profile-likelihood uncertainties: 
   r :   +37.276   -10.667/+10.051 (68%)
Set Range of Parameter r To : (-2,100)
Doing initial fit: 

 --- MultiDimFit ---
best fit parameter values and profile-likelihood uncertainties: 
   r :   +28.609   -9.336/+9.032 (68%)
Set Range of Parameter r To : (-2,100)
Doing initial fit: 

 --- MultiDimFit ---
best fit parameter values and profile-likelihood uncertainties: 
   r :   +48.638   -10.776/+9.313 (68%)
Set Range of Parameter r To : (-2,100)
Doing initial fit: 

 --- MultiDimFit ---
best fit parameter values and profile-likelihood uncertainties: 
   r :   +36.519   -10.895/+9.713 (68%)
Set Range of Parameter r To : (-2,100)
Doing initial fit: 

 --- MultiDimFit ---
best fit parameter values and profile-likelihood uncertainties: 
   r :   +42.182   -10.830/+9.965 (68%)
Set Range of Parameter r To : (-2,100)
Doing initial fit: 

 --- MultiDimFit ---
best fit parameter values and profile-likelihood uncertainties: 
   r :   +47.920   -10.191/+9.156 (68%)
Set Range of Parameter r To : (-2,100)
Doing initial fit: 

 --- MultiDimFit ---
best fit parameter values and profile-likelihood uncertainties: 
   r :   +19.109   -10.429/+9.397 (68%)
Set Range of Parameter r To : (-2,100)
Doing initial fit: 

 --- MultiDimFit ---
best fit parameter values and profile-likelihood uncertainties: 
   r :   +28.614   -9.762/+8.935 (68%)
Set Range of Parameter r To : (-2,100)
Doing initial fit: 

 --- MultiDimFit ---
best fit parameter values and profile-likelihood uncertainties: 
   r :   +36.050   -10.373/+8.988 (68%)
Set Range of Parameter r To : (-2,100)
Doing initial fit: 

 --- MultiDimFit ---
best fit parameter values and profile-likelihood uncertainties: 
   r :   +53.109   -10.904/+9.669 (68%)
Set Range of Parameter r To : (-2,100)
Doing initial fit: 

 --- MultiDimFit ---
best fit parameter values and profile-likelihood uncertainties: 
   r :   +31.185   -9.869/+8.905 (68%)
Set Range of Parameter r To : (-2,100)
Doing initial fit: 

 --- MultiDimFit ---
best fit parameter values and profile-likelihood uncertainties: 
   r :   +37.555   -10.813/+9.509 (68%)
Set Range of Parameter r To : (-2,100)
Doing initial fit: 

 --- MultiDimFit ---
best fit parameter values and profile-likelihood uncertainties: 
   r :   +40.773   -10.496/+9.235 (68%)
Set Range of Parameter r To : (-2,100)
Doing initial fit: 

 --- MultiDimFit ---
best fit parameter values and profile-likelihood uncertainties: 
   r :   +36.920   -9.889/+8.833 (68%)
Set Range of Parameter r To : (-2,100)
Doing initial fit: 

 --- MultiDimFit ---
best fit parameter values and profile-likelihood uncertainties: 
   r :   +48.750   -10.216/+9.312 (68%)
Set Range of Parameter r To : (-2,100)
Doing initial fit: 

 --- MultiDimFit ---
best fit parameter values and profile-likelihood uncertainties: 
   r :   +32.792   -9.577/+9.108 (68%)
Set Range of Parameter r To : (-2,100)
Doing initial fit: 

 --- MultiDimFit ---
best fit parameter values and profile-likelihood uncertainties: 
   r :   +25.370   -8.841/+9.719 (68%)
Set Range of Parameter r To : (-2,100)
Doing initial fit: 

 --- MultiDimFit ---
best fit parameter values and profile-likelihood uncertainties: 
   r :   +31.033   -10.149/+9.123 (68%)
Set Range of Parameter r To : (-2,100)
Doing initial fit: 

 --- MultiDimFit ---
best fit parameter values and profile-likelihood uncertainties: 
   r :   +36.301   -11.212/+11.387 (68%)
Set Range of Parameter r To : (-2,100)
Doing initial fit: 

 --- MultiDimFit ---
best fit parameter values and profile-likelihood uncertainties: 
   r :   +38.259   -8.878/+8.960 (68%)
Set Range of Parameter r To : (-2,100)
Doing initial fit: 

 --- MultiDimFit ---
best fit parameter values and profile-likelihood uncertainties: 
   r :   +10.941   -9.191/+8.517 (68%)
Set Range of Parameter r To : (-2,100)
Doing initial fit: 

 --- MultiDimFit ---
best fit parameter values and profile-likelihood uncertainties: 
   r :   +21.921   -10.859/+9.498 (68%)
Set Range of Parameter r To : (-2,100)
Doing initial fit: 

 --- MultiDimFit ---
best fit parameter values and profile-likelihood uncertainties: 
   r :   +38.082   -9.539/+9.453 (68%)
Set Range of Parameter r To : (-2,100)
Doing initial fit: 

 --- MultiDimFit ---
best fit parameter values and profile-likelihood uncertainties: 
   r :   +31.453   -10.263/+8.831 (68%)
Set Range of Parameter r To : (-2,100)
Doing initial fit: 

 --- MultiDimFit ---
best fit parameter values and profile-likelihood uncertainties: 
   r :   +27.010   -8.833/+9.335 (68%)
Set Range of Parameter r To : (-2,100)
Doing initial fit: 

 --- MultiDimFit ---
best fit parameter values and profile-likelihood uncertainties: 
   r :   +25.894   -10.587/+10.116 (68%)
Set Range of Parameter r To : (-2,100)
Doing initial fit: 

 --- MultiDimFit ---
best fit parameter values and profile-likelihood uncertainties: 
   r :   +28.965   -10.196/+9.066 (68%)
Set Range of Parameter r To : (-2,100)
Doing initial fit: 

 --- MultiDimFit ---
best fit parameter values and profile-likelihood uncertainties: 
   r :   +45.292   -10.257/+9.384 (68%)
Set Range of Parameter r To : (-2,100)
Doing initial fit: 

 --- MultiDimFit ---
best fit parameter values and profile-likelihood uncertainties: 
   r :   +18.168   -9.170/+8.766 (68%)
Set Range of Parameter r To : (-2,100)
Doing initial fit: 

 --- MultiDimFit ---
best fit parameter values and profile-likelihood uncertainties: 
   r :   +20.879   -10.881/+10.953 (68%)
Set Range of Parameter r To : (-2,100)
Doing initial fit: 

 --- MultiDimFit ---
best fit parameter values and profile-likelihood uncertainties: 
   r :   +28.454   -9.202/+9.394 (68%)
Set Range of Parameter r To : (-2,100)
Doing initial fit: 

 --- MultiDimFit ---
best fit parameter values and profile-likelihood uncertainties: 
   r :   +42.027   -10.220/+9.213 (68%)
Set Range of Parameter r To : (-2,100)
Doing initial fit: 

 --- MultiDimFit ---
best fit parameter values and profile-likelihood uncertainties: 
   r :   +42.029   -10.756/+9.426 (68%)
Set Range of Parameter r To : (-2,100)
Doing initial fit: 

 --- MultiDimFit ---
best fit parameter values and profile-likelihood uncertainties: 
   r :   +25.898   -9.035/+8.726 (68%)
Set Range of Parameter r To : (-2,100)
Doing initial fit: 

 --- MultiDimFit ---
best fit parameter values and profile-likelihood uncertainties: 
   r :   +23.564   -8.844/+9.163 (68%)
Set Range of Parameter r To : (-2,100)
Doing initial fit: 

 --- MultiDimFit ---
best fit parameter values and profile-likelihood uncertainties: 
   r :   +25.457   -11.284/+9.349 (68%)
Set Range of Parameter r To : (-2,100)
Doing initial fit: 

 --- MultiDimFit ---
best fit parameter values and profile-likelihood uncertainties: 
   r :   +35.265   -10.805/+9.966 (68%)
Set Range of Parameter r To : (-2,100)
Doing initial fit: 

 --- MultiDimFit ---
best fit parameter values and profile-likelihood uncertainties: 
   r :   +32.174   -10.175/+9.279 (68%)
Set Range of Parameter r To : (-2,100)
Doing initial fit: 

 --- MultiDimFit ---
best fit parameter values and profile-likelihood uncertainties: 
   r :   +38.233   -10.218/+9.257 (68%)
Set Range of Parameter r To : (-2,100)
Doing initial fit: 

 --- MultiDimFit ---
best fit parameter values and profile-likelihood uncertainties: 
   r :   +54.256   -10.912/+10.937 (68%)
Set Range of Parameter r To : (-2,100)
Doing initial fit: 

 --- MultiDimFit ---
best fit parameter values and profile-likelihood uncertainties: 
   r :   +46.174   -9.388/+8.988 (68%)
Set Range of Parameter r To : (-2,100)
Doing initial fit: 

 --- MultiDimFit ---
best fit parameter values and profile-likelihood uncertainties: 
   r :   +23.406   -10.455/+8.994 (68%)
Set Range of Parameter r To : (-2,100)
Doing initial fit: 

 --- MultiDimFit ---
best fit parameter values and profile-likelihood uncertainties: 
   r :   +45.341   -9.447/+9.012 (68%)
Set Range of Parameter r To : (-2,100)
Doing initial fit: 

 --- MultiDimFit ---
best fit parameter values and profile-likelihood uncertainties: 
   r :   +29.584   -9.983/+9.140 (68%)
Set Range of Parameter r To : (-2,100)
Doing initial fit: 

 --- MultiDimFit ---
best fit parameter values and profile-likelihood uncertainties: 
   r :   +31.726   -11.152/+10.932 (68%)
Set Range of Parameter r To : (-2,100)
Doing initial fit: 

 --- MultiDimFit ---
best fit parameter values and profile-likelihood uncertainties: 
   r :   +28.631   -10.537/+9.192 (68%)
Set Range of Parameter r To : (-2,100)
Doing initial fit: 

 --- MultiDimFit ---
best fit parameter values and profile-likelihood uncertainties: 
   r :   +37.261   -9.691/+8.946 (68%)
Set Range of Parameter r To : (-2,100)
Doing initial fit: 

 --- MultiDimFit ---
best fit parameter values and profile-likelihood uncertainties: 
   r :   +47.642   -9.106/+9.365 (68%)
Set Range of Parameter r To : (-2,100)
Doing initial fit: 

 --- MultiDimFit ---
best fit parameter values and profile-likelihood uncertainties: 
   r :   +22.884   -10.645/+9.503 (68%)
Set Range of Parameter r To : (-2,100)
Doing initial fit: 

 --- MultiDimFit ---
best fit parameter values and profile-likelihood uncertainties: 
   r :   +23.069   -10.583/+9.491 (68%)
Set Range of Parameter r To : (-2,100)
Doing initial fit: 

 --- MultiDimFit ---
best fit parameter values and profile-likelihood uncertainties: 
   r :   +43.447   -10.474/+9.195 (68%)
Set Range of Parameter r To : (-2,100)
Doing initial fit: 

 --- MultiDimFit ---
best fit parameter values and profile-likelihood uncertainties: 
   r :   +38.591   -10.802/+10.600 (68%)
Set Range of Parameter r To : (-2,100)
Doing initial fit: 

 --- MultiDimFit ---
best fit parameter values and profile-likelihood uncertainties: 
   r :   +37.435   -10.653/+9.043 (68%)
Set Range of Parameter r To : (-2,100)
Doing initial fit: 

 --- MultiDimFit ---
best fit parameter values and profile-likelihood uncertainties: 
   r :   +47.293   -10.127/+9.269 (68%)
Set Range of Parameter r To : (-2,100)
Doing initial fit: 

 --- MultiDimFit ---
best fit parameter values and profile-likelihood uncertainties: 
   r :   +32.112   -10.066/+9.598 (68%)
Set Range of Parameter r To : (-2,100)
Doing initial fit: 

 --- MultiDimFit ---
best fit parameter values and profile-likelihood uncertainties: 
   r :   +35.466   -10.833/+10.938 (68%)
Set Range of Parameter r To : (-2,100)
Doing initial fit: 

 --- MultiDimFit ---
best fit parameter values and profile-likelihood uncertainties: 
   r :   +48.553   -10.126/+9.052 (68%)
Set Range of Parameter r To : (-2,100)
Doing initial fit: 

 --- MultiDimFit ---
best fit parameter values and profile-likelihood uncertainties: 
   r :   +18.063   -9.970/+9.149 (68%)
Set Range of Parameter r To : (-2,100)
Doing initial fit: 

 --- MultiDimFit ---
best fit parameter values and profile-likelihood uncertainties: 
   r :   +30.672   -9.050/+9.175 (68%)
Set Range of Parameter r To : (-2,100)
Doing initial fit: 

 --- MultiDimFit ---
best fit parameter values and profile-likelihood uncertainties: 
   r :   +37.899   -11.034/+10.631 (68%)
Set Range of Parameter r To : (-2,100)
Doing initial fit: 

 --- MultiDimFit ---
best fit parameter values and profile-likelihood uncertainties: 
   r :   +23.558   -10.402/+9.409 (68%)
Set Range of Parameter r To : (-2,100)
Doing initial fit: 

 --- MultiDimFit ---
best fit parameter values and profile-likelihood uncertainties: 
   r :   +14.661   -10.167/+8.791 (68%)
Set Range of Parameter r To : (-2,100)
Doing initial fit: 

 --- MultiDimFit ---
best fit parameter values and profile-likelihood uncertainties: 
   r :   +34.104   -9.284/+8.710 (68%)
Set Range of Parameter r To : (-2,100)
Doing initial fit: 

 --- MultiDimFit ---
best fit parameter values and profile-likelihood uncertainties: 
   r :   +22.718   -10.171/+9.015 (68%)
Set Range of Parameter r To : (-2,100)
Doing initial fit: 

 --- MultiDimFit ---
best fit parameter values and profile-likelihood uncertainties: 
   r :   +33.177   -10.467/+10.440 (68%)
Set Range of Parameter r To : (-2,100)
Doing initial fit: 

 --- MultiDimFit ---
best fit parameter values and profile-likelihood uncertainties: 
   r :   +30.584   -10.795/+9.461 (68%)
Set Range of Parameter r To : (-2,100)
Doing initial fit: 

 --- MultiDimFit ---
best fit parameter values and profile-likelihood uncertainties: 
   r :   +36.366   -9.828/+8.772 (68%)
Set Range of Parameter r To : (-2,100)
Doing initial fit: 

 --- MultiDimFit ---
best fit parameter values and profile-likelihood uncertainties: 
   r :   +48.160   -9.831/+9.146 (68%)
Set Range of Parameter r To : (-2,100)
Doing initial fit: 

 --- MultiDimFit ---
best fit parameter values and profile-likelihood uncertainties: 
   r :   +40.362   -9.732/+9.005 (68%)
Set Range of Parameter r To : (-2,100)
Doing initial fit: 

 --- MultiDimFit ---
best fit parameter values and profile-likelihood uncertainties: 
   r :   +26.940   -10.558/+9.143 (68%)
Set Range of Parameter r To : (-2,100)
Doing initial fit: 

 --- MultiDimFit ---
best fit parameter values and profile-likelihood uncertainties: 
   r :   +35.783   -10.565/+9.880 (68%)
Set Range of Parameter r To : (-2,100)
Doing initial fit: 

 --- MultiDimFit ---
best fit parameter values and profile-likelihood uncertainties: 
   r :   +37.974   -10.740/+9.660 (68%)
Set Range of Parameter r To : (-2,100)
Doing initial fit: 

 --- MultiDimFit ---
best fit parameter values and profile-likelihood uncertainties: 
   r :   +33.684   -9.302/+9.007 (68%)
Set Range of Parameter r To : (-2,100)
Doing initial fit: 

 --- MultiDimFit ---
best fit parameter values and profile-likelihood uncertainties: 
   r :   +43.891   -10.908/+9.726 (68%)
Set Range of Parameter r To : (-2,100)
Doing initial fit: 

 --- MultiDimFit ---
best fit parameter values and profile-likelihood uncertainties: 
   r :   +35.077   -9.742/+8.881 (68%)
Set Range of Parameter r To : (-2,100)
Doing initial fit: 

 --- MultiDimFit ---
best fit parameter values and profile-likelihood uncertainties: 
   r :   +29.579   -9.194/+9.814 (68%)
Set Range of Parameter r To : (-2,100)
Doing initial fit: 

 --- MultiDimFit ---
best fit parameter values and profile-likelihood uncertainties: 
   r :   +40.761   -10.665/+9.309 (68%)
Set Range of Parameter r To : (-2,100)
Doing initial fit: 

 --- MultiDimFit ---
best fit parameter values and profile-likelihood uncertainties: 
   r :   +42.440   -11.405/+11.622 (68%)
Set Range of Parameter r To : (-2,100)
Doing initial fit: 

 --- MultiDimFit ---
best fit parameter values and profile-likelihood uncertainties: 
   r :   +37.690   -9.021/+8.532 (68%)
Set Range of Parameter r To : (-2,100)
Doing initial fit: 

 --- MultiDimFit ---
best fit parameter values and profile-likelihood uncertainties: 
   r :   +59.813   -10.992/+10.016 (68%)
Set Range of Parameter r To : (-2,100)
Doing initial fit: 

 --- MultiDimFit ---
best fit parameter values and profile-likelihood uncertainties: 
   r :   +43.752   -10.352/+8.718 (68%)
Set Range of Parameter r To : (-2,100)
Doing initial fit: 

 --- MultiDimFit ---
best fit parameter values and profile-likelihood uncertainties: 
   r :   +28.189   -9.171/+9.262 (68%)
Set Range of Parameter r To : (-2,100)
Doing initial fit: 

 --- MultiDimFit ---
best fit parameter values and profile-likelihood uncertainties: 
   r :   +28.269   -8.616/+8.891 (68%)
Set Range of Parameter r To : (-2,100)
Doing initial fit: 

 --- MultiDimFit ---
best fit parameter values and profile-likelihood uncertainties: 
   r :   +39.089   -9.386/+9.579 (68%)
Set Range of Parameter r To : (-2,100)
Doing initial fit: 

 --- MultiDimFit ---
best fit parameter values and profile-likelihood uncertainties: 
   r :   +28.670   -10.449/+9.686 (68%)
Set Range of Parameter r To : (-2,100)
Doing initial fit: 

 --- MultiDimFit ---
best fit parameter values and profile-likelihood uncertainties: 
   r :   +35.922   -10.668/+10.791 (68%)
Set Range of Parameter r To : (-2,100)
Doing initial fit: 

 --- MultiDimFit ---
best fit parameter values and profile-likelihood uncertainties: 
   r :   +36.088   -9.587/+8.896 (68%)
Set Range of Parameter r To : (-2,100)
Doing initial fit: 

 --- MultiDimFit ---
best fit parameter values and profile-likelihood uncertainties: 
   r :   +35.486   -9.163/+10.560 (68%)
Set Range of Parameter r To : (-2,100)
Doing initial fit: 

 --- MultiDimFit ---
best fit parameter values and profile-likelihood uncertainties: 
   r :   +35.590   -9.199/+9.170 (68%)
Set Range of Parameter r To : (-2,100)
Doing initial fit: 

 --- MultiDimFit ---
best fit parameter values and profile-likelihood uncertainties: 
   r :   +33.707   -11.069/+11.803 (68%)
Set Range of Parameter r To : (-2,100)
Doing initial fit: 

 --- MultiDimFit ---
best fit parameter values and profile-likelihood uncertainties: 
   r :   +29.982   -10.751/+9.878 (68%)
Set Range of Parameter r To : (-2,100)
Doing initial fit: 

 --- MultiDimFit ---
best fit parameter values and profile-likelihood uncertainties: 
   r :   +21.175   -8.869/+9.106 (68%)
Set Range of Parameter r To : (-2,100)
Doing initial fit: 

 --- MultiDimFit ---
best fit parameter values and profile-likelihood uncertainties: 
   r :   +27.439   -8.842/+9.506 (68%)
Set Range of Parameter r To : (-2,100)
Doing initial fit: 

 --- MultiDimFit ---
best fit parameter values and profile-likelihood uncertainties: 
   r :   +28.898   -9.057/+9.116 (68%)
Set Range of Parameter r To : (-2,100)
Doing initial fit: 

 --- MultiDimFit ---
best fit parameter values and profile-likelihood uncertainties: 
   r :   +23.615   -11.016/+9.654 (68%)
Set Range of Parameter r To : (-2,100)
Doing initial fit: 

 --- MultiDimFit ---
best fit parameter values and profile-likelihood uncertainties: 
   r :   +42.836   -10.064/+9.345 (68%)
Set Range of Parameter r To : (-2,100)
Doing initial fit: 

 --- MultiDimFit ---
best fit parameter values and profile-likelihood uncertainties: 
   r :   +30.042   -10.636/+9.485 (68%)
Set Range of Parameter r To : (-2,100)
Doing initial fit: 

 --- MultiDimFit ---
best fit parameter values and profile-likelihood uncertainties: 
   r :   +41.662   -10.030/+9.040 (68%)
Set Range of Parameter r To : (-2,100)
Doing initial fit: 

 --- MultiDimFit ---
best fit parameter values and profile-likelihood uncertainties: 
   r :   +50.270   -10.777/+10.578 (68%)
Set Range of Parameter r To : (-2,100)
Doing initial fit: 

 --- MultiDimFit ---
best fit parameter values and profile-likelihood uncertainties: 
   r :   +45.667   -9.536/+9.288 (68%)
Set Range of Parameter r To : (-2,100)
Doing initial fit: 

 --- MultiDimFit ---
best fit parameter values and profile-likelihood uncertainties: 
   r :   +23.189   -8.711/+9.252 (68%)
Set Range of Parameter r To : (-2,100)
Doing initial fit: 

 --- MultiDimFit ---
best fit parameter values and profile-likelihood uncertainties: 
   r :   +39.189   -10.703/+10.008 (68%)
Set Range of Parameter r To : (-2,100)
Doing initial fit: 

 --- MultiDimFit ---
best fit parameter values and profile-likelihood uncertainties: 
   r :   +19.740   -10.565/+9.407 (68%)
Set Range of Parameter r To : (-2,100)
Doing initial fit: 

 --- MultiDimFit ---
best fit parameter values and profile-likelihood uncertainties: 
   r :   +43.612   -10.895/+11.620 (68%)
Set Range of Parameter r To : (-2,100)
Doing initial fit: 

 --- MultiDimFit ---
best fit parameter values and profile-likelihood uncertainties: 
   r :   +25.400   -10.396/+10.639 (68%)
Set Range of Parameter r To : (-2,100)
Doing initial fit: 

 --- MultiDimFit ---
best fit parameter values and profile-likelihood uncertainties: 
   r :   +24.854   -10.746/+9.518 (68%)
Set Range of Parameter r To : (-2,100)
Doing initial fit: 

 --- MultiDimFit ---
best fit parameter values and profile-likelihood uncertainties: 
   r :   +36.628   -10.310/+8.764 (68%)
Set Range of Parameter r To : (-2,100)
Doing initial fit: 

 --- MultiDimFit ---
best fit parameter values and profile-likelihood uncertainties: 
   r :   +22.602   -9.135/+8.872 (68%)
Set Range of Parameter r To : (-2,100)
Doing initial fit: 

 --- MultiDimFit ---
best fit parameter values and profile-likelihood uncertainties: 
   r :   +38.359   -9.225/+9.516 (68%)
Set Range of Parameter r To : (-2,100)
Doing initial fit: 

 --- MultiDimFit ---
best fit parameter values and profile-likelihood uncertainties: 
   r :   +30.656   -9.515/+8.975 (68%)
Set Range of Parameter r To : (-2,100)
Doing initial fit: 

 --- MultiDimFit ---
best fit parameter values and profile-likelihood uncertainties: 
   r :   +37.835   -10.094/+9.216 (68%)
Set Range of Parameter r To : (-2,100)
Doing initial fit: 

 --- MultiDimFit ---
best fit parameter values and profile-likelihood uncertainties: 
   r :   +30.137   -10.741/+9.834 (68%)
Set Range of Parameter r To : (-2,100)
Doing initial fit: 

 --- MultiDimFit ---
best fit parameter values and profile-likelihood uncertainties: 
   r :   +32.890   -10.039/+9.000 (68%)
Set Range of Parameter r To : (-2,100)
Doing initial fit: 

 --- MultiDimFit ---
best fit parameter values and profile-likelihood uncertainties: 
   r :   +39.008   -8.968/+9.462 (68%)
Set Range of Parameter r To : (-2,100)
Doing initial fit: 

 --- MultiDimFit ---
best fit parameter values and profile-likelihood uncertainties: 
   r :   +39.563   -9.241/+9.391 (68%)
Set Range of Parameter r To : (-2,100)
Doing initial fit: 

 --- MultiDimFit ---
best fit parameter values and profile-likelihood uncertainties: 
   r :   +30.613   -10.080/+9.191 (68%)
Set Range of Parameter r To : (-2,100)
Doing initial fit: 

 --- MultiDimFit ---
best fit parameter values and profile-likelihood uncertainties: 
   r :   +22.815   -9.586/+9.414 (68%)
Set Range of Parameter r To : (-2,100)
Doing initial fit: 

 --- MultiDimFit ---
best fit parameter values and profile-likelihood uncertainties: 
   r :   +24.701   -10.164/+9.130 (68%)
Set Range of Parameter r To : (-2,100)
Doing initial fit: 

 --- MultiDimFit ---
best fit parameter values and profile-likelihood uncertainties: 
   r :   +46.819   -9.773/+9.189 (68%)
Set Range of Parameter r To : (-2,100)
Doing initial fit: 

 --- MultiDimFit ---
best fit parameter values and profile-likelihood uncertainties: 
   r :   +31.317   -9.751/+9.156 (68%)
Set Range of Parameter r To : (-2,100)
Doing initial fit: 

 --- MultiDimFit ---
best fit parameter values and profile-likelihood uncertainties: 
   r :   +32.067   -11.012/+11.722 (68%)
Set Range of Parameter r To : (-2,100)
Doing initial fit: 

 --- MultiDimFit ---
best fit parameter values and profile-likelihood uncertainties: 
   r :   +44.715   -10.711/+10.424 (68%)
Set Range of Parameter r To : (-2,100)
Doing initial fit: 

 --- MultiDimFit ---
best fit parameter values and profile-likelihood uncertainties: 
   r :   +25.741   -8.767/+9.190 (68%)
Set Range of Parameter r To : (-2,100)
Doing initial fit: 

 --- MultiDimFit ---
best fit parameter values and profile-likelihood uncertainties: 
   r :   +30.497   -10.772/+10.723 (68%)
Set Range of Parameter r To : (-2,100)
Doing initial fit: 

 --- MultiDimFit ---
best fit parameter values and profile-likelihood uncertainties: 
   r :   +23.205   -9.636/+8.876 (68%)
Set Range of Parameter r To : (-2,100)
Doing initial fit: 

 --- MultiDimFit ---
best fit parameter values and profile-likelihood uncertainties: 
   r :   +32.483   -9.667/+8.860 (68%)
Set Range of Parameter r To : (-2,100)
Doing initial fit: 

 --- MultiDimFit ---
best fit parameter values and profile-likelihood uncertainties: 
   r :   +37.024   -9.957/+9.177 (68%)
Set Range of Parameter r To : (-2,100)
Doing initial fit: 

 --- MultiDimFit ---
best fit parameter values and profile-likelihood uncertainties: 
   r :   +22.866   -8.552/+9.152 (68%)
Set Range of Parameter r To : (-2,100)
Doing initial fit: 

 --- MultiDimFit ---
best fit parameter values and profile-likelihood uncertainties: 
   r :   +38.100   -10.889/+10.729 (68%)
Set Range of Parameter r To : (-2,100)
Doing initial fit: 

 --- MultiDimFit ---
best fit parameter values and profile-likelihood uncertainties: 
   r :   +31.935   -10.525/+10.212 (68%)
Set Range of Parameter r To : (-2,100)
Doing initial fit: 

 --- MultiDimFit ---
best fit parameter values and profile-likelihood uncertainties: 
   r :   +20.691   -10.818/+9.307 (68%)
Set Range of Parameter r To : (-2,100)
Doing initial fit: 

 --- MultiDimFit ---
best fit parameter values and profile-likelihood uncertainties: 
   r :   +40.171   -10.272/+9.404 (68%)
Set Range of Parameter r To : (-2,100)
Doing initial fit: 

 --- MultiDimFit ---
best fit parameter values and profile-likelihood uncertainties: 
   r :   +50.779   -10.852/+11.085 (68%)
Set Range of Parameter r To : (-2,100)
Doing initial fit: 

 --- MultiDimFit ---
best fit parameter values and profile-likelihood uncertainties: 
   r :   +59.534   -10.637/+9.577 (68%)
Set Range of Parameter r To : (-2,100)
Doing initial fit: 

 --- MultiDimFit ---
best fit parameter values and profile-likelihood uncertainties: 
   r :   +18.006   -10.346/+10.514 (68%)
Set Range of Parameter r To : (-2,100)
Doing initial fit: 

 --- MultiDimFit ---
best fit parameter values and profile-likelihood uncertainties: 
   r :   +28.153   -10.843/+10.670 (68%)
Set Range of Parameter r To : (-2,100)
Doing initial fit: 

 --- MultiDimFit ---
best fit parameter values and profile-likelihood uncertainties: 
   r :   +13.793   -8.388/+9.619 (68%)
Set Range of Parameter r To : (-2,100)
Doing initial fit: 

 --- MultiDimFit ---
best fit parameter values and profile-likelihood uncertainties: 
   r :   +40.223   -10.686/+9.354 (68%)
Set Range of Parameter r To : (-2,100)
Doing initial fit: 

 --- MultiDimFit ---
best fit parameter values and profile-likelihood uncertainties: 
   r :   +35.402   -10.578/+9.749 (68%)
Set Range of Parameter r To : (-2,100)
Doing initial fit: 

 --- MultiDimFit ---
best fit parameter values and profile-likelihood uncertainties: 
   r :   +23.839   -9.406/+9.220 (68%)
Set Range of Parameter r To : (-2,100)
Doing initial fit: 

 --- MultiDimFit ---
best fit parameter values and profile-likelihood uncertainties: 
   r :   +26.758   -10.457/+9.420 (68%)
Set Range of Parameter r To : (-2,100)
Doing initial fit: 

 --- MultiDimFit ---
best fit parameter values and profile-likelihood uncertainties: 
   r :   +55.781   -10.790/+11.541 (68%)
Set Range of Parameter r To : (-2,100)
Doing initial fit: 

 --- MultiDimFit ---
best fit parameter values and profile-likelihood uncertainties: 
   r :   +40.315   -10.512/+9.399 (68%)
Set Range of Parameter r To : (-2,100)
Doing initial fit: 

 --- MultiDimFit ---
best fit parameter values and profile-likelihood uncertainties: 
   r :   +24.920   -8.839/+8.309 (68%)
Set Range of Parameter r To : (-2,100)
Doing initial fit: 

 --- MultiDimFit ---
best fit parameter values and profile-likelihood uncertainties: 
   r :   +38.364   -10.512/+9.321 (68%)
Set Range of Parameter r To : (-2,100)
Doing initial fit: 

 --- MultiDimFit ---
best fit parameter values and profile-likelihood uncertainties: 
   r :   +18.745   -8.663/+9.455 (68%)
Set Range of Parameter r To : (-2,100)
Doing initial fit: 

 --- MultiDimFit ---
best fit parameter values and profile-likelihood uncertainties: 
   r :   +41.174   -9.855/+9.153 (68%)
Set Range of Parameter r To : (-2,100)
Doing initial fit: 

 --- MultiDimFit ---
best fit parameter values and profile-likelihood uncertainties: 
   r :   +20.847   -10.549/+10.039 (68%)
Set Range of Parameter r To : (-2,100)
Doing initial fit: 

 --- MultiDimFit ---
best fit parameter values and profile-likelihood uncertainties: 
   r :   +44.215   -8.774/+9.048 (68%)
Set Range of Parameter r To : (-2,100)
Doing initial fit: 

 --- MultiDimFit ---
best fit parameter values and profile-likelihood uncertainties: 
   r :   +32.447   -10.223/+9.017 (68%)
Set Range of Parameter r To : (-2,100)
Doing initial fit: 

 --- MultiDimFit ---
best fit parameter values and profile-likelihood uncertainties: 
   r :   +30.758   -9.767/+9.128 (68%)
Set Range of Parameter r To : (-2,100)
Doing initial fit: 

 --- MultiDimFit ---
best fit parameter values and profile-likelihood uncertainties: 
   r :   +24.605   -8.955/+9.608 (68%)
Set Range of Parameter r To : (-2,100)
Doing initial fit: 

 --- MultiDimFit ---
best fit parameter values and profile-likelihood uncertainties: 
   r :   +43.871   -8.848/+9.017 (68%)
Set Range of Parameter r To : (-2,100)
Doing initial fit: 

 --- MultiDimFit ---
best fit parameter values and profile-likelihood uncertainties: 
   r :   +43.078   -9.833/+8.580 (68%)
Set Range of Parameter r To : (-2,100)
Doing initial fit: 

 --- MultiDimFit ---
best fit parameter values and profile-likelihood uncertainties: 
   r :   +41.346   -8.780/+10.004 (68%)
Set Range of Parameter r To : (-2,100)
Doing initial fit: 

 --- MultiDimFit ---
best fit parameter values and profile-likelihood uncertainties: 
   r :   +25.059   -10.965/+11.090 (68%)
Set Range of Parameter r To : (-2,100)
Doing initial fit: 

 --- MultiDimFit ---
best fit parameter values and profile-likelihood uncertainties: 
   r :   +24.988   -10.344/+9.161 (68%)
Set Range of Parameter r To : (-2,100)
Doing initial fit: 

 --- MultiDimFit ---
best fit parameter values and profile-likelihood uncertainties: 
   r :   +31.082   -9.613/+8.859 (68%)
Set Range of Parameter r To : (-2,100)
Doing initial fit: 

 --- MultiDimFit ---
best fit parameter values and profile-likelihood uncertainties: 
   r :   +43.835   -9.180/+9.884 (68%)
Set Range of Parameter r To : (-2,100)
Doing initial fit: 

 --- MultiDimFit ---
best fit parameter values and profile-likelihood uncertainties: 
   r :   +31.530   -10.087/+8.806 (68%)
Set Range of Parameter r To : (-2,100)
Doing initial fit: 

 --- MultiDimFit ---
best fit parameter values and profile-likelihood uncertainties: 
   r :   +30.930   -9.484/+9.162 (68%)
Set Range of Parameter r To : (-2,100)
Doing initial fit: 

 --- MultiDimFit ---
best fit parameter values and profile-likelihood uncertainties: 
   r :   +41.472   -10.791/+10.704 (68%)
Set Range of Parameter r To : (-2,100)
Doing initial fit: 

 --- MultiDimFit ---
best fit parameter values and profile-likelihood uncertainties: 
   r :   +33.015   -9.350/+9.145 (68%)
Set Range of Parameter r To : (-2,100)
Doing initial fit: 

 --- MultiDimFit ---
best fit parameter values and profile-likelihood uncertainties: 
   r :   +48.531   -9.350/+9.428 (68%)
Set Range of Parameter r To : (-2,100)
Doing initial fit: 

 --- MultiDimFit ---
best fit parameter values and profile-likelihood uncertainties: 
   r :   +29.840   -10.185/+9.146 (68%)
Set Range of Parameter r To : (-2,100)
Doing initial fit: 

 --- MultiDimFit ---
best fit parameter values and profile-likelihood uncertainties: 
   r :   +33.496   -8.524/+8.966 (68%)
Set Range of Parameter r To : (-2,100)
Doing initial fit: 

 --- MultiDimFit ---
best fit parameter values and profile-likelihood uncertainties: 
   r :   +39.926   -9.881/+8.698 (68%)
Set Range of Parameter r To : (-2,100)
Doing initial fit: 

 --- MultiDimFit ---
best fit parameter values and profile-likelihood uncertainties: 
   r :   +33.413   -10.906/+9.861 (68%)
Set Range of Parameter r To : (-2,100)
Doing initial fit: 

 --- MultiDimFit ---
best fit parameter values and profile-likelihood uncertainties: 
   r :   +19.887   -10.395/+9.437 (68%)
Set Range of Parameter r To : (-2,100)
Doing initial fit: 

 --- MultiDimFit ---
best fit parameter values and profile-likelihood uncertainties: 
   r :   +38.544   -9.162/+9.686 (68%)
Set Range of Parameter r To : (-2,100)
Doing initial fit: 

 --- MultiDimFit ---
best fit parameter values and profile-likelihood uncertainties: 
   r :   +34.601   -10.272/+9.126 (68%)
Set Range of Parameter r To : (-2,100)
Doing initial fit: 

 --- MultiDimFit ---
best fit parameter values and profile-likelihood uncertainties: 
   r :   +35.417   -10.100/+9.192 (68%)
Set Range of Parameter r To : (-2,100)
Doing initial fit: 

 --- MultiDimFit ---
best fit parameter values and profile-likelihood uncertainties: 
   r :   +23.170   -10.783/+11.468 (68%)
Set Range of Parameter r To : (-2,100)
Doing initial fit: 

 --- MultiDimFit ---
best fit parameter values and profile-likelihood uncertainties: 
   r :   +25.056   -10.493/+9.238 (68%)
Set Range of Parameter r To : (-2,100)
Doing initial fit: 

 --- MultiDimFit ---
best fit parameter values and profile-likelihood uncertainties: 
   r :   +29.908   -11.291/+11.139 (68%)
Set Range of Parameter r To : (-2,100)
Doing initial fit: 

 --- MultiDimFit ---
best fit parameter values and profile-likelihood uncertainties: 
   r :   +19.967   -8.695/+10.059 (68%)
Set Range of Parameter r To : (-2,100)
Doing initial fit: 

 --- MultiDimFit ---
best fit parameter values and profile-likelihood uncertainties: 
   r :   +31.377   -10.760/+9.637 (68%)
Set Range of Parameter r To : (-2,100)
Doing initial fit: 

 --- MultiDimFit ---
best fit parameter values and profile-likelihood uncertainties: 
   r :   +45.815   -9.038/+8.847 (68%)
Set Range of Parameter r To : (-2,100)
Doing initial fit: 

 --- MultiDimFit ---
best fit parameter values and profile-likelihood uncertainties: 
   r :   +23.946   -10.383/+9.323 (68%)
Set Range of Parameter r To : (-2,100)
Doing initial fit: 

 --- MultiDimFit ---
best fit parameter values and profile-likelihood uncertainties: 
   r :   +22.702   -8.811/+8.945 (68%)
Set Range of Parameter r To : (-2,100)
Doing initial fit: 

 --- MultiDimFit ---
best fit parameter values and profile-likelihood uncertainties: 
   r :   +27.881   -10.037/+8.872 (68%)
Set Range of Parameter r To : (-2,100)
Doing initial fit: 

 --- MultiDimFit ---
best fit parameter values and profile-likelihood uncertainties: 
   r :   +30.915   -9.945/+9.054 (68%)
Set Range of Parameter r To : (-2,100)
Doing initial fit: 

 --- MultiDimFit ---
best fit parameter values and profile-likelihood uncertainties: 
   r :   +40.542   -9.539/+8.413 (68%)
Set Range of Parameter r To : (-2,100)
Doing initial fit: 

 --- MultiDimFit ---
best fit parameter values and profile-likelihood uncertainties: 
   r :   +43.638   -11.075/+11.569 (68%)
Set Range of Parameter r To : (-2,100)
Doing initial fit: 

 --- MultiDimFit ---
best fit parameter values and profile-likelihood uncertainties: 
   r :   +52.793   -10.379/+10.011 (68%)
Set Range of Parameter r To : (-2,100)
Doing initial fit: 

 --- MultiDimFit ---
best fit parameter values and profile-likelihood uncertainties: 
   r :   +45.586   -10.693/+9.522 (68%)
Set Range of Parameter r To : (-2,100)
Doing initial fit: 

 --- MultiDimFit ---
best fit parameter values and profile-likelihood uncertainties: 
   r :   +31.957   -10.646/+10.118 (68%)
Set Range of Parameter r To : (-2,100)
Doing initial fit: 

 --- MultiDimFit ---
best fit parameter values and profile-likelihood uncertainties: 
   r :   +30.924   -10.674/+9.882 (68%)
Set Range of Parameter r To : (-2,100)
Doing initial fit: 

 --- MultiDimFit ---
best fit parameter values and profile-likelihood uncertainties: 
   r :   +15.140   -10.676/+10.701 (68%)
Set Range of Parameter r To : (-2,100)
Doing initial fit: 

 --- MultiDimFit ---
best fit parameter values and profile-likelihood uncertainties: 
   r :   +13.166   -8.912/+8.446 (68%)
Set Range of Parameter r To : (-2,100)
Doing initial fit: 

 --- MultiDimFit ---
best fit parameter values and profile-likelihood uncertainties: 
   r :   +34.660   -8.964/+9.565 (68%)
Set Range of Parameter r To : (-2,100)
Doing initial fit: 

 --- MultiDimFit ---
best fit parameter values and profile-likelihood uncertainties: 
   r :   +30.988   -10.343/+9.027 (68%)
Set Range of Parameter r To : (-2,100)
Doing initial fit: 

 --- MultiDimFit ---
best fit parameter values and profile-likelihood uncertainties: 
   r :   +24.760   -10.771/+9.712 (68%)
Set Range of Parameter r To : (-2,100)
Doing initial fit: 

 --- MultiDimFit ---
best fit parameter values and profile-likelihood uncertainties: 
   r :   +38.631   -10.257/+9.473 (68%)
Set Range of Parameter r To : (-2,100)
Doing initial fit: 

 --- MultiDimFit ---
best fit parameter values and profile-likelihood uncertainties: 
   r :   +47.918   -9.763/+9.076 (68%)
Set Range of Parameter r To : (-2,100)
Doing initial fit: 

 --- MultiDimFit ---
best fit parameter values and profile-likelihood uncertainties: 
   r :   +39.617   -10.386/+9.454 (68%)
Set Range of Parameter r To : (-2,100)
Doing initial fit: 

 --- MultiDimFit ---
best fit parameter values and profile-likelihood uncertainties: 
   r :   +11.197   -10.376/+9.319 (68%)
Set Range of Parameter r To : (-2,100)
Doing initial fit: 

 --- MultiDimFit ---
best fit parameter values and profile-likelihood uncertainties: 
   r :   +27.539   -9.464/+8.518 (68%)
Set Range of Parameter r To : (-2,100)
Doing initial fit: 

 --- MultiDimFit ---
best fit parameter values and profile-likelihood uncertainties: 
   r :   +39.513   -10.505/+9.210 (68%)
Set Range of Parameter r To : (-2,100)
Doing initial fit: 

 --- MultiDimFit ---
best fit parameter values and profile-likelihood uncertainties: 
   r :   +27.250   -10.125/+8.796 (68%)
Set Range of Parameter r To : (-2,100)
Doing initial fit: 

 --- MultiDimFit ---
best fit parameter values and profile-likelihood uncertainties: 
   r :   +18.391   -9.372/+8.588 (68%)
Set Range of Parameter r To : (-2,100)
Doing initial fit: 

 --- MultiDimFit ---
best fit parameter values and profile-likelihood uncertainties: 
   r :   +38.394   -9.804/+8.972 (68%)
Set Range of Parameter r To : (-2,100)
Doing initial fit: 

 --- MultiDimFit ---
best fit parameter values and profile-likelihood uncertainties: 
   r :   +34.759   -9.420/+8.931 (68%)
Set Range of Parameter r To : (-2,100)
Doing initial fit: 

 --- MultiDimFit ---
best fit parameter values and profile-likelihood uncertainties: 
   r :   +21.703   -8.578/+9.649 (68%)
Set Range of Parameter r To : (-2,100)
Doing initial fit: 

 --- MultiDimFit ---
best fit parameter values and profile-likelihood uncertainties: 
   r :   +26.822   -10.701/+9.988 (68%)
Set Range of Parameter r To : (-2,100)
Doing initial fit: 

 --- MultiDimFit ---
best fit parameter values and profile-likelihood uncertainties: 
   r :   +42.734   -10.499/+9.126 (68%)
Set Range of Parameter r To : (-2,100)
Doing initial fit: 

 --- MultiDimFit ---
best fit parameter values and profile-likelihood uncertainties: 
   r :   +27.678   -8.706/+8.766 (68%)
Set Range of Parameter r To : (-2,100)
Doing initial fit: 

 --- MultiDimFit ---
best fit parameter values and profile-likelihood uncertainties: 
   r :   +37.854   -9.687/+9.147 (68%)
Set Range of Parameter r To : (-2,100)
Doing initial fit: 

 --- MultiDimFit ---
best fit parameter values and profile-likelihood uncertainties: 
   r :   +31.004   -9.046/+8.975 (68%)
Set Range of Parameter r To : (-2,100)
Doing initial fit: 

 --- MultiDimFit ---
best fit parameter values and profile-likelihood uncertainties: 
   r :   +48.826   -10.169/+9.321 (68%)
Set Range of Parameter r To : (-2,100)
Doing initial fit: 

 --- MultiDimFit ---
best fit parameter values and profile-likelihood uncertainties: 
   r :   +37.400   -10.650/+11.418 (68%)
Set Range of Parameter r To : (-2,100)
Doing initial fit: 

 --- MultiDimFit ---
best fit parameter values and profile-likelihood uncertainties: 
   r :   +26.038   -10.596/+9.497 (68%)
Set Range of Parameter r To : (-2,100)
Doing initial fit: 

 --- MultiDimFit ---
best fit parameter values and profile-likelihood uncertainties: 
   r :   +51.691   -10.732/+9.734 (68%)
Set Range of Parameter r To : (-2,100)
Doing initial fit: 

 --- MultiDimFit ---
best fit parameter values and profile-likelihood uncertainties: 
   r :   +33.662   -10.022/+9.140 (68%)
Set Range of Parameter r To : (-2,100)
Doing initial fit: 

 --- MultiDimFit ---
best fit parameter values and profile-likelihood uncertainties: 
   r :   +33.969   -9.767/+9.589 (68%)
Set Range of Parameter r To : (-2,100)
Doing initial fit: 

 --- MultiDimFit ---
best fit parameter values and profile-likelihood uncertainties: 
   r :   +34.016   -9.428/+8.955 (68%)
Set Range of Parameter r To : (-2,100)
Doing initial fit: 

 --- MultiDimFit ---
best fit parameter values and profile-likelihood uncertainties: 
   r :   +34.442   -9.608/+9.423 (68%)
Set Range of Parameter r To : (-2,100)
Doing initial fit: 

 --- MultiDimFit ---
best fit parameter values and profile-likelihood uncertainties: 
   r :   +31.631   -10.818/+10.979 (68%)
Set Range of Parameter r To : (-2,100)
Doing initial fit: 

 --- MultiDimFit ---
best fit parameter values and profile-likelihood uncertainties: 
   r :   +30.814   -10.824/+10.245 (68%)
Set Range of Parameter r To : (-2,100)
Doing initial fit: 

 --- MultiDimFit ---
best fit parameter values and profile-likelihood uncertainties: 
   r :   +35.028   -10.267/+9.128 (68%)
Set Range of Parameter r To : (-2,100)
Doing initial fit: 

 --- MultiDimFit ---
best fit parameter values and profile-likelihood uncertainties: 
   r :   +32.124   -9.663/+9.287 (68%)
Set Range of Parameter r To : (-2,100)
Doing initial fit: 

 --- MultiDimFit ---
best fit parameter values and profile-likelihood uncertainties: 
   r :   +31.249   -10.647/+9.649 (68%)
Set Range of Parameter r To : (-2,100)
Doing initial fit: 

 --- MultiDimFit ---
best fit parameter values and profile-likelihood uncertainties: 
   r :   +36.725   -10.370/+8.930 (68%)
Set Range of Parameter r To : (-2,100)
Doing initial fit: 

 --- MultiDimFit ---
best fit parameter values and profile-likelihood uncertainties: 
   r :   +45.553   -9.236/+9.674 (68%)
Set Range of Parameter r To : (-2,100)
Doing initial fit: 

 --- MultiDimFit ---
best fit parameter values and profile-likelihood uncertainties: 
   r :   +29.649   -9.357/+8.909 (68%)
Set Range of Parameter r To : (-2,100)
Doing initial fit: 

 --- MultiDimFit ---
best fit parameter values and profile-likelihood uncertainties: 
   r :   +20.891   -9.949/+8.906 (68%)
Set Range of Parameter r To : (-2,100)
Doing initial fit: 

 --- MultiDimFit ---
best fit parameter values and profile-likelihood uncertainties: 
   r :   +32.676   -10.544/+9.967 (68%)
Set Range of Parameter r To : (-2,100)
Doing initial fit: 

 --- MultiDimFit ---
best fit parameter values and profile-likelihood uncertainties: 
   r :   +37.712   -9.954/+9.520 (68%)
Set Range of Parameter r To : (-2,100)
Doing initial fit: 

 --- MultiDimFit ---
best fit parameter values and profile-likelihood uncertainties: 
   r :   +26.637   -10.174/+8.761 (68%)
Set Range of Parameter r To : (-2,100)
Doing initial fit: 

 --- MultiDimFit ---
best fit parameter values and profile-likelihood uncertainties: 
   r :   +25.761   -9.154/+8.803 (68%)
Set Range of Parameter r To : (-2,100)
Doing initial fit: 

 --- MultiDimFit ---
best fit parameter values and profile-likelihood uncertainties: 
   r :   +45.521   -9.931/+9.147 (68%)
Set Range of Parameter r To : (-2,100)
Doing initial fit: 

 --- MultiDimFit ---
best fit parameter values and profile-likelihood uncertainties: 
   r :   +43.957   -10.848/+11.168 (68%)
Set Range of Parameter r To : (-2,100)
Doing initial fit: 

 --- MultiDimFit ---
best fit parameter values and profile-likelihood uncertainties: 
   r :   +40.018   -10.591/+10.826 (68%)
Set Range of Parameter r To : (-2,100)
Doing initial fit: 

 --- MultiDimFit ---
best fit parameter values and profile-likelihood uncertainties: 
   r :   +17.862   -11.294/+11.043 (68%)
Set Range of Parameter r To : (-2,100)
Doing initial fit: 

 --- MultiDimFit ---
best fit parameter values and profile-likelihood uncertainties: 
   r :   +52.910   -9.676/+9.228 (68%)
Set Range of Parameter r To : (-2,100)
Doing initial fit: 

 --- MultiDimFit ---
best fit parameter values and profile-likelihood uncertainties: 
   r :   +41.467   -10.135/+9.344 (68%)
Set Range of Parameter r To : (-2,100)
Doing initial fit: 

 --- MultiDimFit ---
best fit parameter values and profile-likelihood uncertainties: 
   r :   +49.120   -9.467/+9.954 (68%)
Set Range of Parameter r To : (-2,100)
Doing initial fit: 

 --- MultiDimFit ---
best fit parameter values and profile-likelihood uncertainties: 
   r :   +29.508   -10.553/+10.844 (68%)
Set Range of Parameter r To : (-2,100)
Doing initial fit: 

 --- MultiDimFit ---
best fit parameter values and profile-likelihood uncertainties: 
   r :   +37.302   -8.913/+8.940 (68%)
Set Range of Parameter r To : (-2,100)
Doing initial fit: 

 --- MultiDimFit ---
best fit parameter values and profile-likelihood uncertainties: 
   r :   +38.615   -10.625/+10.408 (68%)
Set Range of Parameter r To : (-2,100)
Doing initial fit: 

 --- MultiDimFit ---
best fit parameter values and profile-likelihood uncertainties: 
   r :   +27.819   -10.338/+9.080 (68%)
Set Range of Parameter r To : (-2,100)
Doing initial fit: 

 --- MultiDimFit ---
best fit parameter values and profile-likelihood uncertainties: 
   r :   +36.672   -9.452/+9.136 (68%)
Set Range of Parameter r To : (-2,100)
Doing initial fit: 

 --- MultiDimFit ---
best fit parameter values and profile-likelihood uncertainties: 
   r :   +37.166   -10.497/+9.593 (68%)
Set Range of Parameter r To : (-2,100)
Doing initial fit: 

 --- MultiDimFit ---
best fit parameter values and profile-likelihood uncertainties: 
   r :   +35.982   -9.042/+9.452 (68%)
Set Range of Parameter r To : (-2,100)
Doing initial fit: 

 --- MultiDimFit ---
best fit parameter values and profile-likelihood uncertainties: 
   r :   +25.956   -9.907/+8.912 (68%)
Set Range of Parameter r To : (-2,100)
Doing initial fit: 

 --- MultiDimFit ---
best fit parameter values and profile-likelihood uncertainties: 
   r :   +21.218   -10.225/+9.272 (68%)
Set Range of Parameter r To : (-2,100)
Doing initial fit: 

 --- MultiDimFit ---
best fit parameter values and profile-likelihood uncertainties: 
   r :   +30.737   -10.223/+8.714 (68%)
Set Range of Parameter r To : (-2,100)
Doing initial fit: 

 --- MultiDimFit ---
best fit parameter values and profile-likelihood uncertainties: 
   r :   +36.976   -10.387/+9.340 (68%)
Set Range of Parameter r To : (-2,100)
Doing initial fit: 

 --- MultiDimFit ---
best fit parameter values and profile-likelihood uncertainties: 
   r :   +30.780   -9.019/+8.526 (68%)
Set Range of Parameter r To : (-2,100)
Doing initial fit: 

 --- MultiDimFit ---
best fit parameter values and profile-likelihood uncertainties: 
   r :   +37.886   -9.706/+9.291 (68%)
Set Range of Parameter r To : (-2,100)
Doing initial fit: 

 --- MultiDimFit ---
best fit parameter values and profile-likelihood uncertainties: 
   r :   +43.760   -10.788/+9.358 (68%)
Set Range of Parameter r To : (-2,100)
Doing initial fit: 

 --- MultiDimFit ---
best fit parameter values and profile-likelihood uncertainties: 
   r :   +26.987   -10.396/+10.904 (68%)
Set Range of Parameter r To : (-2,100)
Doing initial fit: 

 --- MultiDimFit ---
best fit parameter values and profile-likelihood uncertainties: 
   r :   +28.964   -9.528/+9.276 (68%)
Set Range of Parameter r To : (-2,100)
Doing initial fit: 

 --- MultiDimFit ---
best fit parameter values and profile-likelihood uncertainties: 
   r :   +36.243   -10.574/+9.850 (68%)
Set Range of Parameter r To : (-2,100)
Doing initial fit: 

 --- MultiDimFit ---
best fit parameter values and profile-likelihood uncertainties: 
   r :   +40.785   -10.428/+9.336 (68%)
Set Range of Parameter r To : (-2,100)
Doing initial fit: 

 --- MultiDimFit ---
best fit parameter values and profile-likelihood uncertainties: 
   r :   +30.601   -10.170/+9.060 (68%)
Set Range of Parameter r To : (-2,100)
Doing initial fit: 

 --- MultiDimFit ---
best fit parameter values and profile-likelihood uncertainties: 
   r :   +35.083   -10.207/+8.903 (68%)
Set Range of Parameter r To : (-2,100)
Doing initial fit: 

 --- MultiDimFit ---
best fit parameter values and profile-likelihood uncertainties: 
   r :   +36.107   -10.560/+9.318 (68%)
Set Range of Parameter r To : (-2,100)
Doing initial fit: 

 --- MultiDimFit ---
best fit parameter values and profile-likelihood uncertainties: 
   r :   +37.764   -10.429/+10.066 (68%)
Set Range of Parameter r To : (-2,100)
Doing initial fit: 

 --- MultiDimFit ---
best fit parameter values and profile-likelihood uncertainties: 
   r :   +31.319   -10.090/+8.842 (68%)
Set Range of Parameter r To : (-2,100)
Doing initial fit: 

 --- MultiDimFit ---
best fit parameter values and profile-likelihood uncertainties: 
   r :   +23.896   -9.619/+8.862 (68%)
Set Range of Parameter r To : (-2,100)
Doing initial fit: 

 --- MultiDimFit ---
best fit parameter values and profile-likelihood uncertainties: 
   r :   +28.714   -10.325/+9.120 (68%)
Set Range of Parameter r To : (-2,100)
Doing initial fit: 

 --- MultiDimFit ---
best fit parameter values and profile-likelihood uncertainties: 
   r :   +13.720   -9.966/+8.771 (68%)
Set Range of Parameter r To : (-2,100)
Doing initial fit: 

 --- MultiDimFit ---
best fit parameter values and profile-likelihood uncertainties: 
   r :   +22.666   -9.757/+8.735 (68%)
Set Range of Parameter r To : (-2,100)
Doing initial fit: 

 --- MultiDimFit ---
best fit parameter values and profile-likelihood uncertainties: 
   r :   +36.789   -9.307/+8.982 (68%)
Set Range of Parameter r To : (-2,100)
Doing initial fit: 

 --- MultiDimFit ---
best fit parameter values and profile-likelihood uncertainties: 
   r :   +34.685   -9.335/+9.833 (68%)
Set Range of Parameter r To : (-2,100)
Doing initial fit: 

 --- MultiDimFit ---
best fit parameter values and profile-likelihood uncertainties: 
   r :   +37.123   -9.983/+9.020 (68%)
Set Range of Parameter r To : (-2,100)
Doing initial fit: 

 --- MultiDimFit ---
best fit parameter values and profile-likelihood uncertainties: 
   r :   +34.698   -10.134/+8.987 (68%)
Set Range of Parameter r To : (-2,100)
Doing initial fit: 

 --- MultiDimFit ---
best fit parameter values and profile-likelihood uncertainties: 
   r :   +33.678   -9.072/+8.999 (68%)
Set Range of Parameter r To : (-2,100)
Doing initial fit: 

 --- MultiDimFit ---
best fit parameter values and profile-likelihood uncertainties: 
   r :   +36.450   -8.702/+9.496 (68%)
Set Range of Parameter r To : (-2,100)
Doing initial fit: 

 --- MultiDimFit ---
best fit parameter values and profile-likelihood uncertainties: 
   r :   +25.553   -9.710/+9.037 (68%)
Set Range of Parameter r To : (-2,100)
Doing initial fit: 

 --- MultiDimFit ---
best fit parameter values and profile-likelihood uncertainties: 
   r :   +46.575   -10.688/+9.530 (68%)
Set Range of Parameter r To : (-2,100)
Doing initial fit: 

 --- MultiDimFit ---
best fit parameter values and profile-likelihood uncertainties: 
   r :   +46.982   -10.117/+9.211 (68%)
Set Range of Parameter r To : (-2,100)
Doing initial fit: 

 --- MultiDimFit ---
best fit parameter values and profile-likelihood uncertainties: 
   r :   +24.702   -9.924/+9.194 (68%)
Set Range of Parameter r To : (-2,100)
Doing initial fit: 

 --- MultiDimFit ---
best fit parameter values and profile-likelihood uncertainties: 
   r :   +24.942   -8.608/+9.448 (68%)
Set Range of Parameter r To : (-2,100)
Doing initial fit: 

 --- MultiDimFit ---
best fit parameter values and profile-likelihood uncertainties: 
   r :   +44.189   -9.909/+8.946 (68%)
Set Range of Parameter r To : (-2,100)
Doing initial fit: 

 --- MultiDimFit ---
best fit parameter values and profile-likelihood uncertainties: 
   r :    +9.523   -9.625/+9.219 (68%)
Set Range of Parameter r To : (-2,100)
Doing initial fit: 

 --- MultiDimFit ---
best fit parameter values and profile-likelihood uncertainties: 
   r :   +54.002   -10.656/+10.671 (68%)
Set Range of Parameter r To : (-2,100)
Doing initial fit: 

 --- MultiDimFit ---
best fit parameter values and profile-likelihood uncertainties: 
   r :   +31.183   -9.269/+9.013 (68%)
Set Range of Parameter r To : (-2,100)
Doing initial fit: 

 --- MultiDimFit ---
best fit parameter values and profile-likelihood uncertainties: 
   r :   +42.428   -11.375/+11.370 (68%)
Set Range of Parameter r To : (-2,100)
Doing initial fit: 

 --- MultiDimFit ---
best fit parameter values and profile-likelihood uncertainties: 
   r :   +40.934   -11.196/+10.136 (68%)
Set Range of Parameter r To : (-2,100)
Doing initial fit: 

 --- MultiDimFit ---
best fit parameter values and profile-likelihood uncertainties: 
   r :   +40.949   -10.361/+9.382 (68%)
Set Range of Parameter r To : (-2,100)
Doing initial fit: 

 --- MultiDimFit ---
best fit parameter values and profile-likelihood uncertainties: 
   r :   +50.250   -10.586/+10.612 (68%)
Set Range of Parameter r To : (-2,100)
Doing initial fit: 

 --- MultiDimFit ---
best fit parameter values and profile-likelihood uncertainties: 
   r :   +31.065   -9.671/+9.168 (68%)
Set Range of Parameter r To : (-2,100)
Doing initial fit: 

 --- MultiDimFit ---
best fit parameter values and profile-likelihood uncertainties: 
   r :   +29.046   -10.238/+8.956 (68%)
Set Range of Parameter r To : (-2,100)
Doing initial fit: 

 --- MultiDimFit ---
best fit parameter values and profile-likelihood uncertainties: 
   r :   +34.730   -11.749/+9.456 (68%)
Set Range of Parameter r To : (-2,100)
Doing initial fit: 

 --- MultiDimFit ---
best fit parameter values and profile-likelihood uncertainties: 
   r :   +36.694   -10.376/+9.195 (68%)
Set Range of Parameter r To : (-2,100)
Doing initial fit: 

 --- MultiDimFit ---
best fit parameter values and profile-likelihood uncertainties: 
   r :   +44.230   -10.096/+8.910 (68%)
Set Range of Parameter r To : (-2,100)
Doing initial fit: 

 --- MultiDimFit ---
best fit parameter values and profile-likelihood uncertainties: 
   r :   +45.064   -10.582/+9.172 (68%)
Set Range of Parameter r To : (-2,100)
Doing initial fit: 

 --- MultiDimFit ---
best fit parameter values and profile-likelihood uncertainties: 
   r :   +42.781   -9.437/+9.179 (68%)
Set Range of Parameter r To : (-2,100)
Doing initial fit: 

 --- MultiDimFit ---
best fit parameter values and profile-likelihood uncertainties: 
   r :   +36.231   -10.980/+10.800 (68%)
Set Range of Parameter r To : (-2,100)
Doing initial fit: 

 --- MultiDimFit ---
best fit parameter values and profile-likelihood uncertainties: 
   r :   +28.011   -10.237/+9.334 (68%)
Set Range of Parameter r To : (-2,100)
Doing initial fit: 

 --- MultiDimFit ---
best fit parameter values and profile-likelihood uncertainties: 
   r :   +54.823   -10.601/+10.505 (68%)
Set Range of Parameter r To : (-2,100)
Doing initial fit: 

 --- MultiDimFit ---
best fit parameter values and profile-likelihood uncertainties: 
   r :   +35.577   -10.859/+9.995 (68%)
Set Range of Parameter r To : (-2,100)
Doing initial fit: 

 --- MultiDimFit ---
best fit parameter values and profile-likelihood uncertainties: 
   r :   +20.710   -8.747/+8.878 (68%)
Set Range of Parameter r To : (-2,100)
Doing initial fit: 

 --- MultiDimFit ---
best fit parameter values and profile-likelihood uncertainties: 
   r :   +38.791   -10.604/+9.442 (68%)
Set Range of Parameter r To : (-2,100)
Doing initial fit: 

 --- MultiDimFit ---
best fit parameter values and profile-likelihood uncertainties: 
   r :   +39.213   -9.074/+9.018 (68%)
Set Range of Parameter r To : (-2,100)
Doing initial fit: 

 --- MultiDimFit ---
best fit parameter values and profile-likelihood uncertainties: 
   r :   +14.619   -9.094/+9.265 (68%)
Set Range of Parameter r To : (-2,100)
Doing initial fit: 

 --- MultiDimFit ---
best fit parameter values and profile-likelihood uncertainties: 
   r :   +54.442   -10.616/+10.813 (68%)
Set Range of Parameter r To : (-2,100)
Doing initial fit: 

 --- MultiDimFit ---
best fit parameter values and profile-likelihood uncertainties: 
   r :   +27.683   -10.476/+9.839 (68%)
Set Range of Parameter r To : (-2,100)
Doing initial fit: 

 --- MultiDimFit ---
best fit parameter values and profile-likelihood uncertainties: 
   r :   +26.130   -10.886/+9.696 (68%)
Set Range of Parameter r To : (-2,100)
Doing initial fit: 

 --- MultiDimFit ---
best fit parameter values and profile-likelihood uncertainties: 
   r :   +31.973   -11.120/+10.757 (68%)
Set Range of Parameter r To : (-2,100)
Doing initial fit: 

 --- MultiDimFit ---
best fit parameter values and profile-likelihood uncertainties: 
   r :   +14.236   -10.493/+10.231 (68%)
Set Range of Parameter r To : (-2,100)
Doing initial fit: 

 --- MultiDimFit ---
best fit parameter values and profile-likelihood uncertainties: 
   r :   +37.314   -9.676/+9.093 (68%)
Set Range of Parameter r To : (-2,100)
Doing initial fit: 

 --- MultiDimFit ---
best fit parameter values and profile-likelihood uncertainties: 
   r :   +43.066   -11.461/+11.305 (68%)
Set Range of Parameter r To : (-2,100)
Doing initial fit: 

 --- MultiDimFit ---
best fit parameter values and profile-likelihood uncertainties: 
   r :   +18.527   -10.752/+9.492 (68%)
Set Range of Parameter r To : (-2,100)
Doing initial fit: 

 --- MultiDimFit ---
best fit parameter values and profile-likelihood uncertainties: 
   r :   +17.201   -10.464/+9.122 (68%)
Set Range of Parameter r To : (-2,100)
Doing initial fit: 

 --- MultiDimFit ---
best fit parameter values and profile-likelihood uncertainties: 
   r :   +44.802   -10.938/+9.842 (68%)
Set Range of Parameter r To : (-2,100)
Doing initial fit: 

 --- MultiDimFit ---
best fit parameter values and profile-likelihood uncertainties: 
   r :   +30.638   -10.513/+9.266 (68%)
Set Range of Parameter r To : (-2,100)
Doing initial fit: 

 --- MultiDimFit ---
best fit parameter values and profile-likelihood uncertainties: 
   r :   +17.783   -10.761/+10.499 (68%)
Set Range of Parameter r To : (-2,100)
Doing initial fit: 

 --- MultiDimFit ---
best fit parameter values and profile-likelihood uncertainties: 
   r :   +55.942   -11.249/+10.921 (68%)
Set Range of Parameter r To : (-2,100)
Doing initial fit: 

 --- MultiDimFit ---
best fit parameter values and profile-likelihood uncertainties: 
   r :   +37.987   -9.795/+9.260 (68%)
Set Range of Parameter r To : (-2,100)
Doing initial fit: 

 --- MultiDimFit ---
best fit parameter values and profile-likelihood uncertainties: 
   r :   +33.441   -10.715/+9.643 (68%)
Set Range of Parameter r To : (-2,100)
Doing initial fit: 

 --- MultiDimFit ---
best fit parameter values and profile-likelihood uncertainties: 
   r :   +43.710   -11.392/+11.055 (68%)
Set Range of Parameter r To : (-2,100)
Doing initial fit: 

 --- MultiDimFit ---
best fit parameter values and profile-likelihood uncertainties: 
   r :   +37.717   -10.252/+8.735 (68%)
Set Range of Parameter r To : (-2,100)
Doing initial fit: 

 --- MultiDimFit ---
best fit parameter values and profile-likelihood uncertainties: 
   r :   +28.573   -9.651/+9.128 (68%)
Set Range of Parameter r To : (-2,100)
Doing initial fit: 

 --- MultiDimFit ---
best fit parameter values and profile-likelihood uncertainties: 
   r :   +25.945   -9.605/+9.422 (68%)
Set Range of Parameter r To : (-2,100)
Doing initial fit: 

 --- MultiDimFit ---
best fit parameter values and profile-likelihood uncertainties: 
   r :   +53.620   -10.023/+9.250 (68%)
Set Range of Parameter r To : (-2,100)
Doing initial fit: 

 --- MultiDimFit ---
best fit parameter values and profile-likelihood uncertainties: 
   r :   +51.287   -9.175/+9.345 (68%)
Set Range of Parameter r To : (-2,100)
Doing initial fit: 

 --- MultiDimFit ---
best fit parameter values and profile-likelihood uncertainties: 
   r :   +23.807   -10.657/+9.595 (68%)
Set Range of Parameter r To : (-2,100)
Doing initial fit: 

 --- MultiDimFit ---
best fit parameter values and profile-likelihood uncertainties: 
   r :   +27.715   -10.375/+9.116 (68%)
Set Range of Parameter r To : (-2,100)
Doing initial fit: 

 --- MultiDimFit ---
best fit parameter values and profile-likelihood uncertainties: 
   r :   +33.803   -9.023/+9.656 (68%)
Set Range of Parameter r To : (-2,100)
Doing initial fit: 

 --- MultiDimFit ---
best fit parameter values and profile-likelihood uncertainties: 
   r :   +30.356   -9.531/+8.896 (68%)
Set Range of Parameter r To : (-2,100)
Doing initial fit: 

 --- MultiDimFit ---
best fit parameter values and profile-likelihood uncertainties: 
   r :   +49.912   -9.631/+9.525 (68%)
Set Range of Parameter r To : (-2,100)
Doing initial fit: 

 --- MultiDimFit ---
best fit parameter values and profile-likelihood uncertainties: 
   r :   +35.636   -10.322/+9.101 (68%)
Set Range of Parameter r To : (-2,100)
Doing initial fit: 

 --- MultiDimFit ---
best fit parameter values and profile-likelihood uncertainties: 
   r :   +28.391   -9.830/+8.851 (68%)
Set Range of Parameter r To : (-2,100)
Doing initial fit: 

 --- MultiDimFit ---
best fit parameter values and profile-likelihood uncertainties: 
   r :   +30.084   -10.640/+10.046 (68%)
Set Range of Parameter r To : (-2,100)
Doing initial fit: 

 --- MultiDimFit ---
best fit parameter values and profile-likelihood uncertainties: 
   r :   +14.309   -8.425/+8.912 (68%)
Set Range of Parameter r To : (-2,100)
Doing initial fit: 

 --- MultiDimFit ---
best fit parameter values and profile-likelihood uncertainties: 
   r :   +35.134   -10.462/+10.606 (68%)
Set Range of Parameter r To : (-2,100)
Doing initial fit: 

 --- MultiDimFit ---
best fit parameter values and profile-likelihood uncertainties: 
   r :   +22.423   -9.536/+8.894 (68%)
Set Range of Parameter r To : (-2,100)
Doing initial fit: 

 --- MultiDimFit ---
best fit parameter values and profile-likelihood uncertainties: 
   r :   +23.317   -10.305/+9.386 (68%)
Set Range of Parameter r To : (-2,100)
Doing initial fit: 

 --- MultiDimFit ---
best fit parameter values and profile-likelihood uncertainties: 
   r :   +19.572   -8.804/+8.688 (68%)
Set Range of Parameter r To : (-2,100)
Doing initial fit: 

 --- MultiDimFit ---
best fit parameter values and profile-likelihood uncertainties: 
   r :   +29.347   -9.154/+8.912 (68%)
Set Range of Parameter r To : (-2,100)
Doing initial fit: 

 --- MultiDimFit ---
best fit parameter values and profile-likelihood uncertainties: 
   r :   +49.261   -10.093/+9.269 (68%)
Set Range of Parameter r To : (-2,100)
Doing initial fit: 

 --- MultiDimFit ---
best fit parameter values and profile-likelihood uncertainties: 
   r :   +49.556   -10.609/+10.643 (68%)
Set Range of Parameter r To : (-2,100)
Doing initial fit: 

 --- MultiDimFit ---
best fit parameter values and profile-likelihood uncertainties: 
   r :   +27.448   -10.652/+11.453 (68%)
Set Range of Parameter r To : (-2,100)
Doing initial fit: 

 --- MultiDimFit ---
best fit parameter values and profile-likelihood uncertainties: 
   r :   +25.127   -10.221/+9.018 (68%)
Set Range of Parameter r To : (-2,100)
Doing initial fit: 

 --- MultiDimFit ---
best fit parameter values and profile-likelihood uncertainties: 
   r :   +16.587   -8.760/+9.626 (68%)
Set Range of Parameter r To : (-2,100)
Doing initial fit: 

 --- MultiDimFit ---
best fit parameter values and profile-likelihood uncertainties: 
   r :   +33.155   -10.619/+11.250 (68%)
Set Range of Parameter r To : (-2,100)
Doing initial fit: 

 --- MultiDimFit ---
best fit parameter values and profile-likelihood uncertainties: 
   r :   +46.567   -10.018/+9.526 (68%)
Set Range of Parameter r To : (-2,100)
Doing initial fit: 

 --- MultiDimFit ---
best fit parameter values and profile-likelihood uncertainties: 
   r :   +19.276   -10.453/+10.135 (68%)
Set Range of Parameter r To : (-2,100)
Doing initial fit: 

 --- MultiDimFit ---
best fit parameter values and profile-likelihood uncertainties: 
   r :   +22.526   -9.205/+8.658 (68%)
Set Range of Parameter r To : (-2,100)
Doing initial fit: 

 --- MultiDimFit ---
best fit parameter values and profile-likelihood uncertainties: 
   r :   +34.013   -9.197/+9.061 (68%)
Set Range of Parameter r To : (-2,100)
Doing initial fit: 

 --- MultiDimFit ---
best fit parameter values and profile-likelihood uncertainties: 
   r :   +50.723   -10.500/+9.201 (68%)
Set Range of Parameter r To : (-2,100)
Doing initial fit: 

 --- MultiDimFit ---
best fit parameter values and profile-likelihood uncertainties: 
   r :   +25.873   -10.288/+9.092 (68%)
Set Range of Parameter r To : (-2,100)
Doing initial fit: 

 --- MultiDimFit ---
best fit parameter values and profile-likelihood uncertainties: 
   r :   +27.020   -9.261/+8.476 (68%)
Set Range of Parameter r To : (-2,100)
Doing initial fit: 

 --- MultiDimFit ---
best fit parameter values and profile-likelihood uncertainties: 
   r :   +35.245   -10.781/+9.880 (68%)
Set Range of Parameter r To : (-2,100)
Doing initial fit: 

 --- MultiDimFit ---
best fit parameter values and profile-likelihood uncertainties: 
   r :   +27.357   -8.459/+9.057 (68%)
Set Range of Parameter r To : (-2,100)
Doing initial fit: 

 --- MultiDimFit ---
best fit parameter values and profile-likelihood uncertainties: 
   r :   +17.329   -11.121/+9.218 (68%)
Set Range of Parameter r To : (-2,100)
Doing initial fit: 

 --- MultiDimFit ---
best fit parameter values and profile-likelihood uncertainties: 
   r :   +47.223   -10.636/+9.547 (68%)
Set Range of Parameter r To : (-2,100)
Doing initial fit: 

 --- MultiDimFit ---
best fit parameter values and profile-likelihood uncertainties: 
   r :   +35.210   -9.439/+9.263 (68%)
Set Range of Parameter r To : (-2,100)
Doing initial fit: 

 --- MultiDimFit ---
best fit parameter values and profile-likelihood uncertainties: 
   r :   +50.119   -9.590/+9.442 (68%)
Set Range of Parameter r To : (-2,100)
Doing initial fit: 

 --- MultiDimFit ---
best fit parameter values and profile-likelihood uncertainties: 
   r :   +40.557   -11.420/+11.495 (68%)
Set Range of Parameter r To : (-2,100)
Doing initial fit: 

 --- MultiDimFit ---
best fit parameter values and profile-likelihood uncertainties: 
   r :   +38.939   -10.231/+8.758 (68%)
Set Range of Parameter r To : (-2,100)
Doing initial fit: 

 --- MultiDimFit ---
best fit parameter values and profile-likelihood uncertainties: 
   r :   +31.840   -9.014/+9.159 (68%)
Set Range of Parameter r To : (-2,100)
Doing initial fit: 

 --- MultiDimFit ---
best fit parameter values and profile-likelihood uncertainties: 
   r :   +34.570   -10.048/+9.058 (68%)
Set Range of Parameter r To : (-2,100)
Doing initial fit: 

 --- MultiDimFit ---
best fit parameter values and profile-likelihood uncertainties: 
   r :   +33.671   -9.346/+9.229 (68%)
Set Range of Parameter r To : (-2,100)
Doing initial fit: 

 --- MultiDimFit ---
best fit parameter values and profile-likelihood uncertainties: 
   r :   +19.972   -10.521/+8.674 (68%)
Set Range of Parameter r To : (-2,100)
Doing initial fit: 

 --- MultiDimFit ---
best fit parameter values and profile-likelihood uncertainties: 
   r :   +28.583   -10.806/+9.570 (68%)
Set Range of Parameter r To : (-2,100)
Doing initial fit: 

 --- MultiDimFit ---
best fit parameter values and profile-likelihood uncertainties: 
   r :   +43.458   -9.282/+9.610 (68%)
Set Range of Parameter r To : (-2,100)
Doing initial fit: 

 --- MultiDimFit ---
best fit parameter values and profile-likelihood uncertainties: 
   r :   +36.890   -8.932/+8.877 (68%)
Set Range of Parameter r To : (-2,100)
Doing initial fit: 

 --- MultiDimFit ---
best fit parameter values and profile-likelihood uncertainties: 
   r :   +43.587   -9.780/+9.331 (68%)
Set Range of Parameter r To : (-2,100)
Doing initial fit: 

 --- MultiDimFit ---
best fit parameter values and profile-likelihood uncertainties: 
   r :   +26.111   -9.930/+8.921 (68%)
Set Range of Parameter r To : (-2,100)
Doing initial fit: 

 --- MultiDimFit ---
best fit parameter values and profile-likelihood uncertainties: 
   r :   +46.817   -9.314/+9.300 (68%)
Set Range of Parameter r To : (-2,100)
Doing initial fit: 

 --- MultiDimFit ---
best fit parameter values and profile-likelihood uncertainties: 
   r :   +32.735   -10.647/+10.823 (68%)
Set Range of Parameter r To : (-2,100)
Doing initial fit: 

 --- MultiDimFit ---
best fit parameter values and profile-likelihood uncertainties: 
   r :   +26.987   -10.374/+9.014 (68%)
Set Range of Parameter r To : (-2,100)
Doing initial fit: 

 --- MultiDimFit ---
best fit parameter values and profile-likelihood uncertainties: 
   r :   +28.794   -10.827/+9.241 (68%)
Set Range of Parameter r To : (-2,100)
Doing initial fit: 

 --- MultiDimFit ---
best fit parameter values and profile-likelihood uncertainties: 
   r :   +26.631   -10.296/+9.166 (68%)
Set Range of Parameter r To : (-2,100)
Doing initial fit: 

 --- MultiDimFit ---
best fit parameter values and profile-likelihood uncertainties: 
   r :   +21.996   -9.781/+8.972 (68%)
Set Range of Parameter r To : (-2,100)
Doing initial fit: 

 --- MultiDimFit ---
best fit parameter values and profile-likelihood uncertainties: 
   r :   +29.717   -10.494/+10.604 (68%)
Set Range of Parameter r To : (-2,100)
Doing initial fit: 

 --- MultiDimFit ---
best fit parameter values and profile-likelihood uncertainties: 
   r :   +41.954   -10.110/+9.015 (68%)
Set Range of Parameter r To : (-2,100)
Doing initial fit: 

 --- MultiDimFit ---
best fit parameter values and profile-likelihood uncertainties: 
   r :   +25.323   -9.051/+8.713 (68%)
Set Range of Parameter r To : (-2,100)
Doing initial fit: 

 --- MultiDimFit ---
best fit parameter values and profile-likelihood uncertainties: 
   r :   +34.313   -11.015/+9.256 (68%)
Set Range of Parameter r To : (-2,100)
Doing initial fit: 

 --- MultiDimFit ---
best fit parameter values and profile-likelihood uncertainties: 
   r :   +30.418   -8.638/+8.694 (68%)
Set Range of Parameter r To : (-2,100)
Doing initial fit: 

 --- MultiDimFit ---
best fit parameter values and profile-likelihood uncertainties: 
   r :   +27.262   -10.400/+10.308 (68%)
Set Range of Parameter r To : (-2,100)
Doing initial fit: 

 --- MultiDimFit ---
best fit parameter values and profile-likelihood uncertainties: 
   r :   +43.403   -10.521/+9.072 (68%)
Set Range of Parameter r To : (-2,100)
Doing initial fit: 

 --- MultiDimFit ---
best fit parameter values and profile-likelihood uncertainties: 
   r :   +32.434   -10.819/+11.263 (68%)
Set Range of Parameter r To : (-2,100)
Doing initial fit: 

 --- MultiDimFit ---
best fit parameter values and profile-likelihood uncertainties: 
   r :   +25.598   -10.806/+9.587 (68%)
Set Range of Parameter r To : (-2,100)
Doing initial fit: 

 --- MultiDimFit ---
best fit parameter values and profile-likelihood uncertainties: 
   r :   +33.777   -9.450/+8.851 (68%)
Set Range of Parameter r To : (-2,100)
Doing initial fit: 

 --- MultiDimFit ---
best fit parameter values and profile-likelihood uncertainties: 
   r :   +32.691   -10.383/+9.822 (68%)
Set Range of Parameter r To : (-2,100)
Doing initial fit: 

 --- MultiDimFit ---
best fit parameter values and profile-likelihood uncertainties: 
   r :   +46.938   -10.074/+9.064 (68%)
Set Range of Parameter r To : (-2,100)
Doing initial fit: 

 --- MultiDimFit ---
best fit parameter values and profile-likelihood uncertainties: 
   r :   +14.003   -10.432/+9.500 (68%)
Set Range of Parameter r To : (-2,100)
Doing initial fit: 

 --- MultiDimFit ---
best fit parameter values and profile-likelihood uncertainties: 
   r :   +16.002   -10.466/+9.292 (68%)
Set Range of Parameter r To : (-2,100)
Doing initial fit: 

 --- MultiDimFit ---
best fit parameter values and profile-likelihood uncertainties: 
   r :   +10.256   -10.551/+9.372 (68%)
Set Range of Parameter r To : (-2,100)
Doing initial fit: 

 --- MultiDimFit ---
best fit parameter values and profile-likelihood uncertainties: 
   r :   +49.209   -10.858/+9.832 (68%)
Set Range of Parameter r To : (-2,100)
Doing initial fit: 

 --- MultiDimFit ---
best fit parameter values and profile-likelihood uncertainties: 
   r :   +22.292   -9.572/+9.053 (68%)
Set Range of Parameter r To : (-2,100)
Doing initial fit: 

 --- MultiDimFit ---
best fit parameter values and profile-likelihood uncertainties: 
   r :   +25.179   -11.134/+9.170 (68%)
Set Range of Parameter r To : (-2,100)
Doing initial fit: 

 --- MultiDimFit ---
best fit parameter values and profile-likelihood uncertainties: 
   r :   +19.581   -9.383/+9.253 (68%)
Set Range of Parameter r To : (-2,100)
Doing initial fit: 

 --- MultiDimFit ---
best fit parameter values and profile-likelihood uncertainties: 
   r :   +43.515   -10.630/+9.852 (68%)
Set Range of Parameter r To : (-2,100)
Doing initial fit: 

 --- MultiDimFit ---
best fit parameter values and profile-likelihood uncertainties: 
   r :   +37.056   -10.555/+10.848 (68%)
Set Range of Parameter r To : (-2,100)
Doing initial fit: 

 --- MultiDimFit ---
best fit parameter values and profile-likelihood uncertainties: 
   r :   +28.293   -11.404/+11.929 (68%)
Set Range of Parameter r To : (-2,100)
Doing initial fit: 

 --- MultiDimFit ---
best fit parameter values and profile-likelihood uncertainties: 
   r :   +30.787   -9.076/+8.598 (68%)
Set Range of Parameter r To : (-2,100)
Doing initial fit: 

 --- MultiDimFit ---
best fit parameter values and profile-likelihood uncertainties: 
   r :   +42.414   -11.118/+9.213 (68%)
Set Range of Parameter r To : (-2,100)
Doing initial fit: 

 --- MultiDimFit ---
best fit parameter values and profile-likelihood uncertainties: 
   r :   +34.216   -10.565/+9.892 (68%)
Set Range of Parameter r To : (-2,100)
Doing initial fit: 

 --- MultiDimFit ---
best fit parameter values and profile-likelihood uncertainties: 
   r :   +33.189   -10.859/+11.354 (68%)
Set Range of Parameter r To : (-2,100)
Doing initial fit: 

 --- MultiDimFit ---
best fit parameter values and profile-likelihood uncertainties: 
   r :   +13.709   -9.605/+8.659 (68%)
Set Range of Parameter r To : (-2,100)
Doing initial fit: 

 --- MultiDimFit ---
best fit parameter values and profile-likelihood uncertainties: 
   r :   +31.876   -8.712/+8.633 (68%)
Set Range of Parameter r To : (-2,100)
Doing initial fit: 

 --- MultiDimFit ---
best fit parameter values and profile-likelihood uncertainties: 
   r :   +34.342   -9.520/+8.970 (68%)
Set Range of Parameter r To : (-2,100)
Doing initial fit: 

 --- MultiDimFit ---
best fit parameter values and profile-likelihood uncertainties: 
   r :   +25.697   -9.368/+9.070 (68%)
Set Range of Parameter r To : (-2,100)
Doing initial fit: 

 --- MultiDimFit ---
best fit parameter values and profile-likelihood uncertainties: 
   r :   +33.391   -8.535/+8.839 (68%)
Set Range of Parameter r To : (-2,100)
Doing initial fit: 

 --- MultiDimFit ---
best fit parameter values and profile-likelihood uncertainties: 
   r :   +40.211   -8.945/+9.224 (68%)
Set Range of Parameter r To : (-2,100)
Doing initial fit: 

 --- MultiDimFit ---
best fit parameter values and profile-likelihood uncertainties: 
   r :   +38.522   -9.829/+9.121 (68%)
Set Range of Parameter r To : (-2,100)
Doing initial fit: 

 --- MultiDimFit ---
best fit parameter values and profile-likelihood uncertainties: 
   r :   +26.768   -9.325/+8.939 (68%)
Set Range of Parameter r To : (-2,100)
Doing initial fit: 

 --- MultiDimFit ---
best fit parameter values and profile-likelihood uncertainties: 
   r :   +17.854   -10.590/+9.325 (68%)
Set Range of Parameter r To : (-2,100)
Doing initial fit: 

 --- MultiDimFit ---
best fit parameter values and profile-likelihood uncertainties: 
   r :   +21.233   -10.695/+10.974 (68%)
Set Range of Parameter r To : (-2,100)
Doing initial fit: 

 --- MultiDimFit ---
best fit parameter values and profile-likelihood uncertainties: 
   r :   +13.847   -10.047/+8.977 (68%)
Set Range of Parameter r To : (-2,100)
Doing initial fit: 

 --- MultiDimFit ---
best fit parameter values and profile-likelihood uncertainties: 
   r :   +23.245   -9.464/+9.114 (68%)
Set Range of Parameter r To : (-2,100)
Doing initial fit: 

 --- MultiDimFit ---
best fit parameter values and profile-likelihood uncertainties: 
   r :   +36.782   -10.641/+9.737 (68%)
Set Range of Parameter r To : (-2,100)
Doing initial fit: 

 --- MultiDimFit ---
best fit parameter values and profile-likelihood uncertainties: 
   r :   +35.584   -11.331/+9.815 (68%)
Set Range of Parameter r To : (-2,100)
Doing initial fit: 

 --- MultiDimFit ---
best fit parameter values and profile-likelihood uncertainties: 
   r :   +37.439   -10.574/+9.413 (68%)
Set Range of Parameter r To : (-2,100)
Doing initial fit: 

 --- MultiDimFit ---
best fit parameter values and profile-likelihood uncertainties: 
   r :   +36.312   -10.515/+9.189 (68%)
Set Range of Parameter r To : (-2,100)
Doing initial fit: 

 --- MultiDimFit ---
best fit parameter values and profile-likelihood uncertainties: 
   r :   +19.339   -10.376/+8.916 (68%)
Set Range of Parameter r To : (-2,100)
Doing initial fit: 

 --- MultiDimFit ---
best fit parameter values and profile-likelihood uncertainties: 
   r :   +38.852   -9.005/+8.720 (68%)
Set Range of Parameter r To : (-2,100)
Doing initial fit: 

 --- MultiDimFit ---
best fit parameter values and profile-likelihood uncertainties: 
   r :   +32.226   -9.951/+9.188 (68%)
Set Range of Parameter r To : (-2,100)
Doing initial fit: 

 --- MultiDimFit ---
best fit parameter values and profile-likelihood uncertainties: 
   r :   +26.749   -9.959/+8.984 (68%)
Set Range of Parameter r To : (-2,100)
Doing initial fit: 

 --- MultiDimFit ---
best fit parameter values and profile-likelihood uncertainties: 
   r :   +28.740   -8.530/+9.376 (68%)
Set Range of Parameter r To : (-2,100)
Doing initial fit: 

 --- MultiDimFit ---
best fit parameter values and profile-likelihood uncertainties: 
   r :   +20.940   -10.817/+11.057 (68%)
Set Range of Parameter r To : (-2,100)
Doing initial fit: 

 --- MultiDimFit ---
best fit parameter values and profile-likelihood uncertainties: 
   r :   +57.208   -11.249/+10.831 (68%)
Set Range of Parameter r To : (-2,100)
Doing initial fit: 

 --- MultiDimFit ---
best fit parameter values and profile-likelihood uncertainties: 
   r :   +23.763   -10.216/+9.172 (68%)
Set Range of Parameter r To : (-2,100)
Doing initial fit: 

 --- MultiDimFit ---
best fit parameter values and profile-likelihood uncertainties: 
   r :   +33.751   -11.467/+9.756 (68%)
Set Range of Parameter r To : (-2,100)
Doing initial fit: 

 --- MultiDimFit ---
best fit parameter values and profile-likelihood uncertainties: 
   r :   +39.967   -9.623/+9.198 (68%)
Set Range of Parameter r To : (-2,100)
Doing initial fit: 

 --- MultiDimFit ---
best fit parameter values and profile-likelihood uncertainties: 
   r :   +48.942   -11.031/+9.638 (68%)
Set Range of Parameter r To : (-2,100)
Doing initial fit: 

 --- MultiDimFit ---
best fit parameter values and profile-likelihood uncertainties: 
   r :   +49.849   -10.587/+10.763 (68%)
Set Range of Parameter r To : (-2,100)
Doing initial fit: 

 --- MultiDimFit ---
best fit parameter values and profile-likelihood uncertainties: 
   r :   +38.062   -10.035/+8.878 (68%)
Set Range of Parameter r To : (-2,100)
Doing initial fit: 

 --- MultiDimFit ---
best fit parameter values and profile-likelihood uncertainties: 
   r :   +31.934   -9.161/+9.235 (68%)
Set Range of Parameter r To : (-2,100)
Doing initial fit: 

 --- MultiDimFit ---
best fit parameter values and profile-likelihood uncertainties: 
   r :   +20.415   -8.599/+8.882 (68%)
Set Range of Parameter r To : (-2,100)
Doing initial fit: 

 --- MultiDimFit ---
best fit parameter values and profile-likelihood uncertainties: 
   r :   +26.470   -10.580/+9.644 (68%)
Set Range of Parameter r To : (-2,100)
Doing initial fit: 

 --- MultiDimFit ---
best fit parameter values and profile-likelihood uncertainties: 
   r :   +26.648   -9.045/+9.667 (68%)
Set Range of Parameter r To : (-2,100)
Doing initial fit: 

 --- MultiDimFit ---
best fit parameter values and profile-likelihood uncertainties: 
   r :   +30.890   -10.076/+9.066 (68%)
Set Range of Parameter r To : (-2,100)
Doing initial fit: 

 --- MultiDimFit ---
best fit parameter values and profile-likelihood uncertainties: 
   r :   +51.685   -9.642/+9.553 (68%)
Set Range of Parameter r To : (-2,100)
Doing initial fit: 

 --- MultiDimFit ---
best fit parameter values and profile-likelihood uncertainties: 
   r :   +51.026   -10.764/+9.607 (68%)
Set Range of Parameter r To : (-2,100)
Doing initial fit: 

 --- MultiDimFit ---
best fit parameter values and profile-likelihood uncertainties: 
   r :   +20.175   -9.783/+8.788 (68%)
Set Range of Parameter r To : (-2,100)
Doing initial fit: 

 --- MultiDimFit ---
best fit parameter values and profile-likelihood uncertainties: 
   r :   +29.710   -9.156/+9.294 (68%)
Set Range of Parameter r To : (-2,100)
Doing initial fit: 

 --- MultiDimFit ---
best fit parameter values and profile-likelihood uncertainties: 
   r :   +28.200   -9.225/+8.969 (68%)
Set Range of Parameter r To : (-2,100)
Doing initial fit: 

 --- MultiDimFit ---
best fit parameter values and profile-likelihood uncertainties: 
   r :   +11.721   -10.366/+9.383 (68%)
Set Range of Parameter r To : (-2,100)
Doing initial fit: 

 --- MultiDimFit ---
best fit parameter values and profile-likelihood uncertainties: 
   r :   +33.720   -9.161/+9.160 (68%)
Set Range of Parameter r To : (-2,100)
Doing initial fit: 

 --- MultiDimFit ---
best fit parameter values and profile-likelihood uncertainties: 
   r :   +39.836   -10.543/+9.981 (68%)
Set Range of Parameter r To : (-2,100)
Doing initial fit: 

 --- MultiDimFit ---
best fit parameter values and profile-likelihood uncertainties: 
   r :   +38.795   -9.877/+9.004 (68%)
mean   expected limit: r < 3.64178e-316 +/- 0 @ 95%CL (500 toyMC)
median expected limit: r < 3.64178e-316 @ 95%CL (500 toyMC)
   68% expected band : 3.64178e-316 < r < 3.64178e-316
   95% expected band : 3.64178e-316 < r < 3.64178e-316
