 <<< Combine >>> 
 <<< v11.0.0 >>>
>>> Random number generator seed is 123456
>>> Method used is MultiDimFit
Set Range of Parameter r To : (-20,100)
Set Default Value of Parameter r To : 0
Set Range of Parameter r To : (-20,100)
Doing initial fit: 

 --- MultiDimFit ---
best fit parameter values and profile-likelihood uncertainties: 
   r :    +2.773   -7.567/+8.077 (68%)
Set Range of Parameter r To : (-20,100)
Doing initial fit: 

 --- MultiDimFit ---
best fit parameter values and profile-likelihood uncertainties: 
   r :    -8.245   -8.702/+7.905 (68%)
Set Range of Parameter r To : (-20,100)
Doing initial fit: 

 --- MultiDimFit ---
best fit parameter values and profile-likelihood uncertainties: 
   r :    +9.419   -8.932/+8.124 (68%)
Set Range of Parameter r To : (-20,100)
Doing initial fit: 

 --- MultiDimFit ---
best fit parameter values and profile-likelihood uncertainties: 
   r :    -0.152   -7.283/+6.718 (68%)
Set Range of Parameter r To : (-20,100)
Doing initial fit: 

 --- MultiDimFit ---
best fit parameter values and profile-likelihood uncertainties: 
   r :    +4.115   -9.871/+10.401 (68%)
Set Range of Parameter r To : (-20,100)
Doing initial fit: 

 --- MultiDimFit ---
best fit parameter values and profile-likelihood uncertainties: 
   r :    +0.179   -7.689/+7.464 (68%)
Set Range of Parameter r To : (-20,100)
Doing initial fit: 

 --- MultiDimFit ---
best fit parameter values and profile-likelihood uncertainties: 
   r :    +0.815   -6.746/+6.456 (68%)
Set Range of Parameter r To : (-20,100)
Doing initial fit: 

 --- MultiDimFit ---
best fit parameter values and profile-likelihood uncertainties: 
   r :    -1.906   -10.356/+10.168 (68%)
Set Range of Parameter r To : (-20,100)
Doing initial fit: 

 --- MultiDimFit ---
best fit parameter values and profile-likelihood uncertainties: 
   r :   +10.204   -9.810/+11.539 (68%)
Set Range of Parameter r To : (-20,100)
Doing initial fit: 

 

 ---------------------------

 WARNING: MultiDimFit failed

 ---------------------------

 
Set Range of Parameter r To : (-20,100)
Doing initial fit: 

 --- MultiDimFit ---
best fit parameter values and profile-likelihood uncertainties: 
   r :    -5.448   -8.748/+8.006 (68%)
Set Range of Parameter r To : (-20,100)
Doing initial fit: 

 --- MultiDimFit ---
best fit parameter values and profile-likelihood uncertainties: 
   r :    -0.702   -9.654/+9.415 (68%)
Set Range of Parameter r To : (-20,100)
Doing initial fit: 

 --- MultiDimFit ---
best fit parameter values and profile-likelihood uncertainties: 
   r :    +4.832   -8.993/+7.847 (68%)
Set Range of Parameter r To : (-20,100)
Doing initial fit: 

 --- MultiDimFit ---
best fit parameter values and profile-likelihood uncertainties: 
   r :    -7.922   -9.474/+9.168 (68%)
Set Range of Parameter r To : (-20,100)
Doing initial fit: 

 --- MultiDimFit ---
best fit parameter values and profile-likelihood uncertainties: 
   r :    -7.432   -10.184/+9.916 (68%)
Set Range of Parameter r To : (-20,100)
Doing initial fit: 

 --- MultiDimFit ---
best fit parameter values and profile-likelihood uncertainties: 
   r :    +3.670   -9.438/+9.093 (68%)
Set Range of Parameter r To : (-20,100)
Doing initial fit: 

 --- MultiDimFit ---
best fit parameter values and profile-likelihood uncertainties: 
   r :    +7.409   -9.357/+9.228 (68%)
Set Range of Parameter r To : (-20,100)
Doing initial fit: 

 --- MultiDimFit ---
best fit parameter values and profile-likelihood uncertainties: 
   r :    -2.997   -9.165/+8.886 (68%)
Set Range of Parameter r To : (-20,100)
Doing initial fit: 

 --- MultiDimFit ---
best fit parameter values and profile-likelihood uncertainties: 
   r :    +4.812   -9.193/+8.655 (68%)
Set Range of Parameter r To : (-20,100)
Doing initial fit: 

 --- MultiDimFit ---
best fit parameter values and profile-likelihood uncertainties: 
   r :   -18.994   -1.006/+7.327 (68%)
Set Range of Parameter r To : (-20,100)
Doing initial fit: 

 --- MultiDimFit ---
best fit parameter values and profile-likelihood uncertainties: 
   r :    +2.091   -9.401/+8.086 (68%)
Set Range of Parameter r To : (-20,100)
Doing initial fit: 

 --- MultiDimFit ---
best fit parameter values and profile-likelihood uncertainties: 
   r :   -11.203   -8.797/+10.140 (68%)
Set Range of Parameter r To : (-20,100)
Doing initial fit: 

 --- MultiDimFit ---
best fit parameter values and profile-likelihood uncertainties: 
   r :    -5.664   -9.295/+8.291 (68%)
Set Range of Parameter r To : (-20,100)
Doing initial fit: 

 --- MultiDimFit ---
best fit parameter values and profile-likelihood uncertainties: 
   r :    +7.800   -10.619/+8.046 (68%)
Set Range of Parameter r To : (-20,100)
Doing initial fit: 

 --- MultiDimFit ---
best fit parameter values and profile-likelihood uncertainties: 
   r :    +8.684   -10.270/+10.251 (68%)
Set Range of Parameter r To : (-20,100)
Doing initial fit: 

 --- MultiDimFit ---
best fit parameter values and profile-likelihood uncertainties: 
   r :   +11.922   -9.281/+8.493 (68%)
Set Range of Parameter r To : (-20,100)
Doing initial fit: 

 --- MultiDimFit ---
best fit parameter values and profile-likelihood uncertainties: 
   r :    +5.488   -8.008/+7.863 (68%)
Set Range of Parameter r To : (-20,100)
Doing initial fit: 

 --- MultiDimFit ---
best fit parameter values and profile-likelihood uncertainties: 
   r :    +5.453   -9.177/+9.076 (68%)
Set Range of Parameter r To : (-20,100)
Doing initial fit: 

 --- MultiDimFit ---
best fit parameter values and profile-likelihood uncertainties: 
   r :   +23.877   -9.040/+8.059 (68%)
Set Range of Parameter r To : (-20,100)
Doing initial fit: 

 --- MultiDimFit ---
best fit parameter values and profile-likelihood uncertainties: 
   r :    -2.632   -7.471/+8.068 (68%)
Set Range of Parameter r To : (-20,100)
Doing initial fit: 

 --- MultiDimFit ---
best fit parameter values and profile-likelihood uncertainties: 
   r :    -3.662   -9.328/+9.064 (68%)
Set Range of Parameter r To : (-20,100)
Doing initial fit: 

 --- MultiDimFit ---
best fit parameter values and profile-likelihood uncertainties: 
   r :    -6.863   -8.321/+7.799 (68%)
Set Range of Parameter r To : (-20,100)
Doing initial fit: 

 --- MultiDimFit ---
best fit parameter values and profile-likelihood uncertainties: 
   r :    -7.768   -10.347/+9.431 (68%)
Set Range of Parameter r To : (-20,100)
Doing initial fit: 

 --- MultiDimFit ---
best fit parameter values and profile-likelihood uncertainties: 
   r :    +2.065   -10.841/+7.745 (68%)
Set Range of Parameter r To : (-20,100)
Doing initial fit: 

 --- MultiDimFit ---
best fit parameter values and profile-likelihood uncertainties: 
   r :    -5.890   -10.030/+9.587 (68%)
Set Range of Parameter r To : (-20,100)
Doing initial fit: 

 --- MultiDimFit ---
best fit parameter values and profile-likelihood uncertainties: 
   r :    -9.068   -9.241/+9.011 (68%)
Set Range of Parameter r To : (-20,100)
Doing initial fit: 

 --- MultiDimFit ---
best fit parameter values and profile-likelihood uncertainties: 
   r :   +11.848   -10.320/+9.705 (68%)
Set Range of Parameter r To : (-20,100)
Doing initial fit: 

 --- MultiDimFit ---
best fit parameter values and profile-likelihood uncertainties: 
   r :   -14.989   -5.011/+7.945 (68%)
Set Range of Parameter r To : (-20,100)
Doing initial fit: 

 --- MultiDimFit ---
best fit parameter values and profile-likelihood uncertainties: 
   r :    -7.403   -6.507/+7.222 (68%)
Set Range of Parameter r To : (-20,100)
Doing initial fit: 

 --- MultiDimFit ---
best fit parameter values and profile-likelihood uncertainties: 
   r :    -4.482   -9.479/+8.965 (68%)
Set Range of Parameter r To : (-20,100)
Doing initial fit: 

 --- MultiDimFit ---
best fit parameter values and profile-likelihood uncertainties: 
   r :    +4.428   -7.572/+7.786 (68%)
Set Range of Parameter r To : (-20,100)
Doing initial fit: 

 --- MultiDimFit ---
best fit parameter values and profile-likelihood uncertainties: 
   r :   +17.465   -7.918/+7.695 (68%)
Set Range of Parameter r To : (-20,100)
Doing initial fit: 

 --- MultiDimFit ---
best fit parameter values and profile-likelihood uncertainties: 
   r :   +19.309   -9.439/+9.994 (68%)
Set Range of Parameter r To : (-20,100)
Doing initial fit: 

 --- MultiDimFit ---
best fit parameter values and profile-likelihood uncertainties: 
   r :    -1.047   -9.286/+11.052 (68%)
Set Range of Parameter r To : (-20,100)
Doing initial fit: 

 --- MultiDimFit ---
best fit parameter values and profile-likelihood uncertainties: 
   r :    -7.167   -7.564/+6.965 (68%)
Set Range of Parameter r To : (-20,100)
Doing initial fit: 

 --- MultiDimFit ---
best fit parameter values and profile-likelihood uncertainties: 
   r :    +2.830   -7.520/+7.337 (68%)
Set Range of Parameter r To : (-20,100)
Doing initial fit: 

 --- MultiDimFit ---
best fit parameter values and profile-likelihood uncertainties: 
   r :    -4.116   -9.053/+7.809 (68%)
Set Range of Parameter r To : (-20,100)
Doing initial fit: 

 --- MultiDimFit ---
best fit parameter values and profile-likelihood uncertainties: 
   r :    -9.963   -10.037/+7.781 (68%)
Set Range of Parameter r To : (-20,100)
Doing initial fit: 

 --- MultiDimFit ---
best fit parameter values and profile-likelihood uncertainties: 
   r :    -2.063   -8.377/+7.968 (68%)
Set Range of Parameter r To : (-20,100)
Doing initial fit: 

 --- MultiDimFit ---
best fit parameter values and profile-likelihood uncertainties: 
   r :    +3.076   -8.546/+12.446 (68%)
Set Range of Parameter r To : (-20,100)
Doing initial fit: 

 --- MultiDimFit ---
best fit parameter values and profile-likelihood uncertainties: 
   r :   +19.849   -9.495/+8.319 (68%)
Set Range of Parameter r To : (-20,100)
Doing initial fit: 

 --- MultiDimFit ---
best fit parameter values and profile-likelihood uncertainties: 
   r :   -10.073   -9.894/+9.202 (68%)
Set Range of Parameter r To : (-20,100)
Doing initial fit: 

 --- MultiDimFit ---
best fit parameter values and profile-likelihood uncertainties: 
   r :    -5.345   -7.201/+7.962 (68%)
Set Range of Parameter r To : (-20,100)
Doing initial fit: 

 --- MultiDimFit ---
best fit parameter values and profile-likelihood uncertainties: 
   r :    -4.389   -9.143/+7.670 (68%)
Set Range of Parameter r To : (-20,100)
Doing initial fit: 

 --- MultiDimFit ---
best fit parameter values and profile-likelihood uncertainties: 
   r :    +6.500   -7.758/+7.378 (68%)
Set Range of Parameter r To : (-20,100)
Doing initial fit: 

 --- MultiDimFit ---
best fit parameter values and profile-likelihood uncertainties: 
   r :    -9.104   -9.216/+9.549 (68%)
Set Range of Parameter r To : (-20,100)
Doing initial fit: 

 --- MultiDimFit ---
best fit parameter values and profile-likelihood uncertainties: 
   r :    +6.958   -10.006/+13.240 (68%)
Set Range of Parameter r To : (-20,100)
Doing initial fit: 

 --- MultiDimFit ---
best fit parameter values and profile-likelihood uncertainties: 
   r :    +1.692   -10.009/+9.520 (68%)
Set Range of Parameter r To : (-20,100)
Doing initial fit: 

 --- MultiDimFit ---
best fit parameter values and profile-likelihood uncertainties: 
   r :   -16.161   -3.839/+7.787 (68%)
Set Range of Parameter r To : (-20,100)
Doing initial fit: 

 --- MultiDimFit ---
best fit parameter values and profile-likelihood uncertainties: 
   r :    +8.313   -9.208/+8.260 (68%)
Set Range of Parameter r To : (-20,100)
Doing initial fit: 

 --- MultiDimFit ---
best fit parameter values and profile-likelihood uncertainties: 
   r :   +10.087   -7.770/+6.778 (68%)
Set Range of Parameter r To : (-20,100)
Doing initial fit: 

 --- MultiDimFit ---
best fit parameter values and profile-likelihood uncertainties: 
   r :    +7.273   -9.356/+7.909 (68%)
Set Range of Parameter r To : (-20,100)
Doing initial fit: 

 --- MultiDimFit ---
best fit parameter values and profile-likelihood uncertainties: 
   r :    +5.020   -9.031/+8.281 (68%)
Set Range of Parameter r To : (-20,100)
Doing initial fit: 

 --- MultiDimFit ---
best fit parameter values and profile-likelihood uncertainties: 
   r :    -4.626   -9.080/+8.877 (68%)
Set Range of Parameter r To : (-20,100)
Doing initial fit: 

 --- MultiDimFit ---
best fit parameter values and profile-likelihood uncertainties: 
   r :    +6.202   -9.140/+8.739 (68%)
Set Range of Parameter r To : (-20,100)
Doing initial fit: 

 --- MultiDimFit ---
best fit parameter values and profile-likelihood uncertainties: 
   r :    -0.871   -8.908/+7.731 (68%)
Set Range of Parameter r To : (-20,100)
Doing initial fit: 

 --- MultiDimFit ---
best fit parameter values and profile-likelihood uncertainties: 
   r :    +2.369   -7.943/+7.817 (68%)
Set Range of Parameter r To : (-20,100)
Doing initial fit: 

 --- MultiDimFit ---
best fit parameter values and profile-likelihood uncertainties: 
   r :    +4.737   -7.967/+7.850 (68%)
Set Range of Parameter r To : (-20,100)
Doing initial fit: 

 --- MultiDimFit ---
best fit parameter values and profile-likelihood uncertainties: 
   r :    -0.714   -9.391/+7.994 (68%)
Set Range of Parameter r To : (-20,100)
Doing initial fit: 

 --- MultiDimFit ---
best fit parameter values and profile-likelihood uncertainties: 
   r :    +0.090   -8.373/+8.079 (68%)
Set Range of Parameter r To : (-20,100)
Doing initial fit: 

 --- MultiDimFit ---
best fit parameter values and profile-likelihood uncertainties: 
   r :    -2.926   -9.152/+9.356 (68%)
Set Range of Parameter r To : (-20,100)
Doing initial fit: 

 --- MultiDimFit ---
best fit parameter values and profile-likelihood uncertainties: 
   r :    -8.373   -8.796/+7.745 (68%)
Set Range of Parameter r To : (-20,100)
Doing initial fit: 

 --- MultiDimFit ---
best fit parameter values and profile-likelihood uncertainties: 
   r :    +4.226   -9.095/+8.190 (68%)
Set Range of Parameter r To : (-20,100)
Doing initial fit: 

 --- MultiDimFit ---
best fit parameter values and profile-likelihood uncertainties: 
   r :    -7.555   -9.889/+9.447 (68%)
Set Range of Parameter r To : (-20,100)
Doing initial fit: 

 --- MultiDimFit ---
best fit parameter values and profile-likelihood uncertainties: 
   r :    +6.153   -9.908/+10.988 (68%)
Set Range of Parameter r To : (-20,100)
Doing initial fit: 

 --- MultiDimFit ---
best fit parameter values and profile-likelihood uncertainties: 
   r :    +3.101   -8.958/+7.658 (68%)
Set Range of Parameter r To : (-20,100)
Doing initial fit: 

 --- MultiDimFit ---
best fit parameter values and profile-likelihood uncertainties: 
   r :   -15.305   -4.695/+9.262 (68%)
Set Range of Parameter r To : (-20,100)
Doing initial fit: 

 --- MultiDimFit ---
best fit parameter values and profile-likelihood uncertainties: 
   r :    -1.582   -9.120/+8.223 (68%)
Set Range of Parameter r To : (-20,100)
Doing initial fit: 

 --- MultiDimFit ---
best fit parameter values and profile-likelihood uncertainties: 
   r :   +18.721   -10.256/+8.350 (68%)
Set Range of Parameter r To : (-20,100)
Doing initial fit: 

 --- MultiDimFit ---
best fit parameter values and profile-likelihood uncertainties: 
   r :    +8.499   -9.607/+8.337 (68%)
Set Range of Parameter r To : (-20,100)
Doing initial fit: 

 --- MultiDimFit ---
best fit parameter values and profile-likelihood uncertainties: 
   r :    -8.188   -10.081/+8.267 (68%)
Set Range of Parameter r To : (-20,100)
Doing initial fit: 

 --- MultiDimFit ---
best fit parameter values and profile-likelihood uncertainties: 
   r :   -13.813   -6.187/+10.952 (68%)
Set Range of Parameter r To : (-20,100)
Doing initial fit: 

 --- MultiDimFit ---
best fit parameter values and profile-likelihood uncertainties: 
   r :    -2.053   -10.389/+9.261 (68%)
Set Range of Parameter r To : (-20,100)
Doing initial fit: 

 --- MultiDimFit ---
best fit parameter values and profile-likelihood uncertainties: 
   r :    -4.671   -7.337/+7.713 (68%)
Set Range of Parameter r To : (-20,100)
Doing initial fit: 

 --- MultiDimFit ---
best fit parameter values and profile-likelihood uncertainties: 
   r :    -1.409   -8.101/+7.731 (68%)
Set Range of Parameter r To : (-20,100)
Doing initial fit: 

 --- MultiDimFit ---
best fit parameter values and profile-likelihood uncertainties: 
   r :    +4.976   -8.079/+7.337 (68%)
Set Range of Parameter r To : (-20,100)
Doing initial fit: 

 --- MultiDimFit ---
best fit parameter values and profile-likelihood uncertainties: 
   r :   +11.706   -7.691/+7.804 (68%)
Set Range of Parameter r To : (-20,100)
Doing initial fit: 

 --- MultiDimFit ---
best fit parameter values and profile-likelihood uncertainties: 
   r :    -8.394   -6.235/+7.803 (68%)
Set Range of Parameter r To : (-20,100)
Doing initial fit: 

 --- MultiDimFit ---
best fit parameter values and profile-likelihood uncertainties: 
   r :    +5.518   -9.741/+10.435 (68%)
Set Range of Parameter r To : (-20,100)
Doing initial fit: 

 --- MultiDimFit ---
best fit parameter values and profile-likelihood uncertainties: 
   r :    -8.334   -8.074/+7.768 (68%)
Set Range of Parameter r To : (-20,100)
Doing initial fit: 

 --- MultiDimFit ---
best fit parameter values and profile-likelihood uncertainties: 
   r :    -8.064   -9.118/+8.140 (68%)
Set Range of Parameter r To : (-20,100)
Doing initial fit: 

 --- MultiDimFit ---
best fit parameter values and profile-likelihood uncertainties: 
   r :   -11.493   -8.507/+8.039 (68%)
Set Range of Parameter r To : (-20,100)
Doing initial fit: 

 --- MultiDimFit ---
best fit parameter values and profile-likelihood uncertainties: 
   r :   +15.922   -7.335/+7.507 (68%)
Set Range of Parameter r To : (-20,100)
Doing initial fit: 

 --- MultiDimFit ---
best fit parameter values and profile-likelihood uncertainties: 
   r :   -15.768   -4.232/+10.104 (68%)
Set Range of Parameter r To : (-20,100)
Doing initial fit: 

 --- MultiDimFit ---
best fit parameter values and profile-likelihood uncertainties: 
   r :    -6.278   -10.171/+9.734 (68%)
Set Range of Parameter r To : (-20,100)
Doing initial fit: 

 --- MultiDimFit ---
best fit parameter values and profile-likelihood uncertainties: 
   r :    +0.895   -10.520/+9.169 (68%)
Set Range of Parameter r To : (-20,100)
Doing initial fit: 

 

 ---------------------------

 WARNING: MultiDimFit failed

 ---------------------------

 
Set Range of Parameter r To : (-20,100)
Doing initial fit: 

 --- MultiDimFit ---
best fit parameter values and profile-likelihood uncertainties: 
   r :    -8.151   -9.342/+8.799 (68%)
Set Range of Parameter r To : (-20,100)
Doing initial fit: 

 --- MultiDimFit ---
best fit parameter values and profile-likelihood uncertainties: 
   r :    +4.284   -10.378/+9.911 (68%)
Set Range of Parameter r To : (-20,100)
Doing initial fit: 

 --- MultiDimFit ---
best fit parameter values and profile-likelihood uncertainties: 
   r :    -0.230   -9.152/+8.658 (68%)
Set Range of Parameter r To : (-20,100)
Doing initial fit: 

 --- MultiDimFit ---
best fit parameter values and profile-likelihood uncertainties: 
   r :   +10.453   -9.782/+7.692 (68%)
Set Range of Parameter r To : (-20,100)
Doing initial fit: 

 --- MultiDimFit ---
best fit parameter values and profile-likelihood uncertainties: 
   r :    +1.534   -8.708/+7.405 (68%)
Set Range of Parameter r To : (-20,100)
Doing initial fit: 

 --- MultiDimFit ---
best fit parameter values and profile-likelihood uncertainties: 
   r :    -7.726   -8.769/+7.875 (68%)
Set Range of Parameter r To : (-20,100)
Doing initial fit: 

 --- MultiDimFit ---
best fit parameter values and profile-likelihood uncertainties: 
   r :    -6.497   -8.552/+7.846 (68%)
Set Range of Parameter r To : (-20,100)
Doing initial fit: 

 --- MultiDimFit ---
best fit parameter values and profile-likelihood uncertainties: 
   r :   +13.641   -8.896/+7.852 (68%)
Set Range of Parameter r To : (-20,100)
Doing initial fit: 

 --- MultiDimFit ---
best fit parameter values and profile-likelihood uncertainties: 
   r :    +9.918   -8.789/+8.036 (68%)
Set Range of Parameter r To : (-20,100)
Doing initial fit: 

 --- MultiDimFit ---
best fit parameter values and profile-likelihood uncertainties: 
   r :   +14.685   -9.562/+9.039 (68%)
Set Range of Parameter r To : (-20,100)
Doing initial fit: 

 --- MultiDimFit ---
best fit parameter values and profile-likelihood uncertainties: 
   r :   -11.856   -8.144/+8.631 (68%)
Set Range of Parameter r To : (-20,100)
Doing initial fit: 

 --- MultiDimFit ---
best fit parameter values and profile-likelihood uncertainties: 
   r :    +1.181   -9.266/+8.158 (68%)
Set Range of Parameter r To : (-20,100)
Doing initial fit: 

 --- MultiDimFit ---
best fit parameter values and profile-likelihood uncertainties: 
   r :    -2.310   -10.054/+7.653 (68%)
Set Range of Parameter r To : (-20,100)
Doing initial fit: 

 --- MultiDimFit ---
best fit parameter values and profile-likelihood uncertainties: 
   r :   +12.338   -9.124/+8.188 (68%)
Set Range of Parameter r To : (-20,100)
Doing initial fit: 

 --- MultiDimFit ---
best fit parameter values and profile-likelihood uncertainties: 
   r :    -3.864   -9.302/+9.462 (68%)
Set Range of Parameter r To : (-20,100)
Doing initial fit: 

 --- MultiDimFit ---
best fit parameter values and profile-likelihood uncertainties: 
   r :    -4.142   -9.114/+8.364 (68%)
Set Range of Parameter r To : (-20,100)
Doing initial fit: 

 --- MultiDimFit ---
best fit parameter values and profile-likelihood uncertainties: 
   r :    +0.700   -8.110/+6.756 (68%)
Set Range of Parameter r To : (-20,100)
Doing initial fit: 

 --- MultiDimFit ---
best fit parameter values and profile-likelihood uncertainties: 
   r :    -6.673   -8.329/+7.744 (68%)
Set Range of Parameter r To : (-20,100)
Doing initial fit: 

 --- MultiDimFit ---
best fit parameter values and profile-likelihood uncertainties: 
   r :   +10.151   -10.145/+11.610 (68%)
Set Range of Parameter r To : (-20,100)
Doing initial fit: 

 --- MultiDimFit ---
best fit parameter values and profile-likelihood uncertainties: 
   r :    +8.133   -9.297/+7.969 (68%)
Set Range of Parameter r To : (-20,100)
Doing initial fit: 

 --- MultiDimFit ---
best fit parameter values and profile-likelihood uncertainties: 
   r :    +2.873   -8.168/+7.586 (68%)
Set Range of Parameter r To : (-20,100)
Doing initial fit: 

 --- MultiDimFit ---
best fit parameter values and profile-likelihood uncertainties: 
   r :    +5.993   -8.198/+7.802 (68%)
Set Range of Parameter r To : (-20,100)
Doing initial fit: 

 --- MultiDimFit ---
best fit parameter values and profile-likelihood uncertainties: 
   r :    +4.078   -7.481/+7.433 (68%)
Set Range of Parameter r To : (-20,100)
Doing initial fit: 

 --- MultiDimFit ---
best fit parameter values and profile-likelihood uncertainties: 
   r :    -9.760   -8.149/+7.558 (68%)
Set Range of Parameter r To : (-20,100)
Doing initial fit: 

 --- MultiDimFit ---
best fit parameter values and profile-likelihood uncertainties: 
   r :    -0.812   -6.924/+7.605 (68%)
Set Range of Parameter r To : (-20,100)
Doing initial fit: 

 --- MultiDimFit ---
best fit parameter values and profile-likelihood uncertainties: 
   r :   -11.648   -8.352/+9.098 (68%)
Set Range of Parameter r To : (-20,100)
Doing initial fit: 

 --- MultiDimFit ---
best fit parameter values and profile-likelihood uncertainties: 
   r :    -2.850   -9.194/+7.539 (68%)
Set Range of Parameter r To : (-20,100)
Doing initial fit: 

 --- MultiDimFit ---
best fit parameter values and profile-likelihood uncertainties: 
   r :    +4.730   -9.717/+7.948 (68%)
Set Range of Parameter r To : (-20,100)
Doing initial fit: 

 --- MultiDimFit ---
best fit parameter values and profile-likelihood uncertainties: 
   r :   -16.821   -3.179/+9.316 (68%)
Set Range of Parameter r To : (-20,100)
Doing initial fit: 

 --- MultiDimFit ---
best fit parameter values and profile-likelihood uncertainties: 
   r :    -6.621   -9.289/+11.124 (68%)
Set Range of Parameter r To : (-20,100)
Doing initial fit: 

 --- MultiDimFit ---
best fit parameter values and profile-likelihood uncertainties: 
   r :    -6.735   -9.338/+9.757 (68%)
Set Range of Parameter r To : (-20,100)
Doing initial fit: 

 --- MultiDimFit ---
best fit parameter values and profile-likelihood uncertainties: 
   r :    -9.173   -10.121/+10.010 (68%)
Set Range of Parameter r To : (-20,100)
Doing initial fit: 

 --- MultiDimFit ---
best fit parameter values and profile-likelihood uncertainties: 
   r :   +13.397   -9.472/+10.165 (68%)
Set Range of Parameter r To : (-20,100)
Doing initial fit: 

 --- MultiDimFit ---
best fit parameter values and profile-likelihood uncertainties: 
   r :    +0.006   -8.846/+11.103 (68%)
Set Range of Parameter r To : (-20,100)
Doing initial fit: 

 --- MultiDimFit ---
best fit parameter values and profile-likelihood uncertainties: 
   r :    -8.633   -7.728/+7.383 (68%)
Set Range of Parameter r To : (-20,100)
Doing initial fit: 

 --- MultiDimFit ---
best fit parameter values and profile-likelihood uncertainties: 
   r :    -1.735   -9.365/+9.038 (68%)
Set Range of Parameter r To : (-20,100)
Doing initial fit: 

 --- MultiDimFit ---
best fit parameter values and profile-likelihood uncertainties: 
   r :    +9.944   -9.792/+9.722 (68%)
Set Range of Parameter r To : (-20,100)
Doing initial fit: 

 --- MultiDimFit ---
best fit parameter values and profile-likelihood uncertainties: 
   r :    -6.307   -9.551/+9.924 (68%)
Set Range of Parameter r To : (-20,100)
Doing initial fit: 

 --- MultiDimFit ---
best fit parameter values and profile-likelihood uncertainties: 
   r :    -5.542   -10.127/+9.684 (68%)
Set Range of Parameter r To : (-20,100)
Doing initial fit: 

 --- MultiDimFit ---
best fit parameter values and profile-likelihood uncertainties: 
   r :    +1.891   -7.042/+7.424 (68%)
Set Range of Parameter r To : (-20,100)
Doing initial fit: 

 --- MultiDimFit ---
best fit parameter values and profile-likelihood uncertainties: 
   r :    -0.141   -9.389/+9.181 (68%)
Set Range of Parameter r To : (-20,100)
Doing initial fit: 

 --- MultiDimFit ---
best fit parameter values and profile-likelihood uncertainties: 
   r :    +0.116   -8.907/+8.068 (68%)
Set Range of Parameter r To : (-20,100)
Doing initial fit: 

 --- MultiDimFit ---
best fit parameter values and profile-likelihood uncertainties: 
   r :    +8.896   -11.334/+7.674 (68%)
Set Range of Parameter r To : (-20,100)
Doing initial fit: 

 --- MultiDimFit ---
best fit parameter values and profile-likelihood uncertainties: 
   r :   +19.321   -9.648/+9.030 (68%)
Set Range of Parameter r To : (-20,100)
Doing initial fit: 

 --- MultiDimFit ---
best fit parameter values and profile-likelihood uncertainties: 
   r :    -0.147   -9.518/+9.049 (68%)
Set Range of Parameter r To : (-20,100)
Doing initial fit: 

 --- MultiDimFit ---
best fit parameter values and profile-likelihood uncertainties: 
   r :    +1.223   -8.878/+8.074 (68%)
Set Range of Parameter r To : (-20,100)
Doing initial fit: 

 --- MultiDimFit ---
best fit parameter values and profile-likelihood uncertainties: 
   r :    +0.986   -9.119/+8.612 (68%)
Set Range of Parameter r To : (-20,100)
Doing initial fit: 

 --- MultiDimFit ---
best fit parameter values and profile-likelihood uncertainties: 
   r :    -3.980   -8.323/+7.909 (68%)
Set Range of Parameter r To : (-20,100)
Doing initial fit: 

 --- MultiDimFit ---
best fit parameter values and profile-likelihood uncertainties: 
   r :    +3.582   -9.740/+9.332 (68%)
Set Range of Parameter r To : (-20,100)
Doing initial fit: 

 --- MultiDimFit ---
best fit parameter values and profile-likelihood uncertainties: 
   r :   +11.704   -8.895/+8.048 (68%)
Set Range of Parameter r To : (-20,100)
Doing initial fit: 

 --- MultiDimFit ---
best fit parameter values and profile-likelihood uncertainties: 
   r :    -3.818   -7.724/+6.963 (68%)
Set Range of Parameter r To : (-20,100)
Doing initial fit: 

 --- MultiDimFit ---
best fit parameter values and profile-likelihood uncertainties: 
   r :    -2.629   -8.541/+7.573 (68%)
Set Range of Parameter r To : (-20,100)
Doing initial fit: 

 --- MultiDimFit ---
best fit parameter values and profile-likelihood uncertainties: 
   r :    +7.960   -10.201/+8.028 (68%)
Set Range of Parameter r To : (-20,100)
Doing initial fit: 

 --- MultiDimFit ---
best fit parameter values and profile-likelihood uncertainties: 
   r :   -11.627   -8.373/+10.175 (68%)
Set Range of Parameter r To : (-20,100)
Doing initial fit: 

 --- MultiDimFit ---
best fit parameter values and profile-likelihood uncertainties: 
   r :    -9.598   -9.775/+10.076 (68%)
Set Range of Parameter r To : (-20,100)
Doing initial fit: 

 --- MultiDimFit ---
best fit parameter values and profile-likelihood uncertainties: 
   r :   +14.151   -8.933/+8.198 (68%)
Set Range of Parameter r To : (-20,100)
Doing initial fit: 

 --- MultiDimFit ---
best fit parameter values and profile-likelihood uncertainties: 
   r :    -2.267   -9.973/+9.660 (68%)
Set Range of Parameter r To : (-20,100)
Doing initial fit: 

 --- MultiDimFit ---
best fit parameter values and profile-likelihood uncertainties: 
   r :    -4.960   -10.078/+9.607 (68%)
Set Range of Parameter r To : (-20,100)
Doing initial fit: 

 --- MultiDimFit ---
best fit parameter values and profile-likelihood uncertainties: 
   r :   -11.293   -8.707/+9.513 (68%)
Set Range of Parameter r To : (-20,100)
Doing initial fit: 

 --- MultiDimFit ---
best fit parameter values and profile-likelihood uncertainties: 
   r :   -15.671   -4.329/+7.869 (68%)
Set Range of Parameter r To : (-20,100)
Doing initial fit: 

 --- MultiDimFit ---
best fit parameter values and profile-likelihood uncertainties: 
   r :   +12.434   -7.754/+7.821 (68%)
Set Range of Parameter r To : (-20,100)
Doing initial fit: 

 --- MultiDimFit ---
best fit parameter values and profile-likelihood uncertainties: 
   r :    -1.614   -8.022/+7.958 (68%)
Set Range of Parameter r To : (-20,100)
Doing initial fit: 

 --- MultiDimFit ---
best fit parameter values and profile-likelihood uncertainties: 
   r :   -10.241   -7.347/+7.562 (68%)
Set Range of Parameter r To : (-20,100)
Doing initial fit: 

 --- MultiDimFit ---
best fit parameter values and profile-likelihood uncertainties: 
   r :    -5.832   -11.047/+9.156 (68%)
Set Range of Parameter r To : (-20,100)
Doing initial fit: 

 --- MultiDimFit ---
best fit parameter values and profile-likelihood uncertainties: 
   r :    -7.165   -9.290/+10.859 (68%)
Set Range of Parameter r To : (-20,100)
Doing initial fit: 

 --- MultiDimFit ---
best fit parameter values and profile-likelihood uncertainties: 
   r :    +0.174   -9.343/+9.380 (68%)
Set Range of Parameter r To : (-20,100)
Doing initial fit: 

 --- MultiDimFit ---
best fit parameter values and profile-likelihood uncertainties: 
   r :   -13.730   -6.270/+10.036 (68%)
Set Range of Parameter r To : (-20,100)
Doing initial fit: 

 --- MultiDimFit ---
best fit parameter values and profile-likelihood uncertainties: 
   r :    -0.963   -8.341/+7.694 (68%)
Set Range of Parameter r To : (-20,100)
Doing initial fit: 

 --- MultiDimFit ---
best fit parameter values and profile-likelihood uncertainties: 
   r :    +6.044   -8.258/+7.887 (68%)
Set Range of Parameter r To : (-20,100)
Doing initial fit: 

 --- MultiDimFit ---
best fit parameter values and profile-likelihood uncertainties: 
   r :   +12.847   -8.959/+8.131 (68%)
Set Range of Parameter r To : (-20,100)
Doing initial fit: 

 --- MultiDimFit ---
best fit parameter values and profile-likelihood uncertainties: 
   r :    +6.550   -9.540/+9.525 (68%)
Set Range of Parameter r To : (-20,100)
Doing initial fit: 

 --- MultiDimFit ---
best fit parameter values and profile-likelihood uncertainties: 
   r :   -17.087   -2.913/+7.633 (68%)
Set Range of Parameter r To : (-20,100)
Doing initial fit: 

 --- MultiDimFit ---
best fit parameter values and profile-likelihood uncertainties: 
   r :    +3.193   -7.821/+7.569 (68%)
Set Range of Parameter r To : (-20,100)
Doing initial fit: 

 --- MultiDimFit ---
best fit parameter values and profile-likelihood uncertainties: 
   r :   -10.105   -7.587/+7.981 (68%)
Set Range of Parameter r To : (-20,100)
Doing initial fit: 

 --- MultiDimFit ---
best fit parameter values and profile-likelihood uncertainties: 
   r :    -0.309   -9.070/+7.937 (68%)
Set Range of Parameter r To : (-20,100)
Doing initial fit: 

 --- MultiDimFit ---
best fit parameter values and profile-likelihood uncertainties: 
   r :    -7.500   -8.206/+7.769 (68%)
Set Range of Parameter r To : (-20,100)
Doing initial fit: 

 --- MultiDimFit ---
best fit parameter values and profile-likelihood uncertainties: 
   r :   +12.380   -9.406/+10.189 (68%)
Set Range of Parameter r To : (-20,100)
Doing initial fit: 

 --- MultiDimFit ---
best fit parameter values and profile-likelihood uncertainties: 
   r :    +6.132   -7.868/+7.882 (68%)
Set Range of Parameter r To : (-20,100)
Doing initial fit: 

 --- MultiDimFit ---
best fit parameter values and profile-likelihood uncertainties: 
   r :    +0.470   -6.641/+7.298 (68%)
Set Range of Parameter r To : (-20,100)
Doing initial fit: 

 --- MultiDimFit ---
best fit parameter values and profile-likelihood uncertainties: 
   r :    -3.161   -10.205/+9.878 (68%)
Set Range of Parameter r To : (-20,100)
Doing initial fit: 

 --- MultiDimFit ---
best fit parameter values and profile-likelihood uncertainties: 
   r :    -6.268   -9.020/+7.162 (68%)
Set Range of Parameter r To : (-20,100)
Doing initial fit: 

 --- MultiDimFit ---
best fit parameter values and profile-likelihood uncertainties: 
   r :   +12.601   -7.634/+8.100 (68%)
Set Range of Parameter r To : (-20,100)
Doing initial fit: 

 --- MultiDimFit ---
best fit parameter values and profile-likelihood uncertainties: 
   r :    -3.785   -7.011/+7.819 (68%)
Set Range of Parameter r To : (-20,100)
Doing initial fit: 

 --- MultiDimFit ---
best fit parameter values and profile-likelihood uncertainties: 
   r :    +0.389   -7.456/+8.008 (68%)
Set Range of Parameter r To : (-20,100)
Doing initial fit: 

 --- MultiDimFit ---
best fit parameter values and profile-likelihood uncertainties: 
   r :    -0.885   -9.941/+10.154 (68%)
Set Range of Parameter r To : (-20,100)
Doing initial fit: 

 --- MultiDimFit ---
best fit parameter values and profile-likelihood uncertainties: 
   r :    +1.979   -6.368/+7.996 (68%)
Set Range of Parameter r To : (-20,100)
Doing initial fit: 

 --- MultiDimFit ---
best fit parameter values and profile-likelihood uncertainties: 
   r :   -14.186   -5.814/+9.338 (68%)
Set Range of Parameter r To : (-20,100)
Doing initial fit: 

 --- MultiDimFit ---
best fit parameter values and profile-likelihood uncertainties: 
   r :   -11.450   -8.528/+7.600 (68%)
Set Range of Parameter r To : (-20,100)
Doing initial fit: 

 --- MultiDimFit ---
best fit parameter values and profile-likelihood uncertainties: 
   r :    +6.978   -9.339/+10.405 (68%)
Set Range of Parameter r To : (-20,100)
Doing initial fit: 

 --- MultiDimFit ---
best fit parameter values and profile-likelihood uncertainties: 
   r :    +5.774   -9.335/+8.471 (68%)
Set Range of Parameter r To : (-20,100)
Doing initial fit: 

 --- MultiDimFit ---
best fit parameter values and profile-likelihood uncertainties: 
   r :   +15.389   -8.424/+7.655 (68%)
Set Range of Parameter r To : (-20,100)
Doing initial fit: 

 --- MultiDimFit ---
best fit parameter values and profile-likelihood uncertainties: 
   r :    -3.959   -9.236/+10.227 (68%)
Set Range of Parameter r To : (-20,100)
Doing initial fit: 

 --- MultiDimFit ---
best fit parameter values and profile-likelihood uncertainties: 
   r :    -3.988   -9.119/+7.362 (68%)
Set Range of Parameter r To : (-20,100)
Doing initial fit: 

 --- MultiDimFit ---
best fit parameter values and profile-likelihood uncertainties: 
   r :    +6.069   -6.814/+6.803 (68%)
Set Range of Parameter r To : (-20,100)
Doing initial fit: 

 --- MultiDimFit ---
best fit parameter values and profile-likelihood uncertainties: 
   r :    +3.881   -10.731/+7.458 (68%)
Set Range of Parameter r To : (-20,100)
Doing initial fit: 

 --- MultiDimFit ---
best fit parameter values and profile-likelihood uncertainties: 
   r :    -8.973   -9.513/+8.361 (68%)
Set Range of Parameter r To : (-20,100)
Doing initial fit: 

 --- MultiDimFit ---
best fit parameter values and profile-likelihood uncertainties: 
   r :    -9.892   -10.108/+7.765 (68%)
Set Range of Parameter r To : (-20,100)
Doing initial fit: 

 --- MultiDimFit ---
best fit parameter values and profile-likelihood uncertainties: 
   r :    +5.241   -8.482/+7.940 (68%)
Set Range of Parameter r To : (-20,100)
Doing initial fit: 

 --- MultiDimFit ---
best fit parameter values and profile-likelihood uncertainties: 
   r :    +6.698   -9.452/+8.795 (68%)
Set Range of Parameter r To : (-20,100)
Doing initial fit: 

 --- MultiDimFit ---
best fit parameter values and profile-likelihood uncertainties: 
   r :    +6.364   -9.592/+9.842 (68%)
Set Range of Parameter r To : (-20,100)
Doing initial fit: 

 --- MultiDimFit ---
best fit parameter values and profile-likelihood uncertainties: 
   r :    -8.033   -7.941/+7.806 (68%)
Set Range of Parameter r To : (-20,100)
Doing initial fit: 

 --- MultiDimFit ---
best fit parameter values and profile-likelihood uncertainties: 
   r :    +2.574   -9.276/+10.971 (68%)
Set Range of Parameter r To : (-20,100)
Doing initial fit: 

 --- MultiDimFit ---
best fit parameter values and profile-likelihood uncertainties: 
   r :    +1.142   -7.227/+6.767 (68%)
Set Range of Parameter r To : (-20,100)
Doing initial fit: 

 --- MultiDimFit ---
best fit parameter values and profile-likelihood uncertainties: 
   r :    +4.287   -8.197/+7.681 (68%)
Set Range of Parameter r To : (-20,100)
Doing initial fit: 

 --- MultiDimFit ---
best fit parameter values and profile-likelihood uncertainties: 
   r :   +10.671   -7.322/+7.433 (68%)
Set Range of Parameter r To : (-20,100)
Doing initial fit: 

 --- MultiDimFit ---
best fit parameter values and profile-likelihood uncertainties: 
   r :    +7.912   -8.369/+7.023 (68%)
Set Range of Parameter r To : (-20,100)
Doing initial fit: 

 --- MultiDimFit ---
best fit parameter values and profile-likelihood uncertainties: 
   r :    +3.846   -7.977/+6.985 (68%)
Set Range of Parameter r To : (-20,100)
Doing initial fit: 

 --- MultiDimFit ---
best fit parameter values and profile-likelihood uncertainties: 
   r :    +3.334   -7.441/+7.954 (68%)
Set Range of Parameter r To : (-20,100)
Doing initial fit: 

 --- MultiDimFit ---
best fit parameter values and profile-likelihood uncertainties: 
   r :    -6.457   -7.985/+7.957 (68%)
Set Range of Parameter r To : (-20,100)
Doing initial fit: 

 --- MultiDimFit ---
best fit parameter values and profile-likelihood uncertainties: 
   r :    -0.384   -9.568/+9.265 (68%)
Set Range of Parameter r To : (-20,100)
Doing initial fit: 

 --- MultiDimFit ---
best fit parameter values and profile-likelihood uncertainties: 
   r :    +9.189   -9.358/+8.438 (68%)
Set Range of Parameter r To : (-20,100)
Doing initial fit: 

 --- MultiDimFit ---
best fit parameter values and profile-likelihood uncertainties: 
   r :   +12.881   -7.021/+7.439 (68%)
Set Range of Parameter r To : (-20,100)
Doing initial fit: 

 --- MultiDimFit ---
best fit parameter values and profile-likelihood uncertainties: 
   r :    +2.712   -9.078/+8.198 (68%)
Set Range of Parameter r To : (-20,100)
Doing initial fit: 

 --- MultiDimFit ---
best fit parameter values and profile-likelihood uncertainties: 
   r :    +3.577   -8.208/+7.144 (68%)
Set Range of Parameter r To : (-20,100)
Doing initial fit: 

 --- MultiDimFit ---
best fit parameter values and profile-likelihood uncertainties: 
   r :    -1.179   -9.368/+8.121 (68%)
Set Range of Parameter r To : (-20,100)
Doing initial fit: 

 --- MultiDimFit ---
best fit parameter values and profile-likelihood uncertainties: 
   r :    +8.774   -10.463/+9.750 (68%)
Set Range of Parameter r To : (-20,100)
Doing initial fit: 

 --- MultiDimFit ---
best fit parameter values and profile-likelihood uncertainties: 
   r :   +11.680   -9.294/+8.198 (68%)
Set Range of Parameter r To : (-20,100)
Doing initial fit: 

 --- MultiDimFit ---
best fit parameter values and profile-likelihood uncertainties: 
   r :   -14.306   -5.694/+9.059 (68%)
Set Range of Parameter r To : (-20,100)
Doing initial fit: 

 --- MultiDimFit ---
best fit parameter values and profile-likelihood uncertainties: 
   r :    -0.705   -6.889/+7.720 (68%)
Set Range of Parameter r To : (-20,100)
Doing initial fit: 

 --- MultiDimFit ---
best fit parameter values and profile-likelihood uncertainties: 
   r :   +13.722   -9.460/+8.946 (68%)
Set Range of Parameter r To : (-20,100)
Doing initial fit: 

 --- MultiDimFit ---
best fit parameter values and profile-likelihood uncertainties: 
   r :    +5.363   -8.821/+7.862 (68%)
Set Range of Parameter r To : (-20,100)
Doing initial fit: 

 --- MultiDimFit ---
best fit parameter values and profile-likelihood uncertainties: 
   r :    +2.474   -10.368/+9.584 (68%)
Set Range of Parameter r To : (-20,100)
Doing initial fit: 

 --- MultiDimFit ---
best fit parameter values and profile-likelihood uncertainties: 
   r :    +0.075   -9.038/+7.454 (68%)
Set Range of Parameter r To : (-20,100)
Doing initial fit: 

 --- MultiDimFit ---
best fit parameter values and profile-likelihood uncertainties: 
   r :    -5.481   -11.128/+8.187 (68%)
Set Range of Parameter r To : (-20,100)
Doing initial fit: 

 --- MultiDimFit ---
best fit parameter values and profile-likelihood uncertainties: 
   r :    -9.829   -10.171/+9.552 (68%)
Set Range of Parameter r To : (-20,100)
Doing initial fit: 

 --- MultiDimFit ---
best fit parameter values and profile-likelihood uncertainties: 
   r :    -2.377   -7.426/+7.833 (68%)
Set Range of Parameter r To : (-20,100)
Doing initial fit: 

 --- MultiDimFit ---
best fit parameter values and profile-likelihood uncertainties: 
   r :    +1.519   -9.982/+11.065 (68%)
Set Range of Parameter r To : (-20,100)
Doing initial fit: 

 --- MultiDimFit ---
best fit parameter values and profile-likelihood uncertainties: 
   r :   -11.111   -8.889/+7.803 (68%)
Set Range of Parameter r To : (-20,100)
Doing initial fit: 

 --- MultiDimFit ---
best fit parameter values and profile-likelihood uncertainties: 
   r :    +4.923   -7.178/+7.884 (68%)
Set Range of Parameter r To : (-20,100)
Doing initial fit: 

 --- MultiDimFit ---
best fit parameter values and profile-likelihood uncertainties: 
   r :    +2.328   -8.909/+8.057 (68%)
Set Range of Parameter r To : (-20,100)
Doing initial fit: 

 --- MultiDimFit ---
best fit parameter values and profile-likelihood uncertainties: 
   r :   +18.523   -9.249/+9.300 (68%)
Set Range of Parameter r To : (-20,100)
Doing initial fit: 

 --- MultiDimFit ---
best fit parameter values and profile-likelihood uncertainties: 
   r :    -9.453   -9.625/+10.043 (68%)
Set Range of Parameter r To : (-20,100)
Doing initial fit: 

 --- MultiDimFit ---
best fit parameter values and profile-likelihood uncertainties: 
   r :    -3.581   -9.146/+7.857 (68%)
Set Range of Parameter r To : (-20,100)
Doing initial fit: 

 --- MultiDimFit ---
best fit parameter values and profile-likelihood uncertainties: 
   r :   +11.603   -8.131/+7.848 (68%)
Set Range of Parameter r To : (-20,100)
Doing initial fit: 

 --- MultiDimFit ---
best fit parameter values and profile-likelihood uncertainties: 
   r :   -12.063   -7.937/+11.051 (68%)
Set Range of Parameter r To : (-20,100)
Doing initial fit: 

 --- MultiDimFit ---
best fit parameter values and profile-likelihood uncertainties: 
   r :   -13.867   -6.133/+10.031 (68%)
Set Range of Parameter r To : (-20,100)
Doing initial fit: 

 --- MultiDimFit ---
best fit parameter values and profile-likelihood uncertainties: 
   r :    -0.089   -9.197/+8.950 (68%)
Set Range of Parameter r To : (-20,100)
Doing initial fit: 

 --- MultiDimFit ---
best fit parameter values and profile-likelihood uncertainties: 
   r :    -8.311   -7.769/+7.268 (68%)
Set Range of Parameter r To : (-20,100)
Doing initial fit: 

 

 ---------------------------

 WARNING: MultiDimFit failed

 ---------------------------

 
Set Range of Parameter r To : (-20,100)
Doing initial fit: 

 --- MultiDimFit ---
best fit parameter values and profile-likelihood uncertainties: 
   r :    +1.242   -9.202/+7.780 (68%)
Set Range of Parameter r To : (-20,100)
Doing initial fit: 

 --- MultiDimFit ---
best fit parameter values and profile-likelihood uncertainties: 
   r :    -0.397   -6.654/+7.712 (68%)
Set Range of Parameter r To : (-20,100)
Doing initial fit: 

 --- MultiDimFit ---
best fit parameter values and profile-likelihood uncertainties: 
   r :    -3.376   -9.393/+9.440 (68%)
Set Range of Parameter r To : (-20,100)
Doing initial fit: 

 --- MultiDimFit ---
best fit parameter values and profile-likelihood uncertainties: 
   r :    -5.750   -8.921/+8.107 (68%)
Set Range of Parameter r To : (-20,100)
Doing initial fit: 

 --- MultiDimFit ---
best fit parameter values and profile-likelihood uncertainties: 
   r :    -4.968   -9.339/+9.050 (68%)
Set Range of Parameter r To : (-20,100)
Doing initial fit: 

 --- MultiDimFit ---
best fit parameter values and profile-likelihood uncertainties: 
   r :    +8.006   -9.628/+11.120 (68%)
Set Range of Parameter r To : (-20,100)
Doing initial fit: 

 --- MultiDimFit ---
best fit parameter values and profile-likelihood uncertainties: 
   r :    +2.113   -8.785/+7.813 (68%)
Set Range of Parameter r To : (-20,100)
Doing initial fit: 

 --- MultiDimFit ---
best fit parameter values and profile-likelihood uncertainties: 
   r :    -1.648   -9.146/+8.197 (68%)
Set Range of Parameter r To : (-20,100)
Doing initial fit: 

 --- MultiDimFit ---
best fit parameter values and profile-likelihood uncertainties: 
   r :    +4.811   -9.524/+9.222 (68%)
Set Range of Parameter r To : (-20,100)
Doing initial fit: 

 --- MultiDimFit ---
best fit parameter values and profile-likelihood uncertainties: 
   r :   -14.932   -5.068/+9.108 (68%)
Set Range of Parameter r To : (-20,100)
Doing initial fit: 

 --- MultiDimFit ---
best fit parameter values and profile-likelihood uncertainties: 
   r :    -7.953   -9.362/+10.018 (68%)
Set Range of Parameter r To : (-20,100)
Doing initial fit: 

 --- MultiDimFit ---
best fit parameter values and profile-likelihood uncertainties: 
   r :    +0.344   -9.369/+10.414 (68%)
Set Range of Parameter r To : (-20,100)
Doing initial fit: 

 --- MultiDimFit ---
best fit parameter values and profile-likelihood uncertainties: 
   r :    +7.004   -9.749/+9.362 (68%)
Set Range of Parameter r To : (-20,100)
Doing initial fit: 

 --- MultiDimFit ---
best fit parameter values and profile-likelihood uncertainties: 
   r :    +4.159   -10.464/+9.329 (68%)
Set Range of Parameter r To : (-20,100)
Doing initial fit: 

 

 ---------------------------

 WARNING: MultiDimFit failed

 ---------------------------

 
Set Range of Parameter r To : (-20,100)
Doing initial fit: 

 --- MultiDimFit ---
best fit parameter values and profile-likelihood uncertainties: 
   r :    +0.957   -9.340/+8.917 (68%)
Set Range of Parameter r To : (-20,100)
Doing initial fit: 

 --- MultiDimFit ---
best fit parameter values and profile-likelihood uncertainties: 
   r :    +1.253   -9.432/+9.388 (68%)
Set Range of Parameter r To : (-20,100)
Doing initial fit: 

 --- MultiDimFit ---
best fit parameter values and profile-likelihood uncertainties: 
   r :   -11.442   -8.373/+7.828 (68%)
Set Range of Parameter r To : (-20,100)
Doing initial fit: 

 --- MultiDimFit ---
best fit parameter values and profile-likelihood uncertainties: 
   r :   +13.247   -9.567/+10.376 (68%)
Set Range of Parameter r To : (-20,100)
Doing initial fit: 

 --- MultiDimFit ---
best fit parameter values and profile-likelihood uncertainties: 
   r :    -8.116   -10.108/+9.649 (68%)
Set Range of Parameter r To : (-20,100)
Doing initial fit: 

 --- MultiDimFit ---
best fit parameter values and profile-likelihood uncertainties: 
   r :   +12.693   -8.796/+7.140 (68%)
Set Range of Parameter r To : (-20,100)
Doing initial fit: 

 --- MultiDimFit ---
best fit parameter values and profile-likelihood uncertainties: 
   r :    +0.071   -9.270/+9.764 (68%)
Set Range of Parameter r To : (-20,100)
Doing initial fit: 

 --- MultiDimFit ---
best fit parameter values and profile-likelihood uncertainties: 
   r :   +21.135   -9.880/+9.959 (68%)
Set Range of Parameter r To : (-20,100)
Doing initial fit: 

 --- MultiDimFit ---
best fit parameter values and profile-likelihood uncertainties: 
   r :    -7.680   -7.982/+7.791 (68%)
Set Range of Parameter r To : (-20,100)
Doing initial fit: 

 --- MultiDimFit ---
best fit parameter values and profile-likelihood uncertainties: 
   r :    -8.770   -8.897/+8.114 (68%)
Set Range of Parameter r To : (-20,100)
Doing initial fit: 

 --- MultiDimFit ---
best fit parameter values and profile-likelihood uncertainties: 
   r :    -0.203   -9.864/+8.130 (68%)
Set Range of Parameter r To : (-20,100)
Doing initial fit: 

 --- MultiDimFit ---
best fit parameter values and profile-likelihood uncertainties: 
   r :   +12.849   -9.278/+9.508 (68%)
Set Range of Parameter r To : (-20,100)
Doing initial fit: 

 --- MultiDimFit ---
best fit parameter values and profile-likelihood uncertainties: 
   r :    -5.846   -9.553/+9.761 (68%)
Set Range of Parameter r To : (-20,100)
Doing initial fit: 

 --- MultiDimFit ---
best fit parameter values and profile-likelihood uncertainties: 
   r :    -2.354   -9.810/+10.246 (68%)
Set Range of Parameter r To : (-20,100)
Doing initial fit: 

 --- MultiDimFit ---
best fit parameter values and profile-likelihood uncertainties: 
   r :    -6.940   -10.188/+9.599 (68%)
Set Range of Parameter r To : (-20,100)
Doing initial fit: 

 --- MultiDimFit ---
best fit parameter values and profile-likelihood uncertainties: 
   r :    -4.041   -9.349/+8.191 (68%)
Set Range of Parameter r To : (-20,100)
Doing initial fit: 

 --- MultiDimFit ---
best fit parameter values and profile-likelihood uncertainties: 
   r :    -6.478   -9.277/+8.762 (68%)
Set Range of Parameter r To : (-20,100)
Doing initial fit: 

 --- MultiDimFit ---
best fit parameter values and profile-likelihood uncertainties: 
   r :    -1.741   -7.512/+7.984 (68%)
Set Range of Parameter r To : (-20,100)
Doing initial fit: 

 --- MultiDimFit ---
best fit parameter values and profile-likelihood uncertainties: 
   r :   -12.014   -7.986/+7.739 (68%)
Set Range of Parameter r To : (-20,100)
Doing initial fit: 

 --- MultiDimFit ---
best fit parameter values and profile-likelihood uncertainties: 
   r :    -0.669   -8.481/+7.747 (68%)
Set Range of Parameter r To : (-20,100)
Doing initial fit: 

 --- MultiDimFit ---
best fit parameter values and profile-likelihood uncertainties: 
   r :    +3.627   -9.650/+9.599 (68%)
Set Range of Parameter r To : (-20,100)
Doing initial fit: 

 --- MultiDimFit ---
best fit parameter values and profile-likelihood uncertainties: 
   r :    -0.589   -8.005/+7.494 (68%)
Set Range of Parameter r To : (-20,100)
Doing initial fit: 

 --- MultiDimFit ---
best fit parameter values and profile-likelihood uncertainties: 
   r :    -4.360   -10.418/+9.437 (68%)
Set Range of Parameter r To : (-20,100)
Doing initial fit: 

 --- MultiDimFit ---
best fit parameter values and profile-likelihood uncertainties: 
   r :    -9.301   -6.771/+7.144 (68%)
Set Range of Parameter r To : (-20,100)
Doing initial fit: 

 --- MultiDimFit ---
best fit parameter values and profile-likelihood uncertainties: 
   r :    -6.644   -9.365/+10.279 (68%)
Set Range of Parameter r To : (-20,100)
Doing initial fit: 

 --- MultiDimFit ---
best fit parameter values and profile-likelihood uncertainties: 
   r :   +10.793   -9.403/+9.792 (68%)
Set Range of Parameter r To : (-20,100)
Doing initial fit: 

 --- MultiDimFit ---
best fit parameter values and profile-likelihood uncertainties: 
   r :    +3.343   -8.802/+7.411 (68%)
Set Range of Parameter r To : (-20,100)
Doing initial fit: 

 --- MultiDimFit ---
best fit parameter values and profile-likelihood uncertainties: 
   r :   +11.583   -10.248/+9.709 (68%)
Set Range of Parameter r To : (-20,100)
Doing initial fit: 

 --- MultiDimFit ---
best fit parameter values and profile-likelihood uncertainties: 
   r :    +4.755   -9.312/+10.014 (68%)
Set Range of Parameter r To : (-20,100)
Doing initial fit: 

 --- MultiDimFit ---
best fit parameter values and profile-likelihood uncertainties: 
   r :    +7.212   -7.998/+7.432 (68%)
Set Range of Parameter r To : (-20,100)
Doing initial fit: 

 --- MultiDimFit ---
best fit parameter values and profile-likelihood uncertainties: 
   r :   -17.350   -2.650/+10.340 (68%)
Set Range of Parameter r To : (-20,100)
Doing initial fit: 

 --- MultiDimFit ---
best fit parameter values and profile-likelihood uncertainties: 
   r :    -0.017   -9.438/+8.464 (68%)
Set Range of Parameter r To : (-20,100)
Doing initial fit: 

 --- MultiDimFit ---
best fit parameter values and profile-likelihood uncertainties: 
   r :    -9.634   -10.026/+9.780 (68%)
Set Range of Parameter r To : (-20,100)
Doing initial fit: 

 --- MultiDimFit ---
best fit parameter values and profile-likelihood uncertainties: 
   r :    +8.524   -9.582/+12.692 (68%)
Set Range of Parameter r To : (-20,100)
Doing initial fit: 

 --- MultiDimFit ---
best fit parameter values and profile-likelihood uncertainties: 
   r :    -9.061   -10.125/+9.547 (68%)
Set Range of Parameter r To : (-20,100)
Doing initial fit: 

 --- MultiDimFit ---
best fit parameter values and profile-likelihood uncertainties: 
   r :    +5.273   -9.127/+9.396 (68%)
Set Range of Parameter r To : (-20,100)
Doing initial fit: 

 --- MultiDimFit ---
best fit parameter values and profile-likelihood uncertainties: 
   r :   +16.184   -7.744/+7.729 (68%)
Set Range of Parameter r To : (-20,100)
Doing initial fit: 

 --- MultiDimFit ---
best fit parameter values and profile-likelihood uncertainties: 
   r :   -17.669   -2.331/+7.680 (68%)
Set Range of Parameter r To : (-20,100)
Doing initial fit: 

 --- MultiDimFit ---
best fit parameter values and profile-likelihood uncertainties: 
   r :    -8.728   -9.577/+10.067 (68%)
Set Range of Parameter r To : (-20,100)
Doing initial fit: 

 --- MultiDimFit ---
best fit parameter values and profile-likelihood uncertainties: 
   r :    -1.260   -9.466/+8.536 (68%)
Set Range of Parameter r To : (-20,100)
Doing initial fit: 

 --- MultiDimFit ---
best fit parameter values and profile-likelihood uncertainties: 
   r :    +5.115   -9.606/+9.030 (68%)
Set Range of Parameter r To : (-20,100)
Doing initial fit: 

 --- MultiDimFit ---
best fit parameter values and profile-likelihood uncertainties: 
   r :    +7.779   -9.112/+11.685 (68%)
Set Range of Parameter r To : (-20,100)
Doing initial fit: 

 --- MultiDimFit ---
best fit parameter values and profile-likelihood uncertainties: 
   r :    +3.434   -10.443/+8.064 (68%)
Set Range of Parameter r To : (-20,100)
Doing initial fit: 

 --- MultiDimFit ---
best fit parameter values and profile-likelihood uncertainties: 
   r :    +0.161   -8.198/+7.793 (68%)
Set Range of Parameter r To : (-20,100)
Doing initial fit: 

 

 ---------------------------

 WARNING: MultiDimFit failed

 ---------------------------

 
Set Range of Parameter r To : (-20,100)
Doing initial fit: 

 --- MultiDimFit ---
best fit parameter values and profile-likelihood uncertainties: 
   r :    +9.655   -9.779/+9.088 (68%)
Set Range of Parameter r To : (-20,100)
Doing initial fit: 

 --- MultiDimFit ---
best fit parameter values and profile-likelihood uncertainties: 
   r :   +14.978   -9.272/+9.547 (68%)
Set Range of Parameter r To : (-20,100)
Doing initial fit: 

 --- MultiDimFit ---
best fit parameter values and profile-likelihood uncertainties: 
   r :    -7.694   -9.375/+7.968 (68%)
Set Range of Parameter r To : (-20,100)
Doing initial fit: 

 --- MultiDimFit ---
best fit parameter values and profile-likelihood uncertainties: 
   r :    -1.226   -9.528/+10.126 (68%)
Set Range of Parameter r To : (-20,100)
Doing initial fit: 

 --- MultiDimFit ---
best fit parameter values and profile-likelihood uncertainties: 
   r :   -16.564   -3.436/+9.614 (68%)
Set Range of Parameter r To : (-20,100)
Doing initial fit: 

 --- MultiDimFit ---
best fit parameter values and profile-likelihood uncertainties: 
   r :    +2.783   -8.384/+7.898 (68%)
Set Range of Parameter r To : (-20,100)
Doing initial fit: 

 --- MultiDimFit ---
best fit parameter values and profile-likelihood uncertainties: 
   r :    +0.543   -6.970/+7.775 (68%)
Set Range of Parameter r To : (-20,100)
Doing initial fit: 

 --- MultiDimFit ---
best fit parameter values and profile-likelihood uncertainties: 
   r :    -8.587   -7.879/+7.642 (68%)
Set Range of Parameter r To : (-20,100)
Doing initial fit: 

 --- MultiDimFit ---
best fit parameter values and profile-likelihood uncertainties: 
   r :    -0.484   -9.596/+10.665 (68%)
Set Range of Parameter r To : (-20,100)
Doing initial fit: 

 --- MultiDimFit ---
best fit parameter values and profile-likelihood uncertainties: 
   r :    +7.311   -9.306/+7.945 (68%)
Set Range of Parameter r To : (-20,100)
Doing initial fit: 

 --- MultiDimFit ---
best fit parameter values and profile-likelihood uncertainties: 
   r :    -7.796   -8.967/+8.552 (68%)
Set Range of Parameter r To : (-20,100)
Doing initial fit: 

 --- MultiDimFit ---
best fit parameter values and profile-likelihood uncertainties: 
   r :    -6.088   -9.190/+9.128 (68%)
Set Range of Parameter r To : (-20,100)
Doing initial fit: 

 --- MultiDimFit ---
best fit parameter values and profile-likelihood uncertainties: 
   r :    +8.735   -10.308/+7.691 (68%)
Set Range of Parameter r To : (-20,100)
Doing initial fit: 

 --- MultiDimFit ---
best fit parameter values and profile-likelihood uncertainties: 
   r :    -5.303   -9.190/+9.360 (68%)
Set Range of Parameter r To : (-20,100)
Doing initial fit: 

 --- MultiDimFit ---
best fit parameter values and profile-likelihood uncertainties: 
   r :    +8.577   -9.776/+11.565 (68%)
Set Range of Parameter r To : (-20,100)
Doing initial fit: 

 --- MultiDimFit ---
best fit parameter values and profile-likelihood uncertainties: 
   r :    +4.051   -9.689/+10.890 (68%)
Set Range of Parameter r To : (-20,100)
Doing initial fit: 

 --- MultiDimFit ---
best fit parameter values and profile-likelihood uncertainties: 
   r :    +7.116   -9.523/+8.642 (68%)
Set Range of Parameter r To : (-20,100)
Doing initial fit: 

 --- MultiDimFit ---
best fit parameter values and profile-likelihood uncertainties: 
   r :    +2.487   -9.367/+9.049 (68%)
Set Range of Parameter r To : (-20,100)
Doing initial fit: 

 --- MultiDimFit ---
best fit parameter values and profile-likelihood uncertainties: 
   r :    +1.535   -9.586/+9.287 (68%)
Set Range of Parameter r To : (-20,100)
Doing initial fit: 

 --- MultiDimFit ---
best fit parameter values and profile-likelihood uncertainties: 
   r :   +12.183   -8.593/+7.563 (68%)
Set Range of Parameter r To : (-20,100)
Doing initial fit: 

 --- MultiDimFit ---
best fit parameter values and profile-likelihood uncertainties: 
   r :    -8.483   -11.517/+7.457 (68%)
Set Range of Parameter r To : (-20,100)
Doing initial fit: 

 --- MultiDimFit ---
best fit parameter values and profile-likelihood uncertainties: 
   r :    -1.230   -9.150/+8.753 (68%)
Set Range of Parameter r To : (-20,100)
Doing initial fit: 

 

 ---------------------------

 WARNING: MultiDimFit failed

 ---------------------------

 
Set Range of Parameter r To : (-20,100)
Doing initial fit: 

 --- MultiDimFit ---
best fit parameter values and profile-likelihood uncertainties: 
   r :    +5.242   -9.152/+8.640 (68%)
Set Range of Parameter r To : (-20,100)
Doing initial fit: 

 --- MultiDimFit ---
best fit parameter values and profile-likelihood uncertainties: 
   r :    +3.079   -11.029/+9.140 (68%)
Set Range of Parameter r To : (-20,100)
Doing initial fit: 

 --- MultiDimFit ---
best fit parameter values and profile-likelihood uncertainties: 
   r :    +3.426   -8.955/+8.277 (68%)
Set Range of Parameter r To : (-20,100)
Doing initial fit: 

 --- MultiDimFit ---
best fit parameter values and profile-likelihood uncertainties: 
   r :    +2.773   -7.531/+7.919 (68%)
Set Range of Parameter r To : (-20,100)
Doing initial fit: 

 --- MultiDimFit ---
best fit parameter values and profile-likelihood uncertainties: 
   r :    -1.801   -9.400/+8.203 (68%)
Set Range of Parameter r To : (-20,100)
Doing initial fit: 

 --- MultiDimFit ---
best fit parameter values and profile-likelihood uncertainties: 
   r :    -6.445   -9.487/+8.780 (68%)
Set Range of Parameter r To : (-20,100)
Doing initial fit: 

 --- MultiDimFit ---
best fit parameter values and profile-likelihood uncertainties: 
   r :    +0.622   -10.404/+11.855 (68%)
Set Range of Parameter r To : (-20,100)
Doing initial fit: 

 --- MultiDimFit ---
best fit parameter values and profile-likelihood uncertainties: 
   r :    +3.666   -8.942/+8.111 (68%)
Set Range of Parameter r To : (-20,100)
Doing initial fit: 

 --- MultiDimFit ---
best fit parameter values and profile-likelihood uncertainties: 
 Warning - No valid low-error found, will report difference to minimum of range for : r
   r :   -19.996   -0.004/+7.490 (68%)
Set Range of Parameter r To : (-20,100)
Doing initial fit: 

 --- MultiDimFit ---
best fit parameter values and profile-likelihood uncertainties: 
   r :    +3.976   -10.019/+7.716 (68%)
Set Range of Parameter r To : (-20,100)
Doing initial fit: 

 --- MultiDimFit ---
best fit parameter values and profile-likelihood uncertainties: 
   r :    -5.145   -9.287/+8.259 (68%)
Set Range of Parameter r To : (-20,100)
Doing initial fit: 

 --- MultiDimFit ---
best fit parameter values and profile-likelihood uncertainties: 
   r :    +2.724   -9.458/+11.368 (68%)
Set Range of Parameter r To : (-20,100)
Doing initial fit: 

 --- MultiDimFit ---
best fit parameter values and profile-likelihood uncertainties: 
   r :    -4.650   -7.157/+7.164 (68%)
Set Range of Parameter r To : (-20,100)
Doing initial fit: 

 --- MultiDimFit ---
best fit parameter values and profile-likelihood uncertainties: 
   r :   -12.649   -7.351/+9.949 (68%)
Set Range of Parameter r To : (-20,100)
Doing initial fit: 

 --- MultiDimFit ---
best fit parameter values and profile-likelihood uncertainties: 
   r :   -13.244   -6.322/+7.647 (68%)
Set Range of Parameter r To : (-20,100)
Doing initial fit: 

 --- MultiDimFit ---
best fit parameter values and profile-likelihood uncertainties: 
   r :    -5.606   -8.360/+7.928 (68%)
Set Range of Parameter r To : (-20,100)
Doing initial fit: 

 --- MultiDimFit ---
best fit parameter values and profile-likelihood uncertainties: 
   r :    +2.108   -9.883/+10.201 (68%)
Set Range of Parameter r To : (-20,100)
Doing initial fit: 

 --- MultiDimFit ---
best fit parameter values and profile-likelihood uncertainties: 
   r :    +4.465   -9.483/+8.988 (68%)
Set Range of Parameter r To : (-20,100)
Doing initial fit: 

 --- MultiDimFit ---
best fit parameter values and profile-likelihood uncertainties: 
   r :   +10.737   -8.494/+7.413 (68%)
Set Range of Parameter r To : (-20,100)
Doing initial fit: 

 --- MultiDimFit ---
best fit parameter values and profile-likelihood uncertainties: 
   r :    -8.635   -6.407/+7.055 (68%)
Set Range of Parameter r To : (-20,100)
Doing initial fit: 

 --- MultiDimFit ---
best fit parameter values and profile-likelihood uncertainties: 
   r :   -13.979   -6.021/+9.964 (68%)
Set Range of Parameter r To : (-20,100)
Doing initial fit: 

 --- MultiDimFit ---
best fit parameter values and profile-likelihood uncertainties: 
   r :    +9.794   -9.317/+7.904 (68%)
Set Range of Parameter r To : (-20,100)
Doing initial fit: 

 --- MultiDimFit ---
best fit parameter values and profile-likelihood uncertainties: 
   r :    -2.452   -10.218/+7.959 (68%)
Set Range of Parameter r To : (-20,100)
Doing initial fit: 

 --- MultiDimFit ---
best fit parameter values and profile-likelihood uncertainties: 
   r :   +11.014   -9.719/+9.673 (68%)
Set Range of Parameter r To : (-20,100)
Doing initial fit: 

 --- MultiDimFit ---
best fit parameter values and profile-likelihood uncertainties: 
   r :    -4.147   -10.042/+10.163 (68%)
Set Range of Parameter r To : (-20,100)
Doing initial fit: 

 --- MultiDimFit ---
best fit parameter values and profile-likelihood uncertainties: 
   r :    +3.821   -8.336/+7.388 (68%)
Set Range of Parameter r To : (-20,100)
Doing initial fit: 

 --- MultiDimFit ---
best fit parameter values and profile-likelihood uncertainties: 
   r :   -14.208   -5.792/+7.594 (68%)
Set Range of Parameter r To : (-20,100)
Doing initial fit: 

 --- MultiDimFit ---
best fit parameter values and profile-likelihood uncertainties: 
   r :    -3.063   -9.997/+9.448 (68%)
Set Range of Parameter r To : (-20,100)
Doing initial fit: 

 --- MultiDimFit ---
best fit parameter values and profile-likelihood uncertainties: 
   r :    +0.952   -9.053/+8.264 (68%)
Set Range of Parameter r To : (-20,100)
Doing initial fit: 

 --- MultiDimFit ---
best fit parameter values and profile-likelihood uncertainties: 
   r :   -14.276   -5.724/+9.518 (68%)
Set Range of Parameter r To : (-20,100)
Doing initial fit: 

 --- MultiDimFit ---
best fit parameter values and profile-likelihood uncertainties: 
   r :    -0.088   -9.709/+9.391 (68%)
Set Range of Parameter r To : (-20,100)
Doing initial fit: 

 --- MultiDimFit ---
best fit parameter values and profile-likelihood uncertainties: 
   r :    +1.439   -8.790/+7.095 (68%)
Set Range of Parameter r To : (-20,100)
Doing initial fit: 

 --- MultiDimFit ---
best fit parameter values and profile-likelihood uncertainties: 
   r :    +3.595   -6.407/+7.972 (68%)
Set Range of Parameter r To : (-20,100)
Doing initial fit: 

 --- MultiDimFit ---
best fit parameter values and profile-likelihood uncertainties: 
   r :   +16.080   -8.242/+7.952 (68%)
Set Range of Parameter r To : (-20,100)
Doing initial fit: 

 --- MultiDimFit ---
best fit parameter values and profile-likelihood uncertainties: 
   r :    -5.124   -10.159/+10.100 (68%)
Set Range of Parameter r To : (-20,100)
Doing initial fit: 

 --- MultiDimFit ---
best fit parameter values and profile-likelihood uncertainties: 
   r :   -18.298   -1.702/+7.485 (68%)
Set Range of Parameter r To : (-20,100)
Doing initial fit: 

 --- MultiDimFit ---
best fit parameter values and profile-likelihood uncertainties: 
   r :   +11.728   -7.290/+7.146 (68%)
Set Range of Parameter r To : (-20,100)
Doing initial fit: 

 --- MultiDimFit ---
best fit parameter values and profile-likelihood uncertainties: 
   r :    -3.621   -9.452/+8.565 (68%)
Set Range of Parameter r To : (-20,100)
Doing initial fit: 

 --- MultiDimFit ---
best fit parameter values and profile-likelihood uncertainties: 
   r :    -2.150   -9.339/+9.359 (68%)
Set Range of Parameter r To : (-20,100)
Doing initial fit: 

 --- MultiDimFit ---
best fit parameter values and profile-likelihood uncertainties: 
   r :    +2.191   -9.433/+8.796 (68%)
Set Range of Parameter r To : (-20,100)
Doing initial fit: 

 --- MultiDimFit ---
best fit parameter values and profile-likelihood uncertainties: 
   r :   -10.986   -9.014/+9.284 (68%)
Set Range of Parameter r To : (-20,100)
Doing initial fit: 

 --- MultiDimFit ---
best fit parameter values and profile-likelihood uncertainties: 
   r :   -14.853   -5.147/+8.419 (68%)
Set Range of Parameter r To : (-20,100)
Doing initial fit: 

 --- MultiDimFit ---
best fit parameter values and profile-likelihood uncertainties: 
   r :    +2.674   -10.119/+10.050 (68%)
Set Range of Parameter r To : (-20,100)
Doing initial fit: 

 --- MultiDimFit ---
best fit parameter values and profile-likelihood uncertainties: 
   r :    +3.227   -8.683/+7.906 (68%)
Set Range of Parameter r To : (-20,100)
Doing initial fit: 

 --- MultiDimFit ---
best fit parameter values and profile-likelihood uncertainties: 
   r :   -10.355   -9.645/+9.770 (68%)
Set Range of Parameter r To : (-20,100)
Doing initial fit: 

 --- MultiDimFit ---
best fit parameter values and profile-likelihood uncertainties: 
   r :   -13.041   -6.959/+10.157 (68%)
Set Range of Parameter r To : (-20,100)
Doing initial fit: 

 --- MultiDimFit ---
best fit parameter values and profile-likelihood uncertainties: 
   r :    +1.901   -9.299/+8.135 (68%)
Set Range of Parameter r To : (-20,100)
Doing initial fit: 

 --- MultiDimFit ---
best fit parameter values and profile-likelihood uncertainties: 
   r :    +5.962   -7.821/+7.854 (68%)
Set Range of Parameter r To : (-20,100)
Doing initial fit: 

 --- MultiDimFit ---
best fit parameter values and profile-likelihood uncertainties: 
   r :    +5.749   -8.438/+7.822 (68%)
Set Range of Parameter r To : (-20,100)
Doing initial fit: 

 --- MultiDimFit ---
best fit parameter values and profile-likelihood uncertainties: 
   r :    -4.833   -9.393/+9.965 (68%)
Set Range of Parameter r To : (-20,100)
Doing initial fit: 

 --- MultiDimFit ---
best fit parameter values and profile-likelihood uncertainties: 
   r :    -8.369   -8.420/+7.933 (68%)
Set Range of Parameter r To : (-20,100)
Doing initial fit: 

 --- MultiDimFit ---
best fit parameter values and profile-likelihood uncertainties: 
   r :    +0.698   -9.742/+9.800 (68%)
Set Range of Parameter r To : (-20,100)
Doing initial fit: 

 --- MultiDimFit ---
best fit parameter values and profile-likelihood uncertainties: 
   r :   -11.635   -8.365/+9.308 (68%)
Set Range of Parameter r To : (-20,100)
Doing initial fit: 

 --- MultiDimFit ---
best fit parameter values and profile-likelihood uncertainties: 
   r :    +0.338   -8.984/+7.580 (68%)
Set Range of Parameter r To : (-20,100)
Doing initial fit: 

 --- MultiDimFit ---
best fit parameter values and profile-likelihood uncertainties: 
   r :    -1.915   -9.741/+7.809 (68%)
Set Range of Parameter r To : (-20,100)
Doing initial fit: 

 --- MultiDimFit ---
best fit parameter values and profile-likelihood uncertainties: 
   r :    +7.420   -7.780/+7.655 (68%)
Set Range of Parameter r To : (-20,100)
Doing initial fit: 

 --- MultiDimFit ---
best fit parameter values and profile-likelihood uncertainties: 
   r :    -3.767   -9.789/+7.734 (68%)
Set Range of Parameter r To : (-20,100)
Doing initial fit: 

 --- MultiDimFit ---
best fit parameter values and profile-likelihood uncertainties: 
   r :    +2.075   -9.134/+7.902 (68%)
Set Range of Parameter r To : (-20,100)
Doing initial fit: 

 --- MultiDimFit ---
best fit parameter values and profile-likelihood uncertainties: 
   r :   -13.345   -6.655/+7.687 (68%)
Set Range of Parameter r To : (-20,100)
Doing initial fit: 

 --- MultiDimFit ---
best fit parameter values and profile-likelihood uncertainties: 
   r :    -1.241   -7.155/+8.115 (68%)
Set Range of Parameter r To : (-20,100)
Doing initial fit: 

 --- MultiDimFit ---
best fit parameter values and profile-likelihood uncertainties: 
   r :    -1.284   -9.032/+8.044 (68%)
Set Range of Parameter r To : (-20,100)
Doing initial fit: 

 --- MultiDimFit ---
best fit parameter values and profile-likelihood uncertainties: 
   r :    +3.751   -10.521/+8.071 (68%)
Set Range of Parameter r To : (-20,100)
Doing initial fit: 

 --- MultiDimFit ---
best fit parameter values and profile-likelihood uncertainties: 
   r :    -3.093   -8.408/+7.880 (68%)
Set Range of Parameter r To : (-20,100)
Doing initial fit: 

 --- MultiDimFit ---
best fit parameter values and profile-likelihood uncertainties: 
   r :   +13.790   -8.589/+8.074 (68%)
Set Range of Parameter r To : (-20,100)
Doing initial fit: 

 --- MultiDimFit ---
best fit parameter values and profile-likelihood uncertainties: 
   r :    +1.003   -9.411/+9.355 (68%)
Set Range of Parameter r To : (-20,100)
Doing initial fit: 

 --- MultiDimFit ---
best fit parameter values and profile-likelihood uncertainties: 
   r :   +14.592   -10.123/+9.904 (68%)
Set Range of Parameter r To : (-20,100)
Doing initial fit: 

 --- MultiDimFit ---
best fit parameter values and profile-likelihood uncertainties: 
   r :   +12.137   -9.160/+8.700 (68%)
Set Range of Parameter r To : (-20,100)
Doing initial fit: 

 --- MultiDimFit ---
best fit parameter values and profile-likelihood uncertainties: 
   r :    +7.830   -9.430/+10.724 (68%)
Set Range of Parameter r To : (-20,100)
Doing initial fit: 

 --- MultiDimFit ---
best fit parameter values and profile-likelihood uncertainties: 
   r :    -7.091   -10.064/+9.712 (68%)
Set Range of Parameter r To : (-20,100)
Doing initial fit: 

 --- MultiDimFit ---
best fit parameter values and profile-likelihood uncertainties: 
   r :   -11.006   -8.994/+9.991 (68%)
Set Range of Parameter r To : (-20,100)
Doing initial fit: 

 --- MultiDimFit ---
best fit parameter values and profile-likelihood uncertainties: 
   r :    +3.440   -9.833/+9.668 (68%)
Set Range of Parameter r To : (-20,100)
Doing initial fit: 

 --- MultiDimFit ---
best fit parameter values and profile-likelihood uncertainties: 
   r :    +5.151   -9.922/+7.565 (68%)
Set Range of Parameter r To : (-20,100)
Doing initial fit: 

 --- MultiDimFit ---
best fit parameter values and profile-likelihood uncertainties: 
   r :   +12.372   -9.047/+7.641 (68%)
Set Range of Parameter r To : (-20,100)
Doing initial fit: 

 --- MultiDimFit ---
best fit parameter values and profile-likelihood uncertainties: 
   r :    +0.717   -7.563/+7.523 (68%)
Set Range of Parameter r To : (-20,100)
Doing initial fit: 

 --- MultiDimFit ---
best fit parameter values and profile-likelihood uncertainties: 
   r :    +3.148   -9.854/+10.540 (68%)
Set Range of Parameter r To : (-20,100)
Doing initial fit: 

 --- MultiDimFit ---
best fit parameter values and profile-likelihood uncertainties: 
   r :    -1.263   -7.844/+7.839 (68%)
Set Range of Parameter r To : (-20,100)
Doing initial fit: 

 --- MultiDimFit ---
best fit parameter values and profile-likelihood uncertainties: 
   r :    -2.978   -9.128/+11.032 (68%)
Set Range of Parameter r To : (-20,100)
Doing initial fit: 

 --- MultiDimFit ---
best fit parameter values and profile-likelihood uncertainties: 
   r :   +11.638   -9.730/+8.081 (68%)
Set Range of Parameter r To : (-20,100)
Doing initial fit: 

 --- MultiDimFit ---
best fit parameter values and profile-likelihood uncertainties: 
   r :    +6.578   -8.908/+7.607 (68%)
Set Range of Parameter r To : (-20,100)
Doing initial fit: 

 --- MultiDimFit ---
best fit parameter values and profile-likelihood uncertainties: 
   r :   +12.791   -8.111/+8.035 (68%)
Set Range of Parameter r To : (-20,100)
Doing initial fit: 

 --- MultiDimFit ---
best fit parameter values and profile-likelihood uncertainties: 
   r :    +6.269   -8.621/+7.915 (68%)
Set Range of Parameter r To : (-20,100)
Doing initial fit: 

 --- MultiDimFit ---
best fit parameter values and profile-likelihood uncertainties: 
   r :    +5.209   -9.352/+9.720 (68%)
Set Range of Parameter r To : (-20,100)
Doing initial fit: 

 --- MultiDimFit ---
best fit parameter values and profile-likelihood uncertainties: 
   r :    -6.303   -9.006/+9.219 (68%)
Set Range of Parameter r To : (-20,100)
Doing initial fit: 

 --- MultiDimFit ---
best fit parameter values and profile-likelihood uncertainties: 
   r :    -8.483   -9.411/+8.628 (68%)
Set Range of Parameter r To : (-20,100)
Doing initial fit: 

 --- MultiDimFit ---
best fit parameter values and profile-likelihood uncertainties: 
   r :    -6.389   -7.484/+7.687 (68%)
Set Range of Parameter r To : (-20,100)
Doing initial fit: 

 --- MultiDimFit ---
best fit parameter values and profile-likelihood uncertainties: 
   r :   +12.792   -9.474/+9.390 (68%)
Set Range of Parameter r To : (-20,100)
Doing initial fit: 

 --- MultiDimFit ---
best fit parameter values and profile-likelihood uncertainties: 
   r :   -11.381   -8.619/+9.437 (68%)
Set Range of Parameter r To : (-20,100)
Doing initial fit: 

 --- MultiDimFit ---
best fit parameter values and profile-likelihood uncertainties: 
   r :    -1.213   -9.635/+8.615 (68%)
Set Range of Parameter r To : (-20,100)
Doing initial fit: 

 --- MultiDimFit ---
best fit parameter values and profile-likelihood uncertainties: 
   r :    -4.112   -9.076/+8.297 (68%)
Set Range of Parameter r To : (-20,100)
Doing initial fit: 

 --- MultiDimFit ---
best fit parameter values and profile-likelihood uncertainties: 
   r :    -0.279   -8.331/+7.653 (68%)
Set Range of Parameter r To : (-20,100)
Doing initial fit: 

 --- MultiDimFit ---
best fit parameter values and profile-likelihood uncertainties: 
   r :    +4.136   -9.140/+8.671 (68%)
Set Range of Parameter r To : (-20,100)
Doing initial fit: 

 --- MultiDimFit ---
best fit parameter values and profile-likelihood uncertainties: 
   r :   -15.426   -4.574/+8.518 (68%)
Set Range of Parameter r To : (-20,100)
Doing initial fit: 

 --- MultiDimFit ---
best fit parameter values and profile-likelihood uncertainties: 
   r :    -0.888   -10.022/+11.176 (68%)
Set Range of Parameter r To : (-20,100)
Doing initial fit: 

 --- MultiDimFit ---
best fit parameter values and profile-likelihood uncertainties: 
   r :   -13.103   -6.897/+8.570 (68%)
Set Range of Parameter r To : (-20,100)
Doing initial fit: 

 --- MultiDimFit ---
best fit parameter values and profile-likelihood uncertainties: 
   r :   +11.244   -9.324/+10.067 (68%)
Set Range of Parameter r To : (-20,100)
Doing initial fit: 

 --- MultiDimFit ---
best fit parameter values and profile-likelihood uncertainties: 
   r :    -2.536   -9.406/+10.012 (68%)
Set Range of Parameter r To : (-20,100)
Doing initial fit: 

 --- MultiDimFit ---
best fit parameter values and profile-likelihood uncertainties: 
   r :    +4.020   -9.124/+8.786 (68%)
Set Range of Parameter r To : (-20,100)
Doing initial fit: 

 

 ---------------------------

 WARNING: MultiDimFit failed

 ---------------------------

 
Set Range of Parameter r To : (-20,100)
Doing initial fit: 

 --- MultiDimFit ---
best fit parameter values and profile-likelihood uncertainties: 
   r :    +7.000   -8.043/+7.616 (68%)
Set Range of Parameter r To : (-20,100)
Doing initial fit: 

 --- MultiDimFit ---
best fit parameter values and profile-likelihood uncertainties: 
   r :    -7.037   -6.746/+7.722 (68%)
Set Range of Parameter r To : (-20,100)
Doing initial fit: 

 --- MultiDimFit ---
best fit parameter values and profile-likelihood uncertainties: 
   r :    +6.213   -8.858/+8.043 (68%)
Set Range of Parameter r To : (-20,100)
Doing initial fit: 

 --- MultiDimFit ---
best fit parameter values and profile-likelihood uncertainties: 
   r :    -3.509   -9.703/+9.270 (68%)
Set Range of Parameter r To : (-20,100)
Doing initial fit: 

 --- MultiDimFit ---
best fit parameter values and profile-likelihood uncertainties: 
   r :    -4.227   -7.943/+7.469 (68%)
Set Range of Parameter r To : (-20,100)
Doing initial fit: 

 --- MultiDimFit ---
best fit parameter values and profile-likelihood uncertainties: 
   r :    -0.311   -9.007/+8.089 (68%)
Set Range of Parameter r To : (-20,100)
Doing initial fit: 

 --- MultiDimFit ---
best fit parameter values and profile-likelihood uncertainties: 
   r :    +0.932   -8.599/+7.256 (68%)
Set Range of Parameter r To : (-20,100)
Doing initial fit: 

 --- MultiDimFit ---
best fit parameter values and profile-likelihood uncertainties: 
   r :    +2.954   -9.039/+8.202 (68%)
Set Range of Parameter r To : (-20,100)
Doing initial fit: 

 --- MultiDimFit ---
best fit parameter values and profile-likelihood uncertainties: 
   r :    +7.366   -9.449/+9.602 (68%)
Set Range of Parameter r To : (-20,100)
Doing initial fit: 

 

 ---------------------------

 WARNING: MultiDimFit failed

 ---------------------------

 
Set Range of Parameter r To : (-20,100)
Doing initial fit: 

 --- MultiDimFit ---
best fit parameter values and profile-likelihood uncertainties: 
   r :   +13.986   -9.275/+9.811 (68%)
Set Range of Parameter r To : (-20,100)
Doing initial fit: 

 --- MultiDimFit ---
best fit parameter values and profile-likelihood uncertainties: 
   r :    -9.638   -9.546/+8.938 (68%)
Set Range of Parameter r To : (-20,100)
Doing initial fit: 

 --- MultiDimFit ---
best fit parameter values and profile-likelihood uncertainties: 
   r :    +9.665   -8.949/+8.105 (68%)
Set Range of Parameter r To : (-20,100)
Doing initial fit: 

 --- MultiDimFit ---
best fit parameter values and profile-likelihood uncertainties: 
   r :    -6.870   -8.005/+7.908 (68%)
Set Range of Parameter r To : (-20,100)
Doing initial fit: 

 --- MultiDimFit ---
best fit parameter values and profile-likelihood uncertainties: 
   r :    +4.477   -8.309/+7.889 (68%)
Set Range of Parameter r To : (-20,100)
Doing initial fit: 

 --- MultiDimFit ---
best fit parameter values and profile-likelihood uncertainties: 
   r :    -0.835   -10.212/+9.893 (68%)
Set Range of Parameter r To : (-20,100)
Doing initial fit: 

 --- MultiDimFit ---
best fit parameter values and profile-likelihood uncertainties: 
   r :   +16.415   -9.693/+8.160 (68%)
Set Range of Parameter r To : (-20,100)
Doing initial fit: 

 --- MultiDimFit ---
best fit parameter values and profile-likelihood uncertainties: 
   r :    +8.419   -9.740/+8.308 (68%)
Set Range of Parameter r To : (-20,100)
Doing initial fit: 

 --- MultiDimFit ---
best fit parameter values and profile-likelihood uncertainties: 
   r :   +13.710   -9.934/+7.943 (68%)
Set Range of Parameter r To : (-20,100)
Doing initial fit: 

 --- MultiDimFit ---
best fit parameter values and profile-likelihood uncertainties: 
   r :    +1.341   -8.988/+7.817 (68%)
Set Range of Parameter r To : (-20,100)
Doing initial fit: 

 --- MultiDimFit ---
best fit parameter values and profile-likelihood uncertainties: 
   r :    -9.722   -6.702/+6.537 (68%)
Set Range of Parameter r To : (-20,100)
Doing initial fit: 

 --- MultiDimFit ---
best fit parameter values and profile-likelihood uncertainties: 
   r :    -5.133   -9.784/+7.571 (68%)
Set Range of Parameter r To : (-20,100)
Doing initial fit: 

 --- MultiDimFit ---
best fit parameter values and profile-likelihood uncertainties: 
   r :    +1.780   -9.989/+9.343 (68%)
Set Range of Parameter r To : (-20,100)
Doing initial fit: 

 --- MultiDimFit ---
best fit parameter values and profile-likelihood uncertainties: 
   r :    +6.064   -9.491/+9.431 (68%)
Set Range of Parameter r To : (-20,100)
Doing initial fit: 

 --- MultiDimFit ---
best fit parameter values and profile-likelihood uncertainties: 
   r :    -5.395   -9.077/+9.030 (68%)
Set Range of Parameter r To : (-20,100)
Doing initial fit: 

 --- MultiDimFit ---
best fit parameter values and profile-likelihood uncertainties: 
   r :   -11.858   -8.142/+9.383 (68%)
Set Range of Parameter r To : (-20,100)
Doing initial fit: 

 --- MultiDimFit ---
best fit parameter values and profile-likelihood uncertainties: 
   r :    +0.651   -9.025/+10.961 (68%)
Set Range of Parameter r To : (-20,100)
Doing initial fit: 

 --- MultiDimFit ---
best fit parameter values and profile-likelihood uncertainties: 
   r :    -0.208   -7.506/+6.552 (68%)
Set Range of Parameter r To : (-20,100)
Doing initial fit: 

 --- MultiDimFit ---
best fit parameter values and profile-likelihood uncertainties: 
   r :    -3.747   -8.334/+7.522 (68%)
Set Range of Parameter r To : (-20,100)
Doing initial fit: 

 --- MultiDimFit ---
best fit parameter values and profile-likelihood uncertainties: 
   r :   -10.680   -8.609/+7.850 (68%)
Set Range of Parameter r To : (-20,100)
Doing initial fit: 

 --- MultiDimFit ---
best fit parameter values and profile-likelihood uncertainties: 
   r :    -2.706   -9.726/+9.888 (68%)
Set Range of Parameter r To : (-20,100)
Doing initial fit: 

 --- MultiDimFit ---
best fit parameter values and profile-likelihood uncertainties: 
   r :    -5.928   -7.893/+7.155 (68%)
Set Range of Parameter r To : (-20,100)
Doing initial fit: 

 --- MultiDimFit ---
best fit parameter values and profile-likelihood uncertainties: 
   r :   +15.083   -8.846/+6.927 (68%)
Set Range of Parameter r To : (-20,100)
Doing initial fit: 

 --- MultiDimFit ---
best fit parameter values and profile-likelihood uncertainties: 
   r :    -6.409   -9.172/+9.427 (68%)
Set Range of Parameter r To : (-20,100)
Doing initial fit: 

 --- MultiDimFit ---
best fit parameter values and profile-likelihood uncertainties: 
   r :    +2.674   -8.654/+7.724 (68%)
Set Range of Parameter r To : (-20,100)
Doing initial fit: 

 --- MultiDimFit ---
best fit parameter values and profile-likelihood uncertainties: 
   r :    +0.529   -10.032/+10.078 (68%)
Set Range of Parameter r To : (-20,100)
Doing initial fit: 

 --- MultiDimFit ---
best fit parameter values and profile-likelihood uncertainties: 
   r :    +9.194   -10.200/+7.940 (68%)
Set Range of Parameter r To : (-20,100)
Doing initial fit: 

 --- MultiDimFit ---
best fit parameter values and profile-likelihood uncertainties: 
   r :    +4.934   -9.993/+10.235 (68%)
Set Range of Parameter r To : (-20,100)
Doing initial fit: 

 --- MultiDimFit ---
best fit parameter values and profile-likelihood uncertainties: 
   r :    +2.525   -7.105/+7.860 (68%)
Set Range of Parameter r To : (-20,100)
Doing initial fit: 

 --- MultiDimFit ---
best fit parameter values and profile-likelihood uncertainties: 
   r :   -17.754   -2.246/+7.600 (68%)
Set Range of Parameter r To : (-20,100)
Doing initial fit: 

 --- MultiDimFit ---
best fit parameter values and profile-likelihood uncertainties: 
   r :    +2.899   -9.328/+9.601 (68%)
Set Range of Parameter r To : (-20,100)
Doing initial fit: 

 --- MultiDimFit ---
best fit parameter values and profile-likelihood uncertainties: 
   r :    +5.809   -9.075/+8.429 (68%)
Set Range of Parameter r To : (-20,100)
Doing initial fit: 

 --- MultiDimFit ---
best fit parameter values and profile-likelihood uncertainties: 
   r :   -13.680   -6.320/+7.936 (68%)
Set Range of Parameter r To : (-20,100)
Doing initial fit: 

 --- MultiDimFit ---
best fit parameter values and profile-likelihood uncertainties: 
   r :    -7.102   -7.563/+7.795 (68%)
Set Range of Parameter r To : (-20,100)
Doing initial fit: 

 --- MultiDimFit ---
best fit parameter values and profile-likelihood uncertainties: 
   r :   +17.257   -8.464/+8.079 (68%)
Set Range of Parameter r To : (-20,100)
Doing initial fit: 

 --- MultiDimFit ---
best fit parameter values and profile-likelihood uncertainties: 
   r :    +6.171   -8.098/+7.982 (68%)
Set Range of Parameter r To : (-20,100)
Doing initial fit: 

 --- MultiDimFit ---
best fit parameter values and profile-likelihood uncertainties: 
   r :   +16.207   -10.357/+9.886 (68%)
Set Range of Parameter r To : (-20,100)
Doing initial fit: 

 --- MultiDimFit ---
best fit parameter values and profile-likelihood uncertainties: 
   r :    +3.215   -7.568/+7.996 (68%)
Set Range of Parameter r To : (-20,100)
Doing initial fit: 

 --- MultiDimFit ---
best fit parameter values and profile-likelihood uncertainties: 
   r :    -4.831   -9.852/+10.126 (68%)
Set Range of Parameter r To : (-20,100)
Doing initial fit: 

 --- MultiDimFit ---
best fit parameter values and profile-likelihood uncertainties: 
   r :   -12.747   -7.253/+7.855 (68%)
Set Range of Parameter r To : (-20,100)
Doing initial fit: 

 --- MultiDimFit ---
best fit parameter values and profile-likelihood uncertainties: 
   r :    -7.266   -9.073/+7.609 (68%)
Set Range of Parameter r To : (-20,100)
Doing initial fit: 

 --- MultiDimFit ---
best fit parameter values and profile-likelihood uncertainties: 
   r :    -6.210   -6.729/+7.583 (68%)
Set Range of Parameter r To : (-20,100)
Doing initial fit: 

 --- MultiDimFit ---
best fit parameter values and profile-likelihood uncertainties: 
   r :    -3.649   -9.394/+9.566 (68%)
Set Range of Parameter r To : (-20,100)
Doing initial fit: 

 --- MultiDimFit ---
best fit parameter values and profile-likelihood uncertainties: 
   r :    +1.914   -9.284/+8.617 (68%)
Set Range of Parameter r To : (-20,100)
Doing initial fit: 

 --- MultiDimFit ---
best fit parameter values and profile-likelihood uncertainties: 
   r :    -0.680   -9.293/+10.286 (68%)
Set Range of Parameter r To : (-20,100)
Doing initial fit: 

 --- MultiDimFit ---
best fit parameter values and profile-likelihood uncertainties: 
   r :   +11.221   -10.173/+10.248 (68%)
Set Range of Parameter r To : (-20,100)
Doing initial fit: 

 --- MultiDimFit ---
best fit parameter values and profile-likelihood uncertainties: 
   r :    +3.782   -7.174/+7.863 (68%)
Set Range of Parameter r To : (-20,100)
Doing initial fit: 

 --- MultiDimFit ---
best fit parameter values and profile-likelihood uncertainties: 
   r :   +13.027   -9.727/+12.477 (68%)
Set Range of Parameter r To : (-20,100)
Doing initial fit: 

 --- MultiDimFit ---
best fit parameter values and profile-likelihood uncertainties: 
   r :   -11.456   -8.544/+7.922 (68%)
Set Range of Parameter r To : (-20,100)
Doing initial fit: 

 --- MultiDimFit ---
best fit parameter values and profile-likelihood uncertainties: 
   r :    -3.368   -11.150/+7.635 (68%)
Set Range of Parameter r To : (-20,100)
Doing initial fit: 

 --- MultiDimFit ---
best fit parameter values and profile-likelihood uncertainties: 
   r :    +0.261   -8.218/+7.685 (68%)
Set Range of Parameter r To : (-20,100)
Doing initial fit: 

 --- MultiDimFit ---
best fit parameter values and profile-likelihood uncertainties: 
   r :    -2.262   -9.961/+9.365 (68%)
Set Range of Parameter r To : (-20,100)
Doing initial fit: 

 --- MultiDimFit ---
best fit parameter values and profile-likelihood uncertainties: 
   r :   +12.155   -8.715/+7.938 (68%)
Set Range of Parameter r To : (-20,100)
Doing initial fit: 

 --- MultiDimFit ---
best fit parameter values and profile-likelihood uncertainties: 
   r :    +5.958   -9.324/+11.196 (68%)
Set Range of Parameter r To : (-20,100)
Doing initial fit: 

 --- MultiDimFit ---
best fit parameter values and profile-likelihood uncertainties: 
   r :    +4.370   -9.339/+8.187 (68%)
Set Range of Parameter r To : (-20,100)
Doing initial fit: 

 --- MultiDimFit ---
best fit parameter values and profile-likelihood uncertainties: 
   r :    -0.049   -8.744/+7.627 (68%)
Set Range of Parameter r To : (-20,100)
Doing initial fit: 

 --- MultiDimFit ---
best fit parameter values and profile-likelihood uncertainties: 
   r :    +5.078   -9.752/+10.028 (68%)
Set Range of Parameter r To : (-20,100)
Doing initial fit: 

 --- MultiDimFit ---
best fit parameter values and profile-likelihood uncertainties: 
   r :    +6.591   -9.959/+8.177 (68%)
Set Range of Parameter r To : (-20,100)
Doing initial fit: 

 --- MultiDimFit ---
best fit parameter values and profile-likelihood uncertainties: 
   r :   +10.678   -7.223/+8.035 (68%)
Set Range of Parameter r To : (-20,100)
Doing initial fit: 

 --- MultiDimFit ---
best fit parameter values and profile-likelihood uncertainties: 
   r :   +22.140   -9.373/+8.401 (68%)
Set Range of Parameter r To : (-20,100)
Doing initial fit: 

 --- MultiDimFit ---
best fit parameter values and profile-likelihood uncertainties: 
   r :    +2.590   -9.207/+8.856 (68%)
Set Range of Parameter r To : (-20,100)
Doing initial fit: 

 --- MultiDimFit ---
best fit parameter values and profile-likelihood uncertainties: 
   r :    +0.795   -9.238/+8.139 (68%)
Set Range of Parameter r To : (-20,100)
Doing initial fit: 

 --- MultiDimFit ---
best fit parameter values and profile-likelihood uncertainties: 
   r :    -7.758   -6.899/+8.264 (68%)
Set Range of Parameter r To : (-20,100)
Doing initial fit: 

 --- MultiDimFit ---
best fit parameter values and profile-likelihood uncertainties: 
   r :    +4.017   -10.932/+7.860 (68%)
Set Range of Parameter r To : (-20,100)
Doing initial fit: 

 --- MultiDimFit ---
best fit parameter values and profile-likelihood uncertainties: 
   r :    +3.746   -9.409/+8.190 (68%)
Set Range of Parameter r To : (-20,100)
Doing initial fit: 

 --- MultiDimFit ---
best fit parameter values and profile-likelihood uncertainties: 
   r :    -8.855   -7.949/+7.849 (68%)
Set Range of Parameter r To : (-20,100)
Doing initial fit: 

 --- MultiDimFit ---
best fit parameter values and profile-likelihood uncertainties: 
   r :    -6.623   -8.030/+7.561 (68%)
Set Range of Parameter r To : (-20,100)
Doing initial fit: 

 --- MultiDimFit ---
best fit parameter values and profile-likelihood uncertainties: 
   r :    -2.909   -9.799/+10.229 (68%)
Set Range of Parameter r To : (-20,100)
Doing initial fit: 

 --- MultiDimFit ---
best fit parameter values and profile-likelihood uncertainties: 
   r :    -1.583   -7.690/+7.984 (68%)
Set Range of Parameter r To : (-20,100)
Doing initial fit: 

 --- MultiDimFit ---
best fit parameter values and profile-likelihood uncertainties: 
   r :   +16.253   -9.291/+7.785 (68%)
Set Range of Parameter r To : (-20,100)
Doing initial fit: 

 --- MultiDimFit ---
best fit parameter values and profile-likelihood uncertainties: 
   r :    +8.672   -9.486/+9.887 (68%)
Set Range of Parameter r To : (-20,100)
Doing initial fit: 

 --- MultiDimFit ---
best fit parameter values and profile-likelihood uncertainties: 
   r :    +0.719   -7.506/+7.016 (68%)
Set Range of Parameter r To : (-20,100)
Doing initial fit: 

 --- MultiDimFit ---
best fit parameter values and profile-likelihood uncertainties: 
   r :    +0.057   -8.412/+12.091 (68%)
mean   expected limit: r < 3.12228e-316 +/- 0 @ 95%CL (500 toyMC)
median expected limit: r < 3.12228e-316 @ 95%CL (500 toyMC)
   68% expected band : 3.12228e-316 < r < 3.12228e-316
   95% expected band : 3.12228e-316 < r < 3.12228e-316
