 <<< Combine >>> 
 <<< v11.0.0 >>>
>>> Random number generator seed is 123456
>>> Method used is MultiDimFit
Set Range of Parameter r To : (-2,100)
Set Default Value of Parameter r To : 18.125
Set Range of Parameter r To : (-2,100)
Doing initial fit: 

 --- MultiDimFit ---
best fit parameter values and profile-likelihood uncertainties: 
   r :   +11.846   -10.444/+9.332 (68%)
Set Range of Parameter r To : (-2,100)
Doing initial fit: 

 --- MultiDimFit ---
best fit parameter values and profile-likelihood uncertainties: 
   r :   +18.382   -9.006/+9.028 (68%)
Set Range of Parameter r To : (-2,100)
Doing initial fit: 

 --- MultiDimFit ---
best fit parameter values and profile-likelihood uncertainties: 
   r :   +15.770   -10.831/+10.619 (68%)
Set Range of Parameter r To : (-2,100)
Doing initial fit: 

 --- MultiDimFit ---
best fit parameter values and profile-likelihood uncertainties: 
   r :    +6.657   -8.657/+9.028 (68%)
Set Range of Parameter r To : (-2,100)
Doing initial fit: 

 --- MultiDimFit ---
best fit parameter values and profile-likelihood uncertainties: 
   r :   +26.476   -8.847/+8.623 (68%)
Set Range of Parameter r To : (-2,100)
Doing initial fit: 

 --- MultiDimFit ---
best fit parameter values and profile-likelihood uncertainties: 
   r :   +22.223   -9.592/+8.987 (68%)
Set Range of Parameter r To : (-2,100)
Doing initial fit: 

 --- MultiDimFit ---
best fit parameter values and profile-likelihood uncertainties: 
   r :    +8.363   -10.363/+9.481 (68%)
Set Range of Parameter r To : (-2,100)
Doing initial fit: 

 --- MultiDimFit ---
best fit parameter values and profile-likelihood uncertainties: 
   r :   +21.165   -10.608/+9.268 (68%)
Set Range of Parameter r To : (-2,100)
Doing initial fit: 

 --- MultiDimFit ---
best fit parameter values and profile-likelihood uncertainties: 
   r :    +5.675   -7.675/+8.577 (68%)
Set Range of Parameter r To : (-2,100)
Doing initial fit: 

 --- MultiDimFit ---
best fit parameter values and profile-likelihood uncertainties: 
   r :   +33.237   -10.739/+11.613 (68%)
Set Range of Parameter r To : (-2,100)
Doing initial fit: 

 --- MultiDimFit ---
best fit parameter values and profile-likelihood uncertainties: 
   r :    +9.140   -10.660/+9.501 (68%)
Set Range of Parameter r To : (-2,100)
Doing initial fit: 

 --- MultiDimFit ---
best fit parameter values and profile-likelihood uncertainties: 
   r :    +0.387   -2.387/+9.108 (68%)
Set Range of Parameter r To : (-2,100)
Doing initial fit: 

 --- MultiDimFit ---
best fit parameter values and profile-likelihood uncertainties: 
   r :   +24.719   -10.370/+9.068 (68%)
Set Range of Parameter r To : (-2,100)
Doing initial fit: 

 --- MultiDimFit ---
best fit parameter values and profile-likelihood uncertainties: 
   r :   +27.096   -10.687/+11.080 (68%)
Set Range of Parameter r To : (-2,100)
Doing initial fit: 

 --- MultiDimFit ---
best fit parameter values and profile-likelihood uncertainties: 
   r :   +18.578   -10.464/+8.745 (68%)
Set Range of Parameter r To : (-2,100)
Doing initial fit: 

 --- MultiDimFit ---
best fit parameter values and profile-likelihood uncertainties: 
   r :   +20.918   -9.371/+8.802 (68%)
Set Range of Parameter r To : (-2,100)
Doing initial fit: 

 --- MultiDimFit ---
best fit parameter values and profile-likelihood uncertainties: 
   r :   +17.000   -10.647/+10.437 (68%)
Set Range of Parameter r To : (-2,100)
Doing initial fit: 

 --- MultiDimFit ---
best fit parameter values and profile-likelihood uncertainties: 
   r :   +20.123   -10.434/+9.983 (68%)
Set Range of Parameter r To : (-2,100)
Doing initial fit: 

 --- MultiDimFit ---
best fit parameter values and profile-likelihood uncertainties: 
 Warning - No valid low-error found, will report difference to minimum of range for : r
   r :    -2.000   -0.000/+5.513 (68%)
Set Range of Parameter r To : (-2,100)
Doing initial fit: 

 --- MultiDimFit ---
best fit parameter values and profile-likelihood uncertainties: 
   r :   +33.636   -10.219/+8.891 (68%)
Set Range of Parameter r To : (-2,100)
Doing initial fit: 

 --- MultiDimFit ---
best fit parameter values and profile-likelihood uncertainties: 
   r :   +25.495   -11.132/+9.321 (68%)
Set Range of Parameter r To : (-2,100)
Doing initial fit: 

 --- MultiDimFit ---
best fit parameter values and profile-likelihood uncertainties: 
   r :    +2.938   -4.938/+8.458 (68%)
Set Range of Parameter r To : (-2,100)
Doing initial fit: 

 --- MultiDimFit ---
best fit parameter values and profile-likelihood uncertainties: 
   r :   +14.206   -11.057/+9.731 (68%)
Set Range of Parameter r To : (-2,100)
Doing initial fit: 

 --- MultiDimFit ---
best fit parameter values and profile-likelihood uncertainties: 
   r :   +40.653   -9.200/+8.955 (68%)
Set Range of Parameter r To : (-2,100)
Doing initial fit: 

 --- MultiDimFit ---
best fit parameter values and profile-likelihood uncertainties: 
   r :   +19.897   -11.181/+10.690 (68%)
Set Range of Parameter r To : (-2,100)
Doing initial fit: 

 --- MultiDimFit ---
best fit parameter values and profile-likelihood uncertainties: 
   r :   +12.524   -10.719/+9.709 (68%)
Set Range of Parameter r To : (-2,100)
Doing initial fit: 

 --- MultiDimFit ---
best fit parameter values and profile-likelihood uncertainties: 
   r :    +7.269   -9.269/+9.359 (68%)
Set Range of Parameter r To : (-2,100)
Doing initial fit: 

 --- MultiDimFit ---
best fit parameter values and profile-likelihood uncertainties: 
   r :   +29.019   -8.923/+8.609 (68%)
Set Range of Parameter r To : (-2,100)
Doing initial fit: 

 --- MultiDimFit ---
best fit parameter values and profile-likelihood uncertainties: 
   r :   +10.594   -10.220/+9.073 (68%)
Set Range of Parameter r To : (-2,100)
Doing initial fit: 

 --- MultiDimFit ---
best fit parameter values and profile-likelihood uncertainties: 
   r :    +0.947   -2.947/+8.951 (68%)
Set Range of Parameter r To : (-2,100)
Doing initial fit: 

 --- MultiDimFit ---
best fit parameter values and profile-likelihood uncertainties: 
   r :   +12.275   -9.147/+8.887 (68%)
Set Range of Parameter r To : (-2,100)
Doing initial fit: 

 --- MultiDimFit ---
best fit parameter values and profile-likelihood uncertainties: 
   r :   +12.865   -9.498/+9.132 (68%)
Set Range of Parameter r To : (-2,100)
Doing initial fit: 

 --- MultiDimFit ---
best fit parameter values and profile-likelihood uncertainties: 
   r :   +22.663   -8.995/+9.075 (68%)
Set Range of Parameter r To : (-2,100)
Doing initial fit: 

 --- MultiDimFit ---
best fit parameter values and profile-likelihood uncertainties: 
   r :   +34.245   -10.991/+10.537 (68%)
Set Range of Parameter r To : (-2,100)
Doing initial fit: 

 --- MultiDimFit ---
best fit parameter values and profile-likelihood uncertainties: 
   r :   +18.367   -9.104/+9.301 (68%)
Set Range of Parameter r To : (-2,100)
Doing initial fit: 

 --- MultiDimFit ---
best fit parameter values and profile-likelihood uncertainties: 
   r :   +25.861   -9.436/+8.728 (68%)
Set Range of Parameter r To : (-2,100)
Doing initial fit: 

 --- MultiDimFit ---
best fit parameter values and profile-likelihood uncertainties: 
   r :   +11.304   -9.826/+8.894 (68%)
Set Range of Parameter r To : (-2,100)
Doing initial fit: 

 --- MultiDimFit ---
best fit parameter values and profile-likelihood uncertainties: 
   r :   +25.366   -9.271/+9.072 (68%)
Set Range of Parameter r To : (-2,100)
Doing initial fit: 

 --- MultiDimFit ---
best fit parameter values and profile-likelihood uncertainties: 
   r :   +23.144   -10.180/+8.825 (68%)
Set Range of Parameter r To : (-2,100)
Doing initial fit: 

 --- MultiDimFit ---
best fit parameter values and profile-likelihood uncertainties: 
   r :   +15.172   -9.516/+8.482 (68%)
Set Range of Parameter r To : (-2,100)
Doing initial fit: 

 --- MultiDimFit ---
best fit parameter values and profile-likelihood uncertainties: 
   r :   +36.370   -10.514/+9.225 (68%)
Set Range of Parameter r To : (-2,100)
Doing initial fit: 

 --- MultiDimFit ---
best fit parameter values and profile-likelihood uncertainties: 
   r :    +9.588   -11.497/+9.169 (68%)
Set Range of Parameter r To : (-2,100)
Doing initial fit: 

 --- MultiDimFit ---
best fit parameter values and profile-likelihood uncertainties: 
   r :    +2.677   -4.677/+8.294 (68%)
Set Range of Parameter r To : (-2,100)
Doing initial fit: 

 --- MultiDimFit ---
best fit parameter values and profile-likelihood uncertainties: 
   r :   +14.808   -10.416/+9.154 (68%)
Set Range of Parameter r To : (-2,100)
Doing initial fit: 

 --- MultiDimFit ---
best fit parameter values and profile-likelihood uncertainties: 
   r :    +8.670   -9.000/+8.592 (68%)
Set Range of Parameter r To : (-2,100)
Doing initial fit: 

 --- MultiDimFit ---
best fit parameter values and profile-likelihood uncertainties: 
   r :   +37.426   -10.504/+9.440 (68%)
Set Range of Parameter r To : (-2,100)
Doing initial fit: 

 --- MultiDimFit ---
best fit parameter values and profile-likelihood uncertainties: 
   r :   +14.054   -10.555/+10.093 (68%)
Set Range of Parameter r To : (-2,100)
Doing initial fit: 

 --- MultiDimFit ---
best fit parameter values and profile-likelihood uncertainties: 
   r :   +22.080   -11.286/+10.064 (68%)
Set Range of Parameter r To : (-2,100)
Doing initial fit: 

 --- MultiDimFit ---
best fit parameter values and profile-likelihood uncertainties: 
   r :   +15.375   -10.291/+8.650 (68%)
Set Range of Parameter r To : (-2,100)
Doing initial fit: 

 --- MultiDimFit ---
best fit parameter values and profile-likelihood uncertainties: 
   r :   +10.110   -11.407/+11.049 (68%)
Set Range of Parameter r To : (-2,100)
Doing initial fit: 

 --- MultiDimFit ---
best fit parameter values and profile-likelihood uncertainties: 
   r :   +15.031   -9.457/+9.177 (68%)
Set Range of Parameter r To : (-2,100)
Doing initial fit: 

 --- MultiDimFit ---
best fit parameter values and profile-likelihood uncertainties: 
   r :    +7.091   -9.091/+10.186 (68%)
Set Range of Parameter r To : (-2,100)
Doing initial fit: 

 --- MultiDimFit ---
best fit parameter values and profile-likelihood uncertainties: 
   r :   +14.147   -10.436/+10.243 (68%)
Set Range of Parameter r To : (-2,100)
Doing initial fit: 

 --- MultiDimFit ---
best fit parameter values and profile-likelihood uncertainties: 
   r :   +11.872   -11.074/+10.420 (68%)
Set Range of Parameter r To : (-2,100)
Doing initial fit: 

 --- MultiDimFit ---
best fit parameter values and profile-likelihood uncertainties: 
   r :    +7.359   -9.359/+10.973 (68%)
Set Range of Parameter r To : (-2,100)
Doing initial fit: 

 --- MultiDimFit ---
best fit parameter values and profile-likelihood uncertainties: 
   r :    +3.020   -5.020/+9.106 (68%)
Set Range of Parameter r To : (-2,100)
Doing initial fit: 

 --- MultiDimFit ---
best fit parameter values and profile-likelihood uncertainties: 
   r :   +23.937   -8.885/+8.940 (68%)
Set Range of Parameter r To : (-2,100)
Doing initial fit: 

 --- MultiDimFit ---
best fit parameter values and profile-likelihood uncertainties: 
   r :   +14.140   -10.333/+9.211 (68%)
Set Range of Parameter r To : (-2,100)
Doing initial fit: 

 --- MultiDimFit ---
best fit parameter values and profile-likelihood uncertainties: 
   r :   +25.819   -10.123/+8.583 (68%)
Set Range of Parameter r To : (-2,100)
Doing initial fit: 

 --- MultiDimFit ---
best fit parameter values and profile-likelihood uncertainties: 
   r :   +18.370   -10.188/+8.969 (68%)
Set Range of Parameter r To : (-2,100)
Doing initial fit: 

 --- MultiDimFit ---
best fit parameter values and profile-likelihood uncertainties: 
   r :    +4.088   -6.088/+8.658 (68%)
Set Range of Parameter r To : (-2,100)
Doing initial fit: 

 --- MultiDimFit ---
best fit parameter values and profile-likelihood uncertainties: 
   r :   +24.190   -10.299/+9.233 (68%)
Set Range of Parameter r To : (-2,100)
Doing initial fit: 

 --- MultiDimFit ---
best fit parameter values and profile-likelihood uncertainties: 
   r :   +17.064   -10.276/+10.322 (68%)
Set Range of Parameter r To : (-2,100)
Doing initial fit: 

 --- MultiDimFit ---
best fit parameter values and profile-likelihood uncertainties: 
   r :    +8.488   -9.699/+8.886 (68%)
Set Range of Parameter r To : (-2,100)
Doing initial fit: 

 --- MultiDimFit ---
best fit parameter values and profile-likelihood uncertainties: 
   r :   +32.651   -10.765/+10.595 (68%)
Set Range of Parameter r To : (-2,100)
Doing initial fit: 

 --- MultiDimFit ---
best fit parameter values and profile-likelihood uncertainties: 
   r :   +19.654   -10.460/+10.335 (68%)
Set Range of Parameter r To : (-2,100)
Doing initial fit: 

 --- MultiDimFit ---
best fit parameter values and profile-likelihood uncertainties: 
   r :   +21.528   -10.415/+9.252 (68%)
Set Range of Parameter r To : (-2,100)
Doing initial fit: 

 --- MultiDimFit ---
best fit parameter values and profile-likelihood uncertainties: 
   r :   +21.711   -10.516/+11.381 (68%)
Set Range of Parameter r To : (-2,100)
Doing initial fit: 

 --- MultiDimFit ---
best fit parameter values and profile-likelihood uncertainties: 
   r :    +0.710   -2.710/+9.099 (68%)
Set Range of Parameter r To : (-2,100)
Doing initial fit: 

 --- MultiDimFit ---
best fit parameter values and profile-likelihood uncertainties: 
   r :   +10.888   -8.578/+9.632 (68%)
Set Range of Parameter r To : (-2,100)
Doing initial fit: 

 --- MultiDimFit ---
best fit parameter values and profile-likelihood uncertainties: 
   r :   +20.096   -10.198/+8.720 (68%)
Set Range of Parameter r To : (-2,100)
Doing initial fit: 

 --- MultiDimFit ---
best fit parameter values and profile-likelihood uncertainties: 
   r :   +33.347   -10.760/+10.981 (68%)
Set Range of Parameter r To : (-2,100)
Doing initial fit: 

 --- MultiDimFit ---
best fit parameter values and profile-likelihood uncertainties: 
   r :    +9.851   -10.792/+9.363 (68%)
Set Range of Parameter r To : (-2,100)
Doing initial fit: 

 --- MultiDimFit ---
best fit parameter values and profile-likelihood uncertainties: 
   r :   +18.408   -10.144/+9.178 (68%)
Set Range of Parameter r To : (-2,100)
Doing initial fit: 

 --- MultiDimFit ---
best fit parameter values and profile-likelihood uncertainties: 
   r :   +26.466   -9.933/+9.151 (68%)
Set Range of Parameter r To : (-2,100)
Doing initial fit: 

 --- MultiDimFit ---
best fit parameter values and profile-likelihood uncertainties: 
   r :   +16.045   -10.602/+9.347 (68%)
Set Range of Parameter r To : (-2,100)
Doing initial fit: 

 --- MultiDimFit ---
best fit parameter values and profile-likelihood uncertainties: 
   r :   +31.049   -10.678/+9.516 (68%)
Set Range of Parameter r To : (-2,100)
Doing initial fit: 

 --- MultiDimFit ---
best fit parameter values and profile-likelihood uncertainties: 
   r :   +20.466   -10.138/+9.020 (68%)
Set Range of Parameter r To : (-2,100)
Doing initial fit: 

 --- MultiDimFit ---
best fit parameter values and profile-likelihood uncertainties: 
   r :   +11.339   -9.493/+9.084 (68%)
Set Range of Parameter r To : (-2,100)
Doing initial fit: 

 --- MultiDimFit ---
best fit parameter values and profile-likelihood uncertainties: 
   r :   +20.767   -9.360/+8.871 (68%)
Set Range of Parameter r To : (-2,100)
Doing initial fit: 

 --- MultiDimFit ---
best fit parameter values and profile-likelihood uncertainties: 
   r :   +11.538   -11.060/+11.122 (68%)
Set Range of Parameter r To : (-2,100)
Doing initial fit: 

 --- MultiDimFit ---
best fit parameter values and profile-likelihood uncertainties: 
   r :   +11.813   -9.308/+8.173 (68%)
Set Range of Parameter r To : (-2,100)
Doing initial fit: 

 --- MultiDimFit ---
best fit parameter values and profile-likelihood uncertainties: 
 Warning - No valid low-error found, will report difference to minimum of range for : r
   r :    -1.999   -0.001/+6.618 (68%)
Set Range of Parameter r To : (-2,100)
Doing initial fit: 

 --- MultiDimFit ---
best fit parameter values and profile-likelihood uncertainties: 
   r :    +8.559   -10.559/+9.128 (68%)
Set Range of Parameter r To : (-2,100)
Doing initial fit: 

 --- MultiDimFit ---
best fit parameter values and profile-likelihood uncertainties: 
   r :   +21.795   -9.191/+9.310 (68%)
Set Range of Parameter r To : (-2,100)
Doing initial fit: 

 --- MultiDimFit ---
best fit parameter values and profile-likelihood uncertainties: 
   r :   +13.162   -9.404/+8.315 (68%)
Set Range of Parameter r To : (-2,100)
Doing initial fit: 

 --- MultiDimFit ---
best fit parameter values and profile-likelihood uncertainties: 
   r :   +14.716   -10.551/+9.026 (68%)
Set Range of Parameter r To : (-2,100)
Doing initial fit: 

 --- MultiDimFit ---
best fit parameter values and profile-likelihood uncertainties: 
   r :    +7.405   -9.405/+10.963 (68%)
Set Range of Parameter r To : (-2,100)
Doing initial fit: 

 --- MultiDimFit ---
best fit parameter values and profile-likelihood uncertainties: 
   r :    +7.937   -9.937/+8.955 (68%)
Set Range of Parameter r To : (-2,100)
Doing initial fit: 

 --- MultiDimFit ---
best fit parameter values and profile-likelihood uncertainties: 
   r :   +25.716   -10.211/+9.137 (68%)
Set Range of Parameter r To : (-2,100)
Doing initial fit: 

 --- MultiDimFit ---
best fit parameter values and profile-likelihood uncertainties: 
   r :    +2.846   -4.846/+9.580 (68%)
Set Range of Parameter r To : (-2,100)
Doing initial fit: 

 --- MultiDimFit ---
best fit parameter values and profile-likelihood uncertainties: 
   r :    +7.358   -9.358/+10.958 (68%)
Set Range of Parameter r To : (-2,100)
Doing initial fit: 

 --- MultiDimFit ---
best fit parameter values and profile-likelihood uncertainties: 
   r :   +10.378   -10.481/+9.172 (68%)
Set Range of Parameter r To : (-2,100)
Doing initial fit: 

 --- MultiDimFit ---
best fit parameter values and profile-likelihood uncertainties: 
   r :   +22.545   -10.414/+9.595 (68%)
Set Range of Parameter r To : (-2,100)
Doing initial fit: 

 --- MultiDimFit ---
best fit parameter values and profile-likelihood uncertainties: 
   r :   +24.937   -10.512/+9.678 (68%)
Set Range of Parameter r To : (-2,100)
Doing initial fit: 

 --- MultiDimFit ---
best fit parameter values and profile-likelihood uncertainties: 
   r :    +3.943   -5.943/+8.673 (68%)
Set Range of Parameter r To : (-2,100)
Doing initial fit: 

 --- MultiDimFit ---
best fit parameter values and profile-likelihood uncertainties: 
   r :    +5.127   -7.127/+8.928 (68%)
Set Range of Parameter r To : (-2,100)
Doing initial fit: 

 --- MultiDimFit ---
best fit parameter values and profile-likelihood uncertainties: 
   r :    +7.375   -9.375/+10.296 (68%)
Set Range of Parameter r To : (-2,100)
Doing initial fit: 

 --- MultiDimFit ---
best fit parameter values and profile-likelihood uncertainties: 
   r :   +18.553   -10.826/+10.361 (68%)
Set Range of Parameter r To : (-2,100)
Doing initial fit: 

 --- MultiDimFit ---
best fit parameter values and profile-likelihood uncertainties: 
   r :   +18.932   -8.854/+9.042 (68%)
Set Range of Parameter r To : (-2,100)
Doing initial fit: 

 --- MultiDimFit ---
best fit parameter values and profile-likelihood uncertainties: 
   r :   +20.254   -9.536/+9.239 (68%)
Set Range of Parameter r To : (-2,100)
Doing initial fit: 

 --- MultiDimFit ---
best fit parameter values and profile-likelihood uncertainties: 
   r :   +33.684   -10.156/+9.122 (68%)
Set Range of Parameter r To : (-2,100)
Doing initial fit: 

 --- MultiDimFit ---
best fit parameter values and profile-likelihood uncertainties: 
   r :   +29.145   -9.625/+8.641 (68%)
Set Range of Parameter r To : (-2,100)
Doing initial fit: 

 --- MultiDimFit ---
best fit parameter values and profile-likelihood uncertainties: 
   r :    +9.505   -10.395/+9.793 (68%)
Set Range of Parameter r To : (-2,100)
Doing initial fit: 

 --- MultiDimFit ---
best fit parameter values and profile-likelihood uncertainties: 
   r :   +31.448   -9.070/+8.515 (68%)
Set Range of Parameter r To : (-2,100)
Doing initial fit: 

 --- MultiDimFit ---
best fit parameter values and profile-likelihood uncertainties: 
   r :    +8.305   -9.020/+8.317 (68%)
Set Range of Parameter r To : (-2,100)
Doing initial fit: 

 --- MultiDimFit ---
best fit parameter values and profile-likelihood uncertainties: 
   r :    +8.406   -10.406/+10.749 (68%)
Set Range of Parameter r To : (-2,100)
Doing initial fit: 

 --- MultiDimFit ---
best fit parameter values and profile-likelihood uncertainties: 
   r :   +12.302   -9.821/+9.104 (68%)
Set Range of Parameter r To : (-2,100)
Doing initial fit: 

 --- MultiDimFit ---
best fit parameter values and profile-likelihood uncertainties: 
   r :   +18.747   -10.371/+9.754 (68%)
Set Range of Parameter r To : (-2,100)
Doing initial fit: 

 --- MultiDimFit ---
best fit parameter values and profile-likelihood uncertainties: 
   r :   +34.156   -9.686/+9.109 (68%)
Set Range of Parameter r To : (-2,100)
Doing initial fit: 

 --- MultiDimFit ---
best fit parameter values and profile-likelihood uncertainties: 
   r :   +10.543   -10.660/+9.205 (68%)
Set Range of Parameter r To : (-2,100)
Doing initial fit: 

 --- MultiDimFit ---
best fit parameter values and profile-likelihood uncertainties: 
   r :    +8.135   -10.135/+9.681 (68%)
Set Range of Parameter r To : (-2,100)
Doing initial fit: 

 --- MultiDimFit ---
best fit parameter values and profile-likelihood uncertainties: 
   r :   +23.581   -10.443/+8.832 (68%)
Set Range of Parameter r To : (-2,100)
Doing initial fit: 

 --- MultiDimFit ---
best fit parameter values and profile-likelihood uncertainties: 
   r :   +21.490   -10.665/+10.031 (68%)
Set Range of Parameter r To : (-2,100)
Doing initial fit: 

 --- MultiDimFit ---
best fit parameter values and profile-likelihood uncertainties: 
   r :   +21.156   -10.659/+9.656 (68%)
Set Range of Parameter r To : (-2,100)
Doing initial fit: 

 --- MultiDimFit ---
best fit parameter values and profile-likelihood uncertainties: 
   r :   +23.491   -9.542/+9.361 (68%)
Set Range of Parameter r To : (-2,100)
Doing initial fit: 

 --- MultiDimFit ---
best fit parameter values and profile-likelihood uncertainties: 
   r :   +10.885   -11.523/+9.688 (68%)
Set Range of Parameter r To : (-2,100)
Doing initial fit: 

 --- MultiDimFit ---
best fit parameter values and profile-likelihood uncertainties: 
   r :   +14.849   -11.502/+11.078 (68%)
Set Range of Parameter r To : (-2,100)
Doing initial fit: 

 --- MultiDimFit ---
best fit parameter values and profile-likelihood uncertainties: 
   r :   +36.093   -9.926/+9.208 (68%)
Set Range of Parameter r To : (-2,100)
Doing initial fit: 

 --- MultiDimFit ---
best fit parameter values and profile-likelihood uncertainties: 
 Warning - No valid low-error found, will report difference to minimum of range for : r
   r :    -1.999   -0.001/+8.762 (68%)
Set Range of Parameter r To : (-2,100)
Doing initial fit: 

 --- MultiDimFit ---
best fit parameter values and profile-likelihood uncertainties: 
   r :    +8.966   -8.772/+9.564 (68%)
Set Range of Parameter r To : (-2,100)
Doing initial fit: 

 --- MultiDimFit ---
best fit parameter values and profile-likelihood uncertainties: 
   r :   +23.370   -10.956/+10.718 (68%)
Set Range of Parameter r To : (-2,100)
Doing initial fit: 

 --- MultiDimFit ---
best fit parameter values and profile-likelihood uncertainties: 
   r :    +5.137   -7.137/+9.391 (68%)
Set Range of Parameter r To : (-2,100)
Doing initial fit: 

 --- MultiDimFit ---
best fit parameter values and profile-likelihood uncertainties: 
 Warning - No valid low-error found, will report difference to minimum of range for : r
   r :    -2.000   -0.000/+8.265 (68%)
Set Range of Parameter r To : (-2,100)
Doing initial fit: 

 --- MultiDimFit ---
best fit parameter values and profile-likelihood uncertainties: 
   r :   +14.886   -8.368/+8.701 (68%)
Set Range of Parameter r To : (-2,100)
Doing initial fit: 

 --- MultiDimFit ---
best fit parameter values and profile-likelihood uncertainties: 
   r :    +4.490   -6.490/+9.036 (68%)
Set Range of Parameter r To : (-2,100)
Doing initial fit: 

 --- MultiDimFit ---
best fit parameter values and profile-likelihood uncertainties: 
   r :   +17.455   -10.428/+9.563 (68%)
Set Range of Parameter r To : (-2,100)
Doing initial fit: 

 --- MultiDimFit ---
best fit parameter values and profile-likelihood uncertainties: 
   r :   +11.036   -10.147/+8.966 (68%)
Set Range of Parameter r To : (-2,100)
Doing initial fit: 

 --- MultiDimFit ---
best fit parameter values and profile-likelihood uncertainties: 
   r :   +19.400   -10.666/+10.787 (68%)
Set Range of Parameter r To : (-2,100)
Doing initial fit: 

 --- MultiDimFit ---
best fit parameter values and profile-likelihood uncertainties: 
   r :   +29.425   -10.682/+11.500 (68%)
Set Range of Parameter r To : (-2,100)
Doing initial fit: 

 --- MultiDimFit ---
best fit parameter values and profile-likelihood uncertainties: 
   r :   +27.657   -9.771/+9.025 (68%)
Set Range of Parameter r To : (-2,100)
Doing initial fit: 

 --- MultiDimFit ---
best fit parameter values and profile-likelihood uncertainties: 
   r :   +16.978   -9.347/+9.102 (68%)
Set Range of Parameter r To : (-2,100)
Doing initial fit: 

 --- MultiDimFit ---
best fit parameter values and profile-likelihood uncertainties: 
   r :   +14.372   -10.449/+9.635 (68%)
Set Range of Parameter r To : (-2,100)
Doing initial fit: 

 --- MultiDimFit ---
best fit parameter values and profile-likelihood uncertainties: 
   r :   +17.329   -10.679/+10.484 (68%)
Set Range of Parameter r To : (-2,100)
Doing initial fit: 

 --- MultiDimFit ---
best fit parameter values and profile-likelihood uncertainties: 
   r :   +19.593   -9.366/+9.207 (68%)
Set Range of Parameter r To : (-2,100)
Doing initial fit: 

 --- MultiDimFit ---
best fit parameter values and profile-likelihood uncertainties: 
   r :   +23.454   -10.443/+9.168 (68%)
Set Range of Parameter r To : (-2,100)
Doing initial fit: 

 --- MultiDimFit ---
best fit parameter values and profile-likelihood uncertainties: 
   r :   +21.404   -10.135/+8.832 (68%)
Set Range of Parameter r To : (-2,100)
Doing initial fit: 

 --- MultiDimFit ---
best fit parameter values and profile-likelihood uncertainties: 
   r :   +16.582   -8.940/+8.947 (68%)
Set Range of Parameter r To : (-2,100)
Doing initial fit: 

 --- MultiDimFit ---
best fit parameter values and profile-likelihood uncertainties: 
   r :   +22.303   -10.135/+8.889 (68%)
Set Range of Parameter r To : (-2,100)
Doing initial fit: 

 --- MultiDimFit ---
best fit parameter values and profile-likelihood uncertainties: 
   r :   +20.219   -10.741/+12.810 (68%)
Set Range of Parameter r To : (-2,100)
Doing initial fit: 

 --- MultiDimFit ---
best fit parameter values and profile-likelihood uncertainties: 
   r :   +19.491   -9.105/+8.906 (68%)
Set Range of Parameter r To : (-2,100)
Doing initial fit: 

 --- MultiDimFit ---
best fit parameter values and profile-likelihood uncertainties: 
   r :   +36.740   -10.872/+10.543 (68%)
Set Range of Parameter r To : (-2,100)
Doing initial fit: 

 --- MultiDimFit ---
best fit parameter values and profile-likelihood uncertainties: 
   r :   +21.870   -9.175/+8.418 (68%)
Set Range of Parameter r To : (-2,100)
Doing initial fit: 

 --- MultiDimFit ---
best fit parameter values and profile-likelihood uncertainties: 
   r :    +2.795   -4.795/+8.880 (68%)
Set Range of Parameter r To : (-2,100)
Doing initial fit: 

 --- MultiDimFit ---
best fit parameter values and profile-likelihood uncertainties: 
   r :   +13.255   -8.755/+9.002 (68%)
Set Range of Parameter r To : (-2,100)
Doing initial fit: 

 --- MultiDimFit ---
best fit parameter values and profile-likelihood uncertainties: 
   r :   +24.741   -9.311/+9.407 (68%)
Set Range of Parameter r To : (-2,100)
Doing initial fit: 

 --- MultiDimFit ---
best fit parameter values and profile-likelihood uncertainties: 
   r :    +9.389   -10.411/+9.824 (68%)
Set Range of Parameter r To : (-2,100)
Doing initial fit: 

 --- MultiDimFit ---
best fit parameter values and profile-likelihood uncertainties: 
   r :   +18.607   -11.158/+10.898 (68%)
Set Range of Parameter r To : (-2,100)
Doing initial fit: 

 --- MultiDimFit ---
best fit parameter values and profile-likelihood uncertainties: 
   r :   +15.037   -10.061/+9.143 (68%)
Set Range of Parameter r To : (-2,100)
Doing initial fit: 

 --- MultiDimFit ---
best fit parameter values and profile-likelihood uncertainties: 
   r :   +20.735   -9.517/+9.288 (68%)
Set Range of Parameter r To : (-2,100)
Doing initial fit: 

 --- MultiDimFit ---
best fit parameter values and profile-likelihood uncertainties: 
   r :   +21.610   -9.950/+8.680 (68%)
Set Range of Parameter r To : (-2,100)
Doing initial fit: 

 --- MultiDimFit ---
best fit parameter values and profile-likelihood uncertainties: 
   r :   +18.553   -11.221/+11.605 (68%)
Set Range of Parameter r To : (-2,100)
Doing initial fit: 

 --- MultiDimFit ---
best fit parameter values and profile-likelihood uncertainties: 
   r :   +13.664   -10.481/+10.632 (68%)
Set Range of Parameter r To : (-2,100)
Doing initial fit: 

 --- MultiDimFit ---
best fit parameter values and profile-likelihood uncertainties: 
   r :    +2.953   -4.953/+8.949 (68%)
Set Range of Parameter r To : (-2,100)
Doing initial fit: 

 --- MultiDimFit ---
best fit parameter values and profile-likelihood uncertainties: 
   r :    +1.762   -3.762/+8.858 (68%)
Set Range of Parameter r To : (-2,100)
Doing initial fit: 

 --- MultiDimFit ---
best fit parameter values and profile-likelihood uncertainties: 
   r :   +21.480   -9.739/+9.168 (68%)
Set Range of Parameter r To : (-2,100)
Doing initial fit: 

 --- MultiDimFit ---
best fit parameter values and profile-likelihood uncertainties: 
   r :   +12.189   -10.391/+9.427 (68%)
Set Range of Parameter r To : (-2,100)
Doing initial fit: 

 --- MultiDimFit ---
best fit parameter values and profile-likelihood uncertainties: 
   r :   +21.715   -9.717/+8.893 (68%)
Set Range of Parameter r To : (-2,100)
Doing initial fit: 

 --- MultiDimFit ---
best fit parameter values and profile-likelihood uncertainties: 
   r :   +11.521   -10.585/+10.114 (68%)
Set Range of Parameter r To : (-2,100)
Doing initial fit: 

 --- MultiDimFit ---
best fit parameter values and profile-likelihood uncertainties: 
   r :   +23.961   -10.546/+11.000 (68%)
Set Range of Parameter r To : (-2,100)
Doing initial fit: 

 --- MultiDimFit ---
best fit parameter values and profile-likelihood uncertainties: 
   r :   +36.942   -10.745/+10.573 (68%)
Set Range of Parameter r To : (-2,100)
Doing initial fit: 

 --- MultiDimFit ---
best fit parameter values and profile-likelihood uncertainties: 
   r :   +18.794   -9.231/+9.325 (68%)
Set Range of Parameter r To : (-2,100)
Doing initial fit: 

 --- MultiDimFit ---
best fit parameter values and profile-likelihood uncertainties: 
   r :   +10.694   -8.893/+8.992 (68%)
Set Range of Parameter r To : (-2,100)
Doing initial fit: 

 --- MultiDimFit ---
best fit parameter values and profile-likelihood uncertainties: 
   r :   +20.005   -9.490/+8.939 (68%)
Set Range of Parameter r To : (-2,100)
Doing initial fit: 

 --- MultiDimFit ---
best fit parameter values and profile-likelihood uncertainties: 
   r :    +8.844   -10.384/+9.077 (68%)
Set Range of Parameter r To : (-2,100)
Doing initial fit: 

 --- MultiDimFit ---
best fit parameter values and profile-likelihood uncertainties: 
   r :   +27.367   -11.109/+11.001 (68%)
Set Range of Parameter r To : (-2,100)
Doing initial fit: 

 --- MultiDimFit ---
best fit parameter values and profile-likelihood uncertainties: 
   r :    +8.237   -10.237/+9.463 (68%)
Set Range of Parameter r To : (-2,100)
Doing initial fit: 

 --- MultiDimFit ---
best fit parameter values and profile-likelihood uncertainties: 
   r :    +1.632   -3.632/+11.154 (68%)
Set Range of Parameter r To : (-2,100)
Doing initial fit: 

 --- MultiDimFit ---
best fit parameter values and profile-likelihood uncertainties: 
   r :   +17.813   -10.356/+9.044 (68%)
Set Range of Parameter r To : (-2,100)
Doing initial fit: 

 --- MultiDimFit ---
best fit parameter values and profile-likelihood uncertainties: 
   r :   +10.804   -9.037/+8.996 (68%)
Set Range of Parameter r To : (-2,100)
Doing initial fit: 

 --- MultiDimFit ---
best fit parameter values and profile-likelihood uncertainties: 
   r :   +25.967   -10.329/+9.336 (68%)
Set Range of Parameter r To : (-2,100)
Doing initial fit: 

 --- MultiDimFit ---
best fit parameter values and profile-likelihood uncertainties: 
   r :   +10.617   -9.677/+9.013 (68%)
Set Range of Parameter r To : (-2,100)
Doing initial fit: 

 --- MultiDimFit ---
best fit parameter values and profile-likelihood uncertainties: 
   r :   +16.662   -10.488/+9.476 (68%)
Set Range of Parameter r To : (-2,100)
Doing initial fit: 

 --- MultiDimFit ---
best fit parameter values and profile-likelihood uncertainties: 
   r :   +12.257   -10.618/+10.204 (68%)
Set Range of Parameter r To : (-2,100)
Doing initial fit: 

 --- MultiDimFit ---
best fit parameter values and profile-likelihood uncertainties: 
   r :   +12.658   -8.921/+8.641 (68%)
Set Range of Parameter r To : (-2,100)
Doing initial fit: 

 --- MultiDimFit ---
best fit parameter values and profile-likelihood uncertainties: 
   r :   +25.441   -9.696/+9.032 (68%)
Set Range of Parameter r To : (-2,100)
Doing initial fit: 

 --- MultiDimFit ---
best fit parameter values and profile-likelihood uncertainties: 
   r :   +22.273   -9.405/+9.121 (68%)
Set Range of Parameter r To : (-2,100)
Doing initial fit: 

 --- MultiDimFit ---
best fit parameter values and profile-likelihood uncertainties: 
   r :    +9.442   -9.537/+8.827 (68%)
Set Range of Parameter r To : (-2,100)
Doing initial fit: 

 --- MultiDimFit ---
best fit parameter values and profile-likelihood uncertainties: 
   r :    +5.993   -7.993/+8.957 (68%)
Set Range of Parameter r To : (-2,100)
Doing initial fit: 

 --- MultiDimFit ---
best fit parameter values and profile-likelihood uncertainties: 
   r :    +7.332   -9.332/+9.166 (68%)
Set Range of Parameter r To : (-2,100)
Doing initial fit: 

 --- MultiDimFit ---
best fit parameter values and profile-likelihood uncertainties: 
   r :   +40.065   -9.444/+8.888 (68%)
Set Range of Parameter r To : (-2,100)
Doing initial fit: 

 --- MultiDimFit ---
best fit parameter values and profile-likelihood uncertainties: 
   r :   +13.420   -9.125/+8.692 (68%)
Set Range of Parameter r To : (-2,100)
Doing initial fit: 

 --- MultiDimFit ---
best fit parameter values and profile-likelihood uncertainties: 
   r :   +14.891   -10.776/+10.387 (68%)
Set Range of Parameter r To : (-2,100)
Doing initial fit: 

 --- MultiDimFit ---
best fit parameter values and profile-likelihood uncertainties: 
   r :   +22.082   -10.564/+10.517 (68%)
Set Range of Parameter r To : (-2,100)
Doing initial fit: 

 --- MultiDimFit ---
best fit parameter values and profile-likelihood uncertainties: 
   r :   +11.406   -9.456/+8.975 (68%)
Set Range of Parameter r To : (-2,100)
Doing initial fit: 

 --- MultiDimFit ---
best fit parameter values and profile-likelihood uncertainties: 
   r :   +12.080   -10.792/+10.314 (68%)
Set Range of Parameter r To : (-2,100)
Doing initial fit: 

 --- MultiDimFit ---
best fit parameter values and profile-likelihood uncertainties: 
   r :    +6.498   -8.498/+8.252 (68%)
Set Range of Parameter r To : (-2,100)
Doing initial fit: 

 --- MultiDimFit ---
best fit parameter values and profile-likelihood uncertainties: 
   r :   +18.595   -9.358/+8.732 (68%)
Set Range of Parameter r To : (-2,100)
Doing initial fit: 

 --- MultiDimFit ---
best fit parameter values and profile-likelihood uncertainties: 
   r :   +13.062   -8.806/+9.199 (68%)
Set Range of Parameter r To : (-2,100)
Doing initial fit: 

 --- MultiDimFit ---
best fit parameter values and profile-likelihood uncertainties: 
   r :    +8.821   -9.088/+8.869 (68%)
Set Range of Parameter r To : (-2,100)
Doing initial fit: 

 --- MultiDimFit ---
best fit parameter values and profile-likelihood uncertainties: 
   r :   +22.184   -11.298/+10.960 (68%)
Set Range of Parameter r To : (-2,100)
Doing initial fit: 

 --- MultiDimFit ---
best fit parameter values and profile-likelihood uncertainties: 
   r :   +18.246   -10.016/+8.935 (68%)
Set Range of Parameter r To : (-2,100)
Doing initial fit: 

 --- MultiDimFit ---
best fit parameter values and profile-likelihood uncertainties: 
   r :    -1.458   -0.542/+9.646 (68%)
Set Range of Parameter r To : (-2,100)
Doing initial fit: 

 --- MultiDimFit ---
best fit parameter values and profile-likelihood uncertainties: 
   r :   +21.893   -10.429/+9.248 (68%)
Set Range of Parameter r To : (-2,100)
Doing initial fit: 

 --- MultiDimFit ---
best fit parameter values and profile-likelihood uncertainties: 
   r :   +26.447   -11.011/+11.017 (68%)
Set Range of Parameter r To : (-2,100)
Doing initial fit: 

 --- MultiDimFit ---
best fit parameter values and profile-likelihood uncertainties: 
   r :   +40.801   -9.728/+8.922 (68%)
Set Range of Parameter r To : (-2,100)
Doing initial fit: 

 --- MultiDimFit ---
best fit parameter values and profile-likelihood uncertainties: 
   r :    +7.604   -9.604/+11.044 (68%)
Set Range of Parameter r To : (-2,100)
Doing initial fit: 

 --- MultiDimFit ---
best fit parameter values and profile-likelihood uncertainties: 
   r :   +13.770   -10.694/+10.249 (68%)
Set Range of Parameter r To : (-2,100)
Doing initial fit: 

 --- MultiDimFit ---
best fit parameter values and profile-likelihood uncertainties: 
 Warning - No valid low-error found, will report difference to minimum of range for : r
   r :    -2.000   -0.000/+7.059 (68%)
Set Range of Parameter r To : (-2,100)
Doing initial fit: 

 --- MultiDimFit ---
best fit parameter values and profile-likelihood uncertainties: 
   r :   +19.741   -10.975/+9.983 (68%)
Set Range of Parameter r To : (-2,100)
Doing initial fit: 

 --- MultiDimFit ---
best fit parameter values and profile-likelihood uncertainties: 
   r :   +17.072   -10.080/+8.849 (68%)
Set Range of Parameter r To : (-2,100)
Doing initial fit: 

 --- MultiDimFit ---
best fit parameter values and profile-likelihood uncertainties: 
   r :    +5.221   -7.221/+8.930 (68%)
Set Range of Parameter r To : (-2,100)
Doing initial fit: 

 --- MultiDimFit ---
best fit parameter values and profile-likelihood uncertainties: 
   r :    +9.045   -10.601/+10.249 (68%)
Set Range of Parameter r To : (-2,100)
Doing initial fit: 

 --- MultiDimFit ---
best fit parameter values and profile-likelihood uncertainties: 
   r :   +33.209   -11.232/+11.916 (68%)
Set Range of Parameter r To : (-2,100)
Doing initial fit: 

 --- MultiDimFit ---
best fit parameter values and profile-likelihood uncertainties: 
   r :   +31.847   -10.753/+9.654 (68%)
Set Range of Parameter r To : (-2,100)
Doing initial fit: 

 --- MultiDimFit ---
best fit parameter values and profile-likelihood uncertainties: 
   r :    +5.801   -7.801/+8.199 (68%)
Set Range of Parameter r To : (-2,100)
Doing initial fit: 

 --- MultiDimFit ---
best fit parameter values and profile-likelihood uncertainties: 
   r :   +18.210   -10.092/+9.098 (68%)
Set Range of Parameter r To : (-2,100)
Doing initial fit: 

 --- MultiDimFit ---
best fit parameter values and profile-likelihood uncertainties: 
   r :    +0.666   -2.666/+9.023 (68%)
Set Range of Parameter r To : (-2,100)
Doing initial fit: 

 --- MultiDimFit ---
best fit parameter values and profile-likelihood uncertainties: 
   r :   +20.688   -10.348/+10.693 (68%)
Set Range of Parameter r To : (-2,100)
Doing initial fit: 

 --- MultiDimFit ---
best fit parameter values and profile-likelihood uncertainties: 
   r :    +6.313   -8.313/+9.191 (68%)
Set Range of Parameter r To : (-2,100)
Doing initial fit: 

 --- MultiDimFit ---
best fit parameter values and profile-likelihood uncertainties: 
   r :   +17.463   -9.818/+8.524 (68%)
Set Range of Parameter r To : (-2,100)
Doing initial fit: 

 --- MultiDimFit ---
best fit parameter values and profile-likelihood uncertainties: 
   r :   +14.602   -9.582/+8.539 (68%)
Set Range of Parameter r To : (-2,100)
Doing initial fit: 

 --- MultiDimFit ---
best fit parameter values and profile-likelihood uncertainties: 
   r :   +13.814   -10.268/+9.111 (68%)
Set Range of Parameter r To : (-2,100)
Doing initial fit: 

 --- MultiDimFit ---
best fit parameter values and profile-likelihood uncertainties: 
   r :   +18.039   -9.445/+9.390 (68%)
Set Range of Parameter r To : (-2,100)
Doing initial fit: 

 --- MultiDimFit ---
best fit parameter values and profile-likelihood uncertainties: 
   r :   +27.959   -9.684/+8.916 (68%)
Set Range of Parameter r To : (-2,100)
Doing initial fit: 

 --- MultiDimFit ---
best fit parameter values and profile-likelihood uncertainties: 
   r :   +26.025   -10.032/+8.814 (68%)
Set Range of Parameter r To : (-2,100)
Doing initial fit: 

 --- MultiDimFit ---
best fit parameter values and profile-likelihood uncertainties: 
   r :   +24.779   -8.580/+9.290 (68%)
Set Range of Parameter r To : (-2,100)
Doing initial fit: 

 --- MultiDimFit ---
best fit parameter values and profile-likelihood uncertainties: 
   r :    +6.382   -8.382/+10.858 (68%)
Set Range of Parameter r To : (-2,100)
Doing initial fit: 

 --- MultiDimFit ---
best fit parameter values and profile-likelihood uncertainties: 
   r :    +5.544   -7.544/+8.984 (68%)
Set Range of Parameter r To : (-2,100)
Doing initial fit: 

 --- MultiDimFit ---
best fit parameter values and profile-likelihood uncertainties: 
   r :   +14.264   -10.010/+9.038 (68%)
Set Range of Parameter r To : (-2,100)
Doing initial fit: 

 --- MultiDimFit ---
best fit parameter values and profile-likelihood uncertainties: 
   r :   +24.628   -8.752/+9.511 (68%)
Set Range of Parameter r To : (-2,100)
Doing initial fit: 

 --- MultiDimFit ---
best fit parameter values and profile-likelihood uncertainties: 
   r :   +10.780   -10.200/+8.332 (68%)
Set Range of Parameter r To : (-2,100)
Doing initial fit: 

 --- MultiDimFit ---
best fit parameter values and profile-likelihood uncertainties: 
   r :   +15.497   -9.774/+9.077 (68%)
Set Range of Parameter r To : (-2,100)
Doing initial fit: 

 --- MultiDimFit ---
best fit parameter values and profile-likelihood uncertainties: 
   r :   +23.683   -10.770/+9.596 (68%)
Set Range of Parameter r To : (-2,100)
Doing initial fit: 

 --- MultiDimFit ---
best fit parameter values and profile-likelihood uncertainties: 
   r :    +9.001   -10.518/+8.996 (68%)
Set Range of Parameter r To : (-2,100)
Doing initial fit: 

 --- MultiDimFit ---
best fit parameter values and profile-likelihood uncertainties: 
   r :   +31.069   -9.838/+8.955 (68%)
Set Range of Parameter r To : (-2,100)
Doing initial fit: 

 --- MultiDimFit ---
best fit parameter values and profile-likelihood uncertainties: 
   r :   +11.026   -10.309/+9.816 (68%)
Set Range of Parameter r To : (-2,100)
Doing initial fit: 

 --- MultiDimFit ---
best fit parameter values and profile-likelihood uncertainties: 
   r :   +12.542   -9.130/+8.974 (68%)
Set Range of Parameter r To : (-2,100)
Doing initial fit: 

 --- MultiDimFit ---
best fit parameter values and profile-likelihood uncertainties: 
   r :   +26.878   -8.591/+9.622 (68%)
Set Range of Parameter r To : (-2,100)
Doing initial fit: 

 --- MultiDimFit ---
best fit parameter values and profile-likelihood uncertainties: 
   r :   +12.955   -10.809/+11.256 (68%)
Set Range of Parameter r To : (-2,100)
Doing initial fit: 

 --- MultiDimFit ---
best fit parameter values and profile-likelihood uncertainties: 
   r :    +4.835   -6.835/+10.441 (68%)
Set Range of Parameter r To : (-2,100)
Doing initial fit: 

 --- MultiDimFit ---
best fit parameter values and profile-likelihood uncertainties: 
   r :   +18.500   -9.015/+9.520 (68%)
Set Range of Parameter r To : (-2,100)
Doing initial fit: 

 --- MultiDimFit ---
best fit parameter values and profile-likelihood uncertainties: 
   r :   +12.815   -8.997/+9.108 (68%)
Set Range of Parameter r To : (-2,100)
Doing initial fit: 

 --- MultiDimFit ---
best fit parameter values and profile-likelihood uncertainties: 
   r :   +22.605   -10.547/+10.128 (68%)
Set Range of Parameter r To : (-2,100)
Doing initial fit: 

 --- MultiDimFit ---
best fit parameter values and profile-likelihood uncertainties: 
   r :   +12.653   -11.132/+10.631 (68%)
Set Range of Parameter r To : (-2,100)
Doing initial fit: 

 --- MultiDimFit ---
best fit parameter values and profile-likelihood uncertainties: 
   r :    +0.666   -2.666/+8.744 (68%)
Set Range of Parameter r To : (-2,100)
Doing initial fit: 

 --- MultiDimFit ---
best fit parameter values and profile-likelihood uncertainties: 
   r :   +11.299   -10.536/+11.573 (68%)
Set Range of Parameter r To : (-2,100)
Doing initial fit: 

 --- MultiDimFit ---
best fit parameter values and profile-likelihood uncertainties: 
   r :   +12.012   -9.209/+9.494 (68%)
Set Range of Parameter r To : (-2,100)
Doing initial fit: 

 --- MultiDimFit ---
best fit parameter values and profile-likelihood uncertainties: 
   r :   +16.179   -10.684/+10.341 (68%)
Set Range of Parameter r To : (-2,100)
Doing initial fit: 

 --- MultiDimFit ---
best fit parameter values and profile-likelihood uncertainties: 
   r :   +22.345   -8.523/+8.832 (68%)
Set Range of Parameter r To : (-2,100)
Doing initial fit: 

 --- MultiDimFit ---
best fit parameter values and profile-likelihood uncertainties: 
   r :    -1.756   -0.244/+8.960 (68%)
Set Range of Parameter r To : (-2,100)
Doing initial fit: 

 --- MultiDimFit ---
best fit parameter values and profile-likelihood uncertainties: 
   r :    +5.727   -7.727/+8.679 (68%)
Set Range of Parameter r To : (-2,100)
Doing initial fit: 

 --- MultiDimFit ---
best fit parameter values and profile-likelihood uncertainties: 
   r :   +14.148   -9.304/+8.406 (68%)
Set Range of Parameter r To : (-2,100)
Doing initial fit: 

 --- MultiDimFit ---
best fit parameter values and profile-likelihood uncertainties: 
   r :   +13.715   -10.585/+9.652 (68%)
Set Range of Parameter r To : (-2,100)
Doing initial fit: 

 --- MultiDimFit ---
best fit parameter values and profile-likelihood uncertainties: 
   r :   +22.761   -10.371/+8.602 (68%)
Set Range of Parameter r To : (-2,100)
Doing initial fit: 

 --- MultiDimFit ---
best fit parameter values and profile-likelihood uncertainties: 
   r :   +26.099   -10.641/+11.352 (68%)
Set Range of Parameter r To : (-2,100)
Doing initial fit: 

 --- MultiDimFit ---
best fit parameter values and profile-likelihood uncertainties: 
   r :   +37.394   -10.554/+10.401 (68%)
Set Range of Parameter r To : (-2,100)
Doing initial fit: 

 --- MultiDimFit ---
best fit parameter values and profile-likelihood uncertainties: 
   r :   +26.093   -10.634/+10.462 (68%)
Set Range of Parameter r To : (-2,100)
Doing initial fit: 

 --- MultiDimFit ---
best fit parameter values and profile-likelihood uncertainties: 
   r :   +14.122   -10.696/+9.385 (68%)
Set Range of Parameter r To : (-2,100)
Doing initial fit: 

 --- MultiDimFit ---
best fit parameter values and profile-likelihood uncertainties: 
   r :    +8.359   -10.359/+10.949 (68%)
Set Range of Parameter r To : (-2,100)
Doing initial fit: 

 --- MultiDimFit ---
best fit parameter values and profile-likelihood uncertainties: 
 Warning - No valid low-error found, will report difference to minimum of range for : r
   r :    -1.977   -0.023/+10.293 (68%)
Set Range of Parameter r To : (-2,100)
Doing initial fit: 

 --- MultiDimFit ---
best fit parameter values and profile-likelihood uncertainties: 
   r :    -0.519   -1.481/+8.511 (68%)
Set Range of Parameter r To : (-2,100)
Doing initial fit: 

 --- MultiDimFit ---
best fit parameter values and profile-likelihood uncertainties: 
   r :   +17.727   -9.057/+9.322 (68%)
Set Range of Parameter r To : (-2,100)
Doing initial fit: 

 --- MultiDimFit ---
best fit parameter values and profile-likelihood uncertainties: 
   r :   +14.223   -10.748/+9.798 (68%)
Set Range of Parameter r To : (-2,100)
Doing initial fit: 

 --- MultiDimFit ---
best fit parameter values and profile-likelihood uncertainties: 
   r :    +8.489   -10.248/+8.808 (68%)
Set Range of Parameter r To : (-2,100)
Doing initial fit: 

 --- MultiDimFit ---
best fit parameter values and profile-likelihood uncertainties: 
   r :   +20.832   -10.570/+9.294 (68%)
Set Range of Parameter r To : (-2,100)
Doing initial fit: 

 --- MultiDimFit ---
best fit parameter values and profile-likelihood uncertainties: 
   r :   +31.277   -10.619/+9.317 (68%)
Set Range of Parameter r To : (-2,100)
Doing initial fit: 

 --- MultiDimFit ---
best fit parameter values and profile-likelihood uncertainties: 
   r :   +21.491   -11.077/+9.217 (68%)
Set Range of Parameter r To : (-2,100)
Doing initial fit: 

 --- MultiDimFit ---
best fit parameter values and profile-likelihood uncertainties: 
 Warning - No valid low-error found, will report difference to minimum of range for : r
   r :    -2.000   -0.000/+5.195 (68%)
Set Range of Parameter r To : (-2,100)
Doing initial fit: 

 --- MultiDimFit ---
best fit parameter values and profile-likelihood uncertainties: 
   r :   +12.138   -9.100/+9.075 (68%)
Set Range of Parameter r To : (-2,100)
Doing initial fit: 

 --- MultiDimFit ---
best fit parameter values and profile-likelihood uncertainties: 
   r :   +23.269   -10.607/+10.610 (68%)
Set Range of Parameter r To : (-2,100)
Doing initial fit: 

 --- MultiDimFit ---
best fit parameter values and profile-likelihood uncertainties: 
   r :   +12.685   -10.333/+9.600 (68%)
Set Range of Parameter r To : (-2,100)
Doing initial fit: 

 --- MultiDimFit ---
best fit parameter values and profile-likelihood uncertainties: 
   r :    +3.167   -5.167/+9.373 (68%)
Set Range of Parameter r To : (-2,100)
Doing initial fit: 

 --- MultiDimFit ---
best fit parameter values and profile-likelihood uncertainties: 
   r :   +15.332   -9.764/+8.421 (68%)
Set Range of Parameter r To : (-2,100)
Doing initial fit: 

 --- MultiDimFit ---
best fit parameter values and profile-likelihood uncertainties: 
   r :   +24.004   -9.733/+9.049 (68%)
Set Range of Parameter r To : (-2,100)
Doing initial fit: 

 --- MultiDimFit ---
best fit parameter values and profile-likelihood uncertainties: 
   r :   +11.492   -9.899/+8.814 (68%)
Set Range of Parameter r To : (-2,100)
Doing initial fit: 

 --- MultiDimFit ---
best fit parameter values and profile-likelihood uncertainties: 
   r :    +9.795   -10.384/+9.223 (68%)
Set Range of Parameter r To : (-2,100)
Doing initial fit: 

 --- MultiDimFit ---
best fit parameter values and profile-likelihood uncertainties: 
   r :   +23.047   -10.233/+9.022 (68%)
Set Range of Parameter r To : (-2,100)
Doing initial fit: 

 --- MultiDimFit ---
best fit parameter values and profile-likelihood uncertainties: 
   r :   +10.423   -9.335/+8.787 (68%)
Set Range of Parameter r To : (-2,100)
Doing initial fit: 

 --- MultiDimFit ---
best fit parameter values and profile-likelihood uncertainties: 
   r :   +15.528   -9.856/+9.315 (68%)
Set Range of Parameter r To : (-2,100)
Doing initial fit: 

 --- MultiDimFit ---
best fit parameter values and profile-likelihood uncertainties: 
   r :   +15.445   -10.128/+9.105 (68%)
Set Range of Parameter r To : (-2,100)
Doing initial fit: 

 --- MultiDimFit ---
best fit parameter values and profile-likelihood uncertainties: 
   r :   +34.322   -9.684/+9.059 (68%)
Set Range of Parameter r To : (-2,100)
Doing initial fit: 

 --- MultiDimFit ---
best fit parameter values and profile-likelihood uncertainties: 
   r :   +23.305   -10.764/+9.284 (68%)
Set Range of Parameter r To : (-2,100)
Doing initial fit: 

 --- MultiDimFit ---
best fit parameter values and profile-likelihood uncertainties: 
   r :   +13.277   -10.729/+9.896 (68%)
Set Range of Parameter r To : (-2,100)
Doing initial fit: 

 --- MultiDimFit ---
best fit parameter values and profile-likelihood uncertainties: 
   r :   +28.802   -10.675/+11.422 (68%)
Set Range of Parameter r To : (-2,100)
Doing initial fit: 

 --- MultiDimFit ---
best fit parameter values and profile-likelihood uncertainties: 
   r :   +13.875   -10.548/+9.327 (68%)
Set Range of Parameter r To : (-2,100)
Doing initial fit: 

 --- MultiDimFit ---
best fit parameter values and profile-likelihood uncertainties: 
   r :   +23.109   -10.358/+8.984 (68%)
Set Range of Parameter r To : (-2,100)
Doing initial fit: 

 --- MultiDimFit ---
best fit parameter values and profile-likelihood uncertainties: 
   r :   +14.646   -10.036/+8.417 (68%)
Set Range of Parameter r To : (-2,100)
Doing initial fit: 

 --- MultiDimFit ---
best fit parameter values and profile-likelihood uncertainties: 
   r :   +19.300   -9.768/+9.051 (68%)
Set Range of Parameter r To : (-2,100)
Doing initial fit: 

 --- MultiDimFit ---
best fit parameter values and profile-likelihood uncertainties: 
   r :    +8.368   -10.368/+11.138 (68%)
Set Range of Parameter r To : (-2,100)
Doing initial fit: 

 --- MultiDimFit ---
best fit parameter values and profile-likelihood uncertainties: 
   r :   +14.193   -10.806/+9.062 (68%)
Set Range of Parameter r To : (-2,100)
Doing initial fit: 

 --- MultiDimFit ---
best fit parameter values and profile-likelihood uncertainties: 
   r :   +17.994   -9.964/+8.999 (68%)
Set Range of Parameter r To : (-2,100)
Doing initial fit: 

 --- MultiDimFit ---
best fit parameter values and profile-likelihood uncertainties: 
   r :   +17.467   -8.606/+9.349 (68%)
Set Range of Parameter r To : (-2,100)
Doing initial fit: 

 --- MultiDimFit ---
best fit parameter values and profile-likelihood uncertainties: 
   r :   +18.796   -10.769/+9.354 (68%)
Set Range of Parameter r To : (-2,100)
Doing initial fit: 

 --- MultiDimFit ---
best fit parameter values and profile-likelihood uncertainties: 
   r :   +21.581   -10.396/+8.790 (68%)
Set Range of Parameter r To : (-2,100)
Doing initial fit: 

 --- MultiDimFit ---
best fit parameter values and profile-likelihood uncertainties: 
   r :   +22.077   -8.939/+9.822 (68%)
Set Range of Parameter r To : (-2,100)
Doing initial fit: 

 --- MultiDimFit ---
best fit parameter values and profile-likelihood uncertainties: 
   r :    +8.773   -9.294/+8.709 (68%)
Set Range of Parameter r To : (-2,100)
Doing initial fit: 

 --- MultiDimFit ---
best fit parameter values and profile-likelihood uncertainties: 
   r :    +8.229   -9.702/+8.717 (68%)
Set Range of Parameter r To : (-2,100)
Doing initial fit: 

 --- MultiDimFit ---
best fit parameter values and profile-likelihood uncertainties: 
   r :   +15.838   -10.562/+9.989 (68%)
Set Range of Parameter r To : (-2,100)
Doing initial fit: 

 --- MultiDimFit ---
best fit parameter values and profile-likelihood uncertainties: 
   r :   +17.816   -10.438/+9.231 (68%)
Set Range of Parameter r To : (-2,100)
Doing initial fit: 

 --- MultiDimFit ---
best fit parameter values and profile-likelihood uncertainties: 
   r :    +6.336   -8.336/+10.304 (68%)
Set Range of Parameter r To : (-2,100)
Doing initial fit: 

 --- MultiDimFit ---
best fit parameter values and profile-likelihood uncertainties: 
   r :   +10.182   -8.425/+8.428 (68%)
Set Range of Parameter r To : (-2,100)
Doing initial fit: 

 --- MultiDimFit ---
best fit parameter values and profile-likelihood uncertainties: 
   r :   +27.075   -9.928/+8.917 (68%)
Set Range of Parameter r To : (-2,100)
Doing initial fit: 

 --- MultiDimFit ---
best fit parameter values and profile-likelihood uncertainties: 
   r :   +21.968   -11.202/+11.238 (68%)
Set Range of Parameter r To : (-2,100)
Doing initial fit: 

 --- MultiDimFit ---
best fit parameter values and profile-likelihood uncertainties: 
   r :   +22.421   -9.988/+8.943 (68%)
Set Range of Parameter r To : (-2,100)
Doing initial fit: 

 --- MultiDimFit ---
best fit parameter values and profile-likelihood uncertainties: 
   r :    +8.022   -10.022/+10.867 (68%)
Set Range of Parameter r To : (-2,100)
Doing initial fit: 

 --- MultiDimFit ---
best fit parameter values and profile-likelihood uncertainties: 
   r :   +35.997   -10.764/+9.366 (68%)
Set Range of Parameter r To : (-2,100)
Doing initial fit: 

 --- MultiDimFit ---
best fit parameter values and profile-likelihood uncertainties: 
   r :   +24.536   -10.589/+10.726 (68%)
Set Range of Parameter r To : (-2,100)
Doing initial fit: 

 --- MultiDimFit ---
best fit parameter values and profile-likelihood uncertainties: 
   r :   +32.650   -10.069/+9.315 (68%)
Set Range of Parameter r To : (-2,100)
Doing initial fit: 

 --- MultiDimFit ---
best fit parameter values and profile-likelihood uncertainties: 
   r :    +4.971   -6.971/+10.123 (68%)
Set Range of Parameter r To : (-2,100)
Doing initial fit: 

 --- MultiDimFit ---
best fit parameter values and profile-likelihood uncertainties: 
   r :   +17.763   -10.056/+8.984 (68%)
Set Range of Parameter r To : (-2,100)
Doing initial fit: 

 --- MultiDimFit ---
best fit parameter values and profile-likelihood uncertainties: 
   r :   +24.109   -10.541/+10.753 (68%)
Set Range of Parameter r To : (-2,100)
Doing initial fit: 

 --- MultiDimFit ---
best fit parameter values and profile-likelihood uncertainties: 
   r :   +10.523   -9.159/+9.490 (68%)
Set Range of Parameter r To : (-2,100)
Doing initial fit: 

 --- MultiDimFit ---
best fit parameter values and profile-likelihood uncertainties: 
   r :   +21.519   -9.738/+9.154 (68%)
Set Range of Parameter r To : (-2,100)
Doing initial fit: 

 --- MultiDimFit ---
best fit parameter values and profile-likelihood uncertainties: 
   r :   +18.257   -10.597/+9.395 (68%)
Set Range of Parameter r To : (-2,100)
Doing initial fit: 

 --- MultiDimFit ---
best fit parameter values and profile-likelihood uncertainties: 
   r :   +17.785   -8.908/+9.233 (68%)
Set Range of Parameter r To : (-2,100)
Doing initial fit: 

 --- MultiDimFit ---
best fit parameter values and profile-likelihood uncertainties: 
   r :    +8.979   -10.233/+9.597 (68%)
Set Range of Parameter r To : (-2,100)
Doing initial fit: 

 --- MultiDimFit ---
best fit parameter values and profile-likelihood uncertainties: 
   r :    -0.929   -1.071/+10.627 (68%)
Set Range of Parameter r To : (-2,100)
Doing initial fit: 

 --- MultiDimFit ---
best fit parameter values and profile-likelihood uncertainties: 
   r :   +12.087   -10.529/+8.998 (68%)
Set Range of Parameter r To : (-2,100)
Doing initial fit: 

 --- MultiDimFit ---
best fit parameter values and profile-likelihood uncertainties: 
   r :   +15.976   -9.446/+9.109 (68%)
Set Range of Parameter r To : (-2,100)
Doing initial fit: 

 --- MultiDimFit ---
best fit parameter values and profile-likelihood uncertainties: 
   r :   +16.809   -9.524/+8.934 (68%)
Set Range of Parameter r To : (-2,100)
Doing initial fit: 

 --- MultiDimFit ---
best fit parameter values and profile-likelihood uncertainties: 
   r :   +21.473   -9.699/+8.995 (68%)
Set Range of Parameter r To : (-2,100)
Doing initial fit: 

 --- MultiDimFit ---
best fit parameter values and profile-likelihood uncertainties: 
   r :   +27.567   -10.480/+9.191 (68%)
Set Range of Parameter r To : (-2,100)
Doing initial fit: 

 --- MultiDimFit ---
best fit parameter values and profile-likelihood uncertainties: 
   r :    +7.572   -9.572/+10.303 (68%)
Set Range of Parameter r To : (-2,100)
Doing initial fit: 

 

 ---------------------------

 WARNING: MultiDimFit failed

 ---------------------------

 
Set Range of Parameter r To : (-2,100)
Doing initial fit: 

 --- MultiDimFit ---
best fit parameter values and profile-likelihood uncertainties: 
   r :   +19.146   -10.448/+10.918 (68%)
Set Range of Parameter r To : (-2,100)
Doing initial fit: 

 --- MultiDimFit ---
best fit parameter values and profile-likelihood uncertainties: 
   r :   +23.796   -10.592/+10.645 (68%)
Set Range of Parameter r To : (-2,100)
Doing initial fit: 

 --- MultiDimFit ---
best fit parameter values and profile-likelihood uncertainties: 
   r :   +22.525   -10.884/+9.277 (68%)
Set Range of Parameter r To : (-2,100)
Doing initial fit: 

 --- MultiDimFit ---
best fit parameter values and profile-likelihood uncertainties: 
   r :   +17.327   -10.532/+9.480 (68%)
Set Range of Parameter r To : (-2,100)
Doing initial fit: 

 --- MultiDimFit ---
best fit parameter values and profile-likelihood uncertainties: 
   r :   +20.654   -10.895/+9.203 (68%)
Set Range of Parameter r To : (-2,100)
Doing initial fit: 

 --- MultiDimFit ---
best fit parameter values and profile-likelihood uncertainties: 
   r :   +21.263   -10.626/+10.658 (68%)
Set Range of Parameter r To : (-2,100)
Doing initial fit: 

 --- MultiDimFit ---
best fit parameter values and profile-likelihood uncertainties: 
   r :   +12.965   -10.812/+10.218 (68%)
Set Range of Parameter r To : (-2,100)
Doing initial fit: 

 --- MultiDimFit ---
best fit parameter values and profile-likelihood uncertainties: 
   r :    +4.841   -6.841/+8.480 (68%)
Set Range of Parameter r To : (-2,100)
Doing initial fit: 

 --- MultiDimFit ---
best fit parameter values and profile-likelihood uncertainties: 
   r :    +7.273   -9.273/+10.837 (68%)
Set Range of Parameter r To : (-2,100)
Doing initial fit: 

 --- MultiDimFit ---
best fit parameter values and profile-likelihood uncertainties: 
 Warning - No valid low-error found, will report difference to minimum of range for : r
   r :    -2.000   -0.000/+3.248 (68%)
Set Range of Parameter r To : (-2,100)
Doing initial fit: 

 --- MultiDimFit ---
best fit parameter values and profile-likelihood uncertainties: 
   r :    +5.332   -7.332/+8.674 (68%)
Set Range of Parameter r To : (-2,100)
Doing initial fit: 

 --- MultiDimFit ---
best fit parameter values and profile-likelihood uncertainties: 
   r :   +18.890   -8.716/+9.357 (68%)
Set Range of Parameter r To : (-2,100)
Doing initial fit: 

 --- MultiDimFit ---
best fit parameter values and profile-likelihood uncertainties: 
   r :   +18.510   -10.944/+9.466 (68%)
Set Range of Parameter r To : (-2,100)
Doing initial fit: 

 --- MultiDimFit ---
best fit parameter values and profile-likelihood uncertainties: 
   r :   +23.731   -10.467/+9.318 (68%)
Set Range of Parameter r To : (-2,100)
Doing initial fit: 

 --- MultiDimFit ---
best fit parameter values and profile-likelihood uncertainties: 
   r :   +11.367   -10.591/+9.810 (68%)
Set Range of Parameter r To : (-2,100)
Doing initial fit: 

 --- MultiDimFit ---
best fit parameter values and profile-likelihood uncertainties: 
   r :   +19.386   -8.751/+9.314 (68%)
Set Range of Parameter r To : (-2,100)
Doing initial fit: 

 --- MultiDimFit ---
best fit parameter values and profile-likelihood uncertainties: 
   r :   +11.338   -8.879/+9.202 (68%)
Set Range of Parameter r To : (-2,100)
Doing initial fit: 

 --- MultiDimFit ---
best fit parameter values and profile-likelihood uncertainties: 
   r :    +8.378   -9.472/+9.137 (68%)
Set Range of Parameter r To : (-2,100)
Doing initial fit: 

 --- MultiDimFit ---
best fit parameter values and profile-likelihood uncertainties: 
   r :   +31.801   -10.555/+10.420 (68%)
Set Range of Parameter r To : (-2,100)
Doing initial fit: 

 --- MultiDimFit ---
best fit parameter values and profile-likelihood uncertainties: 
   r :   +23.077   -9.575/+8.730 (68%)
Set Range of Parameter r To : (-2,100)
Doing initial fit: 

 --- MultiDimFit ---
best fit parameter values and profile-likelihood uncertainties: 
   r :    +7.670   -9.539/+8.937 (68%)
Set Range of Parameter r To : (-2,100)
Doing initial fit: 

 --- MultiDimFit ---
best fit parameter values and profile-likelihood uncertainties: 
   r :   +14.919   -9.083/+10.011 (68%)
Set Range of Parameter r To : (-2,100)
Doing initial fit: 

 --- MultiDimFit ---
best fit parameter values and profile-likelihood uncertainties: 
   r :   +22.608   -8.929/+9.029 (68%)
Set Range of Parameter r To : (-2,100)
Doing initial fit: 

 --- MultiDimFit ---
best fit parameter values and profile-likelihood uncertainties: 
 Warning - No valid low-error found, will report difference to minimum of range for : r
   r :    -2.000   -0.000/+4.670 (68%)
Set Range of Parameter r To : (-2,100)
Doing initial fit: 

 --- MultiDimFit ---
best fit parameter values and profile-likelihood uncertainties: 
   r :   +36.103   -10.338/+9.045 (68%)
Set Range of Parameter r To : (-2,100)
Doing initial fit: 

 --- MultiDimFit ---
best fit parameter values and profile-likelihood uncertainties: 
   r :    +9.692   -10.226/+9.116 (68%)
Set Range of Parameter r To : (-2,100)
Doing initial fit: 

 --- MultiDimFit ---
best fit parameter values and profile-likelihood uncertainties: 
   r :   +27.146   -11.214/+11.245 (68%)
Set Range of Parameter r To : (-2,100)
Doing initial fit: 

 --- MultiDimFit ---
best fit parameter values and profile-likelihood uncertainties: 
   r :   +21.616   -10.846/+10.834 (68%)
Set Range of Parameter r To : (-2,100)
Doing initial fit: 

 --- MultiDimFit ---
best fit parameter values and profile-likelihood uncertainties: 
   r :   +22.297   -10.539/+9.299 (68%)
Set Range of Parameter r To : (-2,100)
Doing initial fit: 

 --- MultiDimFit ---
best fit parameter values and profile-likelihood uncertainties: 
   r :   +26.122   -11.182/+10.680 (68%)
Set Range of Parameter r To : (-2,100)
Doing initial fit: 

 --- MultiDimFit ---
best fit parameter values and profile-likelihood uncertainties: 
   r :   +11.304   -10.703/+9.476 (68%)
Set Range of Parameter r To : (-2,100)
Doing initial fit: 

 --- MultiDimFit ---
best fit parameter values and profile-likelihood uncertainties: 
   r :   +12.823   -9.955/+8.642 (68%)
Set Range of Parameter r To : (-2,100)
Doing initial fit: 

 --- MultiDimFit ---
best fit parameter values and profile-likelihood uncertainties: 
   r :   +23.421   -11.259/+9.119 (68%)
Set Range of Parameter r To : (-2,100)
Doing initial fit: 

 --- MultiDimFit ---
best fit parameter values and profile-likelihood uncertainties: 
   r :   +20.779   -10.568/+9.159 (68%)
Set Range of Parameter r To : (-2,100)
Doing initial fit: 

 --- MultiDimFit ---
best fit parameter values and profile-likelihood uncertainties: 
   r :   +22.790   -9.933/+8.642 (68%)
Set Range of Parameter r To : (-2,100)
Doing initial fit: 

 --- MultiDimFit ---
best fit parameter values and profile-likelihood uncertainties: 
   r :   +17.728   -10.511/+9.404 (68%)
Set Range of Parameter r To : (-2,100)
Doing initial fit: 

 --- MultiDimFit ---
best fit parameter values and profile-likelihood uncertainties: 
   r :   +27.570   -10.239/+9.011 (68%)
Set Range of Parameter r To : (-2,100)
Doing initial fit: 

 --- MultiDimFit ---
best fit parameter values and profile-likelihood uncertainties: 
   r :   +18.928   -11.609/+10.585 (68%)
Set Range of Parameter r To : (-2,100)
Doing initial fit: 

 --- MultiDimFit ---
best fit parameter values and profile-likelihood uncertainties: 
   r :    +8.434   -10.434/+9.305 (68%)
Set Range of Parameter r To : (-2,100)
Doing initial fit: 

 --- MultiDimFit ---
best fit parameter values and profile-likelihood uncertainties: 
   r :   +40.885   -10.623/+9.959 (68%)
Set Range of Parameter r To : (-2,100)
Doing initial fit: 

 --- MultiDimFit ---
best fit parameter values and profile-likelihood uncertainties: 
   r :   +22.955   -10.585/+9.713 (68%)
Set Range of Parameter r To : (-2,100)
Doing initial fit: 

 --- MultiDimFit ---
best fit parameter values and profile-likelihood uncertainties: 
   r :    +1.439   -3.439/+8.498 (68%)
Set Range of Parameter r To : (-2,100)
Doing initial fit: 

 --- MultiDimFit ---
best fit parameter values and profile-likelihood uncertainties: 
   r :   +20.658   -9.758/+9.259 (68%)
Set Range of Parameter r To : (-2,100)
Doing initial fit: 

 --- MultiDimFit ---
best fit parameter values and profile-likelihood uncertainties: 
   r :   +28.066   -9.496/+8.486 (68%)
Set Range of Parameter r To : (-2,100)
Doing initial fit: 

 --- MultiDimFit ---
best fit parameter values and profile-likelihood uncertainties: 
   r :    -0.767   -1.233/+9.126 (68%)
Set Range of Parameter r To : (-2,100)
Doing initial fit: 

 --- MultiDimFit ---
best fit parameter values and profile-likelihood uncertainties: 
   r :   +34.546   -10.546/+10.598 (68%)
Set Range of Parameter r To : (-2,100)
Doing initial fit: 

 --- MultiDimFit ---
best fit parameter values and profile-likelihood uncertainties: 
   r :    +8.582   -10.582/+9.316 (68%)
Set Range of Parameter r To : (-2,100)
Doing initial fit: 

 --- MultiDimFit ---
best fit parameter values and profile-likelihood uncertainties: 
   r :   +12.237   -10.458/+8.682 (68%)
Set Range of Parameter r To : (-2,100)
Doing initial fit: 

 --- MultiDimFit ---
best fit parameter values and profile-likelihood uncertainties: 
   r :   +12.572   -11.039/+10.824 (68%)
Set Range of Parameter r To : (-2,100)
Doing initial fit: 

 --- MultiDimFit ---
best fit parameter values and profile-likelihood uncertainties: 
 Warning - No valid low-error found, will report difference to minimum of range for : r
   r :    -2.000   -0.000/+5.500 (68%)
Set Range of Parameter r To : (-2,100)
Doing initial fit: 

 --- MultiDimFit ---
best fit parameter values and profile-likelihood uncertainties: 
   r :   +17.987   -9.135/+9.093 (68%)
Set Range of Parameter r To : (-2,100)
Doing initial fit: 

 --- MultiDimFit ---
best fit parameter values and profile-likelihood uncertainties: 
   r :   +28.483   -10.807/+10.931 (68%)
Set Range of Parameter r To : (-2,100)
Doing initial fit: 

 --- MultiDimFit ---
best fit parameter values and profile-likelihood uncertainties: 
   r :    +9.548   -10.326/+8.833 (68%)
Set Range of Parameter r To : (-2,100)
Doing initial fit: 

 --- MultiDimFit ---
best fit parameter values and profile-likelihood uncertainties: 
   r :    +2.797   -4.797/+8.664 (68%)
Set Range of Parameter r To : (-2,100)
Doing initial fit: 

 --- MultiDimFit ---
best fit parameter values and profile-likelihood uncertainties: 
   r :   +23.380   -10.704/+9.843 (68%)
Set Range of Parameter r To : (-2,100)
Doing initial fit: 

 --- MultiDimFit ---
best fit parameter values and profile-likelihood uncertainties: 
   r :   +15.336   -8.831/+9.493 (68%)
Set Range of Parameter r To : (-2,100)
Doing initial fit: 

 --- MultiDimFit ---
best fit parameter values and profile-likelihood uncertainties: 
   r :    +3.374   -5.374/+10.388 (68%)
Set Range of Parameter r To : (-2,100)
Doing initial fit: 

 --- MultiDimFit ---
best fit parameter values and profile-likelihood uncertainties: 
   r :   +37.946   -10.678/+10.510 (68%)
Set Range of Parameter r To : (-2,100)
Doing initial fit: 

 --- MultiDimFit ---
best fit parameter values and profile-likelihood uncertainties: 
   r :   +15.949   -9.830/+8.860 (68%)
Set Range of Parameter r To : (-2,100)
Doing initial fit: 

 --- MultiDimFit ---
best fit parameter values and profile-likelihood uncertainties: 
   r :   +13.449   -10.431/+9.064 (68%)
Set Range of Parameter r To : (-2,100)
Doing initial fit: 

 --- MultiDimFit ---
best fit parameter values and profile-likelihood uncertainties: 
   r :   +29.003   -10.552/+11.053 (68%)
Set Range of Parameter r To : (-2,100)
Doing initial fit: 

 --- MultiDimFit ---
best fit parameter values and profile-likelihood uncertainties: 
   r :   +29.807   -9.581/+8.967 (68%)
Set Range of Parameter r To : (-2,100)
Doing initial fit: 

 --- MultiDimFit ---
best fit parameter values and profile-likelihood uncertainties: 
   r :    +9.317   -11.169/+9.074 (68%)
Set Range of Parameter r To : (-2,100)
Doing initial fit: 

 --- MultiDimFit ---
best fit parameter values and profile-likelihood uncertainties: 
   r :    +7.611   -9.354/+9.111 (68%)
Set Range of Parameter r To : (-2,100)
Doing initial fit: 

 --- MultiDimFit ---
best fit parameter values and profile-likelihood uncertainties: 
   r :   +31.732   -9.322/+9.276 (68%)
Set Range of Parameter r To : (-2,100)
Doing initial fit: 

 --- MultiDimFit ---
best fit parameter values and profile-likelihood uncertainties: 
   r :   +32.775   -9.187/+8.847 (68%)
Set Range of Parameter r To : (-2,100)
Doing initial fit: 

 --- MultiDimFit ---
best fit parameter values and profile-likelihood uncertainties: 
   r :    -1.501   -0.499/+9.994 (68%)
Set Range of Parameter r To : (-2,100)
Doing initial fit: 

 --- MultiDimFit ---
best fit parameter values and profile-likelihood uncertainties: 
   r :   +10.317   -9.343/+9.183 (68%)
Set Range of Parameter r To : (-2,100)
Doing initial fit: 

 --- MultiDimFit ---
best fit parameter values and profile-likelihood uncertainties: 
   r :   +15.637   -8.590/+9.135 (68%)
Set Range of Parameter r To : (-2,100)
Doing initial fit: 

 --- MultiDimFit ---
best fit parameter values and profile-likelihood uncertainties: 
   r :   +12.196   -10.004/+9.015 (68%)
Set Range of Parameter r To : (-2,100)
Doing initial fit: 

 --- MultiDimFit ---
best fit parameter values and profile-likelihood uncertainties: 
   r :   +31.183   -10.970/+10.199 (68%)
Set Range of Parameter r To : (-2,100)
Doing initial fit: 

 --- MultiDimFit ---
best fit parameter values and profile-likelihood uncertainties: 
   r :   +18.567   -10.279/+8.698 (68%)
Set Range of Parameter r To : (-2,100)
Doing initial fit: 

 --- MultiDimFit ---
best fit parameter values and profile-likelihood uncertainties: 
   r :   +13.055   -10.704/+10.407 (68%)
Set Range of Parameter r To : (-2,100)
Doing initial fit: 

 --- MultiDimFit ---
best fit parameter values and profile-likelihood uncertainties: 
   r :   +10.128   -10.883/+8.772 (68%)
Set Range of Parameter r To : (-2,100)
Doing initial fit: 

 --- MultiDimFit ---
best fit parameter values and profile-likelihood uncertainties: 
   r :    +1.784   -3.784/+8.564 (68%)
Set Range of Parameter r To : (-2,100)
Doing initial fit: 

 --- MultiDimFit ---
best fit parameter values and profile-likelihood uncertainties: 
   r :   +17.122   -10.273/+8.838 (68%)
Set Range of Parameter r To : (-2,100)
Doing initial fit: 

 --- MultiDimFit ---
best fit parameter values and profile-likelihood uncertainties: 
   r :    +9.839   -9.196/+8.830 (68%)
Set Range of Parameter r To : (-2,100)
Doing initial fit: 

 --- MultiDimFit ---
best fit parameter values and profile-likelihood uncertainties: 
   r :    +0.763   -2.763/+9.167 (68%)
Set Range of Parameter r To : (-2,100)
Doing initial fit: 

 --- MultiDimFit ---
best fit parameter values and profile-likelihood uncertainties: 
   r :    +3.673   -5.673/+8.652 (68%)
Set Range of Parameter r To : (-2,100)
Doing initial fit: 

 --- MultiDimFit ---
best fit parameter values and profile-likelihood uncertainties: 
   r :   +10.503   -10.673/+9.137 (68%)
Set Range of Parameter r To : (-2,100)
Doing initial fit: 

 --- MultiDimFit ---
best fit parameter values and profile-likelihood uncertainties: 
   r :   +32.242   -10.755/+9.399 (68%)
Set Range of Parameter r To : (-2,100)
Doing initial fit: 

 --- MultiDimFit ---
best fit parameter values and profile-likelihood uncertainties: 
   r :   +34.427   -10.156/+9.159 (68%)
Set Range of Parameter r To : (-2,100)
Doing initial fit: 

 --- MultiDimFit ---
best fit parameter values and profile-likelihood uncertainties: 
   r :    +9.724   -11.222/+9.189 (68%)
Set Range of Parameter r To : (-2,100)
Doing initial fit: 

 --- MultiDimFit ---
best fit parameter values and profile-likelihood uncertainties: 
   r :   +10.095   -10.337/+10.687 (68%)
Set Range of Parameter r To : (-2,100)
Doing initial fit: 

 --- MultiDimFit ---
best fit parameter values and profile-likelihood uncertainties: 
   r :    +2.442   -4.442/+9.322 (68%)
Set Range of Parameter r To : (-2,100)
Doing initial fit: 

 --- MultiDimFit ---
best fit parameter values and profile-likelihood uncertainties: 
   r :   +10.460   -10.929/+11.466 (68%)
Set Range of Parameter r To : (-2,100)
Doing initial fit: 

 --- MultiDimFit ---
best fit parameter values and profile-likelihood uncertainties: 
   r :   +28.520   -8.996/+9.139 (68%)
Set Range of Parameter r To : (-2,100)
Doing initial fit: 

 --- MultiDimFit ---
best fit parameter values and profile-likelihood uncertainties: 
   r :    -0.734   -1.266/+10.617 (68%)
Set Range of Parameter r To : (-2,100)
Doing initial fit: 

 --- MultiDimFit ---
best fit parameter values and profile-likelihood uncertainties: 
   r :    +2.104   -4.104/+8.700 (68%)
Set Range of Parameter r To : (-2,100)
Doing initial fit: 

 --- MultiDimFit ---
best fit parameter values and profile-likelihood uncertainties: 
   r :   +17.702   -10.181/+9.077 (68%)
Set Range of Parameter r To : (-2,100)
Doing initial fit: 

 --- MultiDimFit ---
best fit parameter values and profile-likelihood uncertainties: 
   r :   +35.248   -10.503/+8.979 (68%)
Set Range of Parameter r To : (-2,100)
Doing initial fit: 

 --- MultiDimFit ---
best fit parameter values and profile-likelihood uncertainties: 
   r :   +16.121   -9.715/+8.969 (68%)
Set Range of Parameter r To : (-2,100)
Doing initial fit: 

 --- MultiDimFit ---
best fit parameter values and profile-likelihood uncertainties: 
   r :    +2.782   -4.782/+8.629 (68%)
Set Range of Parameter r To : (-2,100)
Doing initial fit: 

 --- MultiDimFit ---
best fit parameter values and profile-likelihood uncertainties: 
   r :   +16.463   -9.997/+8.969 (68%)
Set Range of Parameter r To : (-2,100)
Doing initial fit: 

 --- MultiDimFit ---
best fit parameter values and profile-likelihood uncertainties: 
   r :   +17.271   -9.062/+9.146 (68%)
Set Range of Parameter r To : (-2,100)
Doing initial fit: 

 --- MultiDimFit ---
best fit parameter values and profile-likelihood uncertainties: 
   r :    +1.318   -3.318/+9.090 (68%)
Set Range of Parameter r To : (-2,100)
Doing initial fit: 

 --- MultiDimFit ---
best fit parameter values and profile-likelihood uncertainties: 
   r :   +33.658   -10.632/+9.460 (68%)
Set Range of Parameter r To : (-2,100)
Doing initial fit: 

 --- MultiDimFit ---
best fit parameter values and profile-likelihood uncertainties: 
   r :   +12.012   -10.374/+9.237 (68%)
Set Range of Parameter r To : (-2,100)
Doing initial fit: 

 --- MultiDimFit ---
best fit parameter values and profile-likelihood uncertainties: 
   r :   +31.600   -8.925/+9.171 (68%)
Set Range of Parameter r To : (-2,100)
Doing initial fit: 

 --- MultiDimFit ---
best fit parameter values and profile-likelihood uncertainties: 
   r :   +19.290   -10.783/+12.897 (68%)
Set Range of Parameter r To : (-2,100)
Doing initial fit: 

 --- MultiDimFit ---
best fit parameter values and profile-likelihood uncertainties: 
   r :   +28.040   -9.803/+8.745 (68%)
Set Range of Parameter r To : (-2,100)
Doing initial fit: 

 --- MultiDimFit ---
best fit parameter values and profile-likelihood uncertainties: 
   r :   +13.866   -9.475/+8.649 (68%)
Set Range of Parameter r To : (-2,100)
Doing initial fit: 

 --- MultiDimFit ---
best fit parameter values and profile-likelihood uncertainties: 
   r :   +14.087   -10.483/+9.536 (68%)
Set Range of Parameter r To : (-2,100)
Doing initial fit: 

 --- MultiDimFit ---
best fit parameter values and profile-likelihood uncertainties: 
   r :   +17.182   -10.680/+11.449 (68%)
Set Range of Parameter r To : (-2,100)
Doing initial fit: 

 --- MultiDimFit ---
best fit parameter values and profile-likelihood uncertainties: 
   r :   +10.685   -9.041/+8.524 (68%)
Set Range of Parameter r To : (-2,100)
Doing initial fit: 

 --- MultiDimFit ---
best fit parameter values and profile-likelihood uncertainties: 
   r :   +13.102   -10.769/+9.549 (68%)
Set Range of Parameter r To : (-2,100)
Doing initial fit: 

 --- MultiDimFit ---
best fit parameter values and profile-likelihood uncertainties: 
   r :   +26.319   -9.066/+8.892 (68%)
Set Range of Parameter r To : (-2,100)
Doing initial fit: 

 --- MultiDimFit ---
best fit parameter values and profile-likelihood uncertainties: 
   r :   +13.599   -9.622/+8.834 (68%)
Set Range of Parameter r To : (-2,100)
Doing initial fit: 

 --- MultiDimFit ---
best fit parameter values and profile-likelihood uncertainties: 
   r :   +25.793   -9.439/+8.875 (68%)
Set Range of Parameter r To : (-2,100)
Doing initial fit: 

 --- MultiDimFit ---
best fit parameter values and profile-likelihood uncertainties: 
   r :    +3.184   -5.184/+9.583 (68%)
Set Range of Parameter r To : (-2,100)
Doing initial fit: 

 --- MultiDimFit ---
best fit parameter values and profile-likelihood uncertainties: 
   r :   +28.665   -9.869/+8.636 (68%)
Set Range of Parameter r To : (-2,100)
Doing initial fit: 

 --- MultiDimFit ---
best fit parameter values and profile-likelihood uncertainties: 
   r :   +23.069   -10.789/+10.314 (68%)
Set Range of Parameter r To : (-2,100)
Doing initial fit: 

 --- MultiDimFit ---
best fit parameter values and profile-likelihood uncertainties: 
   r :    +5.597   -7.597/+10.324 (68%)
Set Range of Parameter r To : (-2,100)
Doing initial fit: 

 --- MultiDimFit ---
best fit parameter values and profile-likelihood uncertainties: 
   r :    +9.441   -11.441/+9.635 (68%)
Set Range of Parameter r To : (-2,100)
Doing initial fit: 

 --- MultiDimFit ---
best fit parameter values and profile-likelihood uncertainties: 
   r :    +9.965   -9.757/+8.356 (68%)
Set Range of Parameter r To : (-2,100)
Doing initial fit: 

 --- MultiDimFit ---
best fit parameter values and profile-likelihood uncertainties: 
   r :    +4.103   -6.103/+8.875 (68%)
Set Range of Parameter r To : (-2,100)
Doing initial fit: 

 --- MultiDimFit ---
best fit parameter values and profile-likelihood uncertainties: 
   r :   +15.581   -11.306/+10.805 (68%)
Set Range of Parameter r To : (-2,100)
Doing initial fit: 

 --- MultiDimFit ---
best fit parameter values and profile-likelihood uncertainties: 
   r :   +25.362   -10.402/+9.905 (68%)
Set Range of Parameter r To : (-2,100)
Doing initial fit: 

 --- MultiDimFit ---
best fit parameter values and profile-likelihood uncertainties: 
   r :   +10.332   -9.742/+8.538 (68%)
Set Range of Parameter r To : (-2,100)
Doing initial fit: 

 --- MultiDimFit ---
best fit parameter values and profile-likelihood uncertainties: 
   r :    +8.672   -10.658/+10.538 (68%)
Set Range of Parameter r To : (-2,100)
Doing initial fit: 

 --- MultiDimFit ---
best fit parameter values and profile-likelihood uncertainties: 
   r :   +11.792   -9.556/+8.516 (68%)
Set Range of Parameter r To : (-2,100)
Doing initial fit: 

 --- MultiDimFit ---
best fit parameter values and profile-likelihood uncertainties: 
   r :    +4.623   -6.623/+9.821 (68%)
Set Range of Parameter r To : (-2,100)
Doing initial fit: 

 --- MultiDimFit ---
best fit parameter values and profile-likelihood uncertainties: 
   r :   +29.294   -10.614/+9.632 (68%)
Set Range of Parameter r To : (-2,100)
Doing initial fit: 

 --- MultiDimFit ---
best fit parameter values and profile-likelihood uncertainties: 
   r :   +10.887   -10.408/+10.862 (68%)
Set Range of Parameter r To : (-2,100)
Doing initial fit: 

 --- MultiDimFit ---
best fit parameter values and profile-likelihood uncertainties: 
   r :   +13.612   -9.881/+8.995 (68%)
Set Range of Parameter r To : (-2,100)
Doing initial fit: 

 --- MultiDimFit ---
best fit parameter values and profile-likelihood uncertainties: 
   r :   +17.010   -9.956/+8.856 (68%)
Set Range of Parameter r To : (-2,100)
Doing initial fit: 

 --- MultiDimFit ---
best fit parameter values and profile-likelihood uncertainties: 
   r :   +10.089   -10.505/+9.157 (68%)
Set Range of Parameter r To : (-2,100)
Doing initial fit: 

 --- MultiDimFit ---
best fit parameter values and profile-likelihood uncertainties: 
   r :   +20.259   -10.495/+10.137 (68%)
Set Range of Parameter r To : (-2,100)
Doing initial fit: 

 --- MultiDimFit ---
best fit parameter values and profile-likelihood uncertainties: 
   r :    +4.672   -6.672/+8.980 (68%)
Set Range of Parameter r To : (-2,100)
Doing initial fit: 

 --- MultiDimFit ---
best fit parameter values and profile-likelihood uncertainties: 
   r :    +0.413   -2.413/+9.267 (68%)
Set Range of Parameter r To : (-2,100)
Doing initial fit: 

 --- MultiDimFit ---
best fit parameter values and profile-likelihood uncertainties: 
 Warning - No valid low-error found, will report difference to minimum of range for : r
   r :    -2.000   -0.000/+5.932 (68%)
Set Range of Parameter r To : (-2,100)
Doing initial fit: 

 --- MultiDimFit ---
best fit parameter values and profile-likelihood uncertainties: 
   r :   +31.458   -10.462/+9.208 (68%)
Set Range of Parameter r To : (-2,100)
Doing initial fit: 

 --- MultiDimFit ---
best fit parameter values and profile-likelihood uncertainties: 
   r :    +4.917   -6.917/+9.251 (68%)
Set Range of Parameter r To : (-2,100)
Doing initial fit: 

 --- MultiDimFit ---
best fit parameter values and profile-likelihood uncertainties: 
   r :    +7.412   -9.412/+9.542 (68%)
Set Range of Parameter r To : (-2,100)
Doing initial fit: 

 --- MultiDimFit ---
best fit parameter values and profile-likelihood uncertainties: 
   r :    +5.614   -7.614/+8.641 (68%)
Set Range of Parameter r To : (-2,100)
Doing initial fit: 

 --- MultiDimFit ---
best fit parameter values and profile-likelihood uncertainties: 
   r :   +19.611   -10.881/+10.907 (68%)
Set Range of Parameter r To : (-2,100)
Doing initial fit: 

 --- MultiDimFit ---
best fit parameter values and profile-likelihood uncertainties: 
   r :   +23.264   -11.085/+10.987 (68%)
Set Range of Parameter r To : (-2,100)
Doing initial fit: 

 --- MultiDimFit ---
best fit parameter values and profile-likelihood uncertainties: 
   r :   +11.472   -10.834/+11.930 (68%)
Set Range of Parameter r To : (-2,100)
Doing initial fit: 

 --- MultiDimFit ---
best fit parameter values and profile-likelihood uncertainties: 
   r :   +16.208   -10.122/+9.132 (68%)
Set Range of Parameter r To : (-2,100)
Doing initial fit: 

 --- MultiDimFit ---
best fit parameter values and profile-likelihood uncertainties: 
   r :   +27.799   -10.746/+9.274 (68%)
Set Range of Parameter r To : (-2,100)
Doing initial fit: 

 --- MultiDimFit ---
best fit parameter values and profile-likelihood uncertainties: 
   r :   +17.178   -10.571/+9.412 (68%)
Set Range of Parameter r To : (-2,100)
Doing initial fit: 

 --- MultiDimFit ---
best fit parameter values and profile-likelihood uncertainties: 
   r :   +15.468   -10.182/+8.924 (68%)
Set Range of Parameter r To : (-2,100)
Doing initial fit: 

 --- MultiDimFit ---
best fit parameter values and profile-likelihood uncertainties: 
   r :    +0.334   -2.334/+10.410 (68%)
Set Range of Parameter r To : (-2,100)
Doing initial fit: 

 --- MultiDimFit ---
best fit parameter values and profile-likelihood uncertainties: 
   r :    +9.038   -9.470/+8.631 (68%)
Set Range of Parameter r To : (-2,100)
Doing initial fit: 

 --- MultiDimFit ---
best fit parameter values and profile-likelihood uncertainties: 
   r :   +13.307   -9.187/+8.343 (68%)
Set Range of Parameter r To : (-2,100)
Doing initial fit: 

 --- MultiDimFit ---
best fit parameter values and profile-likelihood uncertainties: 
   r :   +10.755   -9.202/+8.766 (68%)
Set Range of Parameter r To : (-2,100)
Doing initial fit: 

 --- MultiDimFit ---
best fit parameter values and profile-likelihood uncertainties: 
   r :   +18.367   -8.926/+8.861 (68%)
Set Range of Parameter r To : (-2,100)
Doing initial fit: 

 --- MultiDimFit ---
best fit parameter values and profile-likelihood uncertainties: 
   r :   +28.450   -8.827/+9.223 (68%)
Set Range of Parameter r To : (-2,100)
Doing initial fit: 

 --- MultiDimFit ---
best fit parameter values and profile-likelihood uncertainties: 
   r :   +23.754   -9.627/+8.909 (68%)
Set Range of Parameter r To : (-2,100)
Doing initial fit: 

 --- MultiDimFit ---
best fit parameter values and profile-likelihood uncertainties: 
   r :    +7.620   -9.620/+8.683 (68%)
Set Range of Parameter r To : (-2,100)
Doing initial fit: 

 --- MultiDimFit ---
best fit parameter values and profile-likelihood uncertainties: 
   r :    +3.307   -5.307/+9.790 (68%)
Set Range of Parameter r To : (-2,100)
Doing initial fit: 

 --- MultiDimFit ---
best fit parameter values and profile-likelihood uncertainties: 
   r :    +5.482   -7.482/+10.349 (68%)
Set Range of Parameter r To : (-2,100)
Doing initial fit: 

 --- MultiDimFit ---
best fit parameter values and profile-likelihood uncertainties: 
 Warning - No valid low-error found, will report difference to minimum of range for : r
   r :    -1.997   -0.003/+7.525 (68%)
Set Range of Parameter r To : (-2,100)
Doing initial fit: 

 --- MultiDimFit ---
best fit parameter values and profile-likelihood uncertainties: 
   r :    +3.257   -5.257/+8.924 (68%)
Set Range of Parameter r To : (-2,100)
Doing initial fit: 

 --- MultiDimFit ---
best fit parameter values and profile-likelihood uncertainties: 
   r :   +22.555   -9.783/+9.138 (68%)
Set Range of Parameter r To : (-2,100)
Doing initial fit: 

 --- MultiDimFit ---
best fit parameter values and profile-likelihood uncertainties: 
   r :   +17.153   -10.806/+11.414 (68%)
Set Range of Parameter r To : (-2,100)
Doing initial fit: 

 --- MultiDimFit ---
best fit parameter values and profile-likelihood uncertainties: 
   r :   +21.901   -10.717/+9.624 (68%)
Set Range of Parameter r To : (-2,100)
Doing initial fit: 

 --- MultiDimFit ---
best fit parameter values and profile-likelihood uncertainties: 
   r :   +16.771   -9.365/+9.369 (68%)
Set Range of Parameter r To : (-2,100)
Doing initial fit: 

 --- MultiDimFit ---
best fit parameter values and profile-likelihood uncertainties: 
   r :    +2.873   -4.873/+8.305 (68%)
Set Range of Parameter r To : (-2,100)
Doing initial fit: 

 --- MultiDimFit ---
best fit parameter values and profile-likelihood uncertainties: 
   r :   +18.527   -9.514/+8.488 (68%)
Set Range of Parameter r To : (-2,100)
Doing initial fit: 

 --- MultiDimFit ---
best fit parameter values and profile-likelihood uncertainties: 
   r :    +9.497   -9.701/+8.740 (68%)
Set Range of Parameter r To : (-2,100)
Doing initial fit: 

 --- MultiDimFit ---
best fit parameter values and profile-likelihood uncertainties: 
   r :   +15.281   -9.754/+8.940 (68%)
Set Range of Parameter r To : (-2,100)
Doing initial fit: 

 --- MultiDimFit ---
best fit parameter values and profile-likelihood uncertainties: 
   r :   +19.328   -8.693/+9.144 (68%)
Set Range of Parameter r To : (-2,100)
Doing initial fit: 

 --- MultiDimFit ---
best fit parameter values and profile-likelihood uncertainties: 
   r :    +4.219   -6.219/+9.378 (68%)
Set Range of Parameter r To : (-2,100)
Doing initial fit: 

 --- MultiDimFit ---
best fit parameter values and profile-likelihood uncertainties: 
   r :   +36.989   -11.035/+10.587 (68%)
Set Range of Parameter r To : (-2,100)
Doing initial fit: 

 --- MultiDimFit ---
best fit parameter values and profile-likelihood uncertainties: 
   r :    +8.551   -10.196/+8.915 (68%)
Set Range of Parameter r To : (-2,100)
Doing initial fit: 

 --- MultiDimFit ---
best fit parameter values and profile-likelihood uncertainties: 
   r :   +16.964   -10.665/+9.228 (68%)
Set Range of Parameter r To : (-2,100)
Doing initial fit: 

 --- MultiDimFit ---
best fit parameter values and profile-likelihood uncertainties: 
   r :   +23.539   -10.264/+8.872 (68%)
Set Range of Parameter r To : (-2,100)
Doing initial fit: 

 --- MultiDimFit ---
best fit parameter values and profile-likelihood uncertainties: 
   r :   +32.335   -10.571/+10.991 (68%)
Set Range of Parameter r To : (-2,100)
Doing initial fit: 

 --- MultiDimFit ---
best fit parameter values and profile-likelihood uncertainties: 
   r :   +35.901   -10.586/+9.948 (68%)
Set Range of Parameter r To : (-2,100)
Doing initial fit: 

 --- MultiDimFit ---
best fit parameter values and profile-likelihood uncertainties: 
   r :   +24.787   -8.863/+8.803 (68%)
Set Range of Parameter r To : (-2,100)
Doing initial fit: 

 --- MultiDimFit ---
best fit parameter values and profile-likelihood uncertainties: 
   r :    +7.883   -8.750/+9.260 (68%)
Set Range of Parameter r To : (-2,100)
Doing initial fit: 

 --- MultiDimFit ---
best fit parameter values and profile-likelihood uncertainties: 
   r :    +2.756   -4.756/+8.391 (68%)
Set Range of Parameter r To : (-2,100)
Doing initial fit: 

 --- MultiDimFit ---
best fit parameter values and profile-likelihood uncertainties: 
   r :   +14.679   -10.606/+10.239 (68%)
Set Range of Parameter r To : (-2,100)
Doing initial fit: 

 --- MultiDimFit ---
best fit parameter values and profile-likelihood uncertainties: 
   r :    +5.039   -7.039/+8.832 (68%)
Set Range of Parameter r To : (-2,100)
Doing initial fit: 

 --- MultiDimFit ---
best fit parameter values and profile-likelihood uncertainties: 
   r :   +15.522   -10.552/+10.475 (68%)
Set Range of Parameter r To : (-2,100)
Doing initial fit: 

 --- MultiDimFit ---
best fit parameter values and profile-likelihood uncertainties: 
   r :   +29.575   -11.014/+11.057 (68%)
Set Range of Parameter r To : (-2,100)
Doing initial fit: 

 --- MultiDimFit ---
best fit parameter values and profile-likelihood uncertainties: 
   r :   +28.910   -10.579/+9.046 (68%)
Set Range of Parameter r To : (-2,100)
Doing initial fit: 

 --- MultiDimFit ---
best fit parameter values and profile-likelihood uncertainties: 
   r :    +3.313   -5.313/+9.145 (68%)
Set Range of Parameter r To : (-2,100)
Doing initial fit: 

 --- MultiDimFit ---
best fit parameter values and profile-likelihood uncertainties: 
   r :   +13.312   -8.854/+8.794 (68%)
Set Range of Parameter r To : (-2,100)
Doing initial fit: 

 --- MultiDimFit ---
best fit parameter values and profile-likelihood uncertainties: 
   r :   +10.590   -10.024/+8.917 (68%)
Set Range of Parameter r To : (-2,100)
Doing initial fit: 

 --- MultiDimFit ---
best fit parameter values and profile-likelihood uncertainties: 
 Warning - No valid low-error found, will report difference to minimum of range for : r
   r :    -2.000   -0.000/+7.393 (68%)
Set Range of Parameter r To : (-2,100)
Doing initial fit: 

 --- MultiDimFit ---
best fit parameter values and profile-likelihood uncertainties: 
   r :   +16.939   -8.877/+8.510 (68%)
Set Range of Parameter r To : (-2,100)
Doing initial fit: 

 --- MultiDimFit ---
best fit parameter values and profile-likelihood uncertainties: 
   r :   +19.725   -10.059/+8.902 (68%)
Set Range of Parameter r To : (-2,100)
Doing initial fit: 

 --- MultiDimFit ---
best fit parameter values and profile-likelihood uncertainties: 
   r :   +23.627   -10.620/+10.667 (68%)
mean   expected limit: r < 3.85042e-316 +/- 0 @ 95%CL (500 toyMC)
median expected limit: r < 3.85042e-316 @ 95%CL (500 toyMC)
   68% expected band : 3.85042e-316 < r < 3.85042e-316
   95% expected band : 3.85042e-316 < r < 3.85042e-316
