 <<< Combine >>> 
 <<< v11.0.0 >>>
>>> Random number generator seed is 123456
>>> Method used is MultiDimFit
Set Range of Parameter r To : (-2,100)
Set Default Value of Parameter r To : 0
Set Range of Parameter r To : (-2,100)
Doing initial fit: 

 --- MultiDimFit ---
best fit parameter values and profile-likelihood uncertainties: 
   r :    +0.800   -0.538/+0.612 (68%)
Set Range of Parameter r To : (-2,100)
Doing initial fit: 

 --- MultiDimFit ---
best fit parameter values and profile-likelihood uncertainties: 
   r :    -0.132   -0.459/+0.453 (68%)
Set Range of Parameter r To : (-2,100)
Doing initial fit: 

 --- MultiDimFit ---
best fit parameter values and profile-likelihood uncertainties: 
   r :    -0.486   -0.413/+0.420 (68%)
Set Range of Parameter r To : (-2,100)
Doing initial fit: 

 --- MultiDimFit ---
best fit parameter values and profile-likelihood uncertainties: 
   r :    +0.174   -0.511/+0.507 (68%)
Set Range of Parameter r To : (-2,100)
Doing initial fit: 

 --- MultiDimFit ---
best fit parameter values and profile-likelihood uncertainties: 
   r :    -0.183   -0.494/+0.538 (68%)
Set Range of Parameter r To : (-2,100)
Doing initial fit: 

 --- MultiDimFit ---
best fit parameter values and profile-likelihood uncertainties: 
   r :    +0.607   -0.492/+0.497 (68%)
Set Range of Parameter r To : (-2,100)
Doing initial fit: 

 --- MultiDimFit ---
best fit parameter values and profile-likelihood uncertainties: 
   r :    -0.171   -0.521/+0.563 (68%)
Set Range of Parameter r To : (-2,100)
Doing initial fit: 

 --- MultiDimFit ---
best fit parameter values and profile-likelihood uncertainties: 
   r :    +0.292   -0.523/+0.544 (68%)
Set Range of Parameter r To : (-2,100)
Doing initial fit: 

 --- MultiDimFit ---
best fit parameter values and profile-likelihood uncertainties: 
   r :    +0.447   -0.457/+0.472 (68%)
Set Range of Parameter r To : (-2,100)
Doing initial fit: 

 --- MultiDimFit ---
best fit parameter values and profile-likelihood uncertainties: 
   r :    -0.565   -0.747/+0.443 (68%)
Set Range of Parameter r To : (-2,100)
Doing initial fit: 

 --- MultiDimFit ---
best fit parameter values and profile-likelihood uncertainties: 
   r :    -0.154   -0.488/+0.471 (68%)
Set Range of Parameter r To : (-2,100)
Doing initial fit: 

 

 ---------------------------

 WARNING: MultiDimFit failed

 ---------------------------

 
Set Range of Parameter r To : (-2,100)
Doing initial fit: 

 --- MultiDimFit ---
best fit parameter values and profile-likelihood uncertainties: 
   r :    +0.256   -0.507/+0.579 (68%)
Set Range of Parameter r To : (-2,100)
Doing initial fit: 

 --- MultiDimFit ---
best fit parameter values and profile-likelihood uncertainties: 
   r :    +0.002   -0.553/+0.493 (68%)
Set Range of Parameter r To : (-2,100)
Doing initial fit: 

 --- MultiDimFit ---
best fit parameter values and profile-likelihood uncertainties: 
   r :    -0.828   -0.465/+0.552 (68%)
Set Range of Parameter r To : (-2,100)
Doing initial fit: 

 --- MultiDimFit ---
best fit parameter values and profile-likelihood uncertainties: 
   r :    -1.046   -0.442/+0.428 (68%)
Set Range of Parameter r To : (-2,100)
Doing initial fit: 

 --- MultiDimFit ---
best fit parameter values and profile-likelihood uncertainties: 
   r :    +0.345   -0.510/+0.505 (68%)
Set Range of Parameter r To : (-2,100)
Doing initial fit: 

 --- MultiDimFit ---
best fit parameter values and profile-likelihood uncertainties: 
   r :    +0.511   -0.501/+0.496 (68%)
Set Range of Parameter r To : (-2,100)
Doing initial fit: 

 --- MultiDimFit ---
best fit parameter values and profile-likelihood uncertainties: 
   r :    -0.559   -0.444/+0.435 (68%)
Set Range of Parameter r To : (-2,100)
Doing initial fit: 

 --- MultiDimFit ---
best fit parameter values and profile-likelihood uncertainties: 
   r :    -0.004   -0.538/+0.565 (68%)
Set Range of Parameter r To : (-2,100)
Doing initial fit: 

 --- MultiDimFit ---
best fit parameter values and profile-likelihood uncertainties: 
   r :    +0.543   -0.460/+0.478 (68%)
Set Range of Parameter r To : (-2,100)
Doing initial fit: 

 --- MultiDimFit ---
best fit parameter values and profile-likelihood uncertainties: 
   r :    -0.073   -0.463/+0.454 (68%)
Set Range of Parameter r To : (-2,100)
Doing initial fit: 

 --- MultiDimFit ---
best fit parameter values and profile-likelihood uncertainties: 
   r :    +0.415   -0.469/+0.479 (68%)
Set Range of Parameter r To : (-2,100)
Doing initial fit: 

 --- MultiDimFit ---
best fit parameter values and profile-likelihood uncertainties: 
   r :    -0.167   -0.422/+0.430 (68%)
Set Range of Parameter r To : (-2,100)
Doing initial fit: 

 --- MultiDimFit ---
best fit parameter values and profile-likelihood uncertainties: 
   r :    -0.611   -0.470/+0.511 (68%)
Set Range of Parameter r To : (-2,100)
Doing initial fit: 

 --- MultiDimFit ---
best fit parameter values and profile-likelihood uncertainties: 
   r :    +0.541   -0.480/+0.491 (68%)
Set Range of Parameter r To : (-2,100)
Doing initial fit: 

 --- MultiDimFit ---
best fit parameter values and profile-likelihood uncertainties: 
   r :    -0.846   -0.454/+0.572 (68%)
Set Range of Parameter r To : (-2,100)
Doing initial fit: 

 --- MultiDimFit ---
best fit parameter values and profile-likelihood uncertainties: 
   r :    +0.520   -0.525/+0.530 (68%)
Set Range of Parameter r To : (-2,100)
Doing initial fit: 

 --- MultiDimFit ---
best fit parameter values and profile-likelihood uncertainties: 
   r :    +0.139   -0.499/+0.494 (68%)
Set Range of Parameter r To : (-2,100)
Doing initial fit: 

 --- MultiDimFit ---
best fit parameter values and profile-likelihood uncertainties: 
   r :    -0.375   -0.795/+0.287 (68%)
Set Range of Parameter r To : (-2,100)
Doing initial fit: 

 --- MultiDimFit ---
best fit parameter values and profile-likelihood uncertainties: 
   r :    +0.045   -0.443/+0.448 (68%)
Set Range of Parameter r To : (-2,100)
Doing initial fit: 

 --- MultiDimFit ---
best fit parameter values and profile-likelihood uncertainties: 
   r :    +0.121   -0.498/+0.482 (68%)
Set Range of Parameter r To : (-2,100)
Doing initial fit: 

 --- MultiDimFit ---
best fit parameter values and profile-likelihood uncertainties: 
   r :    +0.033   -0.499/+0.549 (68%)
Set Range of Parameter r To : (-2,100)
Doing initial fit: 

 --- MultiDimFit ---
best fit parameter values and profile-likelihood uncertainties: 
   r :    +0.883   -0.540/+0.518 (68%)
Set Range of Parameter r To : (-2,100)
Doing initial fit: 

 --- MultiDimFit ---
best fit parameter values and profile-likelihood uncertainties: 
   r :    -0.787   -0.465/+0.469 (68%)
Set Range of Parameter r To : (-2,100)
Doing initial fit: 

 --- MultiDimFit ---
best fit parameter values and profile-likelihood uncertainties: 
   r :    +0.357   -0.463/+0.474 (68%)
Set Range of Parameter r To : (-2,100)
Doing initial fit: 

 --- MultiDimFit ---
best fit parameter values and profile-likelihood uncertainties: 
   r :    +0.218   -0.507/+0.502 (68%)
Set Range of Parameter r To : (-2,100)
Doing initial fit: 

 --- MultiDimFit ---
best fit parameter values and profile-likelihood uncertainties: 
   r :    +0.117   -0.457/+0.465 (68%)
Set Range of Parameter r To : (-2,100)
Doing initial fit: 

 --- MultiDimFit ---
best fit parameter values and profile-likelihood uncertainties: 
   r :    -0.768   -0.391/+0.405 (68%)
Set Range of Parameter r To : (-2,100)
Doing initial fit: 

 --- MultiDimFit ---
best fit parameter values and profile-likelihood uncertainties: 
   r :    +0.711   -0.532/+0.531 (68%)
Set Range of Parameter r To : (-2,100)
Doing initial fit: 

 --- MultiDimFit ---
best fit parameter values and profile-likelihood uncertainties: 
   r :    +0.020   -0.471/+0.464 (68%)
Set Range of Parameter r To : (-2,100)
Doing initial fit: 

 --- MultiDimFit ---
best fit parameter values and profile-likelihood uncertainties: 
   r :    +0.290   -0.462/+0.473 (68%)
Set Range of Parameter r To : (-2,100)
Doing initial fit: 

 --- MultiDimFit ---
best fit parameter values and profile-likelihood uncertainties: 
   r :    +0.301   -0.499/+0.497 (68%)
Set Range of Parameter r To : (-2,100)
Doing initial fit: 

 --- MultiDimFit ---
best fit parameter values and profile-likelihood uncertainties: 
   r :    -0.840   -0.404/+0.407 (68%)
Set Range of Parameter r To : (-2,100)
Doing initial fit: 

 --- MultiDimFit ---
best fit parameter values and profile-likelihood uncertainties: 
   r :    +0.423   -0.524/+0.524 (68%)
Set Range of Parameter r To : (-2,100)
Doing initial fit: 

 --- MultiDimFit ---
best fit parameter values and profile-likelihood uncertainties: 
   r :    +0.060   -0.495/+0.599 (68%)
Set Range of Parameter r To : (-2,100)
Doing initial fit: 

 --- MultiDimFit ---
best fit parameter values and profile-likelihood uncertainties: 
   r :    -0.769   -0.386/+0.401 (68%)
Set Range of Parameter r To : (-2,100)
Doing initial fit: 

 --- MultiDimFit ---
best fit parameter values and profile-likelihood uncertainties: 
   r :    -0.958   -0.604/+0.436 (68%)
Set Range of Parameter r To : (-2,100)
Doing initial fit: 

 --- MultiDimFit ---
best fit parameter values and profile-likelihood uncertainties: 
   r :    +1.202   -0.562/+0.564 (68%)
Set Range of Parameter r To : (-2,100)
Doing initial fit: 

 --- MultiDimFit ---
best fit parameter values and profile-likelihood uncertainties: 
   r :    -0.621   -0.463/+0.448 (68%)
Set Range of Parameter r To : (-2,100)
Doing initial fit: 

 --- MultiDimFit ---
best fit parameter values and profile-likelihood uncertainties: 
   r :    +0.164   -0.516/+0.561 (68%)
Set Range of Parameter r To : (-2,100)
Doing initial fit: 

 --- MultiDimFit ---
best fit parameter values and profile-likelihood uncertainties: 
   r :    +0.055   -0.507/+0.505 (68%)
Set Range of Parameter r To : (-2,100)
Doing initial fit: 

 --- MultiDimFit ---
best fit parameter values and profile-likelihood uncertainties: 
   r :    +0.338   -0.463/+0.472 (68%)
Set Range of Parameter r To : (-2,100)
Doing initial fit: 

 --- MultiDimFit ---
best fit parameter values and profile-likelihood uncertainties: 
   r :    +1.056   -0.514/+0.519 (68%)
Set Range of Parameter r To : (-2,100)
Doing initial fit: 

 --- MultiDimFit ---
best fit parameter values and profile-likelihood uncertainties: 
   r :    +0.137   -0.465/+0.468 (68%)
Set Range of Parameter r To : (-2,100)
Doing initial fit: 

 --- MultiDimFit ---
best fit parameter values and profile-likelihood uncertainties: 
   r :    -0.057   -0.523/+0.558 (68%)
Set Range of Parameter r To : (-2,100)
Doing initial fit: 

 --- MultiDimFit ---
best fit parameter values and profile-likelihood uncertainties: 
   r :    -0.330   -0.451/+0.446 (68%)
Set Range of Parameter r To : (-2,100)
Doing initial fit: 

 --- MultiDimFit ---
best fit parameter values and profile-likelihood uncertainties: 
   r :    -0.551   -0.415/+0.422 (68%)
Set Range of Parameter r To : (-2,100)
Doing initial fit: 

 --- MultiDimFit ---
best fit parameter values and profile-likelihood uncertainties: 
   r :    +0.420   -0.510/+0.505 (68%)
Set Range of Parameter r To : (-2,100)
Doing initial fit: 

 --- MultiDimFit ---
best fit parameter values and profile-likelihood uncertainties: 
   r :    +0.278   -0.506/+0.594 (68%)
Set Range of Parameter r To : (-2,100)
Doing initial fit: 

 --- MultiDimFit ---
best fit parameter values and profile-likelihood uncertainties: 
   r :    +0.527   -0.464/+0.478 (68%)
Set Range of Parameter r To : (-2,100)
Doing initial fit: 

 --- MultiDimFit ---
best fit parameter values and profile-likelihood uncertainties: 
   r :    -0.181   -0.483/+0.498 (68%)
Set Range of Parameter r To : (-2,100)
Doing initial fit: 

 --- MultiDimFit ---
best fit parameter values and profile-likelihood uncertainties: 
   r :    -0.321   -0.423/+0.435 (68%)
Set Range of Parameter r To : (-2,100)
Doing initial fit: 

 --- MultiDimFit ---
best fit parameter values and profile-likelihood uncertainties: 
   r :    -0.204   -0.499/+0.596 (68%)
Set Range of Parameter r To : (-2,100)
Doing initial fit: 

 --- MultiDimFit ---
best fit parameter values and profile-likelihood uncertainties: 
   r :    -0.150   -0.443/+0.446 (68%)
Set Range of Parameter r To : (-2,100)
Doing initial fit: 

 --- MultiDimFit ---
best fit parameter values and profile-likelihood uncertainties: 
   r :    -0.642   -0.465/+0.538 (68%)
Set Range of Parameter r To : (-2,100)
Doing initial fit: 

 --- MultiDimFit ---
best fit parameter values and profile-likelihood uncertainties: 
   r :    -0.443   -0.534/+0.446 (68%)
Set Range of Parameter r To : (-2,100)
Doing initial fit: 

 --- MultiDimFit ---
best fit parameter values and profile-likelihood uncertainties: 
   r :    +0.215   -0.513/+0.500 (68%)
Set Range of Parameter r To : (-2,100)
Doing initial fit: 

 --- MultiDimFit ---
best fit parameter values and profile-likelihood uncertainties: 
   r :    -0.033   -0.493/+0.489 (68%)
Set Range of Parameter r To : (-2,100)
Doing initial fit: 

 --- MultiDimFit ---
best fit parameter values and profile-likelihood uncertainties: 
   r :    +1.009   -0.493/+0.508 (68%)
Set Range of Parameter r To : (-2,100)
Doing initial fit: 

 --- MultiDimFit ---
best fit parameter values and profile-likelihood uncertainties: 
   r :    -0.217   -0.450/+0.446 (68%)
Set Range of Parameter r To : (-2,100)
Doing initial fit: 

 --- MultiDimFit ---
best fit parameter values and profile-likelihood uncertainties: 
   r :    -0.305   -0.476/+0.570 (68%)
Set Range of Parameter r To : (-2,100)
Doing initial fit: 

 --- MultiDimFit ---
best fit parameter values and profile-likelihood uncertainties: 
   r :    -0.017   -0.490/+0.504 (68%)
Set Range of Parameter r To : (-2,100)
Doing initial fit: 

 --- MultiDimFit ---
best fit parameter values and profile-likelihood uncertainties: 
   r :    +0.342   -0.498/+0.489 (68%)
Set Range of Parameter r To : (-2,100)
Doing initial fit: 

 --- MultiDimFit ---
best fit parameter values and profile-likelihood uncertainties: 
   r :    -0.139   -0.494/+0.486 (68%)
Set Range of Parameter r To : (-2,100)
Doing initial fit: 

 --- MultiDimFit ---
best fit parameter values and profile-likelihood uncertainties: 
   r :    -0.149   -0.493/+0.500 (68%)
Set Range of Parameter r To : (-2,100)
Doing initial fit: 

 --- MultiDimFit ---
best fit parameter values and profile-likelihood uncertainties: 
   r :    +0.502   -0.528/+0.584 (68%)
Set Range of Parameter r To : (-2,100)
Doing initial fit: 

 --- MultiDimFit ---
best fit parameter values and profile-likelihood uncertainties: 
   r :    -0.234   -0.467/+0.456 (68%)
Set Range of Parameter r To : (-2,100)
Doing initial fit: 

 --- MultiDimFit ---
best fit parameter values and profile-likelihood uncertainties: 
   r :    -0.022   -0.504/+0.561 (68%)
Set Range of Parameter r To : (-2,100)
Doing initial fit: 

 --- MultiDimFit ---
best fit parameter values and profile-likelihood uncertainties: 
   r :    -0.321   -0.493/+0.526 (68%)
Set Range of Parameter r To : (-2,100)
Doing initial fit: 

 --- MultiDimFit ---
best fit parameter values and profile-likelihood uncertainties: 
   r :    -0.310   -0.789/+0.436 (68%)
Set Range of Parameter r To : (-2,100)
Doing initial fit: 

 --- MultiDimFit ---
best fit parameter values and profile-likelihood uncertainties: 
   r :    -0.211   -0.498/+0.498 (68%)
Set Range of Parameter r To : (-2,100)
Doing initial fit: 

 --- MultiDimFit ---
best fit parameter values and profile-likelihood uncertainties: 
   r :    -0.038   -0.468/+0.459 (68%)
Set Range of Parameter r To : (-2,100)
Doing initial fit: 

 --- MultiDimFit ---
best fit parameter values and profile-likelihood uncertainties: 
   r :    -1.125   -0.363/+0.373 (68%)
Set Range of Parameter r To : (-2,100)
Doing initial fit: 

 --- MultiDimFit ---
best fit parameter values and profile-likelihood uncertainties: 
   r :    +0.325   -0.504/+0.489 (68%)
Set Range of Parameter r To : (-2,100)
Doing initial fit: 

 --- MultiDimFit ---
best fit parameter values and profile-likelihood uncertainties: 
   r :    -0.041   -0.596/+0.506 (68%)
Set Range of Parameter r To : (-2,100)
Doing initial fit: 

 --- MultiDimFit ---
best fit parameter values and profile-likelihood uncertainties: 
   r :    -0.596   -0.437/+0.430 (68%)
Set Range of Parameter r To : (-2,100)
Doing initial fit: 

 --- MultiDimFit ---
best fit parameter values and profile-likelihood uncertainties: 
   r :    +0.429   -0.508/+0.500 (68%)
Set Range of Parameter r To : (-2,100)
Doing initial fit: 

 --- MultiDimFit ---
best fit parameter values and profile-likelihood uncertainties: 
   r :    -0.142   -0.424/+0.440 (68%)
Set Range of Parameter r To : (-2,100)
Doing initial fit: 

 --- MultiDimFit ---
best fit parameter values and profile-likelihood uncertainties: 
   r :    -0.505   -0.472/+0.456 (68%)
Set Range of Parameter r To : (-2,100)
Doing initial fit: 

 --- MultiDimFit ---
best fit parameter values and profile-likelihood uncertainties: 
   r :    -1.172   -0.447/+0.411 (68%)
Set Range of Parameter r To : (-2,100)
Doing initial fit: 

 --- MultiDimFit ---
best fit parameter values and profile-likelihood uncertainties: 
   r :    +0.219   -0.514/+0.527 (68%)
Set Range of Parameter r To : (-2,100)
Doing initial fit: 

 --- MultiDimFit ---
best fit parameter values and profile-likelihood uncertainties: 
   r :    -0.235   -0.484/+0.471 (68%)
Set Range of Parameter r To : (-2,100)
Doing initial fit: 

 --- MultiDimFit ---
best fit parameter values and profile-likelihood uncertainties: 
   r :    -0.120   -0.494/+0.491 (68%)
Set Range of Parameter r To : (-2,100)
Doing initial fit: 

 --- MultiDimFit ---
best fit parameter values and profile-likelihood uncertainties: 
   r :    -0.441   -0.489/+0.502 (68%)
Set Range of Parameter r To : (-2,100)
Doing initial fit: 

 --- MultiDimFit ---
best fit parameter values and profile-likelihood uncertainties: 
   r :    -0.304   -0.471/+0.457 (68%)
Set Range of Parameter r To : (-2,100)
Doing initial fit: 

 --- MultiDimFit ---
best fit parameter values and profile-likelihood uncertainties: 
   r :    -0.354   -0.504/+0.459 (68%)
Set Range of Parameter r To : (-2,100)
Doing initial fit: 

 --- MultiDimFit ---
best fit parameter values and profile-likelihood uncertainties: 
   r :    +0.100   -0.491/+0.483 (68%)
Set Range of Parameter r To : (-2,100)
Doing initial fit: 

 --- MultiDimFit ---
best fit parameter values and profile-likelihood uncertainties: 
   r :    +0.183   -0.509/+0.487 (68%)
Set Range of Parameter r To : (-2,100)
Doing initial fit: 

 --- MultiDimFit ---
best fit parameter values and profile-likelihood uncertainties: 
   r :    +0.377   -0.479/+0.482 (68%)
Set Range of Parameter r To : (-2,100)
Doing initial fit: 

 --- MultiDimFit ---
best fit parameter values and profile-likelihood uncertainties: 
   r :    +0.863   -0.500/+0.504 (68%)
Set Range of Parameter r To : (-2,100)
Doing initial fit: 

 --- MultiDimFit ---
best fit parameter values and profile-likelihood uncertainties: 
   r :    +0.356   -0.536/+0.631 (68%)
Set Range of Parameter r To : (-2,100)
Doing initial fit: 

 --- MultiDimFit ---
best fit parameter values and profile-likelihood uncertainties: 
   r :    -0.412   -0.496/+0.550 (68%)
Set Range of Parameter r To : (-2,100)
Doing initial fit: 

 --- MultiDimFit ---
best fit parameter values and profile-likelihood uncertainties: 
   r :    +0.385   -0.582/+0.482 (68%)
Set Range of Parameter r To : (-2,100)
Doing initial fit: 

 --- MultiDimFit ---
best fit parameter values and profile-likelihood uncertainties: 
   r :    -0.555   -0.479/+0.541 (68%)
Set Range of Parameter r To : (-2,100)
Doing initial fit: 

 --- MultiDimFit ---
best fit parameter values and profile-likelihood uncertainties: 
   r :    -0.284   -0.514/+0.544 (68%)
Set Range of Parameter r To : (-2,100)
Doing initial fit: 

 --- MultiDimFit ---
best fit parameter values and profile-likelihood uncertainties: 
   r :    +0.281   -0.542/+0.592 (68%)
Set Range of Parameter r To : (-2,100)
Doing initial fit: 

 --- MultiDimFit ---
best fit parameter values and profile-likelihood uncertainties: 
   r :    -0.683   -0.397/+0.410 (68%)
Set Range of Parameter r To : (-2,100)
Doing initial fit: 

 --- MultiDimFit ---
best fit parameter values and profile-likelihood uncertainties: 
   r :    +0.835   -0.504/+0.506 (68%)
Set Range of Parameter r To : (-2,100)
Doing initial fit: 

 --- MultiDimFit ---
best fit parameter values and profile-likelihood uncertainties: 
   r :    -0.093   -0.588/+0.453 (68%)
Set Range of Parameter r To : (-2,100)
Doing initial fit: 

 --- MultiDimFit ---
best fit parameter values and profile-likelihood uncertainties: 
   r :    +0.766   -0.506/+0.509 (68%)
Set Range of Parameter r To : (-2,100)
Doing initial fit: 

 --- MultiDimFit ---
best fit parameter values and profile-likelihood uncertainties: 
   r :    +1.117   -0.551/+0.563 (68%)
Set Range of Parameter r To : (-2,100)
Doing initial fit: 

 --- MultiDimFit ---
best fit parameter values and profile-likelihood uncertainties: 
   r :    +0.790   -0.505/+0.508 (68%)
Set Range of Parameter r To : (-2,100)
Doing initial fit: 

 --- MultiDimFit ---
best fit parameter values and profile-likelihood uncertainties: 
   r :    +0.160   -0.585/+0.465 (68%)
Set Range of Parameter r To : (-2,100)
Doing initial fit: 

 --- MultiDimFit ---
best fit parameter values and profile-likelihood uncertainties: 
   r :    +0.377   -0.519/+0.549 (68%)
Set Range of Parameter r To : (-2,100)
Doing initial fit: 

 --- MultiDimFit ---
best fit parameter values and profile-likelihood uncertainties: 
   r :    +0.675   -0.482/+0.495 (68%)
Set Range of Parameter r To : (-2,100)
Doing initial fit: 

 --- MultiDimFit ---
best fit parameter values and profile-likelihood uncertainties: 
   r :    +0.244   -0.482/+0.480 (68%)
Set Range of Parameter r To : (-2,100)
Doing initial fit: 

 --- MultiDimFit ---
best fit parameter values and profile-likelihood uncertainties: 
   r :    +0.099   -0.549/+0.585 (68%)
Set Range of Parameter r To : (-2,100)
Doing initial fit: 

 --- MultiDimFit ---
best fit parameter values and profile-likelihood uncertainties: 
   r :    +0.555   -0.524/+0.522 (68%)
Set Range of Parameter r To : (-2,100)
Doing initial fit: 

 --- MultiDimFit ---
best fit parameter values and profile-likelihood uncertainties: 
   r :    +0.173   -0.494/+0.489 (68%)
Set Range of Parameter r To : (-2,100)
Doing initial fit: 

 --- MultiDimFit ---
best fit parameter values and profile-likelihood uncertainties: 
   r :    +0.739   -0.544/+0.560 (68%)
Set Range of Parameter r To : (-2,100)
Doing initial fit: 

 --- MultiDimFit ---
best fit parameter values and profile-likelihood uncertainties: 
   r :    -0.407   -0.427/+0.435 (68%)
Set Range of Parameter r To : (-2,100)
Doing initial fit: 

 --- MultiDimFit ---
best fit parameter values and profile-likelihood uncertainties: 
   r :    +1.572   -0.585/+0.567 (68%)
Set Range of Parameter r To : (-2,100)
Doing initial fit: 

 --- MultiDimFit ---
best fit parameter values and profile-likelihood uncertainties: 
   r :    +0.327   -0.463/+0.471 (68%)
Set Range of Parameter r To : (-2,100)
Doing initial fit: 

 --- MultiDimFit ---
best fit parameter values and profile-likelihood uncertainties: 
   r :    -0.248   -0.482/+0.452 (68%)
Set Range of Parameter r To : (-2,100)
Doing initial fit: 

 --- MultiDimFit ---
best fit parameter values and profile-likelihood uncertainties: 
   r :    -0.048   -0.467/+0.458 (68%)
Set Range of Parameter r To : (-2,100)
Doing initial fit: 

 --- MultiDimFit ---
best fit parameter values and profile-likelihood uncertainties: 
   r :    +0.315   -0.478/+0.479 (68%)
Set Range of Parameter r To : (-2,100)
Doing initial fit: 

 --- MultiDimFit ---
best fit parameter values and profile-likelihood uncertainties: 
   r :    -0.125   -0.485/+0.479 (68%)
Set Range of Parameter r To : (-2,100)
Doing initial fit: 

 --- MultiDimFit ---
best fit parameter values and profile-likelihood uncertainties: 
   r :    -0.430   -0.479/+0.455 (68%)
Set Range of Parameter r To : (-2,100)
Doing initial fit: 

 --- MultiDimFit ---
best fit parameter values and profile-likelihood uncertainties: 
   r :    -0.296   -0.430/+0.439 (68%)
Set Range of Parameter r To : (-2,100)
Doing initial fit: 

 --- MultiDimFit ---
best fit parameter values and profile-likelihood uncertainties: 
   r :    +0.778   -0.538/+0.597 (68%)
Set Range of Parameter r To : (-2,100)
Doing initial fit: 

 --- MultiDimFit ---
best fit parameter values and profile-likelihood uncertainties: 
   r :    -0.185   -0.492/+0.550 (68%)
Set Range of Parameter r To : (-2,100)
Doing initial fit: 

 --- MultiDimFit ---
best fit parameter values and profile-likelihood uncertainties: 
   r :    -0.323   -0.449/+0.445 (68%)
Set Range of Parameter r To : (-2,100)
Doing initial fit: 

 --- MultiDimFit ---
best fit parameter values and profile-likelihood uncertainties: 
   r :    +0.884   -0.529/+0.525 (68%)
Set Range of Parameter r To : (-2,100)
Doing initial fit: 

 --- MultiDimFit ---
best fit parameter values and profile-likelihood uncertainties: 
   r :    -0.442   -0.473/+0.470 (68%)
Set Range of Parameter r To : (-2,100)
Doing initial fit: 

 --- MultiDimFit ---
best fit parameter values and profile-likelihood uncertainties: 
   r :    +0.853   -0.511/+0.512 (68%)
Set Range of Parameter r To : (-2,100)
Doing initial fit: 

 --- MultiDimFit ---
best fit parameter values and profile-likelihood uncertainties: 
   r :    -0.280   -0.513/+0.545 (68%)
Set Range of Parameter r To : (-2,100)
Doing initial fit: 

 --- MultiDimFit ---
best fit parameter values and profile-likelihood uncertainties: 
   r :    +0.701   -0.462/+0.482 (68%)
Set Range of Parameter r To : (-2,100)
Doing initial fit: 

 --- MultiDimFit ---
best fit parameter values and profile-likelihood uncertainties: 
   r :    +0.028   -0.464/+0.457 (68%)
Set Range of Parameter r To : (-2,100)
Doing initial fit: 

 --- MultiDimFit ---
best fit parameter values and profile-likelihood uncertainties: 
   r :    -0.459   -0.453/+0.443 (68%)
Set Range of Parameter r To : (-2,100)
Doing initial fit: 

 --- MultiDimFit ---
best fit parameter values and profile-likelihood uncertainties: 
   r :    -0.551   -0.475/+0.488 (68%)
Set Range of Parameter r To : (-2,100)
Doing initial fit: 

 --- MultiDimFit ---
best fit parameter values and profile-likelihood uncertainties: 
   r :    +0.386   -0.495/+0.491 (68%)
Set Range of Parameter r To : (-2,100)
Doing initial fit: 

 --- MultiDimFit ---
best fit parameter values and profile-likelihood uncertainties: 
   r :    +0.679   -0.482/+0.490 (68%)
Set Range of Parameter r To : (-2,100)
Doing initial fit: 

 --- MultiDimFit ---
best fit parameter values and profile-likelihood uncertainties: 
   r :    +0.037   -0.448/+0.455 (68%)
Set Range of Parameter r To : (-2,100)
Doing initial fit: 

 --- MultiDimFit ---
best fit parameter values and profile-likelihood uncertainties: 
   r :    -0.183   -0.437/+0.443 (68%)
Set Range of Parameter r To : (-2,100)
Doing initial fit: 

 --- MultiDimFit ---
best fit parameter values and profile-likelihood uncertainties: 
   r :    +0.199   -0.517/+0.498 (68%)
Set Range of Parameter r To : (-2,100)
Doing initial fit: 

 --- MultiDimFit ---
best fit parameter values and profile-likelihood uncertainties: 
   r :    -0.298   -0.490/+0.496 (68%)
Set Range of Parameter r To : (-2,100)
Doing initial fit: 

 --- MultiDimFit ---
best fit parameter values and profile-likelihood uncertainties: 
   r :    +0.385   -0.508/+0.502 (68%)
Set Range of Parameter r To : (-2,100)
Doing initial fit: 

 --- MultiDimFit ---
best fit parameter values and profile-likelihood uncertainties: 
   r :    -0.066   -0.433/+0.446 (68%)
Set Range of Parameter r To : (-2,100)
Doing initial fit: 

 --- MultiDimFit ---
best fit parameter values and profile-likelihood uncertainties: 
   r :    -0.026   -0.525/+0.506 (68%)
Set Range of Parameter r To : (-2,100)
Doing initial fit: 

 

 ---------------------------

 WARNING: MultiDimFit failed

 ---------------------------

 
Set Range of Parameter r To : (-2,100)
Doing initial fit: 

 --- MultiDimFit ---
best fit parameter values and profile-likelihood uncertainties: 
   r :    -0.351   -0.487/+0.549 (68%)
Set Range of Parameter r To : (-2,100)
Doing initial fit: 

 --- MultiDimFit ---
best fit parameter values and profile-likelihood uncertainties: 
   r :    +0.611   -0.532/+0.548 (68%)
Set Range of Parameter r To : (-2,100)
Doing initial fit: 

 --- MultiDimFit ---
best fit parameter values and profile-likelihood uncertainties: 
   r :    -1.095   -0.462/+0.443 (68%)
Set Range of Parameter r To : (-2,100)
Doing initial fit: 

 --- MultiDimFit ---
best fit parameter values and profile-likelihood uncertainties: 
   r :    +0.164   -0.465/+0.470 (68%)
Set Range of Parameter r To : (-2,100)
Doing initial fit: 

 --- MultiDimFit ---
best fit parameter values and profile-likelihood uncertainties: 
   r :    +0.626   -0.533/+0.615 (68%)
Set Range of Parameter r To : (-2,100)
Doing initial fit: 

 --- MultiDimFit ---
best fit parameter values and profile-likelihood uncertainties: 
   r :    -0.231   -0.437/+0.443 (68%)
Set Range of Parameter r To : (-2,100)
Doing initial fit: 

 --- MultiDimFit ---
best fit parameter values and profile-likelihood uncertainties: 
   r :    -0.464   -0.467/+0.455 (68%)
Set Range of Parameter r To : (-2,100)
Doing initial fit: 

 --- MultiDimFit ---
best fit parameter values and profile-likelihood uncertainties: 
   r :    -0.011   -0.442/+0.452 (68%)
Set Range of Parameter r To : (-2,100)
Doing initial fit: 

 --- MultiDimFit ---
best fit parameter values and profile-likelihood uncertainties: 
   r :    -0.764   -0.492/+0.525 (68%)
Set Range of Parameter r To : (-2,100)
Doing initial fit: 

 --- MultiDimFit ---
best fit parameter values and profile-likelihood uncertainties: 
   r :    +0.490   -0.531/+0.564 (68%)
Set Range of Parameter r To : (-2,100)
Doing initial fit: 

 --- MultiDimFit ---
best fit parameter values and profile-likelihood uncertainties: 
   r :    +0.790   -0.511/+0.513 (68%)
Set Range of Parameter r To : (-2,100)
Doing initial fit: 

 --- MultiDimFit ---
best fit parameter values and profile-likelihood uncertainties: 
   r :    +0.556   -0.531/+0.523 (68%)
Set Range of Parameter r To : (-2,100)
Doing initial fit: 

 --- MultiDimFit ---
best fit parameter values and profile-likelihood uncertainties: 
   r :    -0.870   -0.477/+0.482 (68%)
Set Range of Parameter r To : (-2,100)
Doing initial fit: 

 --- MultiDimFit ---
best fit parameter values and profile-likelihood uncertainties: 
   r :    -1.105   -0.441/+0.421 (68%)
Set Range of Parameter r To : (-2,100)
Doing initial fit: 

 --- MultiDimFit ---
best fit parameter values and profile-likelihood uncertainties: 
   r :    +1.178   -0.545/+0.535 (68%)
Set Range of Parameter r To : (-2,100)
Doing initial fit: 

 --- MultiDimFit ---
best fit parameter values and profile-likelihood uncertainties: 
   r :    -0.406   -0.484/+0.457 (68%)
Set Range of Parameter r To : (-2,100)
Doing initial fit: 

 --- MultiDimFit ---
best fit parameter values and profile-likelihood uncertainties: 
   r :    +0.733   -0.522/+0.516 (68%)
Set Range of Parameter r To : (-2,100)
Doing initial fit: 

 --- MultiDimFit ---
best fit parameter values and profile-likelihood uncertainties: 
   r :    +0.063   -0.467/+0.469 (68%)
Set Range of Parameter r To : (-2,100)
Doing initial fit: 

 --- MultiDimFit ---
best fit parameter values and profile-likelihood uncertainties: 
   r :    +0.272   -0.560/+0.498 (68%)
Set Range of Parameter r To : (-2,100)
Doing initial fit: 

 --- MultiDimFit ---
best fit parameter values and profile-likelihood uncertainties: 
   r :    -0.311   -0.493/+0.489 (68%)
Set Range of Parameter r To : (-2,100)
Doing initial fit: 

 --- MultiDimFit ---
best fit parameter values and profile-likelihood uncertainties: 
   r :    +0.907   -0.508/+0.509 (68%)
Set Range of Parameter r To : (-2,100)
Doing initial fit: 

 --- MultiDimFit ---
best fit parameter values and profile-likelihood uncertainties: 
   r :    -0.200   -0.493/+0.494 (68%)
Set Range of Parameter r To : (-2,100)
Doing initial fit: 

 --- MultiDimFit ---
best fit parameter values and profile-likelihood uncertainties: 
   r :    -0.804   -0.463/+0.571 (68%)
Set Range of Parameter r To : (-2,100)
Doing initial fit: 

 --- MultiDimFit ---
best fit parameter values and profile-likelihood uncertainties: 
   r :    -0.314   -0.506/+0.481 (68%)
Set Range of Parameter r To : (-2,100)
Doing initial fit: 

 --- MultiDimFit ---
best fit parameter values and profile-likelihood uncertainties: 
   r :    +0.106   -0.514/+0.510 (68%)
Set Range of Parameter r To : (-2,100)
Doing initial fit: 

 --- MultiDimFit ---
best fit parameter values and profile-likelihood uncertainties: 
   r :    -0.215   -0.467/+0.455 (68%)
Set Range of Parameter r To : (-2,100)
Doing initial fit: 

 --- MultiDimFit ---
best fit parameter values and profile-likelihood uncertainties: 
   r :    +0.150   -0.459/+0.466 (68%)
Set Range of Parameter r To : (-2,100)
Doing initial fit: 

 --- MultiDimFit ---
best fit parameter values and profile-likelihood uncertainties: 
   r :    +0.195   -0.474/+0.478 (68%)
Set Range of Parameter r To : (-2,100)
Doing initial fit: 

 --- MultiDimFit ---
best fit parameter values and profile-likelihood uncertainties: 
   r :    -0.895   -0.470/+0.494 (68%)
Set Range of Parameter r To : (-2,100)
Doing initial fit: 

 --- MultiDimFit ---
best fit parameter values and profile-likelihood uncertainties: 
   r :    +0.531   -0.548/+0.529 (68%)
Set Range of Parameter r To : (-2,100)
Doing initial fit: 

 --- MultiDimFit ---
best fit parameter values and profile-likelihood uncertainties: 
   r :    +0.779   -0.501/+0.506 (68%)
Set Range of Parameter r To : (-2,100)
Doing initial fit: 

 --- MultiDimFit ---
best fit parameter values and profile-likelihood uncertainties: 
   r :    -0.453   -0.430/+0.433 (68%)
Set Range of Parameter r To : (-2,100)
Doing initial fit: 

 --- MultiDimFit ---
best fit parameter values and profile-likelihood uncertainties: 
   r :    -0.702   -0.466/+0.558 (68%)
Set Range of Parameter r To : (-2,100)
Doing initial fit: 

 --- MultiDimFit ---
best fit parameter values and profile-likelihood uncertainties: 
   r :    -0.824   -0.447/+0.556 (68%)
Set Range of Parameter r To : (-2,100)
Doing initial fit: 

 --- MultiDimFit ---
best fit parameter values and profile-likelihood uncertainties: 
   r :    -0.484   -0.499/+0.502 (68%)
Set Range of Parameter r To : (-2,100)
Doing initial fit: 

 --- MultiDimFit ---
best fit parameter values and profile-likelihood uncertainties: 
   r :    -0.849   -0.480/+0.481 (68%)
Set Range of Parameter r To : (-2,100)
Doing initial fit: 

 --- MultiDimFit ---
best fit parameter values and profile-likelihood uncertainties: 
   r :    +0.271   -0.467/+0.470 (68%)
Set Range of Parameter r To : (-2,100)
Doing initial fit: 

 --- MultiDimFit ---
best fit parameter values and profile-likelihood uncertainties: 
   r :    +0.227   -0.506/+0.603 (68%)
Set Range of Parameter r To : (-2,100)
Doing initial fit: 

 --- MultiDimFit ---
best fit parameter values and profile-likelihood uncertainties: 
   r :    +0.954   -0.515/+0.517 (68%)
Set Range of Parameter r To : (-2,100)
Doing initial fit: 

 --- MultiDimFit ---
best fit parameter values and profile-likelihood uncertainties: 
   r :    -0.179   -0.564/+0.459 (68%)
Set Range of Parameter r To : (-2,100)
Doing initial fit: 

 --- MultiDimFit ---
best fit parameter values and profile-likelihood uncertainties: 
   r :    +0.138   -0.474/+0.473 (68%)
Set Range of Parameter r To : (-2,100)
Doing initial fit: 

 --- MultiDimFit ---
best fit parameter values and profile-likelihood uncertainties: 
   r :    +0.759   -0.490/+0.501 (68%)
Set Range of Parameter r To : (-2,100)
Doing initial fit: 

 --- MultiDimFit ---
best fit parameter values and profile-likelihood uncertainties: 
   r :    -0.221   -0.439/+0.443 (68%)
Set Range of Parameter r To : (-2,100)
Doing initial fit: 

 --- MultiDimFit ---
best fit parameter values and profile-likelihood uncertainties: 
   r :    +0.695   -0.543/+0.542 (68%)
Set Range of Parameter r To : (-2,100)
Doing initial fit: 

 --- MultiDimFit ---
best fit parameter values and profile-likelihood uncertainties: 
   r :    +0.079   -0.504/+0.510 (68%)
Set Range of Parameter r To : (-2,100)
Doing initial fit: 

 --- MultiDimFit ---
best fit parameter values and profile-likelihood uncertainties: 
   r :    -0.205   -0.466/+0.457 (68%)
Set Range of Parameter r To : (-2,100)
Doing initial fit: 

 --- MultiDimFit ---
best fit parameter values and profile-likelihood uncertainties: 
   r :    -0.351   -0.418/+0.430 (68%)
Set Range of Parameter r To : (-2,100)
Doing initial fit: 

 --- MultiDimFit ---
best fit parameter values and profile-likelihood uncertainties: 
   r :    +0.409   -0.449/+0.471 (68%)
Set Range of Parameter r To : (-2,100)
Doing initial fit: 

 --- MultiDimFit ---
best fit parameter values and profile-likelihood uncertainties: 
   r :    -0.387   -0.487/+0.513 (68%)
Set Range of Parameter r To : (-2,100)
Doing initial fit: 

 --- MultiDimFit ---
best fit parameter values and profile-likelihood uncertainties: 
   r :    -0.385   -0.463/+0.449 (68%)
Set Range of Parameter r To : (-2,100)
Doing initial fit: 

 --- MultiDimFit ---
best fit parameter values and profile-likelihood uncertainties: 
   r :    -0.355   -0.471/+0.453 (68%)
Set Range of Parameter r To : (-2,100)
Doing initial fit: 

 --- MultiDimFit ---
best fit parameter values and profile-likelihood uncertainties: 
   r :    -0.562   -0.482/+0.527 (68%)
Set Range of Parameter r To : (-2,100)
Doing initial fit: 

 --- MultiDimFit ---
best fit parameter values and profile-likelihood uncertainties: 
   r :    -0.650   -0.477/+0.547 (68%)
Set Range of Parameter r To : (-2,100)
Doing initial fit: 

 --- MultiDimFit ---
best fit parameter values and profile-likelihood uncertainties: 
   r :    -0.416   -0.526/+0.551 (68%)
Set Range of Parameter r To : (-2,100)
Doing initial fit: 

 --- MultiDimFit ---
best fit parameter values and profile-likelihood uncertainties: 
   r :    -0.110   -0.490/+0.473 (68%)
Set Range of Parameter r To : (-2,100)
Doing initial fit: 

 --- MultiDimFit ---
best fit parameter values and profile-likelihood uncertainties: 
   r :    -0.390   -0.491/+0.518 (68%)
Set Range of Parameter r To : (-2,100)
Doing initial fit: 

 --- MultiDimFit ---
best fit parameter values and profile-likelihood uncertainties: 
   r :    +0.079   -0.474/+0.470 (68%)
Set Range of Parameter r To : (-2,100)
Doing initial fit: 

 --- MultiDimFit ---
best fit parameter values and profile-likelihood uncertainties: 
   r :    +0.024   -0.518/+0.548 (68%)
Set Range of Parameter r To : (-2,100)
Doing initial fit: 

 --- MultiDimFit ---
best fit parameter values and profile-likelihood uncertainties: 
   r :    -0.196   -0.442/+0.443 (68%)
Set Range of Parameter r To : (-2,100)
Doing initial fit: 

 --- MultiDimFit ---
best fit parameter values and profile-likelihood uncertainties: 
   r :    -0.136   -0.496/+0.547 (68%)
Set Range of Parameter r To : (-2,100)
Doing initial fit: 

 --- MultiDimFit ---
best fit parameter values and profile-likelihood uncertainties: 
   r :    -0.260   -0.472/+0.464 (68%)
Set Range of Parameter r To : (-2,100)
Doing initial fit: 

 --- MultiDimFit ---
best fit parameter values and profile-likelihood uncertainties: 
   r :    -0.061   -0.470/+0.465 (68%)
Set Range of Parameter r To : (-2,100)
Doing initial fit: 

 --- MultiDimFit ---
best fit parameter values and profile-likelihood uncertainties: 
   r :    -0.454   -0.471/+0.446 (68%)
Set Range of Parameter r To : (-2,100)
Doing initial fit: 

 --- MultiDimFit ---
best fit parameter values and profile-likelihood uncertainties: 
   r :    +0.372   -0.525/+0.502 (68%)
Set Range of Parameter r To : (-2,100)
Doing initial fit: 

 --- MultiDimFit ---
best fit parameter values and profile-likelihood uncertainties: 
   r :    +1.132   -0.517/+0.524 (68%)
Set Range of Parameter r To : (-2,100)
Doing initial fit: 

 --- MultiDimFit ---
best fit parameter values and profile-likelihood uncertainties: 
   r :    -0.334   -0.497/+0.469 (68%)
Set Range of Parameter r To : (-2,100)
Doing initial fit: 

 --- MultiDimFit ---
best fit parameter values and profile-likelihood uncertainties: 
   r :    -0.224   -0.475/+0.462 (68%)
Set Range of Parameter r To : (-2,100)
Doing initial fit: 

 --- MultiDimFit ---
best fit parameter values and profile-likelihood uncertainties: 
   r :    -0.809   -0.465/+0.515 (68%)
Set Range of Parameter r To : (-2,100)
Doing initial fit: 

 --- MultiDimFit ---
best fit parameter values and profile-likelihood uncertainties: 
   r :    -0.361   -0.486/+0.479 (68%)
Set Range of Parameter r To : (-2,100)
Doing initial fit: 

 --- MultiDimFit ---
best fit parameter values and profile-likelihood uncertainties: 
   r :    -0.279   -0.547/+0.455 (68%)
Set Range of Parameter r To : (-2,100)
Doing initial fit: 

 --- MultiDimFit ---
best fit parameter values and profile-likelihood uncertainties: 
   r :    +0.146   -0.491/+0.483 (68%)
Set Range of Parameter r To : (-2,100)
Doing initial fit: 

 --- MultiDimFit ---
best fit parameter values and profile-likelihood uncertainties: 
   r :    -0.192   -0.490/+0.548 (68%)
Set Range of Parameter r To : (-2,100)
Doing initial fit: 

 --- MultiDimFit ---
best fit parameter values and profile-likelihood uncertainties: 
   r :    +0.140   -0.460/+0.469 (68%)
Set Range of Parameter r To : (-2,100)
Doing initial fit: 

 --- MultiDimFit ---
best fit parameter values and profile-likelihood uncertainties: 
   r :    +0.282   -0.484/+0.484 (68%)
Set Range of Parameter r To : (-2,100)
Doing initial fit: 

 --- MultiDimFit ---
best fit parameter values and profile-likelihood uncertainties: 
   r :    -0.255   -0.464/+0.454 (68%)
Set Range of Parameter r To : (-2,100)
Doing initial fit: 

 --- MultiDimFit ---
best fit parameter values and profile-likelihood uncertainties: 
   r :    +0.194   -0.463/+0.467 (68%)
Set Range of Parameter r To : (-2,100)
Doing initial fit: 

 --- MultiDimFit ---
best fit parameter values and profile-likelihood uncertainties: 
   r :    -0.637   -0.468/+0.446 (68%)
Set Range of Parameter r To : (-2,100)
Doing initial fit: 

 --- MultiDimFit ---
best fit parameter values and profile-likelihood uncertainties: 
   r :    -0.570   -0.433/+0.428 (68%)
Set Range of Parameter r To : (-2,100)
Doing initial fit: 

 --- MultiDimFit ---
best fit parameter values and profile-likelihood uncertainties: 
   r :    -0.179   -0.490/+0.578 (68%)
Set Range of Parameter r To : (-2,100)
Doing initial fit: 

 --- MultiDimFit ---
best fit parameter values and profile-likelihood uncertainties: 
   r :    +0.586   -0.522/+0.623 (68%)
Set Range of Parameter r To : (-2,100)
Doing initial fit: 

 --- MultiDimFit ---
best fit parameter values and profile-likelihood uncertainties: 
   r :    +0.609   -0.469/+0.484 (68%)
Set Range of Parameter r To : (-2,100)
Doing initial fit: 

 --- MultiDimFit ---
best fit parameter values and profile-likelihood uncertainties: 
   r :    +0.348   -0.517/+0.570 (68%)
Set Range of Parameter r To : (-2,100)
Doing initial fit: 

 --- MultiDimFit ---
best fit parameter values and profile-likelihood uncertainties: 
   r :    +1.043   -0.486/+0.503 (68%)
Set Range of Parameter r To : (-2,100)
Doing initial fit: 

 --- MultiDimFit ---
best fit parameter values and profile-likelihood uncertainties: 
   r :    +0.216   -0.495/+0.491 (68%)
Set Range of Parameter r To : (-2,100)
Doing initial fit: 

 --- MultiDimFit ---
best fit parameter values and profile-likelihood uncertainties: 
   r :    -0.339   -0.476/+0.462 (68%)
Set Range of Parameter r To : (-2,100)
Doing initial fit: 

 --- MultiDimFit ---
best fit parameter values and profile-likelihood uncertainties: 
   r :    +0.479   -0.518/+0.503 (68%)
Set Range of Parameter r To : (-2,100)
Doing initial fit: 

 --- MultiDimFit ---
best fit parameter values and profile-likelihood uncertainties: 
   r :    +0.217   -0.484/+0.479 (68%)
Set Range of Parameter r To : (-2,100)
Doing initial fit: 

 --- MultiDimFit ---
best fit parameter values and profile-likelihood uncertainties: 
   r :    +1.291   -0.506/+0.522 (68%)
Set Range of Parameter r To : (-2,100)
Doing initial fit: 

 --- MultiDimFit ---
best fit parameter values and profile-likelihood uncertainties: 
   r :    +0.761   -0.537/+0.568 (68%)
Set Range of Parameter r To : (-2,100)
Doing initial fit: 

 --- MultiDimFit ---
best fit parameter values and profile-likelihood uncertainties: 
   r :    -0.541   -0.402/+0.412 (68%)
Set Range of Parameter r To : (-2,100)
Doing initial fit: 

 --- MultiDimFit ---
best fit parameter values and profile-likelihood uncertainties: 
   r :    +0.336   -0.504/+0.500 (68%)
Set Range of Parameter r To : (-2,100)
Doing initial fit: 

 --- MultiDimFit ---
best fit parameter values and profile-likelihood uncertainties: 
   r :    -0.466   -0.455/+0.445 (68%)
Set Range of Parameter r To : (-2,100)
Doing initial fit: 

 --- MultiDimFit ---
best fit parameter values and profile-likelihood uncertainties: 
   r :    +0.636   -0.524/+0.629 (68%)
Set Range of Parameter r To : (-2,100)
Doing initial fit: 

 --- MultiDimFit ---
best fit parameter values and profile-likelihood uncertainties: 
   r :    -0.258   -0.433/+0.439 (68%)
Set Range of Parameter r To : (-2,100)
Doing initial fit: 

 --- MultiDimFit ---
best fit parameter values and profile-likelihood uncertainties: 
   r :    -0.146   -0.466/+0.461 (68%)
Set Range of Parameter r To : (-2,100)
Doing initial fit: 

 --- MultiDimFit ---
best fit parameter values and profile-likelihood uncertainties: 
   r :    -0.587   -0.532/+0.526 (68%)
Set Range of Parameter r To : (-2,100)
Doing initial fit: 

 --- MultiDimFit ---
best fit parameter values and profile-likelihood uncertainties: 
   r :    -0.856   -0.428/+0.417 (68%)
Set Range of Parameter r To : (-2,100)
Doing initial fit: 

 --- MultiDimFit ---
best fit parameter values and profile-likelihood uncertainties: 
   r :    -0.830   -0.388/+0.403 (68%)
Set Range of Parameter r To : (-2,100)
Doing initial fit: 

 --- MultiDimFit ---
best fit parameter values and profile-likelihood uncertainties: 
   r :    -0.845   -0.477/+0.499 (68%)
Set Range of Parameter r To : (-2,100)
Doing initial fit: 

 --- MultiDimFit ---
best fit parameter values and profile-likelihood uncertainties: 
   r :    +1.391   -0.565/+0.655 (68%)
Set Range of Parameter r To : (-2,100)
Doing initial fit: 

 --- MultiDimFit ---
best fit parameter values and profile-likelihood uncertainties: 
   r :    -0.495   -0.422/+0.427 (68%)
Set Range of Parameter r To : (-2,100)
Doing initial fit: 

 --- MultiDimFit ---
best fit parameter values and profile-likelihood uncertainties: 
   r :    -0.665   -0.439/+0.434 (68%)
Set Range of Parameter r To : (-2,100)
Doing initial fit: 

 --- MultiDimFit ---
best fit parameter values and profile-likelihood uncertainties: 
   r :    +0.950   -0.559/+0.532 (68%)
Set Range of Parameter r To : (-2,100)
Doing initial fit: 

 --- MultiDimFit ---
best fit parameter values and profile-likelihood uncertainties: 
   r :    +0.056   -0.499/+0.496 (68%)
Set Range of Parameter r To : (-2,100)
Doing initial fit: 

 --- MultiDimFit ---
best fit parameter values and profile-likelihood uncertainties: 
   r :    +0.012   -0.467/+0.458 (68%)
Set Range of Parameter r To : (-2,100)
Doing initial fit: 

 --- MultiDimFit ---
best fit parameter values and profile-likelihood uncertainties: 
   r :    -0.527   -0.473/+0.566 (68%)
Set Range of Parameter r To : (-2,100)
Doing initial fit: 

 --- MultiDimFit ---
best fit parameter values and profile-likelihood uncertainties: 
   r :    +0.433   -0.530/+0.553 (68%)
Set Range of Parameter r To : (-2,100)
Doing initial fit: 

 --- MultiDimFit ---
best fit parameter values and profile-likelihood uncertainties: 
   r :    -0.125   -0.418/+0.437 (68%)
Set Range of Parameter r To : (-2,100)
Doing initial fit: 

 --- MultiDimFit ---
best fit parameter values and profile-likelihood uncertainties: 
   r :    -0.486   -0.453/+0.445 (68%)
Set Range of Parameter r To : (-2,100)
Doing initial fit: 

 --- MultiDimFit ---
best fit parameter values and profile-likelihood uncertainties: 
   r :    -0.376   -0.493/+0.564 (68%)
Set Range of Parameter r To : (-2,100)
Doing initial fit: 

 --- MultiDimFit ---
best fit parameter values and profile-likelihood uncertainties: 
   r :    -0.176   -0.422/+0.440 (68%)
Set Range of Parameter r To : (-2,100)
Doing initial fit: 

 --- MultiDimFit ---
best fit parameter values and profile-likelihood uncertainties: 
   r :    +1.122   -0.589/+0.582 (68%)
Set Range of Parameter r To : (-2,100)
Doing initial fit: 

 --- MultiDimFit ---
best fit parameter values and profile-likelihood uncertainties: 
   r :    -1.101   -0.478/+0.514 (68%)
Set Range of Parameter r To : (-2,100)
Doing initial fit: 

 --- MultiDimFit ---
best fit parameter values and profile-likelihood uncertainties: 
   r :    +0.101   -0.445/+0.459 (68%)
Set Range of Parameter r To : (-2,100)
Doing initial fit: 

 --- MultiDimFit ---
best fit parameter values and profile-likelihood uncertainties: 
   r :    +0.021   -0.559/+0.550 (68%)
Set Range of Parameter r To : (-2,100)
Doing initial fit: 

 --- MultiDimFit ---
best fit parameter values and profile-likelihood uncertainties: 
   r :    -0.382   -0.486/+0.492 (68%)
Set Range of Parameter r To : (-2,100)
Doing initial fit: 

 --- MultiDimFit ---
best fit parameter values and profile-likelihood uncertainties: 
   r :    -0.403   -0.479/+0.474 (68%)
Set Range of Parameter r To : (-2,100)
Doing initial fit: 

 --- MultiDimFit ---
best fit parameter values and profile-likelihood uncertainties: 
   r :    -0.425   -0.481/+0.525 (68%)
Set Range of Parameter r To : (-2,100)
Doing initial fit: 

 --- MultiDimFit ---
best fit parameter values and profile-likelihood uncertainties: 
   r :    +0.631   -0.466/+0.484 (68%)
Set Range of Parameter r To : (-2,100)
Doing initial fit: 

 --- MultiDimFit ---
best fit parameter values and profile-likelihood uncertainties: 
   r :    +0.199   -0.455/+0.467 (68%)
Set Range of Parameter r To : (-2,100)
Doing initial fit: 

 --- MultiDimFit ---
best fit parameter values and profile-likelihood uncertainties: 
   r :    +0.473   -0.523/+0.522 (68%)
Set Range of Parameter r To : (-2,100)
Doing initial fit: 

 --- MultiDimFit ---
best fit parameter values and profile-likelihood uncertainties: 
   r :    +0.595   -0.635/+0.583 (68%)
Set Range of Parameter r To : (-2,100)
Doing initial fit: 

 --- MultiDimFit ---
best fit parameter values and profile-likelihood uncertainties: 
   r :    -0.145   -0.524/+0.599 (68%)
Set Range of Parameter r To : (-2,100)
Doing initial fit: 

 --- MultiDimFit ---
best fit parameter values and profile-likelihood uncertainties: 
   r :    -0.655   -0.465/+0.541 (68%)
Set Range of Parameter r To : (-2,100)
Doing initial fit: 

 --- MultiDimFit ---
best fit parameter values and profile-likelihood uncertainties: 
   r :    -1.088   -0.393/+0.397 (68%)
Set Range of Parameter r To : (-2,100)
Doing initial fit: 

 --- MultiDimFit ---
best fit parameter values and profile-likelihood uncertainties: 
   r :    -0.365   -0.480/+0.558 (68%)
Set Range of Parameter r To : (-2,100)
Doing initial fit: 

 --- MultiDimFit ---
best fit parameter values and profile-likelihood uncertainties: 
   r :    -0.793   -0.409/+0.414 (68%)
Set Range of Parameter r To : (-2,100)
Doing initial fit: 

 --- MultiDimFit ---
best fit parameter values and profile-likelihood uncertainties: 
   r :    -0.297   -0.513/+0.543 (68%)
Set Range of Parameter r To : (-2,100)
Doing initial fit: 

 --- MultiDimFit ---
best fit parameter values and profile-likelihood uncertainties: 
   r :    +0.078   -0.490/+0.487 (68%)
Set Range of Parameter r To : (-2,100)
Doing initial fit: 

 --- MultiDimFit ---
best fit parameter values and profile-likelihood uncertainties: 
   r :    +0.276   -0.489/+0.484 (68%)
Set Range of Parameter r To : (-2,100)
Doing initial fit: 

 --- MultiDimFit ---
best fit parameter values and profile-likelihood uncertainties: 
   r :    +0.333   -0.528/+0.603 (68%)
Set Range of Parameter r To : (-2,100)
Doing initial fit: 

 --- MultiDimFit ---
best fit parameter values and profile-likelihood uncertainties: 
   r :    +0.239   -0.509/+0.606 (68%)
Set Range of Parameter r To : (-2,100)
Doing initial fit: 

 --- MultiDimFit ---
best fit parameter values and profile-likelihood uncertainties: 
   r :    +0.282   -0.464/+0.475 (68%)
Set Range of Parameter r To : (-2,100)
Doing initial fit: 

 --- MultiDimFit ---
best fit parameter values and profile-likelihood uncertainties: 
   r :    -0.653   -0.504/+0.470 (68%)
Set Range of Parameter r To : (-2,100)
Doing initial fit: 

 --- MultiDimFit ---
best fit parameter values and profile-likelihood uncertainties: 
   r :    -0.197   -0.506/+0.530 (68%)
Set Range of Parameter r To : (-2,100)
Doing initial fit: 

 --- MultiDimFit ---
best fit parameter values and profile-likelihood uncertainties: 
   r :    -0.834   -0.393/+0.406 (68%)
Set Range of Parameter r To : (-2,100)
Doing initial fit: 

 --- MultiDimFit ---
best fit parameter values and profile-likelihood uncertainties: 
   r :    -0.532   -0.425/+0.427 (68%)
Set Range of Parameter r To : (-2,100)
Doing initial fit: 

 --- MultiDimFit ---
best fit parameter values and profile-likelihood uncertainties: 
   r :    -0.077   -0.496/+0.550 (68%)
Set Range of Parameter r To : (-2,100)
Doing initial fit: 

 --- MultiDimFit ---
best fit parameter values and profile-likelihood uncertainties: 
   r :    -0.107   -0.484/+0.471 (68%)
Set Range of Parameter r To : (-2,100)
Doing initial fit: 

 --- MultiDimFit ---
best fit parameter values and profile-likelihood uncertainties: 
   r :    -0.732   -0.434/+0.429 (68%)
Set Range of Parameter r To : (-2,100)
Doing initial fit: 

 --- MultiDimFit ---
best fit parameter values and profile-likelihood uncertainties: 
   r :    -0.128   -0.470/+0.460 (68%)
Set Range of Parameter r To : (-2,100)
Doing initial fit: 

 --- MultiDimFit ---
best fit parameter values and profile-likelihood uncertainties: 
   r :    +0.163   -0.501/+0.500 (68%)
Set Range of Parameter r To : (-2,100)
Doing initial fit: 

 --- MultiDimFit ---
best fit parameter values and profile-likelihood uncertainties: 
   r :    -0.199   -0.492/+0.515 (68%)
Set Range of Parameter r To : (-2,100)
Doing initial fit: 

 --- MultiDimFit ---
best fit parameter values and profile-likelihood uncertainties: 
   r :    +0.843   -0.472/+0.493 (68%)
Set Range of Parameter r To : (-2,100)
Doing initial fit: 

 --- MultiDimFit ---
best fit parameter values and profile-likelihood uncertainties: 
   r :    +0.304   -0.474/+0.476 (68%)
Set Range of Parameter r To : (-2,100)
Doing initial fit: 

 --- MultiDimFit ---
best fit parameter values and profile-likelihood uncertainties: 
   r :    +1.161   -0.506/+0.519 (68%)
Set Range of Parameter r To : (-2,100)
Doing initial fit: 

 --- MultiDimFit ---
best fit parameter values and profile-likelihood uncertainties: 
   r :    -0.624   -0.474/+0.483 (68%)
Set Range of Parameter r To : (-2,100)
Doing initial fit: 

 --- MultiDimFit ---
best fit parameter values and profile-likelihood uncertainties: 
   r :    -0.325   -0.454/+0.449 (68%)
Set Range of Parameter r To : (-2,100)
Doing initial fit: 

 --- MultiDimFit ---
best fit parameter values and profile-likelihood uncertainties: 
   r :    -0.773   -0.595/+0.458 (68%)
Set Range of Parameter r To : (-2,100)
Doing initial fit: 

 --- MultiDimFit ---
best fit parameter values and profile-likelihood uncertainties: 
   r :    +0.521   -0.478/+0.486 (68%)
Set Range of Parameter r To : (-2,100)
Doing initial fit: 

 --- MultiDimFit ---
best fit parameter values and profile-likelihood uncertainties: 
   r :    +0.024   -0.508/+0.526 (68%)
Set Range of Parameter r To : (-2,100)
Doing initial fit: 

 --- MultiDimFit ---
best fit parameter values and profile-likelihood uncertainties: 
   r :    +0.383   -0.511/+0.499 (68%)
Set Range of Parameter r To : (-2,100)
Doing initial fit: 

 --- MultiDimFit ---
best fit parameter values and profile-likelihood uncertainties: 
   r :    -0.041   -0.506/+0.538 (68%)
Set Range of Parameter r To : (-2,100)
Doing initial fit: 

 --- MultiDimFit ---
best fit parameter values and profile-likelihood uncertainties: 
   r :    -0.222   -0.496/+0.549 (68%)
Set Range of Parameter r To : (-2,100)
Doing initial fit: 

 --- MultiDimFit ---
best fit parameter values and profile-likelihood uncertainties: 
   r :    -0.296   -0.473/+0.462 (68%)
Set Range of Parameter r To : (-2,100)
Doing initial fit: 

 --- MultiDimFit ---
best fit parameter values and profile-likelihood uncertainties: 
   r :    -0.317   -0.472/+0.446 (68%)
Set Range of Parameter r To : (-2,100)
Doing initial fit: 

 --- MultiDimFit ---
best fit parameter values and profile-likelihood uncertainties: 
   r :    -0.948   -0.454/+0.539 (68%)
Set Range of Parameter r To : (-2,100)
Doing initial fit: 

 --- MultiDimFit ---
best fit parameter values and profile-likelihood uncertainties: 
   r :    +0.043   -0.447/+0.452 (68%)
Set Range of Parameter r To : (-2,100)
Doing initial fit: 

 --- MultiDimFit ---
best fit parameter values and profile-likelihood uncertainties: 
   r :    -0.151   -0.472/+0.464 (68%)
Set Range of Parameter r To : (-2,100)
Doing initial fit: 

 --- MultiDimFit ---
best fit parameter values and profile-likelihood uncertainties: 
   r :    -0.830   -0.401/+0.412 (68%)
Set Range of Parameter r To : (-2,100)
Doing initial fit: 

 --- MultiDimFit ---
best fit parameter values and profile-likelihood uncertainties: 
   r :    -0.698   -0.501/+0.437 (68%)
Set Range of Parameter r To : (-2,100)
Doing initial fit: 

 --- MultiDimFit ---
best fit parameter values and profile-likelihood uncertainties: 
   r :    +0.037   -0.520/+0.482 (68%)
Set Range of Parameter r To : (-2,100)
Doing initial fit: 

 --- MultiDimFit ---
best fit parameter values and profile-likelihood uncertainties: 
   r :    -0.186   -0.446/+0.447 (68%)
Set Range of Parameter r To : (-2,100)
Doing initial fit: 

 --- MultiDimFit ---
best fit parameter values and profile-likelihood uncertainties: 
   r :    -0.242   -0.517/+0.597 (68%)
Set Range of Parameter r To : (-2,100)
Doing initial fit: 

 --- MultiDimFit ---
best fit parameter values and profile-likelihood uncertainties: 
   r :    +0.729   -0.536/+0.567 (68%)
Set Range of Parameter r To : (-2,100)
Doing initial fit: 

 --- MultiDimFit ---
best fit parameter values and profile-likelihood uncertainties: 
   r :    +0.401   -0.511/+0.491 (68%)
Set Range of Parameter r To : (-2,100)
Doing initial fit: 

 --- MultiDimFit ---
best fit parameter values and profile-likelihood uncertainties: 
   r :    -0.005   -0.438/+0.448 (68%)
Set Range of Parameter r To : (-2,100)
Doing initial fit: 

 --- MultiDimFit ---
best fit parameter values and profile-likelihood uncertainties: 
   r :    +0.249   -0.514/+0.543 (68%)
Set Range of Parameter r To : (-2,100)
Doing initial fit: 

 --- MultiDimFit ---
best fit parameter values and profile-likelihood uncertainties: 
   r :    +0.265   -0.508/+0.617 (68%)
Set Range of Parameter r To : (-2,100)
Doing initial fit: 

 --- MultiDimFit ---
best fit parameter values and profile-likelihood uncertainties: 
   r :    +1.266   -0.551/+0.542 (68%)
Set Range of Parameter r To : (-2,100)
Doing initial fit: 

 --- MultiDimFit ---
best fit parameter values and profile-likelihood uncertainties: 
   r :    -0.038   -0.457/+0.456 (68%)
Set Range of Parameter r To : (-2,100)
Doing initial fit: 

 --- MultiDimFit ---
best fit parameter values and profile-likelihood uncertainties: 
   r :    +0.193   -0.432/+0.453 (68%)
Set Range of Parameter r To : (-2,100)
Doing initial fit: 

 --- MultiDimFit ---
best fit parameter values and profile-likelihood uncertainties: 
   r :    -0.315   -0.456/+0.450 (68%)
Set Range of Parameter r To : (-2,100)
Doing initial fit: 

 --- MultiDimFit ---
best fit parameter values and profile-likelihood uncertainties: 
   r :    -0.400   -0.477/+0.546 (68%)
Set Range of Parameter r To : (-2,100)
Doing initial fit: 

 --- MultiDimFit ---
best fit parameter values and profile-likelihood uncertainties: 
   r :    +0.232   -0.515/+0.559 (68%)
Set Range of Parameter r To : (-2,100)
Doing initial fit: 

 --- MultiDimFit ---
best fit parameter values and profile-likelihood uncertainties: 
   r :    -0.177   -0.490/+0.551 (68%)
Set Range of Parameter r To : (-2,100)
Doing initial fit: 

 --- MultiDimFit ---
best fit parameter values and profile-likelihood uncertainties: 
   r :    +0.152   -0.544/+0.491 (68%)
Set Range of Parameter r To : (-2,100)
Doing initial fit: 

 --- MultiDimFit ---
best fit parameter values and profile-likelihood uncertainties: 
   r :    +0.549   -0.506/+0.501 (68%)
Set Range of Parameter r To : (-2,100)
Doing initial fit: 

 --- MultiDimFit ---
best fit parameter values and profile-likelihood uncertainties: 
   r :    -0.425   -0.770/+0.296 (68%)
Set Range of Parameter r To : (-2,100)
Doing initial fit: 

 --- MultiDimFit ---
best fit parameter values and profile-likelihood uncertainties: 
   r :    -0.077   -0.431/+0.443 (68%)
Set Range of Parameter r To : (-2,100)
Doing initial fit: 

 --- MultiDimFit ---
best fit parameter values and profile-likelihood uncertainties: 
   r :    -0.379   -0.498/+0.575 (68%)
Set Range of Parameter r To : (-2,100)
Doing initial fit: 

 --- MultiDimFit ---
best fit parameter values and profile-likelihood uncertainties: 
   r :    -0.150   -0.449/+0.453 (68%)
Set Range of Parameter r To : (-2,100)
Doing initial fit: 

 --- MultiDimFit ---
best fit parameter values and profile-likelihood uncertainties: 
   r :    +0.147   -0.512/+0.525 (68%)
Set Range of Parameter r To : (-2,100)
Doing initial fit: 

 --- MultiDimFit ---
best fit parameter values and profile-likelihood uncertainties: 
   r :    +1.035   -0.540/+0.540 (68%)
Set Range of Parameter r To : (-2,100)
Doing initial fit: 

 --- MultiDimFit ---
best fit parameter values and profile-likelihood uncertainties: 
   r :    +0.523   -0.522/+0.516 (68%)
Set Range of Parameter r To : (-2,100)
Doing initial fit: 

 --- MultiDimFit ---
best fit parameter values and profile-likelihood uncertainties: 
   r :    +0.061   -0.451/+0.460 (68%)
Set Range of Parameter r To : (-2,100)
Doing initial fit: 

 --- MultiDimFit ---
best fit parameter values and profile-likelihood uncertainties: 
   r :    +0.784   -0.510/+0.511 (68%)
Set Range of Parameter r To : (-2,100)
Doing initial fit: 

 --- MultiDimFit ---
best fit parameter values and profile-likelihood uncertainties: 
   r :    +0.161   -0.483/+0.481 (68%)
Set Range of Parameter r To : (-2,100)
Doing initial fit: 

 --- MultiDimFit ---
best fit parameter values and profile-likelihood uncertainties: 
   r :    -0.131   -0.509/+0.471 (68%)
Set Range of Parameter r To : (-2,100)
Doing initial fit: 

 --- MultiDimFit ---
best fit parameter values and profile-likelihood uncertainties: 
   r :    -1.242   -0.451/+0.494 (68%)
Set Range of Parameter r To : (-2,100)
Doing initial fit: 

 --- MultiDimFit ---
best fit parameter values and profile-likelihood uncertainties: 
   r :    +1.058   -0.509/+0.515 (68%)
Set Range of Parameter r To : (-2,100)
Doing initial fit: 

 --- MultiDimFit ---
best fit parameter values and profile-likelihood uncertainties: 
   r :    +0.074   -0.456/+0.466 (68%)
Set Range of Parameter r To : (-2,100)
Doing initial fit: 

 --- MultiDimFit ---
best fit parameter values and profile-likelihood uncertainties: 
   r :    +0.422   -0.495/+0.487 (68%)
Set Range of Parameter r To : (-2,100)
Doing initial fit: 

 --- MultiDimFit ---
best fit parameter values and profile-likelihood uncertainties: 
   r :    +0.204   -0.465/+0.474 (68%)
Set Range of Parameter r To : (-2,100)
Doing initial fit: 

 --- MultiDimFit ---
best fit parameter values and profile-likelihood uncertainties: 
   r :    +1.020   -0.539/+0.528 (68%)
Set Range of Parameter r To : (-2,100)
Doing initial fit: 

 --- MultiDimFit ---
best fit parameter values and profile-likelihood uncertainties: 
   r :    +0.119   -0.502/+0.596 (68%)
Set Range of Parameter r To : (-2,100)
Doing initial fit: 

 --- MultiDimFit ---
best fit parameter values and profile-likelihood uncertainties: 
   r :    +0.206   -0.467/+0.472 (68%)
Set Range of Parameter r To : (-2,100)
Doing initial fit: 

 --- MultiDimFit ---
best fit parameter values and profile-likelihood uncertainties: 
   r :    -0.009   -0.443/+0.451 (68%)
Set Range of Parameter r To : (-2,100)
Doing initial fit: 

 --- MultiDimFit ---
best fit parameter values and profile-likelihood uncertainties: 
   r :    -0.223   -0.424/+0.437 (68%)
Set Range of Parameter r To : (-2,100)
Doing initial fit: 

 --- MultiDimFit ---
best fit parameter values and profile-likelihood uncertainties: 
   r :    +0.269   -0.513/+0.576 (68%)
Set Range of Parameter r To : (-2,100)
Doing initial fit: 

 --- MultiDimFit ---
best fit parameter values and profile-likelihood uncertainties: 
   r :    +0.404   -0.519/+0.630 (68%)
Set Range of Parameter r To : (-2,100)
Doing initial fit: 

 --- MultiDimFit ---
best fit parameter values and profile-likelihood uncertainties: 
   r :    -0.283   -0.448/+0.446 (68%)
Set Range of Parameter r To : (-2,100)
Doing initial fit: 

 --- MultiDimFit ---
best fit parameter values and profile-likelihood uncertainties: 
   r :    +0.745   -0.499/+0.503 (68%)
Set Range of Parameter r To : (-2,100)
Doing initial fit: 

 --- MultiDimFit ---
best fit parameter values and profile-likelihood uncertainties: 
   r :    -0.598   -0.477/+0.494 (68%)
Set Range of Parameter r To : (-2,100)
Doing initial fit: 

 --- MultiDimFit ---
best fit parameter values and profile-likelihood uncertainties: 
   r :    -0.239   -0.483/+0.580 (68%)
Set Range of Parameter r To : (-2,100)
Doing initial fit: 

 --- MultiDimFit ---
best fit parameter values and profile-likelihood uncertainties: 
   r :    +0.635   -0.532/+0.531 (68%)
Set Range of Parameter r To : (-2,100)
Doing initial fit: 

 --- MultiDimFit ---
best fit parameter values and profile-likelihood uncertainties: 
   r :    -0.114   -0.706/+0.496 (68%)
Set Range of Parameter r To : (-2,100)
Doing initial fit: 

 --- MultiDimFit ---
best fit parameter values and profile-likelihood uncertainties: 
   r :    -0.700   -0.490/+0.550 (68%)
Set Range of Parameter r To : (-2,100)
Doing initial fit: 

 --- MultiDimFit ---
best fit parameter values and profile-likelihood uncertainties: 
   r :    -0.150   -0.497/+0.496 (68%)
Set Range of Parameter r To : (-2,100)
Doing initial fit: 

 --- MultiDimFit ---
best fit parameter values and profile-likelihood uncertainties: 
   r :    +0.054   -0.496/+0.595 (68%)
Set Range of Parameter r To : (-2,100)
Doing initial fit: 

 --- MultiDimFit ---
best fit parameter values and profile-likelihood uncertainties: 
   r :    +0.210   -0.516/+0.628 (68%)
Set Range of Parameter r To : (-2,100)
Doing initial fit: 

 --- MultiDimFit ---
best fit parameter values and profile-likelihood uncertainties: 
   r :    -0.681   -0.409/+0.417 (68%)
Set Range of Parameter r To : (-2,100)
Doing initial fit: 

 --- MultiDimFit ---
best fit parameter values and profile-likelihood uncertainties: 
   r :    +1.066   -0.569/+0.566 (68%)
Set Range of Parameter r To : (-2,100)
Doing initial fit: 

 --- MultiDimFit ---
best fit parameter values and profile-likelihood uncertainties: 
   r :    +0.316   -0.480/+0.480 (68%)
Set Range of Parameter r To : (-2,100)
Doing initial fit: 

 --- MultiDimFit ---
best fit parameter values and profile-likelihood uncertainties: 
   r :    -0.695   -0.473/+0.471 (68%)
Set Range of Parameter r To : (-2,100)
Doing initial fit: 

 --- MultiDimFit ---
best fit parameter values and profile-likelihood uncertainties: 
   r :    +0.319   -0.472/+0.476 (68%)
Set Range of Parameter r To : (-2,100)
Doing initial fit: 

 --- MultiDimFit ---
best fit parameter values and profile-likelihood uncertainties: 
   r :    +0.190   -0.507/+0.605 (68%)
Set Range of Parameter r To : (-2,100)
Doing initial fit: 

 --- MultiDimFit ---
best fit parameter values and profile-likelihood uncertainties: 
   r :    -0.465   -0.479/+0.474 (68%)
Set Range of Parameter r To : (-2,100)
Doing initial fit: 

 --- MultiDimFit ---
best fit parameter values and profile-likelihood uncertainties: 
   r :    +0.235   -0.482/+0.481 (68%)
Set Range of Parameter r To : (-2,100)
Doing initial fit: 

 --- MultiDimFit ---
best fit parameter values and profile-likelihood uncertainties: 
   r :    +0.723   -0.536/+0.582 (68%)
Set Range of Parameter r To : (-2,100)
Doing initial fit: 

 --- MultiDimFit ---
best fit parameter values and profile-likelihood uncertainties: 
   r :    -0.239   -0.492/+0.490 (68%)
Set Range of Parameter r To : (-2,100)
Doing initial fit: 

 --- MultiDimFit ---
best fit parameter values and profile-likelihood uncertainties: 
   r :    -0.133   -0.495/+0.517 (68%)
Set Range of Parameter r To : (-2,100)
Doing initial fit: 

 --- MultiDimFit ---
best fit parameter values and profile-likelihood uncertainties: 
   r :    -0.258   -0.460/+0.454 (68%)
Set Range of Parameter r To : (-2,100)
Doing initial fit: 

 --- MultiDimFit ---
best fit parameter values and profile-likelihood uncertainties: 
   r :    -0.781   -0.586/+0.451 (68%)
Set Range of Parameter r To : (-2,100)
Doing initial fit: 

 --- MultiDimFit ---
best fit parameter values and profile-likelihood uncertainties: 
   r :    +0.217   -0.498/+0.610 (68%)
Set Range of Parameter r To : (-2,100)
Doing initial fit: 

 --- MultiDimFit ---
best fit parameter values and profile-likelihood uncertainties: 
   r :    +1.056   -0.580/+0.553 (68%)
Set Range of Parameter r To : (-2,100)
Doing initial fit: 

 --- MultiDimFit ---
best fit parameter values and profile-likelihood uncertainties: 
   r :    -0.288   -0.487/+0.473 (68%)
Set Range of Parameter r To : (-2,100)
Doing initial fit: 

 --- MultiDimFit ---
best fit parameter values and profile-likelihood uncertainties: 
   r :    +0.288   -0.472/+0.477 (68%)
Set Range of Parameter r To : (-2,100)
Doing initial fit: 

 --- MultiDimFit ---
best fit parameter values and profile-likelihood uncertainties: 
   r :    -0.678   -0.483/+0.478 (68%)
Set Range of Parameter r To : (-2,100)
Doing initial fit: 

 --- MultiDimFit ---
best fit parameter values and profile-likelihood uncertainties: 
   r :    -0.762   -0.410/+0.415 (68%)
Set Range of Parameter r To : (-2,100)
Doing initial fit: 

 --- MultiDimFit ---
best fit parameter values and profile-likelihood uncertainties: 
   r :    -0.074   -0.506/+0.526 (68%)
Set Range of Parameter r To : (-2,100)
Doing initial fit: 

 --- MultiDimFit ---
best fit parameter values and profile-likelihood uncertainties: 
   r :    +0.230   -0.510/+0.525 (68%)
Set Range of Parameter r To : (-2,100)
Doing initial fit: 

 --- MultiDimFit ---
best fit parameter values and profile-likelihood uncertainties: 
   r :    +0.072   -0.487/+0.484 (68%)
Set Range of Parameter r To : (-2,100)
Doing initial fit: 

 --- MultiDimFit ---
best fit parameter values and profile-likelihood uncertainties: 
   r :    -0.713   -0.431/+0.423 (68%)
Set Range of Parameter r To : (-2,100)
Doing initial fit: 

 --- MultiDimFit ---
best fit parameter values and profile-likelihood uncertainties: 
   r :    +0.125   -0.438/+0.455 (68%)
Set Range of Parameter r To : (-2,100)
Doing initial fit: 

 --- MultiDimFit ---
best fit parameter values and profile-likelihood uncertainties: 
   r :    -1.013   -0.497/+0.451 (68%)
Set Range of Parameter r To : (-2,100)
Doing initial fit: 

 --- MultiDimFit ---
best fit parameter values and profile-likelihood uncertainties: 
   r :    -0.774   -0.416/+0.410 (68%)
Set Range of Parameter r To : (-2,100)
Doing initial fit: 

 --- MultiDimFit ---
best fit parameter values and profile-likelihood uncertainties: 
   r :    -0.269   -0.501/+0.468 (68%)
Set Range of Parameter r To : (-2,100)
Doing initial fit: 

 --- MultiDimFit ---
best fit parameter values and profile-likelihood uncertainties: 
   r :    +0.782   -0.515/+0.516 (68%)
Set Range of Parameter r To : (-2,100)
Doing initial fit: 

 --- MultiDimFit ---
best fit parameter values and profile-likelihood uncertainties: 
   r :    -0.386   -0.404/+0.423 (68%)
Set Range of Parameter r To : (-2,100)
Doing initial fit: 

 --- MultiDimFit ---
best fit parameter values and profile-likelihood uncertainties: 
   r :    -0.231   -0.479/+0.574 (68%)
Set Range of Parameter r To : (-2,100)
Doing initial fit: 

 --- MultiDimFit ---
best fit parameter values and profile-likelihood uncertainties: 
   r :    +0.033   -0.499/+0.481 (68%)
Set Range of Parameter r To : (-2,100)
Doing initial fit: 

 --- MultiDimFit ---
best fit parameter values and profile-likelihood uncertainties: 
   r :    +0.148   -0.449/+0.462 (68%)
Set Range of Parameter r To : (-2,100)
Doing initial fit: 

 --- MultiDimFit ---
best fit parameter values and profile-likelihood uncertainties: 
   r :    +2.469   -0.695/+0.673 (68%)
Set Range of Parameter r To : (-2,100)
Doing initial fit: 

 --- MultiDimFit ---
best fit parameter values and profile-likelihood uncertainties: 
   r :    -0.474   -0.460/+0.453 (68%)
Set Range of Parameter r To : (-2,100)
Doing initial fit: 

 --- MultiDimFit ---
best fit parameter values and profile-likelihood uncertainties: 
   r :    +0.039   -0.446/+0.461 (68%)
Set Range of Parameter r To : (-2,100)
Doing initial fit: 

 --- MultiDimFit ---
best fit parameter values and profile-likelihood uncertainties: 
   r :    -0.646   -0.500/+0.555 (68%)
Set Range of Parameter r To : (-2,100)
Doing initial fit: 

 --- MultiDimFit ---
best fit parameter values and profile-likelihood uncertainties: 
   r :    +0.542   -0.523/+0.599 (68%)
Set Range of Parameter r To : (-2,100)
Doing initial fit: 

 --- MultiDimFit ---
best fit parameter values and profile-likelihood uncertainties: 
   r :    -0.692   -0.413/+0.415 (68%)
Set Range of Parameter r To : (-2,100)
Doing initial fit: 

 --- MultiDimFit ---
best fit parameter values and profile-likelihood uncertainties: 
   r :    +0.667   -0.506/+0.506 (68%)
Set Range of Parameter r To : (-2,100)
Doing initial fit: 

 --- MultiDimFit ---
best fit parameter values and profile-likelihood uncertainties: 
   r :    -0.131   -0.689/+0.467 (68%)
Set Range of Parameter r To : (-2,100)
Doing initial fit: 

 --- MultiDimFit ---
best fit parameter values and profile-likelihood uncertainties: 
   r :    -0.014   -0.459/+0.459 (68%)
Set Range of Parameter r To : (-2,100)
Doing initial fit: 

 --- MultiDimFit ---
best fit parameter values and profile-likelihood uncertainties: 
   r :    -0.174   -0.644/+0.658 (68%)
Set Range of Parameter r To : (-2,100)
Doing initial fit: 

 --- MultiDimFit ---
best fit parameter values and profile-likelihood uncertainties: 
   r :    +0.267   -0.439/+0.459 (68%)
Set Range of Parameter r To : (-2,100)
Doing initial fit: 

 --- MultiDimFit ---
best fit parameter values and profile-likelihood uncertainties: 
   r :    -0.210   -0.437/+0.440 (68%)
Set Range of Parameter r To : (-2,100)
Doing initial fit: 

 --- MultiDimFit ---
best fit parameter values and profile-likelihood uncertainties: 
   r :    +0.265   -0.510/+0.509 (68%)
Set Range of Parameter r To : (-2,100)
Doing initial fit: 

 --- MultiDimFit ---
best fit parameter values and profile-likelihood uncertainties: 
   r :    -0.513   -0.474/+0.450 (68%)
Set Range of Parameter r To : (-2,100)
Doing initial fit: 

 --- MultiDimFit ---
best fit parameter values and profile-likelihood uncertainties: 
   r :    +0.496   -0.553/+0.648 (68%)
Set Range of Parameter r To : (-2,100)
Doing initial fit: 

 --- MultiDimFit ---
best fit parameter values and profile-likelihood uncertainties: 
   r :    -0.383   -0.503/+0.500 (68%)
Set Range of Parameter r To : (-2,100)
Doing initial fit: 

 --- MultiDimFit ---
best fit parameter values and profile-likelihood uncertainties: 
   r :    -0.355   -0.550/+0.443 (68%)
Set Range of Parameter r To : (-2,100)
Doing initial fit: 

 --- MultiDimFit ---
best fit parameter values and profile-likelihood uncertainties: 
   r :    -0.775   -0.476/+0.448 (68%)
Set Range of Parameter r To : (-2,100)
Doing initial fit: 

 --- MultiDimFit ---
best fit parameter values and profile-likelihood uncertainties: 
   r :    -0.790   -0.453/+0.547 (68%)
Set Range of Parameter r To : (-2,100)
Doing initial fit: 

 --- MultiDimFit ---
best fit parameter values and profile-likelihood uncertainties: 
   r :    +0.319   -0.501/+0.484 (68%)
Set Range of Parameter r To : (-2,100)
Doing initial fit: 

 --- MultiDimFit ---
best fit parameter values and profile-likelihood uncertainties: 
   r :    +0.583   -0.462/+0.479 (68%)
Set Range of Parameter r To : (-2,100)
Doing initial fit: 

 --- MultiDimFit ---
best fit parameter values and profile-likelihood uncertainties: 
   r :    +0.640   -0.537/+0.631 (68%)
Set Range of Parameter r To : (-2,100)
Doing initial fit: 

 --- MultiDimFit ---
best fit parameter values and profile-likelihood uncertainties: 
   r :    +0.384   -0.482/+0.485 (68%)
Set Range of Parameter r To : (-2,100)
Doing initial fit: 

 --- MultiDimFit ---
best fit parameter values and profile-likelihood uncertainties: 
   r :    -0.317   -0.438/+0.445 (68%)
Set Range of Parameter r To : (-2,100)
Doing initial fit: 

 --- MultiDimFit ---
best fit parameter values and profile-likelihood uncertainties: 
   r :    +0.041   -0.482/+0.472 (68%)
Set Range of Parameter r To : (-2,100)
Doing initial fit: 

 --- MultiDimFit ---
best fit parameter values and profile-likelihood uncertainties: 
   r :    -0.220   -0.739/+0.436 (68%)
Set Range of Parameter r To : (-2,100)
Doing initial fit: 

 --- MultiDimFit ---
best fit parameter values and profile-likelihood uncertainties: 
   r :    -0.269   -0.486/+0.505 (68%)
Set Range of Parameter r To : (-2,100)
Doing initial fit: 

 --- MultiDimFit ---
best fit parameter values and profile-likelihood uncertainties: 
   r :    -0.044   -0.477/+0.464 (68%)
Set Range of Parameter r To : (-2,100)
Doing initial fit: 

 --- MultiDimFit ---
best fit parameter values and profile-likelihood uncertainties: 
   r :    -0.331   -0.495/+0.487 (68%)
Set Range of Parameter r To : (-2,100)
Doing initial fit: 

 --- MultiDimFit ---
best fit parameter values and profile-likelihood uncertainties: 
   r :    -0.457   -0.455/+0.447 (68%)
Set Range of Parameter r To : (-2,100)
Doing initial fit: 

 --- MultiDimFit ---
best fit parameter values and profile-likelihood uncertainties: 
   r :    -0.166   -0.498/+0.526 (68%)
Set Range of Parameter r To : (-2,100)
Doing initial fit: 

 --- MultiDimFit ---
best fit parameter values and profile-likelihood uncertainties: 
   r :    +0.653   -0.535/+0.641 (68%)
Set Range of Parameter r To : (-2,100)
Doing initial fit: 

 --- MultiDimFit ---
best fit parameter values and profile-likelihood uncertainties: 
   r :    +0.603   -0.527/+0.602 (68%)
Set Range of Parameter r To : (-2,100)
Doing initial fit: 

 --- MultiDimFit ---
best fit parameter values and profile-likelihood uncertainties: 
   r :    +0.388   -0.492/+0.489 (68%)
Set Range of Parameter r To : (-2,100)
Doing initial fit: 

 --- MultiDimFit ---
best fit parameter values and profile-likelihood uncertainties: 
   r :    +0.810   -0.542/+0.538 (68%)
Set Range of Parameter r To : (-2,100)
Doing initial fit: 

 --- MultiDimFit ---
best fit parameter values and profile-likelihood uncertainties: 
   r :    -0.415   -0.508/+0.565 (68%)
Set Range of Parameter r To : (-2,100)
Doing initial fit: 

 --- MultiDimFit ---
best fit parameter values and profile-likelihood uncertainties: 
   r :    +0.799   -0.604/+0.514 (68%)
Set Range of Parameter r To : (-2,100)
Doing initial fit: 

 --- MultiDimFit ---
best fit parameter values and profile-likelihood uncertainties: 
   r :    -0.105   -0.722/+0.379 (68%)
Set Range of Parameter r To : (-2,100)
Doing initial fit: 

 --- MultiDimFit ---
best fit parameter values and profile-likelihood uncertainties: 
   r :    +0.118   -0.508/+0.499 (68%)
Set Range of Parameter r To : (-2,100)
Doing initial fit: 

 --- MultiDimFit ---
best fit parameter values and profile-likelihood uncertainties: 
   r :    -0.906   -0.586/+0.409 (68%)
Set Range of Parameter r To : (-2,100)
Doing initial fit: 

 --- MultiDimFit ---
best fit parameter values and profile-likelihood uncertainties: 
   r :    -0.186   -0.499/+0.530 (68%)
Set Range of Parameter r To : (-2,100)
Doing initial fit: 

 --- MultiDimFit ---
best fit parameter values and profile-likelihood uncertainties: 
   r :    +0.183   -0.496/+0.485 (68%)
Set Range of Parameter r To : (-2,100)
Doing initial fit: 

 --- MultiDimFit ---
best fit parameter values and profile-likelihood uncertainties: 
   r :    +0.698   -0.542/+0.624 (68%)
Set Range of Parameter r To : (-2,100)
Doing initial fit: 

 --- MultiDimFit ---
best fit parameter values and profile-likelihood uncertainties: 
   r :    -0.700   -0.463/+0.543 (68%)
Set Range of Parameter r To : (-2,100)
Doing initial fit: 

 --- MultiDimFit ---
best fit parameter values and profile-likelihood uncertainties: 
   r :    +0.348   -0.483/+0.483 (68%)
Set Range of Parameter r To : (-2,100)
Doing initial fit: 

 --- MultiDimFit ---
best fit parameter values and profile-likelihood uncertainties: 
   r :    -0.353   -0.423/+0.432 (68%)
Set Range of Parameter r To : (-2,100)
Doing initial fit: 

 --- MultiDimFit ---
best fit parameter values and profile-likelihood uncertainties: 
   r :    +0.755   -0.563/+0.578 (68%)
Set Range of Parameter r To : (-2,100)
Doing initial fit: 

 --- MultiDimFit ---
best fit parameter values and profile-likelihood uncertainties: 
   r :    +0.290   -0.523/+0.503 (68%)
Set Range of Parameter r To : (-2,100)
Doing initial fit: 

 --- MultiDimFit ---
best fit parameter values and profile-likelihood uncertainties: 
   r :    -0.592   -0.442/+0.435 (68%)
Set Range of Parameter r To : (-2,100)
Doing initial fit: 

 --- MultiDimFit ---
best fit parameter values and profile-likelihood uncertainties: 
   r :    -0.645   -0.446/+0.438 (68%)
Set Range of Parameter r To : (-2,100)
Doing initial fit: 

 --- MultiDimFit ---
best fit parameter values and profile-likelihood uncertainties: 
   r :    -0.368   -0.470/+0.454 (68%)
Set Range of Parameter r To : (-2,100)
Doing initial fit: 

 --- MultiDimFit ---
best fit parameter values and profile-likelihood uncertainties: 
   r :    -0.731   -0.427/+0.416 (68%)
Set Range of Parameter r To : (-2,100)
Doing initial fit: 

 --- MultiDimFit ---
best fit parameter values and profile-likelihood uncertainties: 
   r :    +0.289   -0.452/+0.466 (68%)
Set Range of Parameter r To : (-2,100)
Doing initial fit: 

 --- MultiDimFit ---
best fit parameter values and profile-likelihood uncertainties: 
   r :    -0.747   -0.455/+0.442 (68%)
Set Range of Parameter r To : (-2,100)
Doing initial fit: 

 --- MultiDimFit ---
best fit parameter values and profile-likelihood uncertainties: 
   r :    -0.665   -0.437/+0.431 (68%)
Set Range of Parameter r To : (-2,100)
Doing initial fit: 

 --- MultiDimFit ---
best fit parameter values and profile-likelihood uncertainties: 
   r :    -0.792   -0.434/+0.420 (68%)
Set Range of Parameter r To : (-2,100)
Doing initial fit: 

 --- MultiDimFit ---
best fit parameter values and profile-likelihood uncertainties: 
   r :    -0.026   -0.489/+0.620 (68%)
Set Range of Parameter r To : (-2,100)
Doing initial fit: 

 --- MultiDimFit ---
best fit parameter values and profile-likelihood uncertainties: 
   r :    +0.180   -0.510/+0.578 (68%)
Set Range of Parameter r To : (-2,100)
Doing initial fit: 

 --- MultiDimFit ---
best fit parameter values and profile-likelihood uncertainties: 
   r :    +1.478   -0.602/+0.649 (68%)
Set Range of Parameter r To : (-2,100)
Doing initial fit: 

 --- MultiDimFit ---
best fit parameter values and profile-likelihood uncertainties: 
   r :    +0.044   -0.451/+0.457 (68%)
Set Range of Parameter r To : (-2,100)
Doing initial fit: 

 --- MultiDimFit ---
best fit parameter values and profile-likelihood uncertainties: 
   r :    -0.019   -0.460/+0.459 (68%)
Set Range of Parameter r To : (-2,100)
Doing initial fit: 

 --- MultiDimFit ---
best fit parameter values and profile-likelihood uncertainties: 
   r :    -0.502   -0.750/+0.260 (68%)
Set Range of Parameter r To : (-2,100)
Doing initial fit: 

 --- MultiDimFit ---
best fit parameter values and profile-likelihood uncertainties: 
   r :    -0.431   -0.410/+0.421 (68%)
Set Range of Parameter r To : (-2,100)
Doing initial fit: 

 --- MultiDimFit ---
best fit parameter values and profile-likelihood uncertainties: 
   r :    +0.646   -0.468/+0.486 (68%)
Set Range of Parameter r To : (-2,100)
Doing initial fit: 

 --- MultiDimFit ---
best fit parameter values and profile-likelihood uncertainties: 
   r :    -0.150   -0.457/+0.457 (68%)
Set Range of Parameter r To : (-2,100)
Doing initial fit: 

 --- MultiDimFit ---
best fit parameter values and profile-likelihood uncertainties: 
   r :    +0.335   -0.520/+0.552 (68%)
Set Range of Parameter r To : (-2,100)
Doing initial fit: 

 --- MultiDimFit ---
best fit parameter values and profile-likelihood uncertainties: 
   r :    -0.347   -0.478/+0.462 (68%)
Set Range of Parameter r To : (-2,100)
Doing initial fit: 

 --- MultiDimFit ---
best fit parameter values and profile-likelihood uncertainties: 
   r :    +0.023   -0.508/+0.491 (68%)
Set Range of Parameter r To : (-2,100)
Doing initial fit: 

 --- MultiDimFit ---
best fit parameter values and profile-likelihood uncertainties: 
   r :    -0.137   -0.525/+0.556 (68%)
Set Range of Parameter r To : (-2,100)
Doing initial fit: 

 --- MultiDimFit ---
best fit parameter values and profile-likelihood uncertainties: 
   r :    -0.263   -0.488/+0.603 (68%)
Set Range of Parameter r To : (-2,100)
Doing initial fit: 

 --- MultiDimFit ---
best fit parameter values and profile-likelihood uncertainties: 
   r :    -0.272   -0.507/+0.530 (68%)
Set Range of Parameter r To : (-2,100)
Doing initial fit: 

 --- MultiDimFit ---
best fit parameter values and profile-likelihood uncertainties: 
   r :    +0.659   -0.522/+0.646 (68%)
Set Range of Parameter r To : (-2,100)
Doing initial fit: 

 --- MultiDimFit ---
best fit parameter values and profile-likelihood uncertainties: 
   r :    +0.664   -0.485/+0.494 (68%)
Set Range of Parameter r To : (-2,100)
Doing initial fit: 

 --- MultiDimFit ---
best fit parameter values and profile-likelihood uncertainties: 
   r :    +0.060   -0.465/+0.467 (68%)
Set Range of Parameter r To : (-2,100)
Doing initial fit: 

 --- MultiDimFit ---
best fit parameter values and profile-likelihood uncertainties: 
   r :    -0.233   -0.790/+0.296 (68%)
Set Range of Parameter r To : (-2,100)
Doing initial fit: 

 --- MultiDimFit ---
best fit parameter values and profile-likelihood uncertainties: 
   r :    -0.459   -0.460/+0.453 (68%)
Set Range of Parameter r To : (-2,100)
Doing initial fit: 

 --- MultiDimFit ---
best fit parameter values and profile-likelihood uncertainties: 
   r :    -0.089   -0.450/+0.448 (68%)
Set Range of Parameter r To : (-2,100)
Doing initial fit: 

 --- MultiDimFit ---
best fit parameter values and profile-likelihood uncertainties: 
   r :    -0.568   -0.401/+0.417 (68%)
Set Range of Parameter r To : (-2,100)
Doing initial fit: 

 --- MultiDimFit ---
best fit parameter values and profile-likelihood uncertainties: 
   r :    -0.365   -0.430/+0.438 (68%)
Set Range of Parameter r To : (-2,100)
Doing initial fit: 

 --- MultiDimFit ---
best fit parameter values and profile-likelihood uncertainties: 
   r :    -0.250   -0.491/+0.502 (68%)
Set Range of Parameter r To : (-2,100)
Doing initial fit: 

 --- MultiDimFit ---
best fit parameter values and profile-likelihood uncertainties: 
   r :    -0.123   -0.509/+0.567 (68%)
Set Range of Parameter r To : (-2,100)
Doing initial fit: 

 --- MultiDimFit ---
best fit parameter values and profile-likelihood uncertainties: 
   r :    -0.031   -0.469/+0.460 (68%)
Set Range of Parameter r To : (-2,100)
Doing initial fit: 

 --- MultiDimFit ---
best fit parameter values and profile-likelihood uncertainties: 
   r :    +0.132   -0.501/+0.495 (68%)
Set Range of Parameter r To : (-2,100)
Doing initial fit: 

 --- MultiDimFit ---
best fit parameter values and profile-likelihood uncertainties: 
   r :    +0.227   -0.461/+0.470 (68%)
Set Range of Parameter r To : (-2,100)
Doing initial fit: 

 --- MultiDimFit ---
best fit parameter values and profile-likelihood uncertainties: 
   r :    +0.276   -0.512/+0.495 (68%)
Set Range of Parameter r To : (-2,100)
Doing initial fit: 

 --- MultiDimFit ---
best fit parameter values and profile-likelihood uncertainties: 
   r :    -0.987   -0.466/+0.526 (68%)
Set Range of Parameter r To : (-2,100)
Doing initial fit: 

 --- MultiDimFit ---
best fit parameter values and profile-likelihood uncertainties: 
   r :    -0.192   -0.520/+0.483 (68%)
Set Range of Parameter r To : (-2,100)
Doing initial fit: 

 --- MultiDimFit ---
best fit parameter values and profile-likelihood uncertainties: 
   r :    -0.552   -0.449/+0.435 (68%)
Set Range of Parameter r To : (-2,100)
Doing initial fit: 

 --- MultiDimFit ---
best fit parameter values and profile-likelihood uncertainties: 
   r :    +0.525   -0.514/+0.508 (68%)
Set Range of Parameter r To : (-2,100)
Doing initial fit: 

 --- MultiDimFit ---
best fit parameter values and profile-likelihood uncertainties: 
   r :    -0.261   -0.434/+0.439 (68%)
Set Range of Parameter r To : (-2,100)
Doing initial fit: 

 --- MultiDimFit ---
best fit parameter values and profile-likelihood uncertainties: 
   r :    +0.058   -0.453/+0.463 (68%)
Set Range of Parameter r To : (-2,100)
Doing initial fit: 

 --- MultiDimFit ---
best fit parameter values and profile-likelihood uncertainties: 
   r :    +0.123   -0.480/+0.475 (68%)
Set Range of Parameter r To : (-2,100)
Doing initial fit: 

 --- MultiDimFit ---
best fit parameter values and profile-likelihood uncertainties: 
   r :    -0.217   -0.489/+0.524 (68%)
Set Range of Parameter r To : (-2,100)
Doing initial fit: 

 --- MultiDimFit ---
best fit parameter values and profile-likelihood uncertainties: 
   r :    +0.337   -0.490/+0.481 (68%)
Set Range of Parameter r To : (-2,100)
Doing initial fit: 

 --- MultiDimFit ---
best fit parameter values and profile-likelihood uncertainties: 
   r :    -0.532   -0.411/+0.424 (68%)
Set Range of Parameter r To : (-2,100)
Doing initial fit: 

 --- MultiDimFit ---
best fit parameter values and profile-likelihood uncertainties: 
   r :    -0.608   -0.464/+0.464 (68%)
Set Range of Parameter r To : (-2,100)
Doing initial fit: 

 --- MultiDimFit ---
best fit parameter values and profile-likelihood uncertainties: 
   r :    -0.170   -0.522/+0.548 (68%)
Set Range of Parameter r To : (-2,100)
Doing initial fit: 

 --- MultiDimFit ---
best fit parameter values and profile-likelihood uncertainties: 
   r :    +0.479   -0.496/+0.493 (68%)
Set Range of Parameter r To : (-2,100)
Doing initial fit: 

 --- MultiDimFit ---
best fit parameter values and profile-likelihood uncertainties: 
   r :    +1.192   -0.558/+0.605 (68%)
Set Range of Parameter r To : (-2,100)
Doing initial fit: 

 --- MultiDimFit ---
best fit parameter values and profile-likelihood uncertainties: 
   r :    -0.591   -0.492/+0.508 (68%)
Set Range of Parameter r To : (-2,100)
Doing initial fit: 

 --- MultiDimFit ---
best fit parameter values and profile-likelihood uncertainties: 
   r :    -0.216   -0.666/+0.465 (68%)
Set Range of Parameter r To : (-2,100)
Doing initial fit: 

 --- MultiDimFit ---
best fit parameter values and profile-likelihood uncertainties: 
   r :    +0.219   -0.465/+0.468 (68%)
Set Range of Parameter r To : (-2,100)
Doing initial fit: 

 --- MultiDimFit ---
best fit parameter values and profile-likelihood uncertainties: 
   r :    +0.268   -0.523/+0.518 (68%)
Set Range of Parameter r To : (-2,100)
Doing initial fit: 

 --- MultiDimFit ---
best fit parameter values and profile-likelihood uncertainties: 
   r :    -0.467   -0.499/+0.506 (68%)
Set Range of Parameter r To : (-2,100)
Doing initial fit: 

 --- MultiDimFit ---
best fit parameter values and profile-likelihood uncertainties: 
   r :    -0.921   -0.495/+0.516 (68%)
Set Range of Parameter r To : (-2,100)
Doing initial fit: 

 --- MultiDimFit ---
best fit parameter values and profile-likelihood uncertainties: 
   r :    -0.187   -0.487/+0.600 (68%)
mean   expected limit: r < 3.8635e-316 +/- 0 @ 95%CL (500 toyMC)
median expected limit: r < 3.8635e-316 @ 95%CL (500 toyMC)
   68% expected band : 3.8635e-316 < r < 3.8635e-316
   95% expected band : 3.8635e-316 < r < 3.8635e-316
