 <<< Combine >>> 
 <<< v11.0.0 >>>
>>> Random number generator seed is 123456
>>> Method used is MultiDimFit
Set Range of Parameter r To : (-2,100)
Set Default Value of Parameter r To : 1.89844
Set Range of Parameter r To : (-2,100)
Doing initial fit: 

 --- MultiDimFit ---
best fit parameter values and profile-likelihood uncertainties: 
   r :    +1.484   -0.565/+0.625 (68%)
Set Range of Parameter r To : (-2,100)
Doing initial fit: 

 --- MultiDimFit ---
best fit parameter values and profile-likelihood uncertainties: 
   r :    +1.907   -0.584/+0.704 (68%)
Set Range of Parameter r To : (-2,100)
Doing initial fit: 

 --- MultiDimFit ---
best fit parameter values and profile-likelihood uncertainties: 
   r :    +0.790   -0.534/+0.636 (68%)
Set Range of Parameter r To : (-2,100)
Doing initial fit: 

 --- MultiDimFit ---
best fit parameter values and profile-likelihood uncertainties: 
   r :    +2.135   -0.570/+0.575 (68%)
Set Range of Parameter r To : (-2,100)
Doing initial fit: 

 --- MultiDimFit ---
best fit parameter values and profile-likelihood uncertainties: 
   r :    +1.698   -0.575/+0.575 (68%)
Set Range of Parameter r To : (-2,100)
Doing initial fit: 

 --- MultiDimFit ---
best fit parameter values and profile-likelihood uncertainties: 
   r :    +2.149   -0.589/+0.730 (68%)
Set Range of Parameter r To : (-2,100)
Doing initial fit: 

 --- MultiDimFit ---
best fit parameter values and profile-likelihood uncertainties: 
   r :    +2.259   -0.579/+0.587 (68%)
Set Range of Parameter r To : (-2,100)
Doing initial fit: 

 --- MultiDimFit ---
best fit parameter values and profile-likelihood uncertainties: 
   r :    +1.393   -0.621/+0.531 (68%)
Set Range of Parameter r To : (-2,100)
Doing initial fit: 

 --- MultiDimFit ---
best fit parameter values and profile-likelihood uncertainties: 
   r :    +1.181   -0.560/+0.559 (68%)
Set Range of Parameter r To : (-2,100)
Doing initial fit: 

 --- MultiDimFit ---
best fit parameter values and profile-likelihood uncertainties: 
   r :    +2.777   -0.606/+0.608 (68%)
Set Range of Parameter r To : (-2,100)
Doing initial fit: 

 --- MultiDimFit ---
best fit parameter values and profile-likelihood uncertainties: 
   r :    +1.343   -0.514/+0.528 (68%)
Set Range of Parameter r To : (-2,100)
Doing initial fit: 

 --- MultiDimFit ---
best fit parameter values and profile-likelihood uncertainties: 
   r :    +2.153   -0.551/+0.569 (68%)
Set Range of Parameter r To : (-2,100)
Doing initial fit: 

 --- MultiDimFit ---
best fit parameter values and profile-likelihood uncertainties: 
   r :    +2.709   -0.627/+0.620 (68%)
Set Range of Parameter r To : (-2,100)
Doing initial fit: 

 --- MultiDimFit ---
best fit parameter values and profile-likelihood uncertainties: 
   r :    +1.388   -0.558/+0.550 (68%)
Set Range of Parameter r To : (-2,100)
Doing initial fit: 

 --- MultiDimFit ---
best fit parameter values and profile-likelihood uncertainties: 
   r :    +2.906   -0.640/+0.731 (68%)
Set Range of Parameter r To : (-2,100)
Doing initial fit: 

 --- MultiDimFit ---
best fit parameter values and profile-likelihood uncertainties: 
   r :    +2.420   -0.600/+0.601 (68%)
Set Range of Parameter r To : (-2,100)
Doing initial fit: 

 --- MultiDimFit ---
best fit parameter values and profile-likelihood uncertainties: 
   r :    +1.102   -0.491/+0.511 (68%)
Set Range of Parameter r To : (-2,100)
Doing initial fit: 

 --- MultiDimFit ---
best fit parameter values and profile-likelihood uncertainties: 
   r :    +1.941   -0.535/+0.558 (68%)
Set Range of Parameter r To : (-2,100)
Doing initial fit: 

 --- MultiDimFit ---
best fit parameter values and profile-likelihood uncertainties: 
   r :    +2.926   -0.636/+0.650 (68%)
Set Range of Parameter r To : (-2,100)
Doing initial fit: 

 --- MultiDimFit ---
best fit parameter values and profile-likelihood uncertainties: 
   r :    +2.327   -0.598/+0.593 (68%)
Set Range of Parameter r To : (-2,100)
Doing initial fit: 

 --- MultiDimFit ---
best fit parameter values and profile-likelihood uncertainties: 
   r :    +2.470   -0.610/+0.725 (68%)
Set Range of Parameter r To : (-2,100)
Doing initial fit: 

 --- MultiDimFit ---
best fit parameter values and profile-likelihood uncertainties: 
   r :    +1.315   -0.504/+0.521 (68%)
Set Range of Parameter r To : (-2,100)
Doing initial fit: 

 --- MultiDimFit ---
best fit parameter values and profile-likelihood uncertainties: 
   r :    +1.375   -0.564/+0.615 (68%)
Set Range of Parameter r To : (-2,100)
Doing initial fit: 

 --- MultiDimFit ---
best fit parameter values and profile-likelihood uncertainties: 
   r :    +2.306   -0.599/+0.678 (68%)
Set Range of Parameter r To : (-2,100)
Doing initial fit: 

 --- MultiDimFit ---
best fit parameter values and profile-likelihood uncertainties: 
   r :    +1.075   -0.513/+0.519 (68%)
Set Range of Parameter r To : (-2,100)
Doing initial fit: 

 --- MultiDimFit ---
best fit parameter values and profile-likelihood uncertainties: 
   r :    +1.477   -0.514/+0.531 (68%)
Set Range of Parameter r To : (-2,100)
Doing initial fit: 

 --- MultiDimFit ---
best fit parameter values and profile-likelihood uncertainties: 
   r :    +1.392   -0.568/+0.571 (68%)
Set Range of Parameter r To : (-2,100)
Doing initial fit: 

 --- MultiDimFit ---
best fit parameter values and profile-likelihood uncertainties: 
   r :    +1.273   -0.558/+0.639 (68%)
Set Range of Parameter r To : (-2,100)
Doing initial fit: 

 --- MultiDimFit ---
best fit parameter values and profile-likelihood uncertainties: 
   r :    +2.166   -0.555/+0.572 (68%)
Set Range of Parameter r To : (-2,100)
Doing initial fit: 

 --- MultiDimFit ---
best fit parameter values and profile-likelihood uncertainties: 
   r :    +2.622   -0.616/+0.684 (68%)
Set Range of Parameter r To : (-2,100)
Doing initial fit: 

 --- MultiDimFit ---
best fit parameter values and profile-likelihood uncertainties: 
   r :    +2.217   -0.562/+0.572 (68%)
Set Range of Parameter r To : (-2,100)
Doing initial fit: 

 --- MultiDimFit ---
best fit parameter values and profile-likelihood uncertainties: 
   r :    +3.763   -0.615/+0.638 (68%)
Set Range of Parameter r To : (-2,100)
Doing initial fit: 

 --- MultiDimFit ---
best fit parameter values and profile-likelihood uncertainties: 
   r :    +2.070   -0.565/+0.572 (68%)
Set Range of Parameter r To : (-2,100)
Doing initial fit: 

 --- MultiDimFit ---
best fit parameter values and profile-likelihood uncertainties: 
   r :    +2.056   -0.576/+0.580 (68%)
Set Range of Parameter r To : (-2,100)
Doing initial fit: 

 --- MultiDimFit ---
best fit parameter values and profile-likelihood uncertainties: 
   r :    +1.745   -0.577/+0.692 (68%)
Set Range of Parameter r To : (-2,100)
Doing initial fit: 

 --- MultiDimFit ---
best fit parameter values and profile-likelihood uncertainties: 
   r :    +1.844   -0.560/+0.560 (68%)
Set Range of Parameter r To : (-2,100)
Doing initial fit: 

 --- MultiDimFit ---
best fit parameter values and profile-likelihood uncertainties: 
   r :    +1.738   -0.517/+0.537 (68%)
Set Range of Parameter r To : (-2,100)
Doing initial fit: 

 --- MultiDimFit ---
best fit parameter values and profile-likelihood uncertainties: 
   r :    +2.486   -0.579/+0.588 (68%)
Set Range of Parameter r To : (-2,100)
Doing initial fit: 

 --- MultiDimFit ---
best fit parameter values and profile-likelihood uncertainties: 
   r :    +1.951   -0.587/+0.590 (68%)
Set Range of Parameter r To : (-2,100)
Doing initial fit: 

 --- MultiDimFit ---
best fit parameter values and profile-likelihood uncertainties: 
   r :    +1.701   -0.558/+0.559 (68%)
Set Range of Parameter r To : (-2,100)
Doing initial fit: 

 --- MultiDimFit ---
best fit parameter values and profile-likelihood uncertainties: 
   r :    +1.690   -0.581/+0.595 (68%)
Set Range of Parameter r To : (-2,100)
Doing initial fit: 

 --- MultiDimFit ---
best fit parameter values and profile-likelihood uncertainties: 
   r :    +2.169   -0.551/+0.567 (68%)
Set Range of Parameter r To : (-2,100)
Doing initial fit: 

 --- MultiDimFit ---
best fit parameter values and profile-likelihood uncertainties: 
   r :    +3.547   -0.677/+0.673 (68%)
Set Range of Parameter r To : (-2,100)
Doing initial fit: 

 --- MultiDimFit ---
best fit parameter values and profile-likelihood uncertainties: 
   r :    +1.139   -0.512/+0.520 (68%)
Set Range of Parameter r To : (-2,100)
Doing initial fit: 

 --- MultiDimFit ---
best fit parameter values and profile-likelihood uncertainties: 
   r :    +1.113   -0.513/+0.518 (68%)
Set Range of Parameter r To : (-2,100)
Doing initial fit: 

 --- MultiDimFit ---
best fit parameter values and profile-likelihood uncertainties: 
   r :    +1.392   -0.524/+0.534 (68%)
Set Range of Parameter r To : (-2,100)
Doing initial fit: 

 --- MultiDimFit ---
best fit parameter values and profile-likelihood uncertainties: 
   r :    +1.662   -0.581/+0.656 (68%)
Set Range of Parameter r To : (-2,100)
Doing initial fit: 

 --- MultiDimFit ---
best fit parameter values and profile-likelihood uncertainties: 
   r :    +1.884   -0.586/+0.685 (68%)
Set Range of Parameter r To : (-2,100)
Doing initial fit: 

 --- MultiDimFit ---
best fit parameter values and profile-likelihood uncertainties: 
   r :    +1.422   -0.577/+0.609 (68%)
Set Range of Parameter r To : (-2,100)
Doing initial fit: 

 --- MultiDimFit ---
best fit parameter values and profile-likelihood uncertainties: 
   r :    +2.144   -0.564/+0.573 (68%)
Set Range of Parameter r To : (-2,100)
Doing initial fit: 

 --- MultiDimFit ---
best fit parameter values and profile-likelihood uncertainties: 
   r :    +1.925   -0.533/+0.546 (68%)
Set Range of Parameter r To : (-2,100)
Doing initial fit: 

 --- MultiDimFit ---
best fit parameter values and profile-likelihood uncertainties: 
   r :    +2.382   -0.593/+0.598 (68%)
Set Range of Parameter r To : (-2,100)
Doing initial fit: 

 --- MultiDimFit ---
best fit parameter values and profile-likelihood uncertainties: 
   r :    +1.732   -0.525/+0.542 (68%)
Set Range of Parameter r To : (-2,100)
Doing initial fit: 

 --- MultiDimFit ---
best fit parameter values and profile-likelihood uncertainties: 
   r :    +1.557   -0.534/+0.542 (68%)
Set Range of Parameter r To : (-2,100)
Doing initial fit: 

 --- MultiDimFit ---
best fit parameter values and profile-likelihood uncertainties: 
   r :    +1.375   -0.558/+0.647 (68%)
Set Range of Parameter r To : (-2,100)
Doing initial fit: 

 --- MultiDimFit ---
best fit parameter values and profile-likelihood uncertainties: 
   r :    +2.560   -0.598/+0.603 (68%)
Set Range of Parameter r To : (-2,100)
Doing initial fit: 

 --- MultiDimFit ---
best fit parameter values and profile-likelihood uncertainties: 
   r :    +1.119   -0.558/+0.571 (68%)
Set Range of Parameter r To : (-2,100)
Doing initial fit: 

 --- MultiDimFit ---
best fit parameter values and profile-likelihood uncertainties: 
   r :    +2.187   -0.607/+0.633 (68%)
Set Range of Parameter r To : (-2,100)
Doing initial fit: 

 --- MultiDimFit ---
best fit parameter values and profile-likelihood uncertainties: 
   r :    +2.569   -0.566/+0.586 (68%)
Set Range of Parameter r To : (-2,100)
Doing initial fit: 

 --- MultiDimFit ---
best fit parameter values and profile-likelihood uncertainties: 
   r :    +1.163   -0.551/+0.620 (68%)
Set Range of Parameter r To : (-2,100)
Doing initial fit: 

 --- MultiDimFit ---
best fit parameter values and profile-likelihood uncertainties: 
   r :    +1.846   -0.591/+0.600 (68%)
Set Range of Parameter r To : (-2,100)
Doing initial fit: 

 --- MultiDimFit ---
best fit parameter values and profile-likelihood uncertainties: 
   r :    +2.254   -0.600/+0.685 (68%)
Set Range of Parameter r To : (-2,100)
Doing initial fit: 

 --- MultiDimFit ---
best fit parameter values and profile-likelihood uncertainties: 
   r :    +2.950   -0.624/+0.710 (68%)
Set Range of Parameter r To : (-2,100)
Doing initial fit: 

 --- MultiDimFit ---
best fit parameter values and profile-likelihood uncertainties: 
   r :    +2.158   -0.601/+0.624 (68%)
Set Range of Parameter r To : (-2,100)
Doing initial fit: 

 --- MultiDimFit ---
best fit parameter values and profile-likelihood uncertainties: 
   r :    +1.651   -0.565/+0.566 (68%)
Set Range of Parameter r To : (-2,100)
Doing initial fit: 

 --- MultiDimFit ---
best fit parameter values and profile-likelihood uncertainties: 
   r :    +2.315   -0.686/+0.586 (68%)
Set Range of Parameter r To : (-2,100)
Doing initial fit: 

 --- MultiDimFit ---
best fit parameter values and profile-likelihood uncertainties: 
   r :    +0.587   -0.530/+0.546 (68%)
Set Range of Parameter r To : (-2,100)
Doing initial fit: 

 --- MultiDimFit ---
best fit parameter values and profile-likelihood uncertainties: 
   r :    +1.858   -0.555/+0.558 (68%)
Set Range of Parameter r To : (-2,100)
Doing initial fit: 

 --- MultiDimFit ---
best fit parameter values and profile-likelihood uncertainties: 
   r :    +1.544   -0.578/+0.640 (68%)
Set Range of Parameter r To : (-2,100)
Doing initial fit: 

 --- MultiDimFit ---
best fit parameter values and profile-likelihood uncertainties: 
   r :    +1.815   -0.522/+0.544 (68%)
Set Range of Parameter r To : (-2,100)
Doing initial fit: 

 --- MultiDimFit ---
best fit parameter values and profile-likelihood uncertainties: 
   r :    +0.935   -0.552/+0.551 (68%)
Set Range of Parameter r To : (-2,100)
Doing initial fit: 

 --- MultiDimFit ---
best fit parameter values and profile-likelihood uncertainties: 
   r :    +2.949   -0.686/+0.640 (68%)
Set Range of Parameter r To : (-2,100)
Doing initial fit: 

 --- MultiDimFit ---
best fit parameter values and profile-likelihood uncertainties: 
   r :    +1.804   -0.530/+0.546 (68%)
Set Range of Parameter r To : (-2,100)
Doing initial fit: 

 --- MultiDimFit ---
best fit parameter values and profile-likelihood uncertainties: 
   r :    +1.629   -0.673/+0.611 (68%)
Set Range of Parameter r To : (-2,100)
Doing initial fit: 

 --- MultiDimFit ---
best fit parameter values and profile-likelihood uncertainties: 
   r :    +2.159   -0.596/+0.665 (68%)
Set Range of Parameter r To : (-2,100)
Doing initial fit: 

 --- MultiDimFit ---
best fit parameter values and profile-likelihood uncertainties: 
   r :    +1.788   -0.579/+0.568 (68%)
Set Range of Parameter r To : (-2,100)
Doing initial fit: 

 --- MultiDimFit ---
best fit parameter values and profile-likelihood uncertainties: 
   r :    +1.808   -0.609/+0.644 (68%)
Set Range of Parameter r To : (-2,100)
Doing initial fit: 

 --- MultiDimFit ---
best fit parameter values and profile-likelihood uncertainties: 
   r :    +1.817   -0.566/+0.562 (68%)
Set Range of Parameter r To : (-2,100)
Doing initial fit: 

 --- MultiDimFit ---
best fit parameter values and profile-likelihood uncertainties: 
   r :    +2.059   -0.594/+0.638 (68%)
Set Range of Parameter r To : (-2,100)
Doing initial fit: 

 --- MultiDimFit ---
best fit parameter values and profile-likelihood uncertainties: 
   r :    +2.975   -0.597/+0.612 (68%)
Set Range of Parameter r To : (-2,100)
Doing initial fit: 

 --- MultiDimFit ---
best fit parameter values and profile-likelihood uncertainties: 
   r :    +2.360   -0.606/+0.622 (68%)
Set Range of Parameter r To : (-2,100)
Doing initial fit: 

 --- MultiDimFit ---
best fit parameter values and profile-likelihood uncertainties: 
   r :    +1.480   -0.552/+0.548 (68%)
Set Range of Parameter r To : (-2,100)
Doing initial fit: 

 --- MultiDimFit ---
best fit parameter values and profile-likelihood uncertainties: 
   r :    +2.843   -0.589/+0.604 (68%)
Set Range of Parameter r To : (-2,100)
Doing initial fit: 

 --- MultiDimFit ---
best fit parameter values and profile-likelihood uncertainties: 
   r :    +0.876   -0.498/+0.507 (68%)
Set Range of Parameter r To : (-2,100)
Doing initial fit: 

 --- MultiDimFit ---
best fit parameter values and profile-likelihood uncertainties: 
   r :    +2.164   -0.612/+0.602 (68%)
Set Range of Parameter r To : (-2,100)
Doing initial fit: 

 --- MultiDimFit ---
best fit parameter values and profile-likelihood uncertainties: 
   r :    +1.793   -0.553/+0.557 (68%)
Set Range of Parameter r To : (-2,100)
Doing initial fit: 

 --- MultiDimFit ---
best fit parameter values and profile-likelihood uncertainties: 
   r :    +2.513   -0.598/+0.600 (68%)
Set Range of Parameter r To : (-2,100)
Doing initial fit: 

 --- MultiDimFit ---
best fit parameter values and profile-likelihood uncertainties: 
   r :    +1.778   -0.515/+0.538 (68%)
Set Range of Parameter r To : (-2,100)
Doing initial fit: 

 --- MultiDimFit ---
best fit parameter values and profile-likelihood uncertainties: 
   r :    +2.170   -0.610/+0.641 (68%)
Set Range of Parameter r To : (-2,100)
Doing initial fit: 

 --- MultiDimFit ---
best fit parameter values and profile-likelihood uncertainties: 
   r :    +1.343   -0.508/+0.526 (68%)
Set Range of Parameter r To : (-2,100)
Doing initial fit: 

 --- MultiDimFit ---
best fit parameter values and profile-likelihood uncertainties: 
   r :    +2.476   -0.621/+0.626 (68%)
Set Range of Parameter r To : (-2,100)
Doing initial fit: 

 --- MultiDimFit ---
best fit parameter values and profile-likelihood uncertainties: 
   r :    +0.770   -0.533/+0.614 (68%)
Set Range of Parameter r To : (-2,100)
Doing initial fit: 

 --- MultiDimFit ---
best fit parameter values and profile-likelihood uncertainties: 
   r :    +2.708   -0.602/+0.608 (68%)
Set Range of Parameter r To : (-2,100)
Doing initial fit: 

 --- MultiDimFit ---
best fit parameter values and profile-likelihood uncertainties: 
   r :    +1.310   -0.572/+0.568 (68%)
Set Range of Parameter r To : (-2,100)
Doing initial fit: 

 --- MultiDimFit ---
best fit parameter values and profile-likelihood uncertainties: 
   r :    +2.319   -0.581/+0.586 (68%)
Set Range of Parameter r To : (-2,100)
Doing initial fit: 

 --- MultiDimFit ---
best fit parameter values and profile-likelihood uncertainties: 
   r :    +2.553   -0.613/+0.731 (68%)
Set Range of Parameter r To : (-2,100)
Doing initial fit: 

 --- MultiDimFit ---
best fit parameter values and profile-likelihood uncertainties: 
   r :    +1.367   -0.571/+0.592 (68%)
Set Range of Parameter r To : (-2,100)
Doing initial fit: 

 --- MultiDimFit ---
best fit parameter values and profile-likelihood uncertainties: 
   r :    +2.095   -0.601/+0.618 (68%)
Set Range of Parameter r To : (-2,100)
Doing initial fit: 

 --- MultiDimFit ---
best fit parameter values and profile-likelihood uncertainties: 
   r :    +1.984   -0.567/+0.583 (68%)
Set Range of Parameter r To : (-2,100)
Doing initial fit: 

 --- MultiDimFit ---
best fit parameter values and profile-likelihood uncertainties: 
   r :    +2.492   -0.620/+0.747 (68%)
Set Range of Parameter r To : (-2,100)
Doing initial fit: 

 --- MultiDimFit ---
best fit parameter values and profile-likelihood uncertainties: 
   r :    +2.052   -0.591/+0.694 (68%)
Set Range of Parameter r To : (-2,100)
Doing initial fit: 

 --- MultiDimFit ---
best fit parameter values and profile-likelihood uncertainties: 
   r :    +1.491   -0.551/+0.551 (68%)
Set Range of Parameter r To : (-2,100)
Doing initial fit: 

 --- MultiDimFit ---
best fit parameter values and profile-likelihood uncertainties: 
   r :    +3.218   -0.615/+0.628 (68%)
Set Range of Parameter r To : (-2,100)
Doing initial fit: 

 --- MultiDimFit ---
best fit parameter values and profile-likelihood uncertainties: 
   r :    +2.049   -0.574/+0.578 (68%)
Set Range of Parameter r To : (-2,100)
Doing initial fit: 

 --- MultiDimFit ---
best fit parameter values and profile-likelihood uncertainties: 
   r :    +1.781   -0.587/+0.629 (68%)
Set Range of Parameter r To : (-2,100)
Doing initial fit: 

 --- MultiDimFit ---
best fit parameter values and profile-likelihood uncertainties: 
   r :    +2.062   -0.601/+0.616 (68%)
Set Range of Parameter r To : (-2,100)
Doing initial fit: 

 --- MultiDimFit ---
best fit parameter values and profile-likelihood uncertainties: 
   r :    +1.499   -0.570/+0.569 (68%)
Set Range of Parameter r To : (-2,100)
Doing initial fit: 

 --- MultiDimFit ---
best fit parameter values and profile-likelihood uncertainties: 
   r :    +2.266   -0.544/+0.566 (68%)
Set Range of Parameter r To : (-2,100)
Doing initial fit: 

 --- MultiDimFit ---
best fit parameter values and profile-likelihood uncertainties: 
   r :    +2.228   -0.539/+0.566 (68%)
Set Range of Parameter r To : (-2,100)
Doing initial fit: 

 --- MultiDimFit ---
best fit parameter values and profile-likelihood uncertainties: 
   r :    +2.046   -0.598/+0.638 (68%)
Set Range of Parameter r To : (-2,100)
Doing initial fit: 

 --- MultiDimFit ---
best fit parameter values and profile-likelihood uncertainties: 
   r :    +2.170   -0.601/+0.672 (68%)
Set Range of Parameter r To : (-2,100)
Doing initial fit: 

 --- MultiDimFit ---
best fit parameter values and profile-likelihood uncertainties: 
   r :    +1.297   -0.573/+0.568 (68%)
Set Range of Parameter r To : (-2,100)
Doing initial fit: 

 --- MultiDimFit ---
best fit parameter values and profile-likelihood uncertainties: 
   r :    +1.652   -0.525/+0.538 (68%)
Set Range of Parameter r To : (-2,100)
Doing initial fit: 

 --- MultiDimFit ---
best fit parameter values and profile-likelihood uncertainties: 
   r :    +1.706   -0.532/+0.546 (68%)
Set Range of Parameter r To : (-2,100)
Doing initial fit: 

 --- MultiDimFit ---
best fit parameter values and profile-likelihood uncertainties: 
   r :    +1.690   -0.536/+0.546 (68%)
Set Range of Parameter r To : (-2,100)
Doing initial fit: 

 --- MultiDimFit ---
best fit parameter values and profile-likelihood uncertainties: 
   r :    +1.791   -0.543/+0.546 (68%)
Set Range of Parameter r To : (-2,100)
Doing initial fit: 

 --- MultiDimFit ---
best fit parameter values and profile-likelihood uncertainties: 
   r :    +2.060   -0.590/+0.598 (68%)
Set Range of Parameter r To : (-2,100)
Doing initial fit: 

 --- MultiDimFit ---
best fit parameter values and profile-likelihood uncertainties: 
   r :    +2.297   -0.585/+0.587 (68%)
Set Range of Parameter r To : (-2,100)
Doing initial fit: 

 --- MultiDimFit ---
best fit parameter values and profile-likelihood uncertainties: 
   r :    +1.923   -0.577/+0.568 (68%)
Set Range of Parameter r To : (-2,100)
Doing initial fit: 

 --- MultiDimFit ---
best fit parameter values and profile-likelihood uncertainties: 
   r :    +1.658   -0.549/+0.553 (68%)
Set Range of Parameter r To : (-2,100)
Doing initial fit: 

 --- MultiDimFit ---
best fit parameter values and profile-likelihood uncertainties: 
   r :    +2.290   -0.547/+0.566 (68%)
Set Range of Parameter r To : (-2,100)
Doing initial fit: 

 --- MultiDimFit ---
best fit parameter values and profile-likelihood uncertainties: 
   r :    +2.443   -0.617/+0.698 (68%)
Set Range of Parameter r To : (-2,100)
Doing initial fit: 

 --- MultiDimFit ---
best fit parameter values and profile-likelihood uncertainties: 
   r :    +1.457   -0.527/+0.537 (68%)
Set Range of Parameter r To : (-2,100)
Doing initial fit: 

 --- MultiDimFit ---
best fit parameter values and profile-likelihood uncertainties: 
   r :    +1.265   -0.519/+0.530 (68%)
Set Range of Parameter r To : (-2,100)
Doing initial fit: 

 --- MultiDimFit ---
best fit parameter values and profile-likelihood uncertainties: 
   r :    +1.427   -0.585/+0.663 (68%)
Set Range of Parameter r To : (-2,100)
Doing initial fit: 

 --- MultiDimFit ---
best fit parameter values and profile-likelihood uncertainties: 
   r :    +1.699   -0.565/+0.563 (68%)
Set Range of Parameter r To : (-2,100)
Doing initial fit: 

 --- MultiDimFit ---
best fit parameter values and profile-likelihood uncertainties: 
   r :    +1.861   -0.601/+0.647 (68%)
Set Range of Parameter r To : (-2,100)
Doing initial fit: 

 --- MultiDimFit ---
best fit parameter values and profile-likelihood uncertainties: 
   r :    +2.911   -0.607/+0.614 (68%)
Set Range of Parameter r To : (-2,100)
Doing initial fit: 

 --- MultiDimFit ---
best fit parameter values and profile-likelihood uncertainties: 
   r :    +3.058   -0.642/+0.637 (68%)
Set Range of Parameter r To : (-2,100)
Doing initial fit: 

 --- MultiDimFit ---
best fit parameter values and profile-likelihood uncertainties: 
   r :    +2.286   -0.583/+0.587 (68%)
Set Range of Parameter r To : (-2,100)
Doing initial fit: 

 --- MultiDimFit ---
best fit parameter values and profile-likelihood uncertainties: 
   r :    +3.453   -0.637/+0.646 (68%)
Set Range of Parameter r To : (-2,100)
Doing initial fit: 

 --- MultiDimFit ---
best fit parameter values and profile-likelihood uncertainties: 
   r :    +2.590   -0.602/+0.605 (68%)
Set Range of Parameter r To : (-2,100)
Doing initial fit: 

 --- MultiDimFit ---
best fit parameter values and profile-likelihood uncertainties: 
   r :    +1.287   -0.568/+0.629 (68%)
Set Range of Parameter r To : (-2,100)
Doing initial fit: 

 --- MultiDimFit ---
best fit parameter values and profile-likelihood uncertainties: 
   r :    +1.362   -0.557/+0.549 (68%)
Set Range of Parameter r To : (-2,100)
Doing initial fit: 

 --- MultiDimFit ---
best fit parameter values and profile-likelihood uncertainties: 
   r :    +1.980   -0.589/+0.652 (68%)
Set Range of Parameter r To : (-2,100)
Doing initial fit: 

 --- MultiDimFit ---
best fit parameter values and profile-likelihood uncertainties: 
   r :    +3.109   -0.633/+0.639 (68%)
Set Range of Parameter r To : (-2,100)
Doing initial fit: 

 --- MultiDimFit ---
best fit parameter values and profile-likelihood uncertainties: 
   r :    +1.559   -0.546/+0.549 (68%)
Set Range of Parameter r To : (-2,100)
Doing initial fit: 

 --- MultiDimFit ---
best fit parameter values and profile-likelihood uncertainties: 
   r :    +2.795   -0.565/+0.591 (68%)
Set Range of Parameter r To : (-2,100)
Doing initial fit: 

 --- MultiDimFit ---
best fit parameter values and profile-likelihood uncertainties: 
   r :    +2.455   -0.617/+0.681 (68%)
Set Range of Parameter r To : (-2,100)
Doing initial fit: 

 --- MultiDimFit ---
best fit parameter values and profile-likelihood uncertainties: 
   r :    +2.438   -0.604/+0.753 (68%)
Set Range of Parameter r To : (-2,100)
Doing initial fit: 

 --- MultiDimFit ---
best fit parameter values and profile-likelihood uncertainties: 
   r :    +2.116   -0.559/+0.571 (68%)
Set Range of Parameter r To : (-2,100)
Doing initial fit: 

 --- MultiDimFit ---
best fit parameter values and profile-likelihood uncertainties: 
   r :    +1.969   -0.593/+0.580 (68%)
Set Range of Parameter r To : (-2,100)
Doing initial fit: 

 --- MultiDimFit ---
best fit parameter values and profile-likelihood uncertainties: 
   r :    +1.866   -0.550/+0.554 (68%)
Set Range of Parameter r To : (-2,100)
Doing initial fit: 

 --- MultiDimFit ---
best fit parameter values and profile-likelihood uncertainties: 
   r :    +2.259   -0.583/+0.590 (68%)
Set Range of Parameter r To : (-2,100)
Doing initial fit: 

 --- MultiDimFit ---
best fit parameter values and profile-likelihood uncertainties: 
   r :    +1.222   -0.526/+0.528 (68%)
Set Range of Parameter r To : (-2,100)
Doing initial fit: 

 --- MultiDimFit ---
best fit parameter values and profile-likelihood uncertainties: 
   r :    +2.796   -0.643/+0.670 (68%)
Set Range of Parameter r To : (-2,100)
Doing initial fit: 

 --- MultiDimFit ---
best fit parameter values and profile-likelihood uncertainties: 
   r :    +3.043   -0.637/+0.707 (68%)
Set Range of Parameter r To : (-2,100)
Doing initial fit: 

 --- MultiDimFit ---
best fit parameter values and profile-likelihood uncertainties: 
   r :    +2.035   -0.545/+0.562 (68%)
Set Range of Parameter r To : (-2,100)
Doing initial fit: 

 --- MultiDimFit ---
best fit parameter values and profile-likelihood uncertainties: 
   r :    +2.016   -0.539/+0.555 (68%)
Set Range of Parameter r To : (-2,100)
Doing initial fit: 

 --- MultiDimFit ---
best fit parameter values and profile-likelihood uncertainties: 
   r :    +2.182   -0.596/+0.695 (68%)
Set Range of Parameter r To : (-2,100)
Doing initial fit: 

 --- MultiDimFit ---
best fit parameter values and profile-likelihood uncertainties: 
   r :    +2.464   -0.604/+0.601 (68%)
Set Range of Parameter r To : (-2,100)
Doing initial fit: 

 --- MultiDimFit ---
best fit parameter values and profile-likelihood uncertainties: 
   r :    +1.700   -0.580/+0.584 (68%)
Set Range of Parameter r To : (-2,100)
Doing initial fit: 

 --- MultiDimFit ---
best fit parameter values and profile-likelihood uncertainties: 
   r :    +2.516   -0.611/+0.624 (68%)
Set Range of Parameter r To : (-2,100)
Doing initial fit: 

 --- MultiDimFit ---
best fit parameter values and profile-likelihood uncertainties: 
   r :    +2.148   -0.618/+0.579 (68%)
Set Range of Parameter r To : (-2,100)
Doing initial fit: 

 --- MultiDimFit ---
best fit parameter values and profile-likelihood uncertainties: 
   r :    +2.315   -0.577/+0.584 (68%)
Set Range of Parameter r To : (-2,100)
Doing initial fit: 

 --- MultiDimFit ---
best fit parameter values and profile-likelihood uncertainties: 
   r :    +1.315   -0.556/+0.648 (68%)
Set Range of Parameter r To : (-2,100)
Doing initial fit: 

 --- MultiDimFit ---
best fit parameter values and profile-likelihood uncertainties: 
   r :    +2.817   -0.624/+0.703 (68%)
Set Range of Parameter r To : (-2,100)
Doing initial fit: 

 --- MultiDimFit ---
best fit parameter values and profile-likelihood uncertainties: 
   r :    +2.260   -0.565/+0.577 (68%)
Set Range of Parameter r To : (-2,100)
Doing initial fit: 

 --- MultiDimFit ---
best fit parameter values and profile-likelihood uncertainties: 
   r :    +1.515   -0.516/+0.534 (68%)
Set Range of Parameter r To : (-2,100)
Doing initial fit: 

 --- MultiDimFit ---
best fit parameter values and profile-likelihood uncertainties: 
   r :    +1.565   -0.532/+0.542 (68%)
Set Range of Parameter r To : (-2,100)
Doing initial fit: 

 --- MultiDimFit ---
best fit parameter values and profile-likelihood uncertainties: 
   r :    +2.051   -0.557/+0.568 (68%)
Set Range of Parameter r To : (-2,100)
Doing initial fit: 

 --- MultiDimFit ---
best fit parameter values and profile-likelihood uncertainties: 
   r :    +1.606   -0.548/+0.550 (68%)
Set Range of Parameter r To : (-2,100)
Doing initial fit: 

 --- MultiDimFit ---
best fit parameter values and profile-likelihood uncertainties: 
   r :    +1.862   -0.551/+0.557 (68%)
Set Range of Parameter r To : (-2,100)
Doing initial fit: 

 --- MultiDimFit ---
best fit parameter values and profile-likelihood uncertainties: 
   r :    +1.695   -0.544/+0.551 (68%)
Set Range of Parameter r To : (-2,100)
Doing initial fit: 

 --- MultiDimFit ---
best fit parameter values and profile-likelihood uncertainties: 
   r :    +1.220   -0.509/+0.522 (68%)
Set Range of Parameter r To : (-2,100)
Doing initial fit: 

 --- MultiDimFit ---
best fit parameter values and profile-likelihood uncertainties: 
   r :    +1.395   -0.564/+0.560 (68%)
Set Range of Parameter r To : (-2,100)
Doing initial fit: 

 --- MultiDimFit ---
best fit parameter values and profile-likelihood uncertainties: 
   r :    +1.650   -0.521/+0.540 (68%)
Set Range of Parameter r To : (-2,100)
Doing initial fit: 

 --- MultiDimFit ---
best fit parameter values and profile-likelihood uncertainties: 
   r :    +1.084   -0.535/+0.531 (68%)
Set Range of Parameter r To : (-2,100)
Doing initial fit: 

 --- MultiDimFit ---
best fit parameter values and profile-likelihood uncertainties: 
   r :    +1.766   -0.556/+0.559 (68%)
Set Range of Parameter r To : (-2,100)
Doing initial fit: 

 --- MultiDimFit ---
best fit parameter values and profile-likelihood uncertainties: 
   r :    +1.036   -0.501/+0.511 (68%)
Set Range of Parameter r To : (-2,100)
Doing initial fit: 

 --- MultiDimFit ---
best fit parameter values and profile-likelihood uncertainties: 
   r :    +1.698   -0.727/+0.566 (68%)
Set Range of Parameter r To : (-2,100)
Doing initial fit: 

 --- MultiDimFit ---
best fit parameter values and profile-likelihood uncertainties: 
   r :    +1.396   -0.736/+0.528 (68%)
Set Range of Parameter r To : (-2,100)
Doing initial fit: 

 --- MultiDimFit ---
best fit parameter values and profile-likelihood uncertainties: 
   r :    +1.376   -0.529/+0.534 (68%)
Set Range of Parameter r To : (-2,100)
Doing initial fit: 

 --- MultiDimFit ---
best fit parameter values and profile-likelihood uncertainties: 
   r :    +1.346   -0.560/+0.650 (68%)
Set Range of Parameter r To : (-2,100)
Doing initial fit: 

 --- MultiDimFit ---
best fit parameter values and profile-likelihood uncertainties: 
   r :    +2.836   -0.598/+0.611 (68%)
Set Range of Parameter r To : (-2,100)
Doing initial fit: 

 --- MultiDimFit ---
best fit parameter values and profile-likelihood uncertainties: 
   r :    +2.542   -0.625/+0.634 (68%)
Set Range of Parameter r To : (-2,100)
Doing initial fit: 

 --- MultiDimFit ---
best fit parameter values and profile-likelihood uncertainties: 
   r :    +2.739   -0.629/+0.649 (68%)
Set Range of Parameter r To : (-2,100)
Doing initial fit: 

 --- MultiDimFit ---
best fit parameter values and profile-likelihood uncertainties: 
   r :    +0.963   -0.543/+0.620 (68%)
Set Range of Parameter r To : (-2,100)
Doing initial fit: 

 --- MultiDimFit ---
best fit parameter values and profile-likelihood uncertainties: 
   r :    +1.929   -0.569/+0.570 (68%)
Set Range of Parameter r To : (-2,100)
Doing initial fit: 

 --- MultiDimFit ---
best fit parameter values and profile-likelihood uncertainties: 
   r :    +1.555   -0.569/+0.666 (68%)
Set Range of Parameter r To : (-2,100)
Doing initial fit: 

 --- MultiDimFit ---
best fit parameter values and profile-likelihood uncertainties: 
   r :    +0.808   -0.574/+0.636 (68%)
Set Range of Parameter r To : (-2,100)
Doing initial fit: 

 --- MultiDimFit ---
best fit parameter values and profile-likelihood uncertainties: 
   r :    +1.522   -0.538/+0.542 (68%)
Set Range of Parameter r To : (-2,100)
Doing initial fit: 

 --- MultiDimFit ---
best fit parameter values and profile-likelihood uncertainties: 
   r :    +1.880   -0.600/+0.640 (68%)
Set Range of Parameter r To : (-2,100)
Doing initial fit: 

 --- MultiDimFit ---
best fit parameter values and profile-likelihood uncertainties: 
   r :    +1.640   -0.573/+0.571 (68%)
Set Range of Parameter r To : (-2,100)
Doing initial fit: 

 --- MultiDimFit ---
best fit parameter values and profile-likelihood uncertainties: 
   r :    +2.617   -0.619/+0.741 (68%)
Set Range of Parameter r To : (-2,100)
Doing initial fit: 

 --- MultiDimFit ---
best fit parameter values and profile-likelihood uncertainties: 
   r :    +1.675   -0.538/+0.548 (68%)
Set Range of Parameter r To : (-2,100)
Doing initial fit: 

 --- MultiDimFit ---
best fit parameter values and profile-likelihood uncertainties: 
   r :    +1.688   -0.593/+0.629 (68%)
Set Range of Parameter r To : (-2,100)
Doing initial fit: 

 --- MultiDimFit ---
best fit parameter values and profile-likelihood uncertainties: 
   r :    +2.196   -0.559/+0.573 (68%)
Set Range of Parameter r To : (-2,100)
Doing initial fit: 

 --- MultiDimFit ---
best fit parameter values and profile-likelihood uncertainties: 
   r :    +1.685   -0.535/+0.545 (68%)
Set Range of Parameter r To : (-2,100)
Doing initial fit: 

 --- MultiDimFit ---
best fit parameter values and profile-likelihood uncertainties: 
   r :    +1.637   -0.589/+0.636 (68%)
Set Range of Parameter r To : (-2,100)
Doing initial fit: 

 --- MultiDimFit ---
best fit parameter values and profile-likelihood uncertainties: 
   r :    +3.004   -0.575/+0.599 (68%)
Set Range of Parameter r To : (-2,100)
Doing initial fit: 

 --- MultiDimFit ---
best fit parameter values and profile-likelihood uncertainties: 
   r :    +2.270   -0.603/+0.604 (68%)
Set Range of Parameter r To : (-2,100)
Doing initial fit: 

 --- MultiDimFit ---
best fit parameter values and profile-likelihood uncertainties: 
   r :    +1.308   -0.578/+0.612 (68%)
Set Range of Parameter r To : (-2,100)
Doing initial fit: 

 --- MultiDimFit ---
best fit parameter values and profile-likelihood uncertainties: 
   r :    +2.536   -0.611/+0.604 (68%)
Set Range of Parameter r To : (-2,100)
Doing initial fit: 

 --- MultiDimFit ---
best fit parameter values and profile-likelihood uncertainties: 
   r :    +3.000   -0.609/+0.620 (68%)
Set Range of Parameter r To : (-2,100)
Doing initial fit: 

 --- MultiDimFit ---
best fit parameter values and profile-likelihood uncertainties: 
   r :    +2.238   -0.608/+0.637 (68%)
Set Range of Parameter r To : (-2,100)
Doing initial fit: 

 --- MultiDimFit ---
best fit parameter values and profile-likelihood uncertainties: 
   r :    +2.133   -0.605/+0.710 (68%)
Set Range of Parameter r To : (-2,100)
Doing initial fit: 

 --- MultiDimFit ---
best fit parameter values and profile-likelihood uncertainties: 
   r :    +2.402   -0.565/+0.583 (68%)
Set Range of Parameter r To : (-2,100)
Doing initial fit: 

 --- MultiDimFit ---
best fit parameter values and profile-likelihood uncertainties: 
   r :    +2.574   -0.564/+0.585 (68%)
Set Range of Parameter r To : (-2,100)
Doing initial fit: 

 --- MultiDimFit ---
best fit parameter values and profile-likelihood uncertainties: 
   r :    +1.551   -0.530/+0.538 (68%)
Set Range of Parameter r To : (-2,100)
Doing initial fit: 

 --- MultiDimFit ---
best fit parameter values and profile-likelihood uncertainties: 
   r :    +1.825   -0.580/+0.574 (68%)
Set Range of Parameter r To : (-2,100)
Doing initial fit: 

 --- MultiDimFit ---
best fit parameter values and profile-likelihood uncertainties: 
   r :    +1.840   -0.541/+0.549 (68%)
Set Range of Parameter r To : (-2,100)
Doing initial fit: 

 --- MultiDimFit ---
best fit parameter values and profile-likelihood uncertainties: 
   r :    +1.123   -0.511/+0.519 (68%)
Set Range of Parameter r To : (-2,100)
Doing initial fit: 

 --- MultiDimFit ---
best fit parameter values and profile-likelihood uncertainties: 
   r :    +3.089   -0.657/+0.759 (68%)
Set Range of Parameter r To : (-2,100)
Doing initial fit: 

 --- MultiDimFit ---
best fit parameter values and profile-likelihood uncertainties: 
   r :    +0.725   -0.490/+0.495 (68%)
Set Range of Parameter r To : (-2,100)
Doing initial fit: 

 --- MultiDimFit ---
best fit parameter values and profile-likelihood uncertainties: 
   r :    +1.756   -0.545/+0.552 (68%)
Set Range of Parameter r To : (-2,100)
Doing initial fit: 

 --- MultiDimFit ---
best fit parameter values and profile-likelihood uncertainties: 
   r :    +2.245   -0.566/+0.577 (68%)
Set Range of Parameter r To : (-2,100)
Doing initial fit: 

 

 ---------------------------

 WARNING: MultiDimFit failed

 ---------------------------

 
Set Range of Parameter r To : (-2,100)
Doing initial fit: 

 --- MultiDimFit ---
best fit parameter values and profile-likelihood uncertainties: 
   r :    +1.170   -0.518/+0.525 (68%)
Set Range of Parameter r To : (-2,100)
Doing initial fit: 

 --- MultiDimFit ---
best fit parameter values and profile-likelihood uncertainties: 
   r :    +2.150   -0.576/+0.578 (68%)
Set Range of Parameter r To : (-2,100)
Doing initial fit: 

 --- MultiDimFit ---
best fit parameter values and profile-likelihood uncertainties: 
   r :    +2.374   -0.566/+0.581 (68%)
Set Range of Parameter r To : (-2,100)
Doing initial fit: 

 --- MultiDimFit ---
best fit parameter values and profile-likelihood uncertainties: 
   r :    +1.116   -0.539/+0.533 (68%)
Set Range of Parameter r To : (-2,100)
Doing initial fit: 

 --- MultiDimFit ---
best fit parameter values and profile-likelihood uncertainties: 
   r :    +2.323   -0.568/+0.579 (68%)
Set Range of Parameter r To : (-2,100)
Doing initial fit: 

 --- MultiDimFit ---
best fit parameter values and profile-likelihood uncertainties: 
   r :    +2.607   -0.584/+0.600 (68%)
Set Range of Parameter r To : (-2,100)
Doing initial fit: 

 --- MultiDimFit ---
best fit parameter values and profile-likelihood uncertainties: 
   r :    +2.090   -0.589/+0.700 (68%)
Set Range of Parameter r To : (-2,100)
Doing initial fit: 

 --- MultiDimFit ---
best fit parameter values and profile-likelihood uncertainties: 
   r :    +2.331   -0.610/+0.694 (68%)
Set Range of Parameter r To : (-2,100)
Doing initial fit: 

 --- MultiDimFit ---
best fit parameter values and profile-likelihood uncertainties: 
   r :    +1.353   -0.582/+0.548 (68%)
Set Range of Parameter r To : (-2,100)
Doing initial fit: 

 --- MultiDimFit ---
best fit parameter values and profile-likelihood uncertainties: 
   r :    +2.564   -0.571/+0.588 (68%)
Set Range of Parameter r To : (-2,100)
Doing initial fit: 

 --- MultiDimFit ---
best fit parameter values and profile-likelihood uncertainties: 
   r :    +1.643   -0.556/+0.553 (68%)
Set Range of Parameter r To : (-2,100)
Doing initial fit: 

 --- MultiDimFit ---
best fit parameter values and profile-likelihood uncertainties: 
   r :    +1.798   -0.585/+0.625 (68%)
Set Range of Parameter r To : (-2,100)
Doing initial fit: 

 --- MultiDimFit ---
best fit parameter values and profile-likelihood uncertainties: 
   r :    +2.304   -0.597/+0.689 (68%)
Set Range of Parameter r To : (-2,100)
Doing initial fit: 

 --- MultiDimFit ---
best fit parameter values and profile-likelihood uncertainties: 
   r :    +2.243   -0.561/+0.576 (68%)
Set Range of Parameter r To : (-2,100)
Doing initial fit: 

 --- MultiDimFit ---
best fit parameter values and profile-likelihood uncertainties: 
   r :    +1.768   -0.536/+0.543 (68%)
Set Range of Parameter r To : (-2,100)
Doing initial fit: 

 --- MultiDimFit ---
best fit parameter values and profile-likelihood uncertainties: 
   r :    +2.135   -0.601/+0.588 (68%)
Set Range of Parameter r To : (-2,100)
Doing initial fit: 

 --- MultiDimFit ---
best fit parameter values and profile-likelihood uncertainties: 
   r :    +1.217   -0.787/+0.539 (68%)
Set Range of Parameter r To : (-2,100)
Doing initial fit: 

 --- MultiDimFit ---
best fit parameter values and profile-likelihood uncertainties: 
   r :    +1.046   -0.488/+0.505 (68%)
Set Range of Parameter r To : (-2,100)
Doing initial fit: 

 --- MultiDimFit ---
best fit parameter values and profile-likelihood uncertainties: 
   r :    +0.843   -0.545/+0.617 (68%)
Set Range of Parameter r To : (-2,100)
Doing initial fit: 

 --- MultiDimFit ---
best fit parameter values and profile-likelihood uncertainties: 
   r :    +2.431   -0.590/+0.592 (68%)
Set Range of Parameter r To : (-2,100)
Doing initial fit: 

 --- MultiDimFit ---
best fit parameter values and profile-likelihood uncertainties: 
   r :    +2.069   -0.582/+0.583 (68%)
Set Range of Parameter r To : (-2,100)
Doing initial fit: 

 --- MultiDimFit ---
best fit parameter values and profile-likelihood uncertainties: 
   r :    +1.790   -0.531/+0.549 (68%)
Set Range of Parameter r To : (-2,100)
Doing initial fit: 

 --- MultiDimFit ---
best fit parameter values and profile-likelihood uncertainties: 
   r :    +2.075   -0.543/+0.560 (68%)
Set Range of Parameter r To : (-2,100)
Doing initial fit: 

 --- MultiDimFit ---
best fit parameter values and profile-likelihood uncertainties: 
   r :    +1.190   -0.555/+0.659 (68%)
Set Range of Parameter r To : (-2,100)
Doing initial fit: 

 --- MultiDimFit ---
best fit parameter values and profile-likelihood uncertainties: 
   r :    +1.822   -0.580/+0.572 (68%)
Set Range of Parameter r To : (-2,100)
Doing initial fit: 

 --- MultiDimFit ---
best fit parameter values and profile-likelihood uncertainties: 
   r :    +2.004   -0.552/+0.567 (68%)
Set Range of Parameter r To : (-2,100)
Doing initial fit: 

 --- MultiDimFit ---
best fit parameter values and profile-likelihood uncertainties: 
   r :    +2.216   -0.542/+0.565 (68%)
Set Range of Parameter r To : (-2,100)
Doing initial fit: 

 --- MultiDimFit ---
best fit parameter values and profile-likelihood uncertainties: 
   r :    +2.155   -0.599/+0.595 (68%)
Set Range of Parameter r To : (-2,100)
Doing initial fit: 

 --- MultiDimFit ---
best fit parameter values and profile-likelihood uncertainties: 
   r :    +1.904   -0.551/+0.561 (68%)
Set Range of Parameter r To : (-2,100)
Doing initial fit: 

 --- MultiDimFit ---
best fit parameter values and profile-likelihood uncertainties: 
   r :    +1.485   -0.572/+0.617 (68%)
Set Range of Parameter r To : (-2,100)
Doing initial fit: 

 --- MultiDimFit ---
best fit parameter values and profile-likelihood uncertainties: 
   r :    +1.717   -0.531/+0.544 (68%)
Set Range of Parameter r To : (-2,100)
Doing initial fit: 

 --- MultiDimFit ---
best fit parameter values and profile-likelihood uncertainties: 
   r :    +1.587   -0.576/+0.616 (68%)
Set Range of Parameter r To : (-2,100)
Doing initial fit: 

 --- MultiDimFit ---
best fit parameter values and profile-likelihood uncertainties: 
   r :    +1.571   -0.533/+0.541 (68%)
Set Range of Parameter r To : (-2,100)
Doing initial fit: 

 --- MultiDimFit ---
best fit parameter values and profile-likelihood uncertainties: 
   r :    +2.176   -0.592/+0.667 (68%)
Set Range of Parameter r To : (-2,100)
Doing initial fit: 

 --- MultiDimFit ---
best fit parameter values and profile-likelihood uncertainties: 
   r :    +2.000   -0.600/+0.613 (68%)
Set Range of Parameter r To : (-2,100)
Doing initial fit: 

 --- MultiDimFit ---
best fit parameter values and profile-likelihood uncertainties: 
   r :    +0.827   -0.535/+0.629 (68%)
Set Range of Parameter r To : (-2,100)
Doing initial fit: 

 --- MultiDimFit ---
best fit parameter values and profile-likelihood uncertainties: 
   r :    +2.284   -0.614/+0.612 (68%)
Set Range of Parameter r To : (-2,100)
Doing initial fit: 

 --- MultiDimFit ---
best fit parameter values and profile-likelihood uncertainties: 
   r :    +2.617   -0.628/+0.646 (68%)
Set Range of Parameter r To : (-2,100)
Doing initial fit: 

 --- MultiDimFit ---
best fit parameter values and profile-likelihood uncertainties: 
   r :    +1.468   -0.575/+0.662 (68%)
Set Range of Parameter r To : (-2,100)
Doing initial fit: 

 --- MultiDimFit ---
best fit parameter values and profile-likelihood uncertainties: 
   r :    +1.758   -0.519/+0.539 (68%)
Set Range of Parameter r To : (-2,100)
Doing initial fit: 

 --- MultiDimFit ---
best fit parameter values and profile-likelihood uncertainties: 
   r :    +2.314   -0.548/+0.570 (68%)
Set Range of Parameter r To : (-2,100)
Doing initial fit: 

 --- MultiDimFit ---
best fit parameter values and profile-likelihood uncertainties: 
   r :    +2.203   -0.662/+0.602 (68%)
Set Range of Parameter r To : (-2,100)
Doing initial fit: 

 --- MultiDimFit ---
best fit parameter values and profile-likelihood uncertainties: 
   r :    +3.050   -0.607/+0.619 (68%)
Set Range of Parameter r To : (-2,100)
Doing initial fit: 

 --- MultiDimFit ---
best fit parameter values and profile-likelihood uncertainties: 
   r :    +0.859   -0.547/+0.601 (68%)
Set Range of Parameter r To : (-2,100)
Doing initial fit: 

 --- MultiDimFit ---
best fit parameter values and profile-likelihood uncertainties: 
   r :    +2.011   -0.520/+0.554 (68%)
Set Range of Parameter r To : (-2,100)
Doing initial fit: 

 --- MultiDimFit ---
best fit parameter values and profile-likelihood uncertainties: 
   r :    +3.223   -0.608/+0.624 (68%)
Set Range of Parameter r To : (-2,100)
Doing initial fit: 

 --- MultiDimFit ---
best fit parameter values and profile-likelihood uncertainties: 
   r :    +1.100   -0.542/+0.537 (68%)
Set Range of Parameter r To : (-2,100)
Doing initial fit: 

 --- MultiDimFit ---
best fit parameter values and profile-likelihood uncertainties: 
   r :    +1.726   -0.557/+0.558 (68%)
Set Range of Parameter r To : (-2,100)
Doing initial fit: 

 --- MultiDimFit ---
best fit parameter values and profile-likelihood uncertainties: 
   r :    +2.888   -0.586/+0.603 (68%)
Set Range of Parameter r To : (-2,100)
Doing initial fit: 

 --- MultiDimFit ---
best fit parameter values and profile-likelihood uncertainties: 
   r :    +2.650   -0.597/+0.605 (68%)
Set Range of Parameter r To : (-2,100)
Doing initial fit: 

 

 ---------------------------

 WARNING: MultiDimFit failed

 ---------------------------

 
Set Range of Parameter r To : (-2,100)
Doing initial fit: 

 --- MultiDimFit ---
best fit parameter values and profile-likelihood uncertainties: 
   r :    +1.837   -0.596/+0.570 (68%)
Set Range of Parameter r To : (-2,100)
Doing initial fit: 

 --- MultiDimFit ---
best fit parameter values and profile-likelihood uncertainties: 
   r :    +1.843   -0.577/+0.570 (68%)
Set Range of Parameter r To : (-2,100)
Doing initial fit: 

 --- MultiDimFit ---
best fit parameter values and profile-likelihood uncertainties: 
   r :    +1.224   -0.552/+0.545 (68%)
Set Range of Parameter r To : (-2,100)
Doing initial fit: 

 --- MultiDimFit ---
best fit parameter values and profile-likelihood uncertainties: 
   r :    +1.424   -0.554/+0.544 (68%)
Set Range of Parameter r To : (-2,100)
Doing initial fit: 

 --- MultiDimFit ---
best fit parameter values and profile-likelihood uncertainties: 
   r :    +1.657   -0.513/+0.533 (68%)
Set Range of Parameter r To : (-2,100)
Doing initial fit: 

 --- MultiDimFit ---
best fit parameter values and profile-likelihood uncertainties: 
   r :    +4.171   -0.703/+0.704 (68%)
Set Range of Parameter r To : (-2,100)
Doing initial fit: 

 --- MultiDimFit ---
best fit parameter values and profile-likelihood uncertainties: 
   r :    +2.449   -0.593/+0.597 (68%)
Set Range of Parameter r To : (-2,100)
Doing initial fit: 

 --- MultiDimFit ---
best fit parameter values and profile-likelihood uncertainties: 
   r :    +2.226   -0.596/+0.596 (68%)
Set Range of Parameter r To : (-2,100)
Doing initial fit: 

 --- MultiDimFit ---
best fit parameter values and profile-likelihood uncertainties: 
   r :    +2.101   -0.611/+0.637 (68%)
Set Range of Parameter r To : (-2,100)
Doing initial fit: 

 --- MultiDimFit ---
best fit parameter values and profile-likelihood uncertainties: 
   r :    +1.619   -0.562/+0.561 (68%)
Set Range of Parameter r To : (-2,100)
Doing initial fit: 

 --- MultiDimFit ---
best fit parameter values and profile-likelihood uncertainties: 
   r :    +1.612   -0.598/+0.590 (68%)
Set Range of Parameter r To : (-2,100)
Doing initial fit: 

 --- MultiDimFit ---
best fit parameter values and profile-likelihood uncertainties: 
   r :    +3.228   -0.636/+0.644 (68%)
Set Range of Parameter r To : (-2,100)
Doing initial fit: 

 --- MultiDimFit ---
best fit parameter values and profile-likelihood uncertainties: 
   r :    +1.723   -0.528/+0.541 (68%)
Set Range of Parameter r To : (-2,100)
Doing initial fit: 

 --- MultiDimFit ---
best fit parameter values and profile-likelihood uncertainties: 
   r :    +2.892   -0.637/+0.646 (68%)
Set Range of Parameter r To : (-2,100)
Doing initial fit: 

 --- MultiDimFit ---
best fit parameter values and profile-likelihood uncertainties: 
   r :    +3.220   -0.573/+0.605 (68%)
Set Range of Parameter r To : (-2,100)
Doing initial fit: 

 --- MultiDimFit ---
best fit parameter values and profile-likelihood uncertainties: 
   r :    +2.313   -0.544/+0.566 (68%)
Set Range of Parameter r To : (-2,100)
Doing initial fit: 

 --- MultiDimFit ---
best fit parameter values and profile-likelihood uncertainties: 
   r :    +1.847   -0.536/+0.545 (68%)
Set Range of Parameter r To : (-2,100)
Doing initial fit: 

 --- MultiDimFit ---
best fit parameter values and profile-likelihood uncertainties: 
   r :    +1.614   -0.569/+0.660 (68%)
Set Range of Parameter r To : (-2,100)
Doing initial fit: 

 --- MultiDimFit ---
best fit parameter values and profile-likelihood uncertainties: 
   r :    +2.934   -0.630/+0.720 (68%)
Set Range of Parameter r To : (-2,100)
Doing initial fit: 

 --- MultiDimFit ---
best fit parameter values and profile-likelihood uncertainties: 
   r :    +1.559   -0.569/+0.567 (68%)
Set Range of Parameter r To : (-2,100)
Doing initial fit: 

 --- MultiDimFit ---
best fit parameter values and profile-likelihood uncertainties: 
   r :    +1.528   -0.576/+0.581 (68%)
Set Range of Parameter r To : (-2,100)
Doing initial fit: 

 --- MultiDimFit ---
best fit parameter values and profile-likelihood uncertainties: 
   r :    +1.275   -0.501/+0.521 (68%)
Set Range of Parameter r To : (-2,100)
Doing initial fit: 

 --- MultiDimFit ---
best fit parameter values and profile-likelihood uncertainties: 
   r :    +1.931   -0.591/+0.577 (68%)
Set Range of Parameter r To : (-2,100)
Doing initial fit: 

 --- MultiDimFit ---
best fit parameter values and profile-likelihood uncertainties: 
   r :    +2.394   -0.606/+0.678 (68%)
Set Range of Parameter r To : (-2,100)
Doing initial fit: 

 --- MultiDimFit ---
best fit parameter values and profile-likelihood uncertainties: 
   r :    +3.126   -0.638/+0.648 (68%)
Set Range of Parameter r To : (-2,100)
Doing initial fit: 

 --- MultiDimFit ---
best fit parameter values and profile-likelihood uncertainties: 
   r :    +2.136   -0.578/+0.580 (68%)
Set Range of Parameter r To : (-2,100)
Doing initial fit: 

 --- MultiDimFit ---
best fit parameter values and profile-likelihood uncertainties: 
   r :    +2.391   -0.583/+0.590 (68%)
Set Range of Parameter r To : (-2,100)
Doing initial fit: 

 --- MultiDimFit ---
best fit parameter values and profile-likelihood uncertainties: 
   r :    +1.922   -0.603/+0.598 (68%)
Set Range of Parameter r To : (-2,100)
Doing initial fit: 

 --- MultiDimFit ---
best fit parameter values and profile-likelihood uncertainties: 
   r :    +1.467   -0.565/+0.625 (68%)
Set Range of Parameter r To : (-2,100)
Doing initial fit: 

 --- MultiDimFit ---
best fit parameter values and profile-likelihood uncertainties: 
   r :    +1.452   -0.559/+0.553 (68%)
Set Range of Parameter r To : (-2,100)
Doing initial fit: 

 --- MultiDimFit ---
best fit parameter values and profile-likelihood uncertainties: 
   r :    +1.748   -0.562/+0.559 (68%)
Set Range of Parameter r To : (-2,100)
Doing initial fit: 

 --- MultiDimFit ---
best fit parameter values and profile-likelihood uncertainties: 
   r :    +1.223   -0.552/+0.552 (68%)
Set Range of Parameter r To : (-2,100)
Doing initial fit: 

 --- MultiDimFit ---
best fit parameter values and profile-likelihood uncertainties: 
   r :    +2.814   -0.637/+0.664 (68%)
Set Range of Parameter r To : (-2,100)
Doing initial fit: 

 --- MultiDimFit ---
best fit parameter values and profile-likelihood uncertainties: 
   r :    +1.974   -0.587/+0.696 (68%)
Set Range of Parameter r To : (-2,100)
Doing initial fit: 

 --- MultiDimFit ---
best fit parameter values and profile-likelihood uncertainties: 
   r :    +2.197   -0.616/+0.591 (68%)
Set Range of Parameter r To : (-2,100)
Doing initial fit: 

 --- MultiDimFit ---
best fit parameter values and profile-likelihood uncertainties: 
   r :    +2.134   -0.562/+0.572 (68%)
Set Range of Parameter r To : (-2,100)
Doing initial fit: 

 --- MultiDimFit ---
best fit parameter values and profile-likelihood uncertainties: 
   r :    +1.583   -0.539/+0.544 (68%)
Set Range of Parameter r To : (-2,100)
Doing initial fit: 

 --- MultiDimFit ---
best fit parameter values and profile-likelihood uncertainties: 
   r :    +2.474   -0.630/+0.656 (68%)
Set Range of Parameter r To : (-2,100)
Doing initial fit: 

 --- MultiDimFit ---
best fit parameter values and profile-likelihood uncertainties: 
   r :    +1.472   -0.535/+0.540 (68%)
Set Range of Parameter r To : (-2,100)
Doing initial fit: 

 --- MultiDimFit ---
best fit parameter values and profile-likelihood uncertainties: 
   r :    +2.915   -0.627/+0.634 (68%)
Set Range of Parameter r To : (-2,100)
Doing initial fit: 

 --- MultiDimFit ---
best fit parameter values and profile-likelihood uncertainties: 
   r :    +2.294   -0.635/+0.627 (68%)
Set Range of Parameter r To : (-2,100)
Doing initial fit: 

 --- MultiDimFit ---
best fit parameter values and profile-likelihood uncertainties: 
   r :    +2.143   -0.597/+0.789 (68%)
Set Range of Parameter r To : (-2,100)
Doing initial fit: 

 --- MultiDimFit ---
best fit parameter values and profile-likelihood uncertainties: 
   r :    +2.382   -0.608/+0.702 (68%)
Set Range of Parameter r To : (-2,100)
Doing initial fit: 

 --- MultiDimFit ---
best fit parameter values and profile-likelihood uncertainties: 
   r :    +1.161   -0.548/+0.540 (68%)
Set Range of Parameter r To : (-2,100)
Doing initial fit: 

 --- MultiDimFit ---
best fit parameter values and profile-likelihood uncertainties: 
   r :    +2.052   -0.593/+0.703 (68%)
Set Range of Parameter r To : (-2,100)
Doing initial fit: 

 --- MultiDimFit ---
best fit parameter values and profile-likelihood uncertainties: 
   r :    +1.551   -0.570/+0.580 (68%)
Set Range of Parameter r To : (-2,100)
Doing initial fit: 

 --- MultiDimFit ---
best fit parameter values and profile-likelihood uncertainties: 
   r :    +2.085   -0.586/+0.587 (68%)
Set Range of Parameter r To : (-2,100)
Doing initial fit: 

 --- MultiDimFit ---
best fit parameter values and profile-likelihood uncertainties: 
   r :    +1.532   -0.576/+0.623 (68%)
Set Range of Parameter r To : (-2,100)
Doing initial fit: 

 --- MultiDimFit ---
best fit parameter values and profile-likelihood uncertainties: 
   r :    +2.767   -0.578/+0.600 (68%)
Set Range of Parameter r To : (-2,100)
Doing initial fit: 

 --- MultiDimFit ---
best fit parameter values and profile-likelihood uncertainties: 
   r :    +2.998   -0.641/+0.636 (68%)
Set Range of Parameter r To : (-2,100)
Doing initial fit: 

 --- MultiDimFit ---
best fit parameter values and profile-likelihood uncertainties: 
   r :    +1.314   -0.563/+0.589 (68%)
Set Range of Parameter r To : (-2,100)
Doing initial fit: 

 --- MultiDimFit ---
best fit parameter values and profile-likelihood uncertainties: 
   r :    +2.108   -0.592/+0.685 (68%)
Set Range of Parameter r To : (-2,100)
Doing initial fit: 

 --- MultiDimFit ---
best fit parameter values and profile-likelihood uncertainties: 
   r :    +1.852   -0.563/+0.558 (68%)
Set Range of Parameter r To : (-2,100)
Doing initial fit: 

 --- MultiDimFit ---
best fit parameter values and profile-likelihood uncertainties: 
   r :    +1.546   -0.757/+0.542 (68%)
Set Range of Parameter r To : (-2,100)
Doing initial fit: 

 --- MultiDimFit ---
best fit parameter values and profile-likelihood uncertainties: 
   r :    +1.744   -0.573/+0.566 (68%)
Set Range of Parameter r To : (-2,100)
Doing initial fit: 

 --- MultiDimFit ---
best fit parameter values and profile-likelihood uncertainties: 
   r :    +1.232   -0.514/+0.524 (68%)
Set Range of Parameter r To : (-2,100)
Doing initial fit: 

 --- MultiDimFit ---
best fit parameter values and profile-likelihood uncertainties: 
   r :    +2.051   -0.566/+0.574 (68%)
Set Range of Parameter r To : (-2,100)
Doing initial fit: 

 --- MultiDimFit ---
best fit parameter values and profile-likelihood uncertainties: 
   r :    +2.097   -0.542/+0.566 (68%)
Set Range of Parameter r To : (-2,100)
Doing initial fit: 

 --- MultiDimFit ---
best fit parameter values and profile-likelihood uncertainties: 
   r :    +1.278   -0.520/+0.528 (68%)
Set Range of Parameter r To : (-2,100)
Doing initial fit: 

 --- MultiDimFit ---
best fit parameter values and profile-likelihood uncertainties: 
   r :    +1.420   -0.518/+0.533 (68%)
Set Range of Parameter r To : (-2,100)
Doing initial fit: 

 --- MultiDimFit ---
best fit parameter values and profile-likelihood uncertainties: 
   r :    +1.656   -0.579/+0.659 (68%)
Set Range of Parameter r To : (-2,100)
Doing initial fit: 

 --- MultiDimFit ---
best fit parameter values and profile-likelihood uncertainties: 
   r :    +1.732   -0.579/+0.651 (68%)
Set Range of Parameter r To : (-2,100)
Doing initial fit: 

 --- MultiDimFit ---
best fit parameter values and profile-likelihood uncertainties: 
   r :    +2.679   -0.627/+0.676 (68%)
Set Range of Parameter r To : (-2,100)
Doing initial fit: 

 --- MultiDimFit ---
best fit parameter values and profile-likelihood uncertainties: 
   r :    +2.614   -0.624/+0.614 (68%)
Set Range of Parameter r To : (-2,100)
Doing initial fit: 

 --- MultiDimFit ---
best fit parameter values and profile-likelihood uncertainties: 
   r :    +1.633   -0.565/+0.565 (68%)
Set Range of Parameter r To : (-2,100)
Doing initial fit: 

 --- MultiDimFit ---
best fit parameter values and profile-likelihood uncertainties: 
   r :    +2.093   -0.605/+0.589 (68%)
Set Range of Parameter r To : (-2,100)
Doing initial fit: 

 --- MultiDimFit ---
best fit parameter values and profile-likelihood uncertainties: 
   r :    +2.473   -0.554/+0.578 (68%)
Set Range of Parameter r To : (-2,100)
Doing initial fit: 

 --- MultiDimFit ---
best fit parameter values and profile-likelihood uncertainties: 
   r :    +1.902   -0.577/+0.695 (68%)
Set Range of Parameter r To : (-2,100)
Doing initial fit: 

 --- MultiDimFit ---
best fit parameter values and profile-likelihood uncertainties: 
   r :    +1.902   -0.532/+0.550 (68%)
Set Range of Parameter r To : (-2,100)
Doing initial fit: 

 --- MultiDimFit ---
best fit parameter values and profile-likelihood uncertainties: 
   r :    +1.630   -0.548/+0.552 (68%)
Set Range of Parameter r To : (-2,100)
Doing initial fit: 

 --- MultiDimFit ---
best fit parameter values and profile-likelihood uncertainties: 
   r :    +1.569   -0.603/+0.571 (68%)
Set Range of Parameter r To : (-2,100)
Doing initial fit: 

 --- MultiDimFit ---
best fit parameter values and profile-likelihood uncertainties: 
   r :    +1.679   -0.525/+0.543 (68%)
Set Range of Parameter r To : (-2,100)
Doing initial fit: 

 --- MultiDimFit ---
best fit parameter values and profile-likelihood uncertainties: 
   r :    +2.512   -0.618/+0.627 (68%)
Set Range of Parameter r To : (-2,100)
Doing initial fit: 

 --- MultiDimFit ---
best fit parameter values and profile-likelihood uncertainties: 
   r :    +1.548   -0.533/+0.542 (68%)
Set Range of Parameter r To : (-2,100)
Doing initial fit: 

 --- MultiDimFit ---
best fit parameter values and profile-likelihood uncertainties: 
   r :    +1.938   -0.590/+0.608 (68%)
Set Range of Parameter r To : (-2,100)
Doing initial fit: 

 --- MultiDimFit ---
best fit parameter values and profile-likelihood uncertainties: 
   r :    +2.472   -0.594/+0.598 (68%)
Set Range of Parameter r To : (-2,100)
Doing initial fit: 

 --- MultiDimFit ---
best fit parameter values and profile-likelihood uncertainties: 
   r :    +2.173   -0.546/+0.565 (68%)
Set Range of Parameter r To : (-2,100)
Doing initial fit: 

 --- MultiDimFit ---
best fit parameter values and profile-likelihood uncertainties: 
   r :    +1.871   -0.584/+0.676 (68%)
Set Range of Parameter r To : (-2,100)
Doing initial fit: 

 --- MultiDimFit ---
best fit parameter values and profile-likelihood uncertainties: 
   r :    +2.001   -0.545/+0.563 (68%)
Set Range of Parameter r To : (-2,100)
Doing initial fit: 

 --- MultiDimFit ---
best fit parameter values and profile-likelihood uncertainties: 
   r :    +2.248   -0.547/+0.569 (68%)
Set Range of Parameter r To : (-2,100)
Doing initial fit: 

 --- MultiDimFit ---
best fit parameter values and profile-likelihood uncertainties: 
   r :    +2.161   -0.599/+0.608 (68%)
Set Range of Parameter r To : (-2,100)
Doing initial fit: 

 --- MultiDimFit ---
best fit parameter values and profile-likelihood uncertainties: 
   r :    +2.105   -0.586/+0.586 (68%)
Set Range of Parameter r To : (-2,100)
Doing initial fit: 

 --- MultiDimFit ---
best fit parameter values and profile-likelihood uncertainties: 
   r :    +2.836   -0.641/+0.674 (68%)
Set Range of Parameter r To : (-2,100)
Doing initial fit: 

 --- MultiDimFit ---
best fit parameter values and profile-likelihood uncertainties: 
   r :    +2.650   -0.580/+0.592 (68%)
Set Range of Parameter r To : (-2,100)
Doing initial fit: 

 --- MultiDimFit ---
best fit parameter values and profile-likelihood uncertainties: 
   r :    +2.301   -0.604/+0.733 (68%)
Set Range of Parameter r To : (-2,100)
Doing initial fit: 

 --- MultiDimFit ---
best fit parameter values and profile-likelihood uncertainties: 
   r :    +2.061   -0.581/+0.582 (68%)
Set Range of Parameter r To : (-2,100)
Doing initial fit: 

 --- MultiDimFit ---
best fit parameter values and profile-likelihood uncertainties: 
   r :    +1.016   -0.564/+0.621 (68%)
Set Range of Parameter r To : (-2,100)
Doing initial fit: 

 --- MultiDimFit ---
best fit parameter values and profile-likelihood uncertainties: 
   r :    +1.638   -0.576/+0.556 (68%)
Set Range of Parameter r To : (-2,100)
Doing initial fit: 

 --- MultiDimFit ---
best fit parameter values and profile-likelihood uncertainties: 
   r :    +0.997   -0.547/+0.568 (68%)
Set Range of Parameter r To : (-2,100)
Doing initial fit: 

 --- MultiDimFit ---
best fit parameter values and profile-likelihood uncertainties: 
   r :    +2.357   -0.577/+0.586 (68%)
Set Range of Parameter r To : (-2,100)
Doing initial fit: 

 --- MultiDimFit ---
best fit parameter values and profile-likelihood uncertainties: 
   r :    +1.831   -0.565/+0.560 (68%)
Set Range of Parameter r To : (-2,100)
Doing initial fit: 

 --- MultiDimFit ---
best fit parameter values and profile-likelihood uncertainties: 
   r :    +2.720   -0.584/+0.598 (68%)
Set Range of Parameter r To : (-2,100)
Doing initial fit: 

 --- MultiDimFit ---
best fit parameter values and profile-likelihood uncertainties: 
   r :    +1.132   -0.533/+0.533 (68%)
Set Range of Parameter r To : (-2,100)
Doing initial fit: 

 --- MultiDimFit ---
best fit parameter values and profile-likelihood uncertainties: 
   r :    +2.527   -0.598/+0.601 (68%)
Set Range of Parameter r To : (-2,100)
Doing initial fit: 

 --- MultiDimFit ---
best fit parameter values and profile-likelihood uncertainties: 
   r :    +1.886   -0.520/+0.540 (68%)
Set Range of Parameter r To : (-2,100)
Doing initial fit: 

 --- MultiDimFit ---
best fit parameter values and profile-likelihood uncertainties: 
   r :    +1.380   -0.572/+0.568 (68%)
Set Range of Parameter r To : (-2,100)
Doing initial fit: 

 --- MultiDimFit ---
best fit parameter values and profile-likelihood uncertainties: 
   r :    +2.503   -0.621/+0.681 (68%)
Set Range of Parameter r To : (-2,100)
Doing initial fit: 

 --- MultiDimFit ---
best fit parameter values and profile-likelihood uncertainties: 
   r :    +0.946   -0.492/+0.507 (68%)
Set Range of Parameter r To : (-2,100)
Doing initial fit: 

 --- MultiDimFit ---
best fit parameter values and profile-likelihood uncertainties: 
   r :    +2.067   -0.547/+0.563 (68%)
Set Range of Parameter r To : (-2,100)
Doing initial fit: 

 --- MultiDimFit ---
best fit parameter values and profile-likelihood uncertainties: 
   r :    +1.037   -0.529/+0.524 (68%)
Set Range of Parameter r To : (-2,100)
Doing initial fit: 

 --- MultiDimFit ---
best fit parameter values and profile-likelihood uncertainties: 
   r :    +1.965   -0.550/+0.572 (68%)
Set Range of Parameter r To : (-2,100)
Doing initial fit: 

 --- MultiDimFit ---
best fit parameter values and profile-likelihood uncertainties: 
   r :    +2.122   -0.581/+0.582 (68%)
Set Range of Parameter r To : (-2,100)
Doing initial fit: 

 --- MultiDimFit ---
best fit parameter values and profile-likelihood uncertainties: 
   r :    +1.566   -0.561/+0.554 (68%)
Set Range of Parameter r To : (-2,100)
Doing initial fit: 

 --- MultiDimFit ---
best fit parameter values and profile-likelihood uncertainties: 
   r :    +2.564   -0.596/+0.598 (68%)
Set Range of Parameter r To : (-2,100)
Doing initial fit: 

 --- MultiDimFit ---
best fit parameter values and profile-likelihood uncertainties: 
   r :    +0.756   -0.492/+0.500 (68%)
Set Range of Parameter r To : (-2,100)
Doing initial fit: 

 --- MultiDimFit ---
best fit parameter values and profile-likelihood uncertainties: 
   r :    +2.155   -0.621/+0.671 (68%)
Set Range of Parameter r To : (-2,100)
Doing initial fit: 

 --- MultiDimFit ---
best fit parameter values and profile-likelihood uncertainties: 
   r :    +2.651   -0.587/+0.596 (68%)
Set Range of Parameter r To : (-2,100)
Doing initial fit: 

 --- MultiDimFit ---
best fit parameter values and profile-likelihood uncertainties: 
   r :    +2.501   -0.618/+0.685 (68%)
Set Range of Parameter r To : (-2,100)
Doing initial fit: 

 --- MultiDimFit ---
best fit parameter values and profile-likelihood uncertainties: 
   r :    +2.266   -0.573/+0.582 (68%)
Set Range of Parameter r To : (-2,100)
Doing initial fit: 

 --- MultiDimFit ---
best fit parameter values and profile-likelihood uncertainties: 
   r :    +1.578   -0.595/+0.571 (68%)
Set Range of Parameter r To : (-2,100)
Doing initial fit: 

 --- MultiDimFit ---
best fit parameter values and profile-likelihood uncertainties: 
   r :    +1.665   -0.525/+0.543 (68%)
Set Range of Parameter r To : (-2,100)
Doing initial fit: 

 --- MultiDimFit ---
best fit parameter values and profile-likelihood uncertainties: 
   r :    +1.977   -0.583/+0.667 (68%)
Set Range of Parameter r To : (-2,100)
Doing initial fit: 

 --- MultiDimFit ---
best fit parameter values and profile-likelihood uncertainties: 
   r :    +1.984   -0.590/+0.599 (68%)
Set Range of Parameter r To : (-2,100)
Doing initial fit: 

 --- MultiDimFit ---
best fit parameter values and profile-likelihood uncertainties: 
   r :    +0.980   -0.490/+0.505 (68%)
Set Range of Parameter r To : (-2,100)
Doing initial fit: 

 --- MultiDimFit ---
best fit parameter values and profile-likelihood uncertainties: 
   r :    +1.745   -0.533/+0.544 (68%)
Set Range of Parameter r To : (-2,100)
Doing initial fit: 

 --- MultiDimFit ---
best fit parameter values and profile-likelihood uncertainties: 
   r :    +1.629   -0.595/+0.583 (68%)
Set Range of Parameter r To : (-2,100)
Doing initial fit: 

 --- MultiDimFit ---
best fit parameter values and profile-likelihood uncertainties: 
   r :    +1.908   -0.544/+0.564 (68%)
Set Range of Parameter r To : (-2,100)
Doing initial fit: 

 --- MultiDimFit ---
best fit parameter values and profile-likelihood uncertainties: 
   r :    +1.232   -0.528/+0.532 (68%)
Set Range of Parameter r To : (-2,100)
Doing initial fit: 

 --- MultiDimFit ---
best fit parameter values and profile-likelihood uncertainties: 
   r :    +2.012   -0.599/+0.638 (68%)
Set Range of Parameter r To : (-2,100)
Doing initial fit: 

 --- MultiDimFit ---
best fit parameter values and profile-likelihood uncertainties: 
   r :    +2.091   -0.581/+0.591 (68%)
Set Range of Parameter r To : (-2,100)
Doing initial fit: 

 --- MultiDimFit ---
best fit parameter values and profile-likelihood uncertainties: 
   r :    +1.306   -0.557/+0.653 (68%)
Set Range of Parameter r To : (-2,100)
Doing initial fit: 

 --- MultiDimFit ---
best fit parameter values and profile-likelihood uncertainties: 
   r :    +2.064   -0.600/+0.655 (68%)
Set Range of Parameter r To : (-2,100)
Doing initial fit: 

 --- MultiDimFit ---
best fit parameter values and profile-likelihood uncertainties: 
   r :    +1.911   -0.601/+0.607 (68%)
Set Range of Parameter r To : (-2,100)
Doing initial fit: 

 --- MultiDimFit ---
best fit parameter values and profile-likelihood uncertainties: 
   r :    +1.484   -0.513/+0.528 (68%)
Set Range of Parameter r To : (-2,100)
Doing initial fit: 

 --- MultiDimFit ---
best fit parameter values and profile-likelihood uncertainties: 
   r :    +2.283   -0.600/+0.598 (68%)
Set Range of Parameter r To : (-2,100)
Doing initial fit: 

 --- MultiDimFit ---
best fit parameter values and profile-likelihood uncertainties: 
   r :    +1.756   -0.584/+0.588 (68%)
Set Range of Parameter r To : (-2,100)
Doing initial fit: 

 --- MultiDimFit ---
best fit parameter values and profile-likelihood uncertainties: 
   r :    +2.318   -0.564/+0.580 (68%)
Set Range of Parameter r To : (-2,100)
Doing initial fit: 

 --- MultiDimFit ---
best fit parameter values and profile-likelihood uncertainties: 
   r :    +2.026   -0.533/+0.559 (68%)
Set Range of Parameter r To : (-2,100)
Doing initial fit: 

 --- MultiDimFit ---
best fit parameter values and profile-likelihood uncertainties: 
   r :    +1.571   -0.538/+0.546 (68%)
Set Range of Parameter r To : (-2,100)
Doing initial fit: 

 --- MultiDimFit ---
best fit parameter values and profile-likelihood uncertainties: 
   r :    +2.049   -0.578/+0.581 (68%)
Set Range of Parameter r To : (-2,100)
Doing initial fit: 

 --- MultiDimFit ---
best fit parameter values and profile-likelihood uncertainties: 
   r :    +1.619   -0.516/+0.535 (68%)
Set Range of Parameter r To : (-2,100)
Doing initial fit: 

 --- MultiDimFit ---
best fit parameter values and profile-likelihood uncertainties: 
   r :    +2.242   -0.597/+0.606 (68%)
Set Range of Parameter r To : (-2,100)
Doing initial fit: 

 --- MultiDimFit ---
best fit parameter values and profile-likelihood uncertainties: 
   r :    +1.594   -0.519/+0.534 (68%)
Set Range of Parameter r To : (-2,100)
Doing initial fit: 

 --- MultiDimFit ---
best fit parameter values and profile-likelihood uncertainties: 
   r :    +1.438   -0.558/+0.559 (68%)
Set Range of Parameter r To : (-2,100)
Doing initial fit: 

 --- MultiDimFit ---
best fit parameter values and profile-likelihood uncertainties: 
   r :    +1.295   -0.556/+0.620 (68%)
Set Range of Parameter r To : (-2,100)
Doing initial fit: 

 --- MultiDimFit ---
best fit parameter values and profile-likelihood uncertainties: 
   r :    +1.992   -0.552/+0.565 (68%)
Set Range of Parameter r To : (-2,100)
Doing initial fit: 

 --- MultiDimFit ---
best fit parameter values and profile-likelihood uncertainties: 
   r :    +1.669   -0.585/+0.679 (68%)
Set Range of Parameter r To : (-2,100)
Doing initial fit: 

 --- MultiDimFit ---
best fit parameter values and profile-likelihood uncertainties: 
   r :    +2.244   -0.604/+0.684 (68%)
Set Range of Parameter r To : (-2,100)
Doing initial fit: 

 --- MultiDimFit ---
best fit parameter values and profile-likelihood uncertainties: 
   r :    +2.198   -0.572/+0.579 (68%)
Set Range of Parameter r To : (-2,100)
Doing initial fit: 

 --- MultiDimFit ---
best fit parameter values and profile-likelihood uncertainties: 
   r :    +1.331   -0.588/+0.531 (68%)
Set Range of Parameter r To : (-2,100)
Doing initial fit: 

 --- MultiDimFit ---
best fit parameter values and profile-likelihood uncertainties: 
   r :    +1.495   -0.604/+0.572 (68%)
Set Range of Parameter r To : (-2,100)
Doing initial fit: 

 --- MultiDimFit ---
best fit parameter values and profile-likelihood uncertainties: 
   r :    +2.548   -0.592/+0.596 (68%)
Set Range of Parameter r To : (-2,100)
Doing initial fit: 

 --- MultiDimFit ---
best fit parameter values and profile-likelihood uncertainties: 
   r :    +1.904   -0.599/+0.583 (68%)
Set Range of Parameter r To : (-2,100)
Doing initial fit: 

 --- MultiDimFit ---
best fit parameter values and profile-likelihood uncertainties: 
   r :    +1.963   -0.595/+0.607 (68%)
Set Range of Parameter r To : (-2,100)
Doing initial fit: 

 --- MultiDimFit ---
best fit parameter values and profile-likelihood uncertainties: 
   r :    +1.856   -0.601/+0.680 (68%)
Set Range of Parameter r To : (-2,100)
Doing initial fit: 

 --- MultiDimFit ---
best fit parameter values and profile-likelihood uncertainties: 
   r :    +1.988   -0.596/+0.659 (68%)
Set Range of Parameter r To : (-2,100)
Doing initial fit: 

 --- MultiDimFit ---
best fit parameter values and profile-likelihood uncertainties: 
   r :    +1.231   -0.524/+0.528 (68%)
Set Range of Parameter r To : (-2,100)
Doing initial fit: 

 --- MultiDimFit ---
best fit parameter values and profile-likelihood uncertainties: 
   r :    +1.162   -0.501/+0.516 (68%)
Set Range of Parameter r To : (-2,100)
Doing initial fit: 

 --- MultiDimFit ---
best fit parameter values and profile-likelihood uncertainties: 
   r :    +1.365   -0.513/+0.529 (68%)
Set Range of Parameter r To : (-2,100)
Doing initial fit: 

 --- MultiDimFit ---
best fit parameter values and profile-likelihood uncertainties: 
   r :    +1.122   -0.536/+0.528 (68%)
Set Range of Parameter r To : (-2,100)
Doing initial fit: 

 --- MultiDimFit ---
best fit parameter values and profile-likelihood uncertainties: 
   r :    +2.337   -0.587/+0.589 (68%)
Set Range of Parameter r To : (-2,100)
Doing initial fit: 

 --- MultiDimFit ---
best fit parameter values and profile-likelihood uncertainties: 
   r :    +2.444   -0.590/+0.591 (68%)
Set Range of Parameter r To : (-2,100)
Doing initial fit: 

 --- MultiDimFit ---
best fit parameter values and profile-likelihood uncertainties: 
   r :    +1.060   -0.510/+0.517 (68%)
Set Range of Parameter r To : (-2,100)
Doing initial fit: 

 --- MultiDimFit ---
best fit parameter values and profile-likelihood uncertainties: 
   r :    +2.561   -0.603/+0.606 (68%)
Set Range of Parameter r To : (-2,100)
Doing initial fit: 

 --- MultiDimFit ---
best fit parameter values and profile-likelihood uncertainties: 
   r :    +2.348   -0.558/+0.578 (68%)
Set Range of Parameter r To : (-2,100)
Doing initial fit: 

 --- MultiDimFit ---
best fit parameter values and profile-likelihood uncertainties: 
   r :    +1.453   -0.552/+0.552 (68%)
Set Range of Parameter r To : (-2,100)
Doing initial fit: 

 --- MultiDimFit ---
best fit parameter values and profile-likelihood uncertainties: 
   r :    +1.999   -0.535/+0.556 (68%)
Set Range of Parameter r To : (-2,100)
Doing initial fit: 

 --- MultiDimFit ---
best fit parameter values and profile-likelihood uncertainties: 
   r :    +1.521   -0.572/+0.607 (68%)
Set Range of Parameter r To : (-2,100)
Doing initial fit: 

 --- MultiDimFit ---
best fit parameter values and profile-likelihood uncertainties: 
   r :    +1.771   -0.597/+0.620 (68%)
Set Range of Parameter r To : (-2,100)
Doing initial fit: 

 --- MultiDimFit ---
best fit parameter values and profile-likelihood uncertainties: 
   r :    +2.551   -0.610/+0.708 (68%)
Set Range of Parameter r To : (-2,100)
Doing initial fit: 

 --- MultiDimFit ---
best fit parameter values and profile-likelihood uncertainties: 
   r :    +1.267   -0.532/+0.534 (68%)
Set Range of Parameter r To : (-2,100)
Doing initial fit: 

 --- MultiDimFit ---
best fit parameter values and profile-likelihood uncertainties: 
   r :    +2.151   -0.609/+0.658 (68%)
Set Range of Parameter r To : (-2,100)
Doing initial fit: 

 --- MultiDimFit ---
best fit parameter values and profile-likelihood uncertainties: 
   r :    +1.797   -0.536/+0.546 (68%)
Set Range of Parameter r To : (-2,100)
Doing initial fit: 

 --- MultiDimFit ---
best fit parameter values and profile-likelihood uncertainties: 
   r :    +1.176   -0.795/+0.426 (68%)
Set Range of Parameter r To : (-2,100)
Doing initial fit: 

 --- MultiDimFit ---
best fit parameter values and profile-likelihood uncertainties: 
   r :    +2.489   -0.608/+0.612 (68%)
Set Range of Parameter r To : (-2,100)
Doing initial fit: 

 --- MultiDimFit ---
best fit parameter values and profile-likelihood uncertainties: 
   r :    +1.769   -0.523/+0.542 (68%)
Set Range of Parameter r To : (-2,100)
Doing initial fit: 

 --- MultiDimFit ---
best fit parameter values and profile-likelihood uncertainties: 
   r :    +2.289   -0.618/+0.619 (68%)
Set Range of Parameter r To : (-2,100)
Doing initial fit: 

 --- MultiDimFit ---
best fit parameter values and profile-likelihood uncertainties: 
   r :    +2.426   -0.584/+0.594 (68%)
Set Range of Parameter r To : (-2,100)
Doing initial fit: 

 --- MultiDimFit ---
best fit parameter values and profile-likelihood uncertainties: 
   r :    +1.960   -0.601/+0.592 (68%)
Set Range of Parameter r To : (-2,100)
Doing initial fit: 

 --- MultiDimFit ---
best fit parameter values and profile-likelihood uncertainties: 
   r :    +2.248   -0.588/+0.590 (68%)
Set Range of Parameter r To : (-2,100)
Doing initial fit: 

 --- MultiDimFit ---
best fit parameter values and profile-likelihood uncertainties: 
   r :    +1.729   -0.612/+0.574 (68%)
Set Range of Parameter r To : (-2,100)
Doing initial fit: 

 --- MultiDimFit ---
best fit parameter values and profile-likelihood uncertainties: 
   r :    +2.979   -0.586/+0.607 (68%)
Set Range of Parameter r To : (-2,100)
Doing initial fit: 

 --- MultiDimFit ---
best fit parameter values and profile-likelihood uncertainties: 
   r :    +2.060   -0.595/+0.693 (68%)
Set Range of Parameter r To : (-2,100)
Doing initial fit: 

 --- MultiDimFit ---
best fit parameter values and profile-likelihood uncertainties: 
   r :    +1.635   -0.575/+0.573 (68%)
Set Range of Parameter r To : (-2,100)
Doing initial fit: 

 --- MultiDimFit ---
best fit parameter values and profile-likelihood uncertainties: 
   r :    +1.938   -0.597/+0.652 (68%)
Set Range of Parameter r To : (-2,100)
Doing initial fit: 

 --- MultiDimFit ---
best fit parameter values and profile-likelihood uncertainties: 
   r :    +2.498   -0.556/+0.581 (68%)
Set Range of Parameter r To : (-2,100)
Doing initial fit: 

 --- MultiDimFit ---
best fit parameter values and profile-likelihood uncertainties: 
   r :    +1.905   -0.551/+0.562 (68%)
Set Range of Parameter r To : (-2,100)
Doing initial fit: 

 --- MultiDimFit ---
best fit parameter values and profile-likelihood uncertainties: 
   r :    +2.049   -0.557/+0.572 (68%)
Set Range of Parameter r To : (-2,100)
Doing initial fit: 

 --- MultiDimFit ---
best fit parameter values and profile-likelihood uncertainties: 
   r :    +1.591   -0.597/+0.639 (68%)
Set Range of Parameter r To : (-2,100)
Doing initial fit: 

 --- MultiDimFit ---
best fit parameter values and profile-likelihood uncertainties: 
   r :    +1.482   -0.510/+0.525 (68%)
Set Range of Parameter r To : (-2,100)
Doing initial fit: 

 --- MultiDimFit ---
best fit parameter values and profile-likelihood uncertainties: 
   r :    +2.908   -0.623/+0.632 (68%)
Set Range of Parameter r To : (-2,100)
Doing initial fit: 

 --- MultiDimFit ---
best fit parameter values and profile-likelihood uncertainties: 
   r :    +1.606   -0.541/+0.549 (68%)
Set Range of Parameter r To : (-2,100)
Doing initial fit: 

 --- MultiDimFit ---
best fit parameter values and profile-likelihood uncertainties: 
   r :    +1.907   -0.635/+0.603 (68%)
Set Range of Parameter r To : (-2,100)
Doing initial fit: 

 --- MultiDimFit ---
best fit parameter values and profile-likelihood uncertainties: 
   r :    +1.417   -0.576/+0.603 (68%)
Set Range of Parameter r To : (-2,100)
Doing initial fit: 

 --- MultiDimFit ---
best fit parameter values and profile-likelihood uncertainties: 
   r :    +1.422   -0.509/+0.528 (68%)
Set Range of Parameter r To : (-2,100)
Doing initial fit: 

 --- MultiDimFit ---
best fit parameter values and profile-likelihood uncertainties: 
   r :    +1.555   -0.540/+0.544 (68%)
Set Range of Parameter r To : (-2,100)
Doing initial fit: 

 --- MultiDimFit ---
best fit parameter values and profile-likelihood uncertainties: 
   r :    +1.657   -0.573/+0.563 (68%)
Set Range of Parameter r To : (-2,100)
Doing initial fit: 

 --- MultiDimFit ---
best fit parameter values and profile-likelihood uncertainties: 
   r :    +1.990   -0.527/+0.555 (68%)
Set Range of Parameter r To : (-2,100)
Doing initial fit: 

 --- MultiDimFit ---
best fit parameter values and profile-likelihood uncertainties: 
   r :    +1.588   -0.546/+0.552 (68%)
Set Range of Parameter r To : (-2,100)
Doing initial fit: 

 --- MultiDimFit ---
best fit parameter values and profile-likelihood uncertainties: 
   r :    +2.408   -0.621/+0.606 (68%)
Set Range of Parameter r To : (-2,100)
Doing initial fit: 

 --- MultiDimFit ---
best fit parameter values and profile-likelihood uncertainties: 
   r :    +2.273   -0.606/+0.597 (68%)
Set Range of Parameter r To : (-2,100)
Doing initial fit: 

 --- MultiDimFit ---
best fit parameter values and profile-likelihood uncertainties: 
   r :    +2.772   -0.578/+0.597 (68%)
Set Range of Parameter r To : (-2,100)
Doing initial fit: 

 --- MultiDimFit ---
best fit parameter values and profile-likelihood uncertainties: 
   r :    +1.970   -0.575/+0.571 (68%)
Set Range of Parameter r To : (-2,100)
Doing initial fit: 

 --- MultiDimFit ---
best fit parameter values and profile-likelihood uncertainties: 
   r :    +0.908   -0.480/+0.499 (68%)
Set Range of Parameter r To : (-2,100)
Doing initial fit: 

 --- MultiDimFit ---
best fit parameter values and profile-likelihood uncertainties: 
   r :    +2.635   -0.599/+0.603 (68%)
Set Range of Parameter r To : (-2,100)
Doing initial fit: 

 --- MultiDimFit ---
best fit parameter values and profile-likelihood uncertainties: 
   r :    +3.341   -0.622/+0.632 (68%)
Set Range of Parameter r To : (-2,100)
Doing initial fit: 

 --- MultiDimFit ---
best fit parameter values and profile-likelihood uncertainties: 
   r :    +2.512   -0.576/+0.592 (68%)
Set Range of Parameter r To : (-2,100)
Doing initial fit: 

 --- MultiDimFit ---
best fit parameter values and profile-likelihood uncertainties: 
   r :    +1.954   -0.521/+0.553 (68%)
Set Range of Parameter r To : (-2,100)
Doing initial fit: 

 --- MultiDimFit ---
best fit parameter values and profile-likelihood uncertainties: 
   r :    +1.993   -0.544/+0.561 (68%)
Set Range of Parameter r To : (-2,100)
Doing initial fit: 

 --- MultiDimFit ---
best fit parameter values and profile-likelihood uncertainties: 
   r :    +1.633   -0.530/+0.544 (68%)
Set Range of Parameter r To : (-2,100)
Doing initial fit: 

 --- MultiDimFit ---
best fit parameter values and profile-likelihood uncertainties: 
   r :    +1.635   -0.577/+0.627 (68%)
Set Range of Parameter r To : (-2,100)
Doing initial fit: 

 --- MultiDimFit ---
best fit parameter values and profile-likelihood uncertainties: 
   r :    +2.234   -0.621/+0.609 (68%)
Set Range of Parameter r To : (-2,100)
Doing initial fit: 

 --- MultiDimFit ---
best fit parameter values and profile-likelihood uncertainties: 
   r :    +2.642   -0.615/+0.715 (68%)
Set Range of Parameter r To : (-2,100)
Doing initial fit: 

 --- MultiDimFit ---
best fit parameter values and profile-likelihood uncertainties: 
   r :    +1.117   -0.489/+0.511 (68%)
Set Range of Parameter r To : (-2,100)
Doing initial fit: 

 --- MultiDimFit ---
best fit parameter values and profile-likelihood uncertainties: 
   r :    +2.135   -0.572/+0.581 (68%)
Set Range of Parameter r To : (-2,100)
Doing initial fit: 

 --- MultiDimFit ---
best fit parameter values and profile-likelihood uncertainties: 
   r :    +1.940   -0.527/+0.551 (68%)
Set Range of Parameter r To : (-2,100)
Doing initial fit: 

 --- MultiDimFit ---
best fit parameter values and profile-likelihood uncertainties: 
   r :    +1.816   -0.575/+0.567 (68%)
Set Range of Parameter r To : (-2,100)
Doing initial fit: 

 --- MultiDimFit ---
best fit parameter values and profile-likelihood uncertainties: 
   r :    +1.501   -0.737/+0.578 (68%)
Set Range of Parameter r To : (-2,100)
Doing initial fit: 

 --- MultiDimFit ---
best fit parameter values and profile-likelihood uncertainties: 
   r :    +2.100   -0.600/+0.673 (68%)
Set Range of Parameter r To : (-2,100)
Doing initial fit: 

 --- MultiDimFit ---
best fit parameter values and profile-likelihood uncertainties: 
   r :    +1.502   -0.574/+0.660 (68%)
Set Range of Parameter r To : (-2,100)
Doing initial fit: 

 --- MultiDimFit ---
best fit parameter values and profile-likelihood uncertainties: 
   r :    +1.886   -0.529/+0.553 (68%)
Set Range of Parameter r To : (-2,100)
Doing initial fit: 

 --- MultiDimFit ---
best fit parameter values and profile-likelihood uncertainties: 
   r :    +1.408   -0.555/+0.654 (68%)
Set Range of Parameter r To : (-2,100)
Doing initial fit: 

 --- MultiDimFit ---
best fit parameter values and profile-likelihood uncertainties: 
   r :    +1.832   -0.538/+0.549 (68%)
Set Range of Parameter r To : (-2,100)
Doing initial fit: 

 --- MultiDimFit ---
best fit parameter values and profile-likelihood uncertainties: 
   r :    +2.086   -0.537/+0.559 (68%)
Set Range of Parameter r To : (-2,100)
Doing initial fit: 

 --- MultiDimFit ---
best fit parameter values and profile-likelihood uncertainties: 
   r :    +2.096   -0.556/+0.571 (68%)
Set Range of Parameter r To : (-2,100)
Doing initial fit: 

 --- MultiDimFit ---
best fit parameter values and profile-likelihood uncertainties: 
   r :    +1.936   -0.536/+0.550 (68%)
Set Range of Parameter r To : (-2,100)
Doing initial fit: 

 --- MultiDimFit ---
best fit parameter values and profile-likelihood uncertainties: 
   r :    +2.014   -0.552/+0.568 (68%)
Set Range of Parameter r To : (-2,100)
Doing initial fit: 

 --- MultiDimFit ---
best fit parameter values and profile-likelihood uncertainties: 
   r :    +2.127   -0.569/+0.575 (68%)
Set Range of Parameter r To : (-2,100)
Doing initial fit: 

 --- MultiDimFit ---
best fit parameter values and profile-likelihood uncertainties: 
   r :    +1.998   -0.570/+0.577 (68%)
Set Range of Parameter r To : (-2,100)
Doing initial fit: 

 --- MultiDimFit ---
best fit parameter values and profile-likelihood uncertainties: 
   r :    +1.283   -0.561/+0.643 (68%)
Set Range of Parameter r To : (-2,100)
Doing initial fit: 

 --- MultiDimFit ---
best fit parameter values and profile-likelihood uncertainties: 
   r :    +1.415   -0.530/+0.537 (68%)
Set Range of Parameter r To : (-2,100)
Doing initial fit: 

 --- MultiDimFit ---
best fit parameter values and profile-likelihood uncertainties: 
   r :    +2.118   -0.599/+0.622 (68%)
Set Range of Parameter r To : (-2,100)
Doing initial fit: 

 --- MultiDimFit ---
best fit parameter values and profile-likelihood uncertainties: 
   r :    +2.383   -0.572/+0.584 (68%)
Set Range of Parameter r To : (-2,100)
Doing initial fit: 

 --- MultiDimFit ---
best fit parameter values and profile-likelihood uncertainties: 
   r :    +1.629   -0.580/+0.590 (68%)
Set Range of Parameter r To : (-2,100)
Doing initial fit: 

 --- MultiDimFit ---
best fit parameter values and profile-likelihood uncertainties: 
   r :    +1.855   -0.608/+0.596 (68%)
Set Range of Parameter r To : (-2,100)
Doing initial fit: 

 --- MultiDimFit ---
best fit parameter values and profile-likelihood uncertainties: 
   r :    +1.880   -0.572/+0.565 (68%)
Set Range of Parameter r To : (-2,100)
Doing initial fit: 

 --- MultiDimFit ---
best fit parameter values and profile-likelihood uncertainties: 
   r :    +2.266   -0.549/+0.574 (68%)
Set Range of Parameter r To : (-2,100)
Doing initial fit: 

 --- MultiDimFit ---
best fit parameter values and profile-likelihood uncertainties: 
   r :    +1.899   -0.600/+0.587 (68%)
Set Range of Parameter r To : (-2,100)
Doing initial fit: 

 --- MultiDimFit ---
best fit parameter values and profile-likelihood uncertainties: 
   r :    +1.581   -0.543/+0.547 (68%)
Set Range of Parameter r To : (-2,100)
Doing initial fit: 

 --- MultiDimFit ---
best fit parameter values and profile-likelihood uncertainties: 
   r :    +2.174   -0.575/+0.582 (68%)
Set Range of Parameter r To : (-2,100)
Doing initial fit: 

 --- MultiDimFit ---
best fit parameter values and profile-likelihood uncertainties: 
   r :    +1.944   -0.560/+0.567 (68%)
Set Range of Parameter r To : (-2,100)
Doing initial fit: 

 --- MultiDimFit ---
best fit parameter values and profile-likelihood uncertainties: 
   r :    +1.967   -0.590/+0.598 (68%)
Set Range of Parameter r To : (-2,100)
Doing initial fit: 

 --- MultiDimFit ---
best fit parameter values and profile-likelihood uncertainties: 
   r :    +2.697   -0.592/+0.603 (68%)
Set Range of Parameter r To : (-2,100)
Doing initial fit: 

 --- MultiDimFit ---
best fit parameter values and profile-likelihood uncertainties: 
   r :    +1.693   -0.540/+0.549 (68%)
Set Range of Parameter r To : (-2,100)
Doing initial fit: 

 --- MultiDimFit ---
best fit parameter values and profile-likelihood uncertainties: 
   r :    +1.819   -0.522/+0.543 (68%)
Set Range of Parameter r To : (-2,100)
Doing initial fit: 

 --- MultiDimFit ---
best fit parameter values and profile-likelihood uncertainties: 
   r :    +1.709   -0.565/+0.561 (68%)
Set Range of Parameter r To : (-2,100)
Doing initial fit: 

 --- MultiDimFit ---
best fit parameter values and profile-likelihood uncertainties: 
   r :    +1.566   -0.527/+0.539 (68%)
Set Range of Parameter r To : (-2,100)
Doing initial fit: 

 --- MultiDimFit ---
best fit parameter values and profile-likelihood uncertainties: 
   r :    +1.500   -0.556/+0.550 (68%)
Set Range of Parameter r To : (-2,100)
Doing initial fit: 

 --- MultiDimFit ---
best fit parameter values and profile-likelihood uncertainties: 
   r :    +1.324   -0.520/+0.529 (68%)
Set Range of Parameter r To : (-2,100)
Doing initial fit: 

 --- MultiDimFit ---
best fit parameter values and profile-likelihood uncertainties: 
   r :    +2.861   -0.613/+0.614 (68%)
Set Range of Parameter r To : (-2,100)
Doing initial fit: 

 --- MultiDimFit ---
best fit parameter values and profile-likelihood uncertainties: 
   r :    +1.807   -0.529/+0.544 (68%)
mean   expected limit: r < 3.50848e-316 +/- 0 @ 95%CL (500 toyMC)
median expected limit: r < 3.50848e-316 @ 95%CL (500 toyMC)
   68% expected band : 3.50848e-316 < r < 3.50848e-316
   95% expected band : 3.50848e-316 < r < 3.50848e-316
